START TIME: Sat 01 Aug 2026 06:56:36 AM CEST
job=520167 node=i20r01c01s06
+-----------+--------------------------------------------------------------------------------------+
| Device ID | Device Information                                                                   |
+-----------+--------------------------------------------------------------------------------------+
| 0         | Device Name: Intel(R) Data Center GPU Max 1550                                       |
|           | Vendor Name: Intel(R) Corporation                                                    |
|           | SOC UUID: 00000000-0000-003a-0000-002f0bd58086                                       |
|           | PCI BDF Address: 0000:3a:00.0                                                        |
|           | DRM Device: /dev/dri/card0                                                           |
|           | Function Type: physical                                                              |
+-----------+--------------------------------------------------------------------------------------+
| 1         | Device Name: Intel(R) Data Center GPU Max 1550                                       |
|           | Vendor Name: Intel(R) Corporation                                                    |
|           | SOC UUID: 00000000-0000-004b-0000-002f0bd58086                                       |
|           | PCI BDF Address: 0000:4b:00.0                                                        |
|           | DRM Device: /dev/dri/card1                                                           |
|           | Function Type: physical                                                              |
+-----------+--------------------------------------------------------------------------------------+
| 2         | Device Name: Intel(R) Data Center GPU Max 1550                                       |
|           | Vendor Name: Intel(R) Corporation                                                    |
|           | SOC UUID: 00000000-0000-00ca-0000-002f0bd58086                                       |
|           | PCI BDF Address: 0000:ca:00.0                                                        |
|           | DRM Device: /dev/dri/card2                                                           |
|           | Function Type: physical                                                              |
+-----------+--------------------------------------------------------------------------------------+
| 3         | Device Name: Intel(R) Data Center GPU Max 1550                                       |
|           | Vendor Name: Intel(R) Corporation                                                    |
|           | SOC UUID: 00000000-0000-00da-0000-002f0bd58086                                       |
|           | PCI BDF Address: 0000:da:00.0                                                        |
|           | DRM Device: /dev/dri/card3                                                           |
|           | Function Type: physical                                                              |
+-----------+--------------------------------------------------------------------------------------+
MASTER_ADDR: i20r01c01s06  MASTER_PORT: 51231
INFO     [rank 1] Failed to extract font properties from    font_manager.py:1107
         /usr/share/fonts/truetype/Cantarell-VF.otf: Can                        
         not load face (SFNT font table missing; error code                     
         0x8e)                                                                  
INFO     [rank 0] Failed to extract font properties from    font_manager.py:1107
         /usr/share/fonts/truetype/Cantarell-VF.otf: Can                        
         not load face (SFNT font table missing; error code                     
         0x8e)                                                                  
INFO     [rank 2] Failed to extract font properties from    font_manager.py:1107
         /usr/share/fonts/truetype/Cantarell-VF.otf: Can                        
         not load face (SFNT font table missing; error code                     
         0x8e)                                                                  
INFO     [rank 6] Failed to extract font properties from    font_manager.py:1107
         /usr/share/fonts/truetype/Cantarell-VF.otf: Can                        
         not load face (SFNT font table missing; error code                     
         0x8e)                                                                  
INFO     [rank 7] Failed to extract font properties from    font_manager.py:1107
         /usr/share/fonts/truetype/Cantarell-VF.otf: Can                        
         not load face (SFNT font table missing; error code                     
         0x8e)                                                                  
INFO     [rank 3] Failed to extract font properties from    font_manager.py:1107
         /usr/share/fonts/truetype/Cantarell-VF.otf: Can                        
         not load face (SFNT font table missing; error code                     
         0x8e)                                                                  
INFO     [rank 5] Failed to extract font properties from    font_manager.py:1107
         /usr/share/fonts/truetype/Cantarell-VF.otf: Can                        
         not load face (SFNT font table missing; error code                     
         0x8e)                                                                  
INFO     [rank 5] generated new fontManager                 font_manager.py:1639
INFO     [rank 0] generated new fontManager                 font_manager.py:1639
INFO     [rank 4] Failed to extract font properties from    font_manager.py:1107
         /usr/share/fonts/truetype/Cantarell-VF.otf: Can                        
         not load face (SFNT font table missing; error code                     
         0x8e)                                                                  
INFO     [rank 4] generated new fontManager                 font_manager.py:1639
INFO     [rank 3] generated new fontManager                 font_manager.py:1639
INFO     [rank 2] generated new fontManager                 font_manager.py:1639
INFO     [rank 6] generated new fontManager                 font_manager.py:1639
INFO     [rank 1] generated new fontManager                 font_manager.py:1639
INFO     [rank 7] generated new fontManager                 font_manager.py:1639
                          VAE Finetuning Configuration                          
┏━━━━━━━━━━━━━━━━━━━━━━━━━━━━━━━━━━━━━━┳━━━━━━━━━━━━━━━━━━━━━━━━━━━━━━━━━━━━━━━┓
┃ Parameter                            ┃ Value                                 ┃
┡━━━━━━━━━━━━━━━━━━━━━━━━━━━━━━━━━━━━━━╇━━━━━━━━━━━━━━━━━━━━━━━━━━━━━━━━━━━━━━━┩
│ model.model_source                   │ LTXV_2B_0.9.6_DEV                     │
│ model.load_checkpoint                │ None                                  │
│ adapter.enabled                      │ True                                  │
│ adapter.checkpoint                   │ None                                  │
│ adapter.channels                     │ ['density', 'momentum_x',             │
│                                      │ 'momentum_y', 'pressure']             │
│ adapter.mode                         │ inflate                               │
│ adapter.inflate_init                 │ mean                                  │
│ adapter.freeze_conv_in               │ False                                 │
│ adapter.hidden_channels              │ 32                                    │
│ adapter.activation                   │ gelu                                  │
│ adapter.identity_init                │ False                                 │
│ adapter.default_temb                 │ 0.0                                   │
│ data.data_root                       │ /hppfs/scratch/0D/go76fuz2/windinet/… │
│ data.eval_sims                       │ 675                                   │
│ data.num_dataloader_workers          │ 0                                     │
│ data.num_sim_frames                  │ None                                  │
│ data.overfit_sims                    │ None                                  │
│ data.overfit_repeat                  │ 1                                     │
│ data.channel_mean                    │ [0.905097647712509,                   │
│                                      │ 0.0040453659499771295,                │
│                                      │ -0.0019089379643528095, 0.9           │
│ data.channel_std                     │ [0.6607349375392083,                  │
│                                      │ 0.5328754120427532,                   │
│                                      │ 0.5262512462358824, 0.8050358         │
│ data.normalization_clip              │ 5.0                                   │
│ optimization.learning_rate           │ 5e-05                                 │
│ optimization.adapter_lr_multiplier   │ 10.0                                  │
│ optimization.min_learning_rate       │ 1e-06                                 │
│ optimization.scheduler_type          │ cosine                                │
│ optimization.stable_fraction         │ 0.7                                   │
│ optimization.epochs                  │ 10                                    │
│ optimization.batch_size              │ 1                                     │
│ optimization.gradient_accumulation_… │ 4                                     │
│ optimization.max_grad_norm           │ 5.0                                   │
│ optimization.weight_decay            │ 0.0                                   │
│ optimization.warmup_steps            │ 50                                    │
│ optimization.warmup_start_factor     │ 0.01                                  │
│ optimization.enable_gradient_checkp… │ True                                  │
│ loss.wavelet                         │ db2                                   │
│ loss.spatial_level                   │ 2                                     │
│ loss.temporal_level                  │ 2                                     │
│ loss.mlw_beta                        │ 10.0                                  │
│ loss.mlw_eps                         │ 1e-06                                 │
│ loss_weighting.strategy              │ fixed                                 │
│ loss_weighting.weights               │ {'rmse': 1.0, 'h1': 25.0, 'ssim':     │
│                                      │ 0.15, 'mlw': 0.0}                     │
│ loss_weighting.loss_names            │ ['rmse', 'h1', 'ssim', 'mlw']         │
│ loss_weighting.alpha                 │ 1.5                                   │
│ loss_weighting.weight_lr             │ 0.025                                 │
│ loss_weighting.temperature           │ 0.1                                   │
│ visualization.enabled                │ True                                  │
│ visualization.interval_epochs        │ 1                                     │
│ visualization.num_samples            │ 2                                     │
│ visualization.frame_numbers          │ [25, 50, 75, 100]                     │
│ visualization.dpi                    │ 150                                   │
│ acceleration.mixed_precision_mode    │ bf16                                  │
│ acceleration.compile_with_inductor   │ False                                 │
│ acceleration.compilation_mode        │ reduce-overhead                       │
│ checkpoints.interval                 │ 1                                     │
│ checkpoints.keep_last_n              │ 1                                     │
│ checkpoints.save_best_only           │ True                                  │
│ checkpoints.best_metric              │ val_vrmse                             │
│ checkpoints.save_last_state          │ True                                  │
│ wandb.enabled                        │ False                                 │
│ wandb.project                        │ windinet                              │
│ wandb.entity                         │ None                                  │
│ wandb.tags                           │ ['vae', 'inflate', 'mean-init',       │
│                                      │ 'shockwave-cfd']                      │
│ seed                                 │ 42                                    │
│ output_dir                           │ /hppfs/scratch/0D/go76fuz2/windinet/… │
│ clean_output_dir                     │ True                                  │
│ resume_from                          │ None                                  │
│ resume_weights_only                  │ False                                 │
└──────────────────────────────────────┴───────────────────────────────────────┘
INFO     [rank 0] Distributed training: 8 processes          vae_trainer.py:1080
INFO     [rank 0] VAE inflated to 4 native channels           vae_trainer.py:154
         (init=mean); encoder.conv_in is trainable                              
INFO     [rank 0] VAE gradient checkpointing enabled          vae_trainer.py:202
INFO     [rank 0] VAE loaded. Decoder params: 552,869,953     vae_trainer.py:208
INFO     [rank 0] Trainable parameters:                       vae_trainer.py:256
         encoder_conv_in=221,312, decoder=552,869,953,                          
         in_adapter=0, out_adapter=0                                            
[ShockWaveDataset DEBUG] h5_path        = /hppfs/scratch/0D/go76fuz2/windinet/euler_mq_dataset/128x128_ds/train.h5
[ShockWaveDataset DEBUG] realpath        = /hppfs/scratch/0D/go76fuz2/windinet/euler_mq_dataset/128x128_ds/train.h5
[ShockWaveDataset DEBUG] st_size (bytes) = 520339
[ShockWaveDataset DEBUG] first 5 keys    = ['0000_gamma1.1299999952', '0001_gamma1.1299999952', '0002_gamma1.1299999952', '0003_gamma1.1299999952', '0004_gamma1.1299999952']
[ShockWaveDataset DEBUG] external targets to prewarm = 10
INFO     [rank 0] Dataset: 3825 train, 675 eval samples       vae_trainer.py:457
INFO     [rank 0] encoder.conv_in LR = 5.00e-04 (10x decoder  vae_trainer.py:481
         LR 5.00e-05)                                                           
INFO     [rank 0] LR schedule 'cosine': 1200 steps (50        vae_trainer.py:533
         warmup, 0 stable, 1150 anneal), peak 5.00e-05 ->                       
         floor 1.00e-06                                                         
INFO     [rank 0] Cleaned output directory:                  vae_trainer.py:1065
         /hppfs/scratch/0D/go76fuz2/windinet/outputs/vae_mea                    
         ninit                                                                  
2026:08:01-07:08:11:156639 |CCL_WARN| value of CCL_ATL_TRANSPORT changed to be ofi (default:mpi)
2026:08:01-07:08:11:156639 |CCL_WARN| value of CCL_ALLREDUCE changed to be ring (default:)
2026:08:01-07:08:11:156640 |CCL_WARN| could not get local_idx/count from environment variables, trying to get them from ATL
2026:08:01-07:08:11:156639 |CCL_WARN| could not get local_idx/count from environment variables, trying to get them from ATL
2026:08:01-07:08:11:156642 |CCL_WARN| could not get local_idx/count from environment variables, trying to get them from ATL
2026:08:01-07:08:11:156641 |CCL_WARN| could not get local_idx/count from environment variables, trying to get them from ATL
2026:08:01-07:08:12:156643 |CCL_WARN| could not get local_idx/count from environment variables, trying to get them from ATL
2026:08:01-07:08:12:156644 |CCL_WARN| could not get local_idx/count from environment variables, trying to get them from ATL
2026:08:01-07:08:12:156645 |CCL_WARN| could not get local_idx/count from environment variables, trying to get them from ATL
2026:08:01-07:08:12:156646 |CCL_WARN| could not get local_idx/count from environment variables, trying to get them from ATL
INFO     [rank 0] Config saved:                              vae_trainer.py:1104
         /hppfs/scratch/0D/go76fuz2/windinet/outputs/vae_mea                    
         ninit/training_config.yaml                                             
INFO     [rank 0] Starting VAE decoder finetuning...          vae_trainer.py:581
[ShockWaveDataset DEBUG] fresh-handle probe OK for 0000_gamma1.1299999952
[ShockWaveDataset DEBUG] prewarming target 1/10: 0000_gamma1.1299999952
[ShockWaveDataset DEBUG] prewarming target 1/10: 0000_gamma1.1299999952 OK
[ShockWaveDataset DEBUG] prewarming target 2/10: 0450_gamma1.2200000286
[ShockWaveDataset DEBUG] prewarming target 2/10: 0450_gamma1.2200000286 OK
[ShockWaveDataset DEBUG] prewarming target 3/10: 0900_gamma1.2999999523
[ShockWaveDataset DEBUG] prewarming target 3/10: 0900_gamma1.2999999523 OK
[ShockWaveDataset DEBUG] prewarming target 4/10: 1350_gamma1.3300000429
[ShockWaveDataset DEBUG] prewarming target 4/10: 1350_gamma1.3300000429 OK
[ShockWaveDataset DEBUG] prewarming target 5/10: 1800_gamma1.3650000095
[ShockWaveDataset DEBUG] prewarming target 5/10: 1800_gamma1.3650000095 OK
[ShockWaveDataset DEBUG] prewarming target 6/10: 2250_gamma1.3999999762
[ShockWaveDataset DEBUG] prewarming target 6/10: 2250_gamma1.3999999762 OK
[ShockWaveDataset DEBUG] prewarming target 7/10: 2700_gamma1.4040000439
[ShockWaveDataset DEBUG] prewarming target 7/10: 2700_gamma1.4040000439 OK
[ShockWaveDataset DEBUG] prewarming target 8/10: 3150_gamma1.4529999495
[ShockWaveDataset DEBUG] prewarming target 8/10: 3150_gamma1.4529999495 OK
[ShockWaveDataset DEBUG] prewarming target 9/10: 3600_gamma1.5970000029
[ShockWaveDataset DEBUG] prewarming target 9/10: 3600_gamma1.5970000029 OK
[ShockWaveDataset DEBUG] prewarming target 10/10: 4050_gamma1.7599999905
[ShockWaveDataset DEBUG] prewarming target 10/10: 4050_gamma1.7599999905 OK
epoch 1 step 10  loss=0.127962  lr=1.04e-05  [rmse=0.0515 h1=0.0002 ssim=0.3748 mlw=60.3978]
epoch 1 step 20  loss=0.121444  lr=2.03e-05  [rmse=0.0471 h1=0.0003 ssim=0.3066 mlw=74.9339]
