job=21618 node=lundquist gpus=0,1,2,3,4,5
/local/disk/hramachandran/miniconda/envs/windinet/lib/python3.10/site-packages/huggingface_hub/utils/_validators.py:205: UserWarning: The `local_dir_use_symlinks` argument is deprecated and ignored in `hf_hub_download`. Downloading to a local directory does not use symlinks anymore.
  warnings.warn(
/local/disk/hramachandran/miniconda/envs/windinet/lib/python3.10/site-packages/huggingface_hub/utils/_validators.py:205: UserWarning: The `local_dir_use_symlinks` argument is deprecated and ignored in `hf_hub_download`. Downloading to a local directory does not use symlinks anymore.
  warnings.warn(
INFO     [rank 5] HTTP Request: HEAD                             _client.py:1025
         https://huggingface.co/Lightricks/LTX-Video-0.9.5/resol                
         ve/main/vae/config.json "HTTP/1.1 307 Temporary                        
         Redirect"                                                              
                          VAE Finetuning Configuration                          
┏━━━━━━━━━━━━━━━━━━━━━━━━━━━━━━━━━━━━━━┳━━━━━━━━━━━━━━━━━━━━━━━━━━━━━━━━━━━━━━━┓
┃ Parameter                            ┃ Value                                 ┃
┡━━━━━━━━━━━━━━━━━━━━━━━━━━━━━━━━━━━━━━╇━━━━━━━━━━━━━━━━━━━━━━━━━━━━━━━━━━━━━━━┩
│ model.model_source                   │ LTXV_2B_0.9.6_DEV                     │
│ model.load_checkpoint                │ None                                  │
│ adapter.enabled                      │ True                                  │
│ adapter.checkpoint                   │ None                                  │
│ adapter.channels                     │ ['density', 'momentum_x',             │
│                                      │ 'momentum_y', 'pressure']             │
│ adapter.mode                         │ inflate                               │
│ adapter.inflate_init                 │ zeros                                 │
│ adapter.freeze_conv_in               │ False                                 │
│ adapter.hidden_channels              │ 32                                    │
│ adapter.activation                   │ gelu                                  │
│ adapter.identity_init                │ False                                 │
│ adapter.default_temb                 │ 0.0                                   │
│ data.data_root                       │ /local/disk/hramachandran/work/wh_wo… │
│ data.eval_sims                       │ 675                                   │
│ data.num_dataloader_workers          │ 4                                     │
│ data.num_sim_frames                  │ None                                  │
│ data.overfit_sims                    │ None                                  │
│ data.overfit_repeat                  │ 1                                     │
│ data.channel_mean                    │ [0.905097647712509,                   │
│                                      │ 0.0040453659499771295,                │
│                                      │ -0.0019089379643528095, 0.9           │
│ data.channel_std                     │ [0.6607349375392083,                  │
│                                      │ 0.5328754120427532,                   │
│                                      │ 0.5262512462358824, 0.8050358         │
│ data.normalization_clip              │ 5.0                                   │
│ optimization.learning_rate           │ 5e-05                                 │
│ optimization.adapter_lr_multiplier   │ 10.0                                  │
│ optimization.min_learning_rate       │ 3e-06                                 │
│ optimization.scheduler_type          │ cosine                                │
│ optimization.stable_fraction         │ 0.7                                   │
│ optimization.epochs                  │ 10                                    │
│ optimization.batch_size              │ 1                                     │
│ optimization.gradient_accumulation_… │ 5                                     │
│ optimization.max_grad_norm           │ 5.0                                   │
│ optimization.weight_decay            │ 0.0                                   │
│ optimization.warmup_steps            │ 50                                    │
│ optimization.warmup_start_factor     │ 0.01                                  │
│ optimization.enable_gradient_checkp… │ True                                  │
│ loss.wavelet                         │ db2                                   │
│ loss.spatial_level                   │ 2                                     │
│ loss.temporal_level                  │ 2                                     │
│ loss.mlw_beta                        │ 10.0                                  │
│ loss.mlw_eps                         │ 1e-06                                 │
│ loss_weighting.strategy              │ fixed                                 │
│ loss_weighting.weights               │ {'rmse': 1.0, 'h1': 25.0, 'ssim':     │
│                                      │ 0.15, 'mlw': 0.0}                     │
│ loss_weighting.loss_names            │ ['rmse', 'h1', 'ssim', 'mlw']         │
│ loss_weighting.alpha                 │ 1.5                                   │
│ loss_weighting.weight_lr             │ 0.025                                 │
│ loss_weighting.temperature           │ 0.1                                   │
│ visualization.enabled                │ True                                  │
│ visualization.interval_epochs        │ 1                                     │
│ visualization.num_samples            │ 2                                     │
│ visualization.frame_numbers          │ [25, 50, 75, 100]                     │
│ visualization.dpi                    │ 150                                   │
│ acceleration.mixed_precision_mode    │ bf16                                  │
│ acceleration.compile_with_inductor   │ False                                 │
│ acceleration.compilation_mode        │ reduce-overhead                       │
│ checkpoints.interval                 │ 1                                     │
│ checkpoints.keep_last_n              │ 3                                     │
│ checkpoints.save_best_only           │ False                                 │
│ checkpoints.best_metric              │ val_total_loss                        │
│ checkpoints.save_last_state          │ True                                  │
│ wandb.enabled                        │ False                                 │
│ wandb.project                        │ windinet                              │
│ wandb.entity                         │ None                                  │
│ wandb.tags                           │ ['vae', 'decoder', 'inflate',         │
│                                      │ 'shockwave-cfd', 'lr-tail-3x']        │
│ seed                                 │ 42                                    │
│ output_dir                           │ /local/disk/hramachandran/work/wh_wo… │
│ clean_output_dir                     │ True                                  │
│ resume_from                          │ None                                  │
│ resume_weights_only                  │ False                                 │
└──────────────────────────────────────┴───────────────────────────────────────┘
INFO     [rank 5] HTTP Request: HEAD                             _client.py:1025
         https://huggingface.co/api/resolve-cache/models/Lightri                
         cks/LTX-Video-0.9.5/e58e28c39631af4d1468ee57a853764e11c                
         1d37e/vae%2Fconfig.json "HTTP/1.1 200 OK"                              
/local/disk/hramachandran/miniconda/envs/windinet/lib/python3.10/site-packages/huggingface_hub/utils/_validators.py:205: UserWarning: The `local_dir_use_symlinks` argument is deprecated and ignored in `hf_hub_download`. Downloading to a local directory does not use symlinks anymore.
  warnings.warn(
/local/disk/hramachandran/miniconda/envs/windinet/lib/python3.10/site-packages/huggingface_hub/utils/_validators.py:205: UserWarning: The `local_dir_use_symlinks` argument is deprecated and ignored in `hf_hub_download`. Downloading to a local directory does not use symlinks anymore.
  warnings.warn(
INFO     [rank 4] HTTP Request: HEAD                             _client.py:1025
         https://huggingface.co/Lightricks/LTX-Video-0.9.5/resol                
         ve/main/vae/config.json "HTTP/1.1 307 Temporary                        
         Redirect"                                                              
/local/disk/hramachandran/miniconda/envs/windinet/lib/python3.10/site-packages/huggingface_hub/utils/_validators.py:205: UserWarning: The `local_dir_use_symlinks` argument is deprecated and ignored in `hf_hub_download`. Downloading to a local directory does not use symlinks anymore.
  warnings.warn(
INFO     [rank 0] Distributed training: 6 processes          vae_trainer.py:1074
/local/disk/hramachandran/miniconda/envs/windinet/lib/python3.10/site-packages/huggingface_hub/utils/_validators.py:205: UserWarning: The `local_dir_use_symlinks` argument is deprecated and ignored in `hf_hub_download`. Downloading to a local directory does not use symlinks anymore.
  warnings.warn(
INFO     [rank 4] HTTP Request: HEAD                             _client.py:1025
         https://huggingface.co/api/resolve-cache/models/Lightri                
         cks/LTX-Video-0.9.5/e58e28c39631af4d1468ee57a853764e11c                
         1d37e/vae%2Fconfig.json "HTTP/1.1 200 OK"                              
INFO     [rank 5] HTTP Request: HEAD                             _client.py:1025
         https://huggingface.co/Lightricks/LTX-Video-0.9.5/resol                
         ve/e58e28c39631af4d1468ee57a853764e11c1d37e/vae/diffusi                
         on_pytorch_model.safetensors.index.json "HTTP/1.1 404                  
         Not Found"                                                             
INFO     [rank 2] HTTP Request: HEAD                             _client.py:1025
         https://huggingface.co/Lightricks/LTX-Video-0.9.5/resol                
         ve/main/vae/config.json "HTTP/1.1 307 Temporary                        
         Redirect"                                                              
INFO     [rank 4] HTTP Request: HEAD                             _client.py:1025
         https://huggingface.co/Lightricks/LTX-Video-0.9.5/resol                
         ve/e58e28c39631af4d1468ee57a853764e11c1d37e/vae/diffusi                
         on_pytorch_model.safetensors.index.json "HTTP/1.1 404                  
         Not Found"                                                             
INFO     [rank 2] HTTP Request: HEAD                             _client.py:1025
         https://huggingface.co/api/resolve-cache/models/Lightri                
         cks/LTX-Video-0.9.5/e58e28c39631af4d1468ee57a853764e11c                
         1d37e/vae%2Fconfig.json "HTTP/1.1 200 OK"                              
INFO     [rank 3] HTTP Request: HEAD                             _client.py:1025
         https://huggingface.co/Lightricks/LTX-Video-0.9.5/resol                
         ve/main/vae/config.json "HTTP/1.1 307 Temporary                        
         Redirect"                                                              
INFO     [rank 1] HTTP Request: HEAD                             _client.py:1025
         https://huggingface.co/Lightricks/LTX-Video-0.9.5/resol                
         ve/main/vae/config.json "HTTP/1.1 307 Temporary                        
         Redirect"                                                              
INFO     [rank 0] HTTP Request: HEAD                             _client.py:1025
         https://huggingface.co/Lightricks/LTX-Video-0.9.5/resol                
         ve/main/vae/config.json "HTTP/1.1 307 Temporary                        
         Redirect"                                                              
INFO     [rank 1] HTTP Request: HEAD                             _client.py:1025
         https://huggingface.co/api/resolve-cache/models/Lightri                
         cks/LTX-Video-0.9.5/e58e28c39631af4d1468ee57a853764e11c                
         1d37e/vae%2Fconfig.json "HTTP/1.1 200 OK"                              
INFO     [rank 3] HTTP Request: HEAD                             _client.py:1025
         https://huggingface.co/api/resolve-cache/models/Lightri                
         cks/LTX-Video-0.9.5/e58e28c39631af4d1468ee57a853764e11c                
         1d37e/vae%2Fconfig.json "HTTP/1.1 200 OK"                              
INFO     [rank 0] HTTP Request: HEAD                             _client.py:1025
         https://huggingface.co/api/resolve-cache/models/Lightri                
         cks/LTX-Video-0.9.5/e58e28c39631af4d1468ee57a853764e11c                
         1d37e/vae%2Fconfig.json "HTTP/1.1 200 OK"                              
INFO     [rank 2] HTTP Request: HEAD                             _client.py:1025
         https://huggingface.co/Lightricks/LTX-Video-0.9.5/resol                
         ve/e58e28c39631af4d1468ee57a853764e11c1d37e/vae/diffusi                
         on_pytorch_model.safetensors.index.json "HTTP/1.1 404                  
         Not Found"                                                             
INFO     [rank 1] HTTP Request: HEAD                             _client.py:1025
         https://huggingface.co/Lightricks/LTX-Video-0.9.5/resol                
         ve/e58e28c39631af4d1468ee57a853764e11c1d37e/vae/diffusi                
         on_pytorch_model.safetensors.index.json "HTTP/1.1 404                  
         Not Found"                                                             
INFO     [rank 3] HTTP Request: HEAD                             _client.py:1025
         https://huggingface.co/Lightricks/LTX-Video-0.9.5/resol                
         ve/e58e28c39631af4d1468ee57a853764e11c1d37e/vae/diffusi                
         on_pytorch_model.safetensors.index.json "HTTP/1.1 404                  
         Not Found"                                                             
INFO     [rank 0] HTTP Request: HEAD                             _client.py:1025
         https://huggingface.co/Lightricks/LTX-Video-0.9.5/resol                
         ve/e58e28c39631af4d1468ee57a853764e11c1d37e/vae/diffusi                
         on_pytorch_model.safetensors.index.json "HTTP/1.1 404                  
         Not Found"                                                             
INFO     [rank 0] VAE inflated to 4 native channels           vae_trainer.py:154
         (init=zeros); encoder.conv_in is trainable                             
INFO     [rank 0] VAE gradient checkpointing enabled          vae_trainer.py:202
INFO     [rank 0] VAE loaded. Decoder params: 552,869,953     vae_trainer.py:208
INFO     [rank 0] Trainable parameters:                       vae_trainer.py:256
         encoder_conv_in=221,312, decoder=552,869,953,                          
         in_adapter=0, out_adapter=0                                            
INFO     [rank 0] Dataset: 3825 train, 675 eval samples       vae_trainer.py:454
INFO     [rank 0] encoder.conv_in LR = 5.00e-04 (10x decoder  vae_trainer.py:478
         LR 5.00e-05)                                                           
INFO     [rank 0] LR schedule 'cosine': 1280 steps (50        vae_trainer.py:530
         warmup, 0 stable, 1230 anneal), peak 5.00e-05 ->                       
         floor 3.00e-06                                                         
INFO     [rank 0] Config saved:                              vae_trainer.py:1098
         /local/disk/hramachandran/work/wh_work/windinet/out                    
         puts/vae_inflate4_tail3x/training_config.yaml                          
INFO     [rank 0] Starting VAE decoder finetuning...          vae_trainer.py:578
epoch 1 step 10  loss=0.113490  lr=1.04e-05  [rmse=0.0337 h1=0.0000 ssim=0.2383 mlw=98.8697]
epoch 1 step 20  loss=0.122203  lr=2.03e-05  [rmse=0.0719 h1=0.0012 ssim=0.4433 mlw=68.4804]
epoch 1 step 30  loss=0.117509  lr=3.02e-05  [rmse=0.0507 h1=0.0002 ssim=0.3063 mlw=82.5303]
epoch 1 step 40  loss=0.113675  lr=4.01e-05  [rmse=0.0247 h1=0.0000 ssim=0.2377 mlw=126.5423]
epoch 1 step 50  loss=0.107793  lr=5.00e-05  [rmse=0.0251 h1=0.0002 ssim=0.1799 mlw=60.3095]
epoch 1 step 60  loss=0.103904  lr=5.00e-05  [rmse=0.0216 h1=0.0001 ssim=0.1757 mlw=70.5594]
epoch 1 step 70  loss=0.100036  lr=5.00e-05  [rmse=0.0297 h1=0.0003 ssim=0.2858 mlw=68.3903]
epoch 1 step 80  loss=0.096467  lr=4.99e-05  [rmse=0.0268 h1=0.0003 ssim=0.2001 mlw=59.7605]
epoch 1 step 90  loss=0.094318  lr=4.99e-05  [rmse=0.0190 h1=0.0002 ssim=0.1428 mlw=94.2939]
epoch 1 step 100  loss=0.090205  lr=4.98e-05  [rmse=0.0185 h1=0.0002 ssim=0.1225 mlw=72.2788]
epoch 1 step 110  loss=0.086501  lr=4.97e-05  [rmse=0.0086 h1=0.0000 ssim=0.0198 mlw=99.3440]
epoch 1 step 120  loss=0.083277  lr=4.96e-05  [rmse=0.0208 h1=0.0003 ssim=0.1703 mlw=55.7363]
INFO     [rank 0] Loss weights: rmse=1.0000, h1=25.0000,      vae_trainer.py:733
         ssim=0.1500, mlw=0.0000                                                
INFO     [rank 0] Epoch 1: train_loss=0.081622                vae_trainer.py:752
         val_loss=0.050885  val_VRMSE=0.151816  lr=4.95e-05                     
INFO     [rank 0] Metrics updated: metrics/metrics.csv,       vae_trainer.py:772
         metrics/loss_curves.png                                                
INFO     [rank 0] Saved 8 validation reconstruction PNGs for  vae_trainer.py:913
         epoch 1                                                                
INFO     [rank 0] VAE checkpoint saved:                       vae_trainer.py:974
         checkpoints/vae_shockwave_epoch001.safetensors                         
INFO     [rank 0] Training state saved:                      vae_trainer.py:1048
         checkpoints/vae_shockwave_epoch001.state.pt                            
epoch 2 step 130  loss=0.053350  lr=4.95e-05  [rmse=0.0455 h1=0.0014 ssim=0.1710 mlw=65.9973]
epoch 2 step 140  loss=0.053909  lr=4.94e-05  [rmse=0.0269 h1=0.0003 ssim=0.0643 mlw=86.1962]
epoch 2 step 150  loss=0.058289  lr=4.92e-05  [rmse=0.0099 h1=0.0000 ssim=0.0652 mlw=71.6555]
epoch 2 step 160  loss=0.054770  lr=4.91e-05  [rmse=0.0114 h1=0.0000 ssim=0.0470 mlw=76.5857]
epoch 2 step 170  loss=0.054266  lr=4.89e-05  [rmse=0.0279 h1=0.0007 ssim=0.1878 mlw=60.0947]
epoch 2 step 180  loss=0.053241  lr=4.87e-05  [rmse=0.0171 h1=0.0002 ssim=0.1178 mlw=74.6138]
epoch 2 step 190  loss=0.052166  lr=4.85e-05  [rmse=0.0132 h1=0.0001 ssim=0.0626 mlw=71.8636]
epoch 2 step 200  loss=0.051683  lr=4.83e-05  [rmse=0.0407 h1=0.0015 ssim=0.1102 mlw=70.1194]
epoch 2 step 210  loss=0.051216  lr=4.81e-05  [rmse=0.0237 h1=0.0005 ssim=0.2036 mlw=56.1807]
epoch 2 step 220  loss=0.050591  lr=4.78e-05  [rmse=0.0224 h1=0.0003 ssim=0.0689 mlw=85.2496]
epoch 2 step 230  loss=0.049726  lr=4.76e-05  [rmse=0.0374 h1=0.0011 ssim=0.1884 mlw=65.7430]
epoch 2 step 240  loss=0.049566  lr=4.73e-05  [rmse=0.0280 h1=0.0008 ssim=0.1644 mlw=54.8988]
epoch 2 step 250  loss=0.048753  lr=4.70e-05  [rmse=0.0146 h1=0.0001 ssim=0.0451 mlw=70.4387]
INFO     [rank 0] Loss weights: rmse=1.0000, h1=25.0000,      vae_trainer.py:733
         ssim=0.1500, mlw=0.0000                                                
INFO     [rank 0] Epoch 2: train_loss=0.048709                vae_trainer.py:752
         val_loss=0.046470  val_VRMSE=0.138914  lr=4.68e-05                     
INFO     [rank 0] Metrics updated: metrics/metrics.csv,       vae_trainer.py:772
         metrics/loss_curves.png                                                
INFO     [rank 0] Saved 8 validation reconstruction PNGs for  vae_trainer.py:913
         epoch 2                                                                
INFO     [rank 0] VAE checkpoint saved:                       vae_trainer.py:974
         checkpoints/vae_shockwave_epoch002.safetensors                         
INFO     [rank 0] Training state saved:                      vae_trainer.py:1048
         checkpoints/vae_shockwave_epoch002.state.pt                            
epoch 3 step 260  loss=0.046014  lr=4.67e-05  [rmse=0.0230 h1=0.0004 ssim=0.1036 mlw=62.4818]
epoch 3 step 270  loss=0.051814  lr=4.64e-05  [rmse=0.0588 h1=0.0015 ssim=0.1733 mlw=80.5448]
epoch 3 step 280  loss=0.049101  lr=4.61e-05  [rmse=0.0132 h1=0.0002 ssim=0.0610 mlw=58.0178]
epoch 3 step 290  loss=0.048036  lr=4.57e-05  [rmse=0.0156 h1=0.0002 ssim=0.1024 mlw=54.1084]
epoch 3 step 300  loss=0.047919  lr=4.54e-05  [rmse=0.0185 h1=0.0003 ssim=0.0969 mlw=59.5855]
epoch 3 step 310  loss=0.046588  lr=4.50e-05  [rmse=0.0312 h1=0.0008 ssim=0.1213 mlw=64.1082]
epoch 3 step 320  loss=0.044639  lr=4.46e-05  [rmse=0.0279 h1=0.0008 ssim=0.1897 mlw=55.8956]
epoch 3 step 330  loss=0.044754  lr=4.42e-05  [rmse=0.0216 h1=0.0005 ssim=0.1212 mlw=60.3691]
epoch 3 step 340  loss=0.044091  lr=4.38e-05  [rmse=0.0156 h1=0.0002 ssim=0.0770 mlw=59.7657]
epoch 3 step 350  loss=0.043772  lr=4.34e-05  [rmse=0.0087 h1=0.0000 ssim=0.0531 mlw=97.5088]
epoch 3 step 360  loss=0.043353  lr=4.30e-05  [rmse=0.0059 h1=0.0000 ssim=0.0246 mlw=73.1534]
epoch 3 step 370  loss=0.042845  lr=4.26e-05  [rmse=0.0221 h1=0.0006 ssim=0.1359 mlw=56.7497]
epoch 3 step 380  loss=0.042945  lr=4.21e-05  [rmse=0.0083 h1=0.0001 ssim=0.0417 mlw=63.1738]
INFO     [rank 0] Loss weights: rmse=1.0000, h1=25.0000,      vae_trainer.py:733
         ssim=0.1500, mlw=0.0000                                                
INFO     [rank 0] Epoch 3: train_loss=0.043231                vae_trainer.py:752
         val_loss=0.043930  val_VRMSE=0.134650  lr=4.20e-05                     
INFO     [rank 0] Metrics updated: metrics/metrics.csv,       vae_trainer.py:772
         metrics/loss_curves.png                                                
INFO     [rank 0] Saved 8 validation reconstruction PNGs for  vae_trainer.py:913
         epoch 3                                                                
INFO     [rank 0] VAE checkpoint saved:                       vae_trainer.py:974
         checkpoints/vae_shockwave_epoch003.safetensors                         
INFO     [rank 0] Training state saved:                      vae_trainer.py:1048
         checkpoints/vae_shockwave_epoch003.state.pt                            
epoch 4 step 390  loss=0.040360  lr=4.17e-05  [rmse=0.0168 h1=0.0003 ssim=0.0893 mlw=58.4099]
epoch 4 step 400  loss=0.041583  lr=4.12e-05  [rmse=0.0163 h1=0.0002 ssim=0.0874 mlw=52.8713]
epoch 4 step 410  loss=0.039702  lr=4.07e-05  [rmse=0.0143 h1=0.0002 ssim=0.0524 mlw=66.5083]
epoch 4 step 420  loss=0.040673  lr=4.03e-05  [rmse=0.0246 h1=0.0005 ssim=0.1429 mlw=56.1480]
epoch 4 step 430  loss=0.040798  lr=3.98e-05  [rmse=0.0311 h1=0.0009 ssim=0.1176 mlw=57.8342]
epoch 4 step 440  loss=0.041045  lr=3.93e-05  [rmse=0.0197 h1=0.0002 ssim=0.0778 mlw=67.6069]
epoch 4 step 450  loss=0.041044  lr=3.88e-05  [rmse=0.0159 h1=0.0003 ssim=0.0801 mlw=65.7356]
epoch 4 step 460  loss=0.041340  lr=3.82e-05  [rmse=0.0124 h1=0.0002 ssim=0.0607 mlw=57.8855]
epoch 4 step 470  loss=0.040477  lr=3.77e-05  [rmse=0.0144 h1=0.0002 ssim=0.0573 mlw=68.9182]
epoch 4 step 480  loss=0.041170  lr=3.72e-05  [rmse=0.0262 h1=0.0006 ssim=0.0813 mlw=68.6131]
epoch 4 step 490  loss=0.040680  lr=3.67e-05  [rmse=0.0184 h1=0.0004 ssim=0.0926 mlw=56.3994]
epoch 4 step 500  loss=0.040841  lr=3.61e-05  [rmse=0.0055 h1=0.0000 ssim=0.0230 mlw=104.4436]
epoch 4 step 510  loss=0.040598  lr=3.56e-05  [rmse=0.0175 h1=0.0003 ssim=0.1022 mlw=53.6027]
INFO     [rank 0] Loss weights: rmse=1.0000, h1=25.0000,      vae_trainer.py:733
         ssim=0.1500, mlw=0.0000                                                
INFO     [rank 0] Epoch 4: train_loss=0.040665                vae_trainer.py:752
         val_loss=0.040728  val_VRMSE=0.125657  lr=3.55e-05                     
INFO     [rank 0] Metrics updated: metrics/metrics.csv,       vae_trainer.py:772
         metrics/loss_curves.png                                                
INFO     [rank 0] Saved 8 validation reconstruction PNGs for  vae_trainer.py:913
         epoch 4                                                                
INFO     [rank 0] VAE checkpoint saved:                       vae_trainer.py:974
         checkpoints/vae_shockwave_epoch004.safetensors                         
INFO     [rank 0] Training state saved:                      vae_trainer.py:1048
         checkpoints/vae_shockwave_epoch004.state.pt                            
INFO     [rank 0] Pruned old checkpoint:                     vae_trainer.py:1016
         vae_shockwave_epoch001.safetensors (keep_last_n=3)                     
epoch 5 step 520  loss=0.042639  lr=3.50e-05  [rmse=0.0200 h1=0.0005 ssim=0.1137 mlw=62.1337]
epoch 5 step 530  loss=0.038127  lr=3.44e-05  [rmse=0.0348 h1=0.0013 ssim=0.1204 mlw=66.2866]
epoch 5 step 540  loss=0.037034  lr=3.39e-05  [rmse=0.0390 h1=0.0012 ssim=0.1217 mlw=62.0660]
epoch 5 step 550  loss=0.038990  lr=3.33e-05  [rmse=0.0124 h1=0.0001 ssim=0.0439 mlw=82.2407]
epoch 5 step 560  loss=0.040897  lr=3.27e-05  [rmse=0.0414 h1=0.0018 ssim=0.1185 mlw=62.0936]
epoch 5 step 570  loss=0.040811  lr=3.21e-05  [rmse=0.0131 h1=0.0002 ssim=0.0762 mlw=62.1266]
epoch 5 step 580  loss=0.040180  lr=3.16e-05  [rmse=0.0330 h1=0.0011 ssim=0.1149 mlw=59.6521]
epoch 5 step 590  loss=0.040255  lr=3.10e-05  [rmse=0.0320 h1=0.0010 ssim=0.1397 mlw=56.6775]
epoch 5 step 600  loss=0.039492  lr=3.04e-05  [rmse=0.0045 h1=0.0000 ssim=0.0150 mlw=105.6756]
epoch 5 step 610  loss=0.038767  lr=2.98e-05  [rmse=0.0082 h1=0.0001 ssim=0.0387 mlw=74.0487]
epoch 5 step 620  loss=0.038661  lr=2.92e-05  [rmse=0.0412 h1=0.0021 ssim=0.1487 mlw=160.8173]
epoch 5 step 630  loss=0.038107  lr=2.86e-05  [rmse=0.0061 h1=0.0000 ssim=0.0267 mlw=73.6513]
epoch 5 step 640  loss=0.037671  lr=2.80e-05  [rmse=0.0057 h1=0.0000 ssim=0.0295 mlw=87.2251]
INFO     [rank 0] Loss weights: rmse=1.0000, h1=25.0000,      vae_trainer.py:733
         ssim=0.1500, mlw=0.0000                                                
INFO     [rank 0] Epoch 5: train_loss=0.037671                vae_trainer.py:752
         val_loss=0.036365  val_VRMSE=0.111596  lr=2.80e-05                     
INFO     [rank 0] Metrics updated: metrics/metrics.csv,       vae_trainer.py:772
         metrics/loss_curves.png                                                
INFO     [rank 0] Saved 8 validation reconstruction PNGs for  vae_trainer.py:913
         epoch 5                                                                
INFO     [rank 0] VAE checkpoint saved:                       vae_trainer.py:974
         checkpoints/vae_shockwave_epoch005.safetensors                         
INFO     [rank 0] Training state saved:                      vae_trainer.py:1048
         checkpoints/vae_shockwave_epoch005.state.pt                            
INFO     [rank 0] Pruned old checkpoint:                     vae_trainer.py:1016
         vae_shockwave_epoch002.safetensors (keep_last_n=3)                     
epoch 6 step 650  loss=0.033711  lr=2.74e-05  [rmse=0.0101 h1=0.0001 ssim=0.0541 mlw=64.0210]
epoch 6 step 660  loss=0.035726  lr=2.68e-05  [rmse=0.0376 h1=0.0010 ssim=0.1034 mlw=87.3352]
epoch 6 step 670  loss=0.035340  lr=2.62e-05  [rmse=0.0128 h1=0.0002 ssim=0.0667 mlw=54.1118]
epoch 6 step 680  loss=0.033604  lr=2.56e-05  [rmse=0.0077 h1=0.0000 ssim=0.0327 mlw=59.6430]
epoch 6 step 690  loss=0.034995  lr=2.50e-05  [rmse=0.0108 h1=0.0001 ssim=0.0403 mlw=70.8367]
epoch 6 step 700  loss=0.035063  lr=2.44e-05  [rmse=0.0168 h1=0.0003 ssim=0.0724 mlw=68.4211]
epoch 6 step 710  loss=0.035401  lr=2.38e-05  [rmse=0.0086 h1=0.0001 ssim=0.0427 mlw=62.2627]
epoch 6 step 720  loss=0.035338  lr=2.32e-05  [rmse=0.0029 h1=0.0000 ssim=0.0147 mlw=101.4481]
epoch 6 step 730  loss=0.035862  lr=2.26e-05  [rmse=0.0245 h1=0.0008 ssim=0.1136 mlw=55.8901]
epoch 6 step 740  loss=0.036166  lr=2.20e-05  [rmse=0.0153 h1=0.0003 ssim=0.0823 mlw=53.0817]
epoch 6 step 750  loss=0.036086  lr=2.14e-05  [rmse=0.0203 h1=0.0004 ssim=0.0884 mlw=53.6404]
epoch 6 step 760  loss=0.036021  lr=2.09e-05  [rmse=0.0385 h1=0.0018 ssim=0.1671 mlw=57.7298]
INFO     [rank 0] Loss weights: rmse=1.0000, h1=25.0000,      vae_trainer.py:733
         ssim=0.1500, mlw=0.0000                                                
INFO     [rank 0] Epoch 6: train_loss=0.035788                vae_trainer.py:752
         val_loss=0.035610  val_VRMSE=0.108488  lr=2.04e-05                     
INFO     [rank 0] Metrics updated: metrics/metrics.csv,       vae_trainer.py:772
         metrics/loss_curves.png                                                
INFO     [rank 0] Saved 8 validation reconstruction PNGs for  vae_trainer.py:913
         epoch 6                                                                
INFO     [rank 0] VAE checkpoint saved:                       vae_trainer.py:974
         checkpoints/vae_shockwave_epoch006.safetensors                         
INFO     [rank 0] Training state saved:                      vae_trainer.py:1048
         checkpoints/vae_shockwave_epoch006.state.pt                            
INFO     [rank 0] Pruned old checkpoint:                     vae_trainer.py:1016
         vae_shockwave_epoch003.safetensors (keep_last_n=3)                     
epoch 7 step 770  loss=0.025981  lr=2.03e-05  [rmse=0.0098 h1=0.0001 ssim=0.0467 mlw=64.1298]
epoch 7 step 780  loss=0.033704  lr=1.97e-05  [rmse=0.0108 h1=0.0001 ssim=0.0522 mlw=54.9212]
epoch 7 step 790  loss=0.034170  lr=1.91e-05  [rmse=0.0184 h1=0.0003 ssim=0.0747 mlw=58.3480]
epoch 7 step 800  loss=0.033686  lr=1.86e-05  [rmse=0.0186 h1=0.0005 ssim=0.0703 mlw=57.8477]
epoch 7 step 810  loss=0.032800  lr=1.80e-05  [rmse=0.0144 h1=0.0002 ssim=0.0416 mlw=81.4628]
epoch 7 step 820  loss=0.032741  lr=1.74e-05  [rmse=0.0451 h1=0.0023 ssim=0.1171 mlw=62.8860]
epoch 7 step 830  loss=0.033238  lr=1.69e-05  [rmse=0.0111 h1=0.0001 ssim=0.0406 mlw=68.3914]
epoch 7 step 840  loss=0.032709  lr=1.63e-05  [rmse=0.0135 h1=0.0003 ssim=0.0740 mlw=56.1552]
epoch 7 step 850  loss=0.032973  lr=1.58e-05  [rmse=0.0234 h1=0.0007 ssim=0.1315 mlw=54.1143]
epoch 7 step 860  loss=0.033008  lr=1.53e-05  [rmse=0.0198 h1=0.0005 ssim=0.1120 mlw=53.3957]
epoch 7 step 870  loss=0.033481  lr=1.48e-05  [rmse=0.0028 h1=0.0000 ssim=0.0126 mlw=99.0133]
epoch 7 step 880  loss=0.033721  lr=1.42e-05  [rmse=0.0210 h1=0.0005 ssim=0.1009 mlw=52.7467]
epoch 7 step 890  loss=0.033575  lr=1.37e-05  [rmse=0.0060 h1=0.0000 ssim=0.0266 mlw=61.3213]
INFO     [rank 0] Loss weights: rmse=1.0000, h1=25.0000,      vae_trainer.py:733
         ssim=0.1500, mlw=0.0000                                                
INFO     [rank 0] Epoch 7: train_loss=0.033842                vae_trainer.py:752
         val_loss=0.034416  val_VRMSE=0.105018  lr=1.34e-05                     
INFO     [rank 0] Metrics updated: metrics/metrics.csv,       vae_trainer.py:772
         metrics/loss_curves.png                                                
INFO     [rank 0] Saved 8 validation reconstruction PNGs for  vae_trainer.py:913
         epoch 7                                                                
INFO     [rank 0] VAE checkpoint saved:                       vae_trainer.py:974
         checkpoints/vae_shockwave_epoch007.safetensors                         
INFO     [rank 0] Training state saved:                      vae_trainer.py:1048
         checkpoints/vae_shockwave_epoch007.state.pt                            
INFO     [rank 0] Pruned old checkpoint:                     vae_trainer.py:1016
         vae_shockwave_epoch004.safetensors (keep_last_n=3)                     
epoch 8 step 900  loss=0.023434  lr=1.32e-05  [rmse=0.0052 h1=0.0000 ssim=0.0261 mlw=66.0199]
epoch 8 step 910  loss=0.032087  lr=1.27e-05  [rmse=0.0173 h1=0.0003 ssim=0.0722 mlw=57.7118]
epoch 8 step 920  loss=0.034553  lr=1.23e-05  [rmse=0.0103 h1=0.0001 ssim=0.0391 mlw=62.2857]
epoch 8 step 930  loss=0.032603  lr=1.18e-05  [rmse=0.0086 h1=0.0001 ssim=0.0369 mlw=66.1815]
epoch 8 step 940  loss=0.032552  lr=1.13e-05  [rmse=0.0171 h1=0.0004 ssim=0.0765 mlw=51.7727]
epoch 8 step 950  loss=0.032604  lr=1.09e-05  [rmse=0.0054 h1=0.0000 ssim=0.0246 mlw=72.3511]
epoch 8 step 960  loss=0.032535  lr=1.04e-05  [rmse=0.0205 h1=0.0005 ssim=0.0467 mlw=72.4202]
epoch 8 step 970  loss=0.032346  lr=9.99e-06  [rmse=0.0195 h1=0.0005 ssim=0.1133 mlw=54.6645]
epoch 8 step 980  loss=0.032762  lr=9.57e-06  [rmse=0.0032 h1=0.0000 ssim=0.0192 mlw=93.9718]
epoch 8 step 990  loss=0.032791  lr=9.16e-06  [rmse=0.0095 h1=0.0001 ssim=0.0307 mlw=72.3073]
epoch 8 step 1000  loss=0.032674  lr=8.76e-06  [rmse=0.0157 h1=0.0003 ssim=0.0743 mlw=53.3716]
epoch 8 step 1010  loss=0.032501  lr=8.37e-06  [rmse=0.0086 h1=0.0001 ssim=0.0241 mlw=82.7549]
epoch 8 step 1020  loss=0.032365  lr=7.99e-06  [rmse=0.0129 h1=0.0002 ssim=0.0435 mlw=59.6824]
INFO     [rank 0] Loss weights: rmse=1.0000, h1=25.0000,      vae_trainer.py:733
         ssim=0.1500, mlw=0.0000                                                
INFO     [rank 0] Epoch 8: train_loss=0.032510                vae_trainer.py:752
         val_loss=0.033683  val_VRMSE=0.102962  lr=7.85e-06                     
INFO     [rank 0] Metrics updated: metrics/metrics.csv,       vae_trainer.py:772
         metrics/loss_curves.png                                                
INFO     [rank 0] Saved 8 validation reconstruction PNGs for  vae_trainer.py:913
         epoch 8                                                                
INFO     [rank 0] VAE checkpoint saved:                       vae_trainer.py:974
         checkpoints/vae_shockwave_epoch008.safetensors                         
INFO     [rank 0] Training state saved:                      vae_trainer.py:1048
         checkpoints/vae_shockwave_epoch008.state.pt                            
INFO     [rank 0] Pruned old checkpoint:                     vae_trainer.py:1016
         vae_shockwave_epoch005.safetensors (keep_last_n=3)                     
epoch 9 step 1030  loss=0.044570  lr=7.63e-06  [rmse=0.0227 h1=0.0005 ssim=0.0653 mlw=58.1549]
epoch 9 step 1040  loss=0.036462  lr=7.28e-06  [rmse=0.0120 h1=0.0002 ssim=0.0624 mlw=54.8384]
epoch 9 step 1050  loss=0.035998  lr=6.94e-06  [rmse=0.0092 h1=0.0001 ssim=0.0429 mlw=75.6343]
epoch 9 step 1060  loss=0.033706  lr=6.61e-06  [rmse=0.0091 h1=0.0001 ssim=0.0550 mlw=65.3144]
epoch 9 step 1070  loss=0.032899  lr=6.30e-06  [rmse=0.0134 h1=0.0002 ssim=0.0630 mlw=56.3064]
epoch 9 step 1080  loss=0.033542  lr=6.00e-06  [rmse=0.0199 h1=0.0005 ssim=0.0810 mlw=53.1207]
epoch 9 step 1090  loss=0.033221  lr=5.71e-06  [rmse=0.0138 h1=0.0003 ssim=0.0507 mlw=53.3133]
epoch 9 step 1100  loss=0.033631  lr=5.44e-06  [rmse=0.0199 h1=0.0005 ssim=0.0478 mlw=66.7462]
epoch 9 step 1110  loss=0.032986  lr=5.18e-06  [rmse=0.0127 h1=0.0002 ssim=0.0439 mlw=65.4827]
epoch 9 step 1120  loss=0.033435  lr=4.94e-06  [rmse=0.0028 h1=0.0000 ssim=0.0119 mlw=90.0925]
epoch 9 step 1130  loss=0.033206  lr=4.70e-06  [rmse=0.0079 h1=0.0001 ssim=0.0256 mlw=71.0306]
epoch 9 step 1140  loss=0.032823  lr=4.49e-06  [rmse=0.0122 h1=0.0002 ssim=0.0467 mlw=60.7021]
epoch 9 step 1150  loss=0.032789  lr=4.28e-06  [rmse=0.0058 h1=0.0000 ssim=0.0205 mlw=63.6654]
INFO     [rank 0] Loss weights: rmse=1.0000, h1=25.0000,      vae_trainer.py:733
         ssim=0.1500, mlw=0.0000                                                
INFO     [rank 0] Epoch 9: train_loss=0.033026                vae_trainer.py:752
         val_loss=0.033196  val_VRMSE=0.101598  lr=4.24e-06                     
INFO     [rank 0] Metrics updated: metrics/metrics.csv,       vae_trainer.py:772
         metrics/loss_curves.png                                                
INFO     [rank 0] Saved 8 validation reconstruction PNGs for  vae_trainer.py:913
         epoch 9                                                                
INFO     [rank 0] VAE checkpoint saved:                       vae_trainer.py:974
         checkpoints/vae_shockwave_epoch009.safetensors                         
INFO     [rank 0] Training state saved:                      vae_trainer.py:1048
         checkpoints/vae_shockwave_epoch009.state.pt                            
INFO     [rank 0] Pruned old checkpoint:                     vae_trainer.py:1016
         vae_shockwave_epoch006.safetensors (keep_last_n=3)                     
epoch 10 step 1160  loss=0.031316  lr=4.10e-06  [rmse=0.0252 h1=0.0009 ssim=0.1330 mlw=53.2853]
epoch 10 step 1170  loss=0.030197  lr=3.92e-06  [rmse=0.0124 h1=0.0002 ssim=0.0571 mlw=52.7411]
epoch 10 step 1180  loss=0.031566  lr=3.76e-06  [rmse=0.0324 h1=0.0013 ssim=0.1610 mlw=54.1187]
epoch 10 step 1190  loss=0.035247  lr=3.62e-06  [rmse=0.0140 h1=0.0003 ssim=0.0669 mlw=59.1167]
epoch 10 step 1200  loss=0.034462  lr=3.49e-06  [rmse=0.0063 h1=0.0001 ssim=0.0281 mlw=96.3904]
epoch 10 step 1210  loss=0.034546  lr=3.37e-06  [rmse=0.0105 h1=0.0001 ssim=0.0508 mlw=68.5123]
epoch 10 step 1220  loss=0.034130  lr=3.28e-06  [rmse=0.0060 h1=0.0001 ssim=0.0304 mlw=70.4078]
epoch 10 step 1230  loss=0.035191  lr=3.19e-06  [rmse=0.0048 h1=0.0000 ssim=0.0252 mlw=98.0798]
epoch 10 step 1240  loss=0.034910  lr=3.12e-06  [rmse=0.0257 h1=0.0009 ssim=0.0925 mlw=58.4843]
epoch 10 step 1250  loss=0.034678  lr=3.07e-06  [rmse=0.0033 h1=0.0000 ssim=0.0179 mlw=81.9910]
epoch 10 step 1260  loss=0.033753  lr=3.03e-06  [rmse=0.0062 h1=0.0000 ssim=0.0213 mlw=73.2246]
epoch 10 step 1270  loss=0.033376  lr=3.01e-06  [rmse=0.0117 h1=0.0002 ssim=0.0486 mlw=52.4006]
epoch 10 step 1280  loss=0.032908  lr=3.00e-06  [rmse=0.0032 h1=0.0000 ssim=0.0320 mlw=113.4426]
INFO     [rank 0] Loss weights: rmse=1.0000, h1=25.0000,      vae_trainer.py:733
         ssim=0.1500, mlw=0.0000                                                
INFO     [rank 0] Epoch 10: train_loss=0.032908               vae_trainer.py:752
         val_loss=0.033073  val_VRMSE=0.101276  lr=3.00e-06                     
INFO     [rank 0] Metrics updated: metrics/metrics.csv,       vae_trainer.py:772
         metrics/loss_curves.png                                                
INFO     [rank 0] Saved 8 validation reconstruction PNGs for  vae_trainer.py:913
         epoch 10                                                               
INFO     [rank 0] VAE checkpoint saved:                       vae_trainer.py:974
         checkpoints/vae_shockwave_epoch010.safetensors                         
INFO     [rank 0] Training state saved:                      vae_trainer.py:1048
         checkpoints/vae_shockwave_epoch010.state.pt                            
INFO     [rank 0] Pruned old checkpoint:                     vae_trainer.py:1016
         vae_shockwave_epoch007.safetensors (keep_last_n=3)                     
╭──────────────────────────────────────────────────────────────────────────────╮
╰──────────────────────────────────────────────────────────────────────────────╯INFO     [rank 0] VAE checkpoint saved:                       vae_trainer.py:974
         checkpoints/vae_shockwave_epoch010.safetensors                         
INFO     [rank 0] Training state saved:                      vae_trainer.py:1048
         checkpoints/vae_shockwave_epoch010.state.pt                            

Training complete. Checkpoint: 
/local/disk/hramachandran/work/wh_work/windinet/outputs/vae_inflate4_tail3x/chec
kpoints/vae_shockwave_epoch010.safetensors
permission denied while trying to connect to the Docker daemon socket at unix:///var/run/docker.sock: Get "http://%2Fvar%2Frun%2Fdocker.sock/v1.24/containers/json?filters=%7B%22label%22%3A%7B%22slurm_job_id%3D21618%22%3Atrue%7D%7D": dial unix /var/run/docker.sock: connect: permission denied
