1 GPU x accum 1 -> effective batch 1; output_dir finetune_vae_outputs_lundquist/finetune_vae_overfit_lr5e5_wsd_rmseonly
job=21697 node=lundquist gpus=0
                          VAE Finetuning Configuration                          
┏━━━━━━━━━━━━━━━━━━━━━━━━━━━━━━━━━━━━━━┳━━━━━━━━━━━━━━━━━━━━━━━━━━━━━━━━━━━━━━━┓
┃ Parameter                            ┃ Value                                 ┃
┡━━━━━━━━━━━━━━━━━━━━━━━━━━━━━━━━━━━━━━╇━━━━━━━━━━━━━━━━━━━━━━━━━━━━━━━━━━━━━━━┩
│ model.model_source                   │ LTXV_2B_0.9.6_DEV                     │
│ model.load_checkpoint                │ None                                  │
│ adapter.enabled                      │ True                                  │
│ adapter.checkpoint                   │ None                                  │
│ adapter.channels                     │ ['density', 'momentum_x',             │
│                                      │ 'momentum_y', 'pressure']             │
│ adapter.mode                         │ inflate                               │
│ adapter.inflate_init                 │ mean                                  │
│ adapter.freeze_conv_in               │ False                                 │
│ adapter.hidden_channels              │ 32                                    │
│ adapter.activation                   │ gelu                                  │
│ adapter.identity_init                │ False                                 │
│ adapter.default_temb                 │ 0.0                                   │
│ adapter.unfreeze_encoder_tail        │ False                                 │
│ data.data_root                       │ /local/disk/hramachandran/work/wh_wo… │
│ data.eval_sims                       │ 675                                   │
│ data.num_dataloader_workers          │ 4                                     │
│ data.num_sim_frames                  │ None                                  │
│ data.overfit_sims                    │ 8                                     │
│ data.overfit_repeat                  │ 5                                     │
│ data.channel_mean                    │ [0.905097647712509,                   │
│                                      │ 0.0040453659499771295,                │
│                                      │ -0.0019089379643528095, 0.9           │
│ data.channel_std                     │ [0.6607349375392083,                  │
│                                      │ 0.5328754120427532,                   │
│                                      │ 0.5262512462358824, 0.8050358         │
│ data.normalization_clip              │ 5.0                                   │
│ optimization.learning_rate           │ 5e-05                                 │
│ optimization.adapter_lr_multiplier   │ 1.0                                   │
│ optimization.min_learning_rate       │ 1e-06                                 │
│ optimization.encoder_tail_lr_multip… │ 0.1                                   │
│ optimization.scheduler_type          │ wsd                                   │
│ optimization.stable_fraction         │ 0.7                                   │
│ optimization.epochs                  │ 50                                    │
│ optimization.batch_size              │ 1                                     │
│ optimization.gradient_accumulation_… │ 1                                     │
│ optimization.max_grad_norm           │ 5.0                                   │
│ optimization.weight_decay            │ 0.0                                   │
│ optimization.warmup_steps            │ 50                                    │
│ optimization.warmup_start_factor     │ 0.01                                  │
│ optimization.enable_gradient_checkp… │ True                                  │
│ loss.wavelet                         │ db2                                   │
│ loss.spatial_level                   │ 2                                     │
│ loss.temporal_level                  │ 2                                     │
│ loss.mlw_beta                        │ 10.0                                  │
│ loss.mlw_eps                         │ 1e-06                                 │
│ loss_weighting.strategy              │ fixed                                 │
│ loss_weighting.weights               │ {'rmse': 1.0, 'h1': 0.0, 'ssim': 0.0, │
│                                      │ 'mlw': 0.0}                           │
│ loss_weighting.loss_names            │ ['rmse', 'h1', 'ssim', 'mlw']         │
│ loss_weighting.alpha                 │ 1.5                                   │
│ loss_weighting.weight_lr             │ 0.025                                 │
│ loss_weighting.temperature           │ 0.1                                   │
│ visualization.enabled                │ True                                  │
│ visualization.interval_epochs        │ 5                                     │
│ visualization.num_samples            │ 2                                     │
│ visualization.frame_numbers          │ [25, 50, 75, 100]                     │
│ visualization.dpi                    │ 150                                   │
│ acceleration.mixed_precision_mode    │ bf16                                  │
│ acceleration.compile_with_inductor   │ False                                 │
│ acceleration.compilation_mode        │ reduce-overhead                       │
│ checkpoints.interval                 │ None                                  │
│ checkpoints.keep_last_n              │ 1                                     │
│ checkpoints.save_best_only           │ True                                  │
│ checkpoints.best_metric              │ val_vrmse                             │
│ checkpoints.save_last_state          │ False                                 │
│ wandb.enabled                        │ False                                 │
│ wandb.project                        │ windinet                              │
│ wandb.entity                         │ None                                  │
│ wandb.tags                           │ ['vae', 'diagnostic', 'overfit',      │
│                                      │ 'wsd', 'rmse-only']                   │
│ seed                                 │ 42                                    │
│ output_dir                           │ /local/disk/hramachandran/work/wh_wo… │
│ clean_output_dir                     │ True                                  │
│ resume_from                          │ None                                  │
│ resume_weights_only                  │ False                                 │
└──────────────────────────────────────┴───────────────────────────────────────┘
/local/disk/hramachandran/miniconda/envs/windinet/lib/python3.10/site-packages/huggingface_hub/utils/_validators.py:205: UserWarning: The `local_dir_use_symlinks` argument is deprecated and ignored in `hf_hub_download`. Downloading to a local directory does not use symlinks anymore.
  warnings.warn(
INFO     [rank 0] HTTP Request: HEAD                             _client.py:1025
         https://huggingface.co/Lightricks/LTX-Video-0.9.5/resol                
         ve/main/vae/config.json "HTTP/1.1 307 Temporary                        
         Redirect"                                                              
INFO     [rank 0] HTTP Request: HEAD                             _client.py:1025
         https://huggingface.co/api/resolve-cache/models/Lightri                
         cks/LTX-Video-0.9.5/e58e28c39631af4d1468ee57a853764e11c                
         1d37e/vae%2Fconfig.json "HTTP/1.1 200 OK"                              
INFO     [rank 0] HTTP Request: HEAD                             _client.py:1025
         https://huggingface.co/Lightricks/LTX-Video-0.9.5/resol                
         ve/e58e28c39631af4d1468ee57a853764e11c1d37e/vae/diffusi                
         on_pytorch_model.safetensors.index.json "HTTP/1.1 404                  
         Not Found"                                                             
INFO     [rank 0] VAE inflated to 4 native channels           vae_trainer.py:154
         (init=mean); encoder.conv_in is trainable                              
INFO     [rank 0] VAE gradient checkpointing enabled          vae_trainer.py:218
INFO     [rank 0] VAE loaded. Decoder params: 552,869,953     vae_trainer.py:224
INFO     [rank 0] Trainable parameters:                       vae_trainer.py:288
         encoder_conv_in=221,312, encoder_tail=0,                               
         decoder=552,869,953, in_adapter=0, out_adapter=0                       
WARNING  [rank 0] OVERFIT DIAGNOSTIC: training and evaluating vae_trainer.py:475
         on the same 8 sims (repeated 5x per epoch).                            
         val_vrmse measures memorization, not generalization.                   
INFO     [rank 0] Dataset: 8 train, 8 eval samples            vae_trainer.py:493
INFO     [rank 0] encoder.conv_in LR = 5.00e-05 (1x decoder   vae_trainer.py:517
         LR 5.00e-05)                                                           
INFO     [rank 0] LR schedule 'wsd': 2000 steps (50 warmup,   vae_trainer.py:582
         1365 stable, 585 anneal), peak 5.00e-05 -> floor                       
         1.00e-06                                                               
INFO     [rank 0] Config saved:                              vae_trainer.py:1199
         /local/disk/hramachandran/work/wh_work/windinet/fin                    
         etune_vae_outputs_lundquist/finetune_vae_overfit_lr                    
         5e5_wsd_rmseonly/training_config.yaml                                  
INFO     [rank 0] Starting VAE decoder finetuning...          vae_trainer.py:630
epoch 1 step 10  loss=0.102956  lr=1.04e-05  [rmse=0.1850 h1=0.0002 ssim=0.6411 mlw=80.5712]
epoch 1 step 20  loss=0.102619  lr=2.03e-05  [rmse=0.0986 h1=0.0007 ssim=0.3678 mlw=70.1777]
epoch 1 step 30  loss=0.098398  lr=3.02e-05  [rmse=0.0470 h1=0.0001 ssim=0.3283 mlw=76.4929]
epoch 1 step 40  loss=0.095233  lr=4.01e-05  [rmse=0.0570 h1=0.0006 ssim=0.3304 mlw=60.7390]
INFO     [rank 0] Loss weights: rmse=1.0000, h1=0.0000,       vae_trainer.py:786
         ssim=0.0000, mlw=0.0000                                                
INFO     [rank 0] Epoch 1: train_loss=0.095233                vae_trainer.py:807
         val_loss=0.098439  val_VRMSE=0.495909  lr=4.01e-05                     
INFO     [rank 0] Metrics updated: metrics/metrics.csv,       vae_trainer.py:827
         metrics/loss_curves.png                                                
INFO     [rank 0] Epoch 1 timing: train=30.0s eval=2.7s       vae_trainer.py:863
         viz=0.0s ckpt=0.0s total=33.3s                                         
epoch 2 step 50  loss=0.110327  lr=5.00e-05  [rmse=0.1850 h1=0.0003 ssim=0.5260 mlw=84.9990]
epoch 2 step 60  loss=0.112526  lr=5.00e-05  [rmse=0.1948 h1=0.0016 ssim=0.4778 mlw=122.3014]
epoch 2 step 70  loss=0.175665  lr=5.00e-05  [rmse=0.1913 h1=0.0014 ssim=0.6600 mlw=133.5720]
epoch 2 step 80  loss=0.175122  lr=5.00e-05  [rmse=0.1657 h1=0.0007 ssim=1.0435 mlw=106.8487]
INFO     [rank 0] Loss weights: rmse=1.0000, h1=0.0000,       vae_trainer.py:786
         ssim=0.0000, mlw=0.0000                                                
INFO     [rank 0] Epoch 2: train_loss=0.175122                vae_trainer.py:807
         val_loss=0.181192  val_VRMSE=0.868189  lr=5.00e-05                     
INFO     [rank 0] Metrics updated: metrics/metrics.csv,       vae_trainer.py:827
         metrics/loss_curves.png                                                
INFO     [rank 0] Epoch 2 timing: train=29.8s eval=2.7s       vae_trainer.py:863
         viz=0.0s ckpt=0.0s total=33.2s                                         
epoch 3 step 90  loss=0.191941  lr=5.00e-05  [rmse=0.2825 h1=0.0372 ssim=0.7365 mlw=100.0149]
epoch 3 step 100  loss=0.189753  lr=5.00e-05  [rmse=0.1855 h1=0.0013 ssim=0.6330 mlw=119.9376]
epoch 3 step 110  loss=0.171054  lr=5.00e-05  [rmse=0.1251 h1=0.0006 ssim=0.8137 mlw=104.2173]
epoch 3 step 120  loss=0.165635  lr=5.00e-05  [rmse=0.0963 h1=0.0005 ssim=0.4796 mlw=98.5521]
INFO     [rank 0] Loss weights: rmse=1.0000, h1=0.0000,       vae_trainer.py:786
         ssim=0.0000, mlw=0.0000                                                
INFO     [rank 0] Epoch 3: train_loss=0.165635                vae_trainer.py:807
         val_loss=0.117147  val_VRMSE=0.611851  lr=5.00e-05                     
INFO     [rank 0] Metrics updated: metrics/metrics.csv,       vae_trainer.py:827
         metrics/loss_curves.png                                                
INFO     [rank 0] Epoch 3 timing: train=29.7s eval=2.7s       vae_trainer.py:863
         viz=0.0s ckpt=0.0s total=33.2s                                         
epoch 4 step 130  loss=0.120242  lr=5.00e-05  [rmse=0.0961 h1=0.0005 ssim=0.5261 mlw=105.9391]
epoch 4 step 140  loss=0.167917  lr=5.00e-05  [rmse=0.1519 h1=0.0010 ssim=0.7249 mlw=101.9638]
epoch 4 step 150  loss=0.153793  lr=5.00e-05  [rmse=0.0627 h1=0.0003 ssim=0.4332 mlw=108.9634]
epoch 4 step 160  loss=0.146149  lr=5.00e-05  [rmse=0.1338 h1=0.0005 ssim=0.5947 mlw=91.6790]
INFO     [rank 0] Loss weights: rmse=1.0000, h1=0.0000,       vae_trainer.py:786
         ssim=0.0000, mlw=0.0000                                                
INFO     [rank 0] Epoch 4: train_loss=0.146149                vae_trainer.py:807
         val_loss=0.120716  val_VRMSE=0.612046  lr=5.00e-05                     
INFO     [rank 0] Metrics updated: metrics/metrics.csv,       vae_trainer.py:827
         metrics/loss_curves.png                                                
INFO     [rank 0] Epoch 4 timing: train=30.0s eval=2.7s       vae_trainer.py:863
         viz=0.0s ckpt=0.0s total=33.4s                                         
epoch 5 step 170  loss=0.125338  lr=5.00e-05  [rmse=0.0992 h1=0.0005 ssim=0.4444 mlw=98.2010]
epoch 5 step 180  loss=0.111458  lr=5.00e-05  [rmse=0.0742 h1=0.0004 ssim=0.3429 mlw=92.8627]
epoch 5 step 190  loss=0.109650  lr=5.00e-05  [rmse=0.1216 h1=0.0012 ssim=0.4892 mlw=112.0186]
epoch 5 step 200  loss=0.110621  lr=5.00e-05  [rmse=0.0976 h1=0.0012 ssim=0.3452 mlw=91.3357]
INFO     [rank 0] Loss weights: rmse=1.0000, h1=0.0000,       vae_trainer.py:786
         ssim=0.0000, mlw=0.0000                                                
INFO     [rank 0] Epoch 5: train_loss=0.110621                vae_trainer.py:807
         val_loss=0.102151  val_VRMSE=0.526022  lr=5.00e-05                     
INFO     [rank 0] Metrics updated: metrics/metrics.csv,       vae_trainer.py:827
         metrics/loss_curves.png                                                
INFO     [rank 0] Saved 8 validation reconstruction PNGs for  vae_trainer.py:978
         epoch 5                                                                
INFO     [rank 0] Epoch 5 timing: train=29.9s eval=2.7s       vae_trainer.py:863
         viz=10.9s ckpt=0.0s total=44.2s                                        
epoch 6 step 210  loss=0.104428  lr=5.00e-05  [rmse=0.0641 h1=0.0002 ssim=0.5610 mlw=103.4348]
epoch 6 step 220  loss=0.102900  lr=5.00e-05  [rmse=0.0715 h1=0.0007 ssim=0.5038 mlw=70.2298]
epoch 6 step 230  loss=0.100630  lr=5.00e-05  [rmse=0.0708 h1=0.0004 ssim=0.3215 mlw=97.7662]
epoch 6 step 240  loss=0.103210  lr=5.00e-05  [rmse=0.1193 h1=0.0017 ssim=0.4017 mlw=123.0243]
INFO     [rank 0] Loss weights: rmse=1.0000, h1=0.0000,       vae_trainer.py:786
         ssim=0.0000, mlw=0.0000                                                
INFO     [rank 0] Epoch 6: train_loss=0.103210                vae_trainer.py:807
         val_loss=0.096575  val_VRMSE=0.518811  lr=5.00e-05                     
INFO     [rank 0] Metrics updated: metrics/metrics.csv,       vae_trainer.py:827
         metrics/loss_curves.png                                                
INFO     [rank 0] Epoch 6 timing: train=30.1s eval=2.7s       vae_trainer.py:863
         viz=0.0s ckpt=0.0s total=33.4s                                         
epoch 7 step 250  loss=0.089965  lr=5.00e-05  [rmse=0.0592 h1=0.0002 ssim=0.3487 mlw=100.9552]
epoch 7 step 260  loss=0.100926  lr=5.00e-05  [rmse=0.1053 h1=0.0016 ssim=0.4230 mlw=120.2513]
epoch 7 step 270  loss=0.097540  lr=5.00e-05  [rmse=0.0584 h1=0.0004 ssim=0.2787 mlw=92.1926]
epoch 7 step 280  loss=0.094195  lr=5.00e-05  [rmse=0.0820 h1=0.0013 ssim=0.2685 mlw=93.7805]
INFO     [rank 0] Loss weights: rmse=1.0000, h1=0.0000,       vae_trainer.py:786
         ssim=0.0000, mlw=0.0000                                                
INFO     [rank 0] Epoch 7: train_loss=0.094195                vae_trainer.py:807
         val_loss=0.088060  val_VRMSE=0.463891  lr=5.00e-05                     
INFO     [rank 0] Metrics updated: metrics/metrics.csv,       vae_trainer.py:827
         metrics/loss_curves.png                                                
INFO     [rank 0] Epoch 7 timing: train=29.8s eval=2.7s       vae_trainer.py:863
         viz=0.0s ckpt=0.0s total=33.2s                                         
epoch 8 step 290  loss=0.095503  lr=5.00e-05  [rmse=0.2019 h1=0.0620 ssim=0.7316 mlw=80.2391]
epoch 8 step 300  loss=0.087424  lr=5.00e-05  [rmse=0.0549 h1=0.0003 ssim=0.3491 mlw=108.8161]
epoch 8 step 310  loss=0.087394  lr=5.00e-05  [rmse=0.1139 h1=0.0008 ssim=0.5600 mlw=96.9243]
epoch 8 step 320  loss=0.091511  lr=5.00e-05  [rmse=0.0953 h1=0.0008 ssim=0.5873 mlw=70.0956]
INFO     [rank 0] Loss weights: rmse=1.0000, h1=0.0000,       vae_trainer.py:786
         ssim=0.0000, mlw=0.0000                                                
INFO     [rank 0] Epoch 8: train_loss=0.091511                vae_trainer.py:807
         val_loss=0.098220  val_VRMSE=0.524669  lr=5.00e-05                     
INFO     [rank 0] Metrics updated: metrics/metrics.csv,       vae_trainer.py:827
         metrics/loss_curves.png                                                
INFO     [rank 0] Epoch 8 timing: train=30.0s eval=2.7s       vae_trainer.py:863
         viz=0.0s ckpt=0.0s total=33.4s                                         
epoch 9 step 330  loss=0.099546  lr=5.00e-05  [rmse=0.0734 h1=0.0005 ssim=0.3828 mlw=101.6719]
epoch 9 step 340  loss=0.085644  lr=5.00e-05  [rmse=0.0390 h1=0.0002 ssim=0.2286 mlw=100.7001]
epoch 9 step 350  loss=0.080161  lr=5.00e-05  [rmse=0.0919 h1=0.0009 ssim=0.4991 mlw=117.7302]
epoch 9 step 360  loss=0.078429  lr=5.00e-05  [rmse=0.0593 h1=0.0007 ssim=0.3911 mlw=67.6630]
INFO     [rank 0] Loss weights: rmse=1.0000, h1=0.0000,       vae_trainer.py:786
         ssim=0.0000, mlw=0.0000                                                
INFO     [rank 0] Epoch 9: train_loss=0.078429                vae_trainer.py:807
         val_loss=0.077104  val_VRMSE=0.403691  lr=5.00e-05                     
INFO     [rank 0] Metrics updated: metrics/metrics.csv,       vae_trainer.py:827
         metrics/loss_curves.png                                                
INFO     [rank 0] Epoch 9 timing: train=29.9s eval=2.7s       vae_trainer.py:863
         viz=0.0s ckpt=0.0s total=33.5s                                         
epoch 10 step 370  loss=0.074077  lr=5.00e-05  [rmse=0.0954 h1=0.0010 ssim=0.3718 mlw=99.6617]
epoch 10 step 380  loss=0.076516  lr=5.00e-05  [rmse=0.0782 h1=0.0016 ssim=0.3346 mlw=122.0225]
epoch 10 step 390  loss=0.068982  lr=5.00e-05  [rmse=0.0495 h1=0.0007 ssim=0.2756 mlw=65.0011]
epoch 10 step 400  loss=0.069283  lr=5.00e-05  [rmse=0.1030 h1=0.0011 ssim=0.3693 mlw=105.4956]
INFO     [rank 0] Loss weights: rmse=1.0000, h1=0.0000,       vae_trainer.py:786
         ssim=0.0000, mlw=0.0000                                                
INFO     [rank 0] Epoch 10: train_loss=0.069283               vae_trainer.py:807
         val_loss=0.056967  val_VRMSE=0.300222  lr=5.00e-05                     
INFO     [rank 0] Metrics updated: metrics/metrics.csv,       vae_trainer.py:827
         metrics/loss_curves.png                                                
INFO     [rank 0] Saved 8 validation reconstruction PNGs for  vae_trainer.py:978
         epoch 10                                                               
INFO     [rank 0] Epoch 10 timing: train=29.8s eval=2.7s      vae_trainer.py:863
         viz=11.0s ckpt=0.0s total=44.2s                                        
epoch 11 step 410  loss=0.048665  lr=5.00e-05  [rmse=0.0250 h1=0.0002 ssim=0.1697 mlw=93.3123]
epoch 11 step 420  loss=0.054511  lr=5.00e-05  [rmse=0.0559 h1=0.0006 ssim=0.4031 mlw=107.9134]
epoch 11 step 430  loss=0.054500  lr=5.00e-05  [rmse=0.1054 h1=0.0015 ssim=0.2895 mlw=119.1795]
epoch 11 step 440  loss=0.056860  lr=5.00e-05  [rmse=0.0618 h1=0.0004 ssim=0.3912 mlw=88.9011]
INFO     [rank 0] Loss weights: rmse=1.0000, h1=0.0000,       vae_trainer.py:786
         ssim=0.0000, mlw=0.0000                                                
INFO     [rank 0] Epoch 11: train_loss=0.056860               vae_trainer.py:807
         val_loss=0.059106  val_VRMSE=0.340105  lr=5.00e-05                     
INFO     [rank 0] Metrics updated: metrics/metrics.csv,       vae_trainer.py:827
         metrics/loss_curves.png                                                
INFO     [rank 0] Epoch 11 timing: train=29.8s eval=2.7s      vae_trainer.py:863
         viz=0.0s ckpt=0.0s total=33.4s                                         
epoch 12 step 450  loss=0.059999  lr=5.00e-05  [rmse=0.0396 h1=0.0004 ssim=0.2070 mlw=90.2248]
epoch 12 step 460  loss=0.063122  lr=5.00e-05  [rmse=0.0414 h1=0.0002 ssim=0.3963 mlw=93.4594]
epoch 12 step 470  loss=0.058566  lr=5.00e-05  [rmse=0.0363 h1=0.0004 ssim=0.1825 mlw=88.1382]
epoch 12 step 480  loss=0.057596  lr=5.00e-05  [rmse=0.0559 h1=0.0007 ssim=0.4175 mlw=110.5043]
INFO     [rank 0] Loss weights: rmse=1.0000, h1=0.0000,       vae_trainer.py:786
         ssim=0.0000, mlw=0.0000                                                
INFO     [rank 0] Epoch 12: train_loss=0.057596               vae_trainer.py:807
         val_loss=0.052288  val_VRMSE=0.294050  lr=5.00e-05                     
INFO     [rank 0] Metrics updated: metrics/metrics.csv,       vae_trainer.py:827
         metrics/loss_curves.png                                                
INFO     [rank 0] Epoch 12 timing: train=29.8s eval=2.7s      vae_trainer.py:863
         viz=0.0s ckpt=0.0s total=33.1s                                         
epoch 13 step 490  loss=0.056663  lr=5.00e-05  [rmse=0.1236 h1=0.0020 ssim=0.3987 mlw=126.8387]
epoch 13 step 500  loss=0.056064  lr=5.00e-05  [rmse=0.0455 h1=0.0007 ssim=0.2604 mlw=63.8379]
epoch 13 step 510  loss=0.056980  lr=5.00e-05  [rmse=0.0548 h1=0.0011 ssim=0.1746 mlw=85.8275]
epoch 13 step 520  loss=0.055692  lr=5.00e-05  [rmse=0.0501 h1=0.0010 ssim=0.2744 mlw=101.6764]
INFO     [rank 0] Loss weights: rmse=1.0000, h1=0.0000,       vae_trainer.py:786
         ssim=0.0000, mlw=0.0000                                                
INFO     [rank 0] Epoch 13: train_loss=0.055692               vae_trainer.py:807
         val_loss=0.047624  val_VRMSE=0.252012  lr=5.00e-05                     
INFO     [rank 0] Metrics updated: metrics/metrics.csv,       vae_trainer.py:827
         metrics/loss_curves.png                                                
INFO     [rank 0] Epoch 13 timing: train=29.8s eval=2.7s      vae_trainer.py:863
         viz=0.0s ckpt=0.0s total=33.4s                                         
epoch 14 step 530  loss=0.047288  lr=5.00e-05  [rmse=0.0544 h1=0.0005 ssim=0.2887 mlw=103.7515]
epoch 14 step 540  loss=0.046869  lr=5.00e-05  [rmse=0.0312 h1=0.0003 ssim=0.1674 mlw=86.4956]
epoch 14 step 550  loss=0.052964  lr=5.00e-05  [rmse=0.1529 h1=0.0014 ssim=0.3626 mlw=120.7566]
epoch 14 step 560  loss=0.052924  lr=5.00e-05  [rmse=0.0754 h1=0.0014 ssim=0.2940 mlw=118.0042]
INFO     [rank 0] Loss weights: rmse=1.0000, h1=0.0000,       vae_trainer.py:786
         ssim=0.0000, mlw=0.0000                                                
INFO     [rank 0] Epoch 14: train_loss=0.052924               vae_trainer.py:807
         val_loss=0.054065  val_VRMSE=0.278781  lr=5.00e-05                     
INFO     [rank 0] Metrics updated: metrics/metrics.csv,       vae_trainer.py:827
         metrics/loss_curves.png                                                
INFO     [rank 0] Epoch 14 timing: train=29.8s eval=2.7s      vae_trainer.py:863
         viz=0.0s ckpt=0.0s total=33.2s                                         
epoch 15 step 570  loss=0.050130  lr=5.00e-05  [rmse=0.0533 h1=0.0010 ssim=0.2689 mlw=103.1078]
epoch 15 step 580  loss=0.048042  lr=5.00e-05  [rmse=0.0390 h1=0.0005 ssim=0.1390 mlw=81.4557]
epoch 15 step 590  loss=0.046527  lr=5.00e-05  [rmse=0.0476 h1=0.0004 ssim=0.3289 mlw=103.8541]
epoch 15 step 600  loss=0.043494  lr=5.00e-05  [rmse=0.0431 h1=0.0008 ssim=0.2052 mlw=98.2727]
INFO     [rank 0] Loss weights: rmse=1.0000, h1=0.0000,       vae_trainer.py:786
         ssim=0.0000, mlw=0.0000                                                
INFO     [rank 0] Epoch 15: train_loss=0.043494               vae_trainer.py:807
         val_loss=0.061282  val_VRMSE=0.325238  lr=5.00e-05                     
INFO     [rank 0] Metrics updated: metrics/metrics.csv,       vae_trainer.py:827
         metrics/loss_curves.png                                                
INFO     [rank 0] Saved 8 validation reconstruction PNGs for  vae_trainer.py:978
         epoch 15                                                               
INFO     [rank 0] Epoch 15 timing: train=29.8s eval=2.7s      vae_trainer.py:863
         viz=11.1s ckpt=0.0s total=44.3s                                        
epoch 16 step 610  loss=0.052071  lr=5.00e-05  [rmse=0.0546 h1=0.0013 ssim=0.2512 mlw=115.4194]
epoch 16 step 620  loss=0.047804  lr=5.00e-05  [rmse=0.0487 h1=0.0008 ssim=0.2022 mlw=99.4400]
epoch 16 step 630  loss=0.047344  lr=5.00e-05  [rmse=0.0496 h1=0.0004 ssim=0.2511 mlw=102.1395]
epoch 16 step 640  loss=0.045582  lr=5.00e-05  [rmse=0.0296 h1=0.0003 ssim=0.1862 mlw=84.6917]
INFO     [rank 0] Loss weights: rmse=1.0000, h1=0.0000,       vae_trainer.py:786
         ssim=0.0000, mlw=0.0000                                                
INFO     [rank 0] Epoch 16: train_loss=0.045582               vae_trainer.py:807
         val_loss=0.036219  val_VRMSE=0.183952  lr=5.00e-05                     
INFO     [rank 0] Metrics updated: metrics/metrics.csv,       vae_trainer.py:827
         metrics/loss_curves.png                                                
INFO     [rank 0] Epoch 16 timing: train=29.8s eval=2.7s      vae_trainer.py:863
         viz=0.0s ckpt=0.0s total=33.2s                                         
epoch 17 step 650  loss=0.036462  lr=5.00e-05  [rmse=0.0350 h1=0.0004 ssim=0.2041 mlw=101.9179]
epoch 17 step 660  loss=0.036366  lr=5.00e-05  [rmse=0.0329 h1=0.0005 ssim=0.1331 mlw=80.3533]
epoch 17 step 670  loss=0.042152  lr=5.00e-05  [rmse=0.0461 h1=0.0008 ssim=0.1932 mlw=96.5747]
epoch 17 step 680  loss=0.042057  lr=5.00e-05  [rmse=0.0618 h1=0.0009 ssim=0.1742 mlw=84.5688]
INFO     [rank 0] Loss weights: rmse=1.0000, h1=0.0000,       vae_trainer.py:786
         ssim=0.0000, mlw=0.0000                                                
INFO     [rank 0] Epoch 17: train_loss=0.042057               vae_trainer.py:807
         val_loss=0.049680  val_VRMSE=0.260621  lr=5.00e-05                     
INFO     [rank 0] Metrics updated: metrics/metrics.csv,       vae_trainer.py:827
         metrics/loss_curves.png                                                
INFO     [rank 0] Epoch 17 timing: train=29.8s eval=2.7s      vae_trainer.py:863
         viz=0.0s ckpt=0.0s total=33.5s                                         
epoch 18 step 690  loss=0.045948  lr=5.00e-05  [rmse=0.0361 h1=0.0005 ssim=0.3155 mlw=59.9254]
epoch 18 step 700  loss=0.042848  lr=5.00e-05  [rmse=0.0254 h1=0.0002 ssim=0.1485 mlw=82.9388]
epoch 18 step 710  loss=0.041178  lr=5.00e-05  [rmse=0.0545 h1=0.0004 ssim=0.1603 mlw=79.0060]
epoch 18 step 720  loss=0.041338  lr=5.00e-05  [rmse=0.0186 h1=0.0001 ssim=0.1259 mlw=84.5996]
INFO     [rank 0] Loss weights: rmse=1.0000, h1=0.0000,       vae_trainer.py:786
         ssim=0.0000, mlw=0.0000                                                
INFO     [rank 0] Epoch 18: train_loss=0.041338               vae_trainer.py:807
         val_loss=0.032032  val_VRMSE=0.166919  lr=5.00e-05                     
INFO     [rank 0] Metrics updated: metrics/metrics.csv,       vae_trainer.py:827
         metrics/loss_curves.png                                                
INFO     [rank 0] Epoch 18 timing: train=29.8s eval=2.7s      vae_trainer.py:863
         viz=0.0s ckpt=0.0s total=33.2s                                         
epoch 19 step 730  loss=0.037553  lr=5.00e-05  [rmse=0.0312 h1=0.0003 ssim=0.1928 mlw=98.0628]
epoch 19 step 740  loss=0.038474  lr=5.00e-05  [rmse=0.0725 h1=0.0009 ssim=0.1921 mlw=82.8654]
epoch 19 step 750  loss=0.039895  lr=5.00e-05  [rmse=0.0312 h1=0.0006 ssim=0.2000 mlw=60.2899]
epoch 19 step 760  loss=0.039249  lr=5.00e-05  [rmse=0.0183 h1=0.0001 ssim=0.1149 mlw=83.2944]
INFO     [rank 0] Loss weights: rmse=1.0000, h1=0.0000,       vae_trainer.py:786
         ssim=0.0000, mlw=0.0000                                                
INFO     [rank 0] Epoch 19: train_loss=0.039249               vae_trainer.py:807
         val_loss=0.052931  val_VRMSE=0.259048  lr=5.00e-05                     
INFO     [rank 0] Metrics updated: metrics/metrics.csv,       vae_trainer.py:827
         metrics/loss_curves.png                                                
INFO     [rank 0] Epoch 19 timing: train=29.9s eval=2.7s      vae_trainer.py:863
         viz=0.0s ckpt=0.0s total=33.5s                                         
epoch 20 step 770  loss=0.052108  lr=5.00e-05  [rmse=0.0667 h1=0.0005 ssim=0.1693 mlw=81.6501]
epoch 20 step 780  loss=0.047274  lr=5.00e-05  [rmse=0.0545 h1=0.0009 ssim=0.2117 mlw=80.9323]
epoch 20 step 790  loss=0.044249  lr=5.00e-05  [rmse=0.0184 h1=0.0001 ssim=0.1019 mlw=85.2441]
epoch 20 step 800  loss=0.041970  lr=5.00e-05  [rmse=0.0612 h1=0.0011 ssim=0.2020 mlw=113.3568]
INFO     [rank 0] Loss weights: rmse=1.0000, h1=0.0000,       vae_trainer.py:786
         ssim=0.0000, mlw=0.0000                                                
INFO     [rank 0] Epoch 20: train_loss=0.041970               vae_trainer.py:807
         val_loss=0.030940  val_VRMSE=0.164337  lr=5.00e-05                     
INFO     [rank 0] Metrics updated: metrics/metrics.csv,       vae_trainer.py:827
         metrics/loss_curves.png                                                
INFO     [rank 0] Saved 8 validation reconstruction PNGs for  vae_trainer.py:978
         epoch 20                                                               
INFO     [rank 0] Epoch 20 timing: train=29.8s eval=2.7s      vae_trainer.py:863
         viz=11.0s ckpt=0.0s total=44.3s                                        
epoch 21 step 810  loss=0.028432  lr=5.00e-05  [rmse=0.0364 h1=0.0007 ssim=0.1560 mlw=95.6403]
epoch 21 step 820  loss=0.032828  lr=5.00e-05  [rmse=0.0394 h1=0.0010 ssim=0.1836 mlw=111.5678]
epoch 21 step 830  loss=0.033525  lr=5.00e-05  [rmse=0.0171 h1=0.0001 ssim=0.1030 mlw=83.7802]
epoch 21 step 840  loss=0.032810  lr=5.00e-05  [rmse=0.0500 h1=0.0010 ssim=0.2010 mlw=111.5220]
INFO     [rank 0] Loss weights: rmse=1.0000, h1=0.0000,       vae_trainer.py:786
         ssim=0.0000, mlw=0.0000                                                
INFO     [rank 0] Epoch 21: train_loss=0.032810               vae_trainer.py:807
         val_loss=0.031060  val_VRMSE=0.169001  lr=5.00e-05                     
INFO     [rank 0] Metrics updated: metrics/metrics.csv,       vae_trainer.py:827
         metrics/loss_curves.png                                                
INFO     [rank 0] Epoch 21 timing: train=29.9s eval=2.7s      vae_trainer.py:863
         viz=0.0s ckpt=0.0s total=33.5s                                         
epoch 22 step 850  loss=0.031474  lr=5.00e-05  [rmse=0.0218 h1=0.0003 ssim=0.1488 mlw=94.8660]
epoch 22 step 860  loss=0.032099  lr=5.00e-05  [rmse=0.0291 h1=0.0002 ssim=0.1363 mlw=80.7900]
epoch 22 step 870  loss=0.032661  lr=5.00e-05  [rmse=0.0313 h1=0.0008 ssim=0.1054 mlw=78.2256]
epoch 22 step 880  loss=0.031716  lr=5.00e-05  [rmse=0.0368 h1=0.0010 ssim=0.1749 mlw=109.9415]
INFO     [rank 0] Loss weights: rmse=1.0000, h1=0.0000,       vae_trainer.py:786
         ssim=0.0000, mlw=0.0000                                                
INFO     [rank 0] Epoch 22: train_loss=0.031716               vae_trainer.py:807
         val_loss=0.026076  val_VRMSE=0.137007  lr=5.00e-05                     
INFO     [rank 0] Metrics updated: metrics/metrics.csv,       vae_trainer.py:827
         metrics/loss_curves.png                                                
INFO     [rank 0] Epoch 22 timing: train=29.8s eval=2.7s      vae_trainer.py:863
         viz=0.0s ckpt=0.0s total=33.2s                                         
epoch 23 step 890  loss=0.023929  lr=5.00e-05  [rmse=0.0173 h1=0.0001 ssim=0.1131 mlw=81.5874]
epoch 23 step 900  loss=0.027814  lr=5.00e-05  [rmse=0.0279 h1=0.0006 ssim=0.1354 mlw=94.7017]
epoch 23 step 910  loss=0.028052  lr=5.00e-05  [rmse=0.0455 h1=0.0007 ssim=0.1370 mlw=77.6713]
epoch 23 step 920  loss=0.029913  lr=5.00e-05  [rmse=0.0544 h1=0.0003 ssim=0.2992 mlw=93.0019]
INFO     [rank 0] Loss weights: rmse=1.0000, h1=0.0000,       vae_trainer.py:786
         ssim=0.0000, mlw=0.0000                                                
INFO     [rank 0] Epoch 23: train_loss=0.029913               vae_trainer.py:807
         val_loss=0.033503  val_VRMSE=0.185182  lr=5.00e-05                     
INFO     [rank 0] Metrics updated: metrics/metrics.csv,       vae_trainer.py:827
         metrics/loss_curves.png                                                
INFO     [rank 0] Epoch 23 timing: train=29.9s eval=2.7s      vae_trainer.py:863
         viz=0.0s ckpt=0.0s total=33.2s                                         
epoch 24 step 930  loss=0.037631  lr=5.00e-05  [rmse=0.0381 h1=0.0009 ssim=0.1779 mlw=109.9891]
epoch 24 step 940  loss=0.039023  lr=5.00e-05  [rmse=0.0640 h1=0.0012 ssim=0.2381 mlw=109.8913]
epoch 24 step 950  loss=0.038145  lr=5.00e-05  [rmse=0.0261 h1=0.0003 ssim=0.2507 mlw=94.5979]
epoch 24 step 960  loss=0.035045  lr=5.00e-05  [rmse=0.0356 h1=0.0008 ssim=0.1231 mlw=78.7264]
INFO     [rank 0] Loss weights: rmse=1.0000, h1=0.0000,       vae_trainer.py:786
         ssim=0.0000, mlw=0.0000                                                
INFO     [rank 0] Epoch 24: train_loss=0.035045               vae_trainer.py:807
         val_loss=0.040037  val_VRMSE=0.180610  lr=5.00e-05                     
INFO     [rank 0] Metrics updated: metrics/metrics.csv,       vae_trainer.py:827
         metrics/loss_curves.png                                                
INFO     [rank 0] Epoch 24 timing: train=29.8s eval=2.7s      vae_trainer.py:863
         viz=0.0s ckpt=0.0s total=33.2s                                         
epoch 25 step 970  loss=0.029379  lr=5.00e-05  [rmse=0.0135 h1=0.0001 ssim=0.0705 mlw=81.8052]
epoch 25 step 980  loss=0.030663  lr=5.00e-05  [rmse=0.0390 h1=0.0008 ssim=0.1194 mlw=77.7562]
epoch 25 step 990  loss=0.031248  lr=5.00e-05  [rmse=0.0261 h1=0.0004 ssim=0.1001 mlw=74.3633]
epoch 25 step 1000  loss=0.032227  lr=5.00e-05  [rmse=0.0357 h1=0.0009 ssim=0.1802 mlw=110.3653]
INFO     [rank 0] Loss weights: rmse=1.0000, h1=0.0000,       vae_trainer.py:786
         ssim=0.0000, mlw=0.0000                                                
INFO     [rank 0] Epoch 25: train_loss=0.032227               vae_trainer.py:807
         val_loss=0.038026  val_VRMSE=0.225307  lr=5.00e-05                     
INFO     [rank 0] Metrics updated: metrics/metrics.csv,       vae_trainer.py:827
         metrics/loss_curves.png                                                
INFO     [rank 0] Saved 8 validation reconstruction PNGs for  vae_trainer.py:978
         epoch 25                                                               
INFO     [rank 0] Epoch 25 timing: train=30.1s eval=2.7s      vae_trainer.py:863
         viz=11.1s ckpt=0.0s total=44.5s                                        
epoch 26 step 1010  loss=0.033072  lr=5.00e-05  [rmse=0.0173 h1=0.0001 ssim=0.0985 mlw=81.9189]
epoch 26 step 1020  loss=0.035759  lr=5.00e-05  [rmse=0.0346 h1=0.0008 ssim=0.1215 mlw=77.8784]
epoch 26 step 1030  loss=0.035108  lr=5.00e-05  [rmse=0.0312 h1=0.0004 ssim=0.1196 mlw=75.4117]
epoch 26 step 1040  loss=0.034718  lr=5.00e-05  [rmse=0.0151 h1=0.0001 ssim=0.0735 mlw=81.5130]
INFO     [rank 0] Loss weights: rmse=1.0000, h1=0.0000,       vae_trainer.py:786
         ssim=0.0000, mlw=0.0000                                                
INFO     [rank 0] Epoch 26: train_loss=0.034718               vae_trainer.py:807
         val_loss=0.031334  val_VRMSE=0.162118  lr=5.00e-05                     
INFO     [rank 0] Metrics updated: metrics/metrics.csv,       vae_trainer.py:827
         metrics/loss_curves.png                                                
INFO     [rank 0] Epoch 26 timing: train=29.7s eval=2.7s      vae_trainer.py:863
         viz=0.0s ckpt=0.0s total=33.1s                                         
epoch 27 step 1050  loss=0.031211  lr=5.00e-05  [rmse=0.0305 h1=0.0007 ssim=0.1137 mlw=77.7718]
epoch 27 step 1060  loss=0.033458  lr=5.00e-05  [rmse=0.0556 h1=0.0009 ssim=0.1849 mlw=109.8252]
epoch 27 step 1070  loss=0.031965  lr=5.00e-05  [rmse=0.0261 h1=0.0005 ssim=0.1629 mlw=59.6844]
epoch 27 step 1080  loss=0.032401  lr=5.00e-05  [rmse=0.0290 h1=0.0006 ssim=0.1348 mlw=94.8407]
INFO     [rank 0] Loss weights: rmse=1.0000, h1=0.0000,       vae_trainer.py:786
         ssim=0.0000, mlw=0.0000                                                
INFO     [rank 0] Epoch 27: train_loss=0.032401               vae_trainer.py:807
         val_loss=0.027395  val_VRMSE=0.149854  lr=5.00e-05                     
INFO     [rank 0] Metrics updated: metrics/metrics.csv,       vae_trainer.py:827
         metrics/loss_curves.png                                                
INFO     [rank 0] Epoch 27 timing: train=29.9s eval=2.7s      vae_trainer.py:863
         viz=0.0s ckpt=0.0s total=33.3s                                         
epoch 28 step 1090  loss=0.022947  lr=5.00e-05  [rmse=0.0152 h1=0.0002 ssim=0.0933 mlw=79.0034]
epoch 28 step 1100  loss=0.025311  lr=5.00e-05  [rmse=0.0345 h1=0.0002 ssim=0.2957 mlw=93.3454]
epoch 28 step 1110  loss=0.026524  lr=5.00e-05  [rmse=0.0410 h1=0.0002 ssim=0.3642 mlw=91.9809]
epoch 28 step 1120  loss=0.029245  lr=5.00e-05  [rmse=0.0711 h1=0.0008 ssim=0.2319 mlw=96.0980]
INFO     [rank 0] Loss weights: rmse=1.0000, h1=0.0000,       vae_trainer.py:786
         ssim=0.0000, mlw=0.0000                                                
INFO     [rank 0] Epoch 28: train_loss=0.029245               vae_trainer.py:807
         val_loss=0.034783  val_VRMSE=0.177248  lr=5.00e-05                     
INFO     [rank 0] Metrics updated: metrics/metrics.csv,       vae_trainer.py:827
         metrics/loss_curves.png                                                
INFO     [rank 0] Epoch 28 timing: train=29.8s eval=2.7s      vae_trainer.py:863
         viz=0.0s ckpt=0.0s total=33.2s                                         
epoch 29 step 1130  loss=0.030511  lr=5.00e-05  [rmse=0.0258 h1=0.0002 ssim=0.1329 mlw=79.8685]
epoch 29 step 1140  loss=0.028662  lr=5.00e-05  [rmse=0.0181 h1=0.0002 ssim=0.0968 mlw=79.4989]
epoch 29 step 1150  loss=0.027198  lr=5.00e-05  [rmse=0.0241 h1=0.0002 ssim=0.1566 mlw=92.7662]
epoch 29 step 1160  loss=0.029284  lr=5.00e-05  [rmse=0.0332 h1=0.0007 ssim=0.1007 mlw=77.4449]
INFO     [rank 0] Loss weights: rmse=1.0000, h1=0.0000,       vae_trainer.py:786
         ssim=0.0000, mlw=0.0000                                                
INFO     [rank 0] Epoch 29: train_loss=0.029284               vae_trainer.py:807
         val_loss=0.030095  val_VRMSE=0.151188  lr=5.00e-05                     
INFO     [rank 0] Metrics updated: metrics/metrics.csv,       vae_trainer.py:827
         metrics/loss_curves.png                                                
INFO     [rank 0] Epoch 29 timing: train=30.0s eval=2.7s      vae_trainer.py:863
         viz=0.0s ckpt=0.0s total=33.4s                                         
epoch 30 step 1170  loss=0.032945  lr=5.00e-05  [rmse=0.0199 h1=0.0001 ssim=0.1198 mlw=81.1435]
epoch 30 step 1180  loss=0.031816  lr=5.00e-05  [rmse=0.0190 h1=0.0002 ssim=0.1079 mlw=79.4946]
epoch 30 step 1190  loss=0.032164  lr=5.00e-05  [rmse=0.0232 h1=0.0001 ssim=0.1432 mlw=81.5759]
epoch 30 step 1200  loss=0.033321  lr=5.00e-05  [rmse=0.0430 h1=0.0007 ssim=0.1380 mlw=77.1700]
INFO     [rank 0] Loss weights: rmse=1.0000, h1=0.0000,       vae_trainer.py:786
         ssim=0.0000, mlw=0.0000                                                
INFO     [rank 0] Epoch 30: train_loss=0.033321               vae_trainer.py:807
         val_loss=0.046107  val_VRMSE=0.265343  lr=5.00e-05                     
INFO     [rank 0] Metrics updated: metrics/metrics.csv,       vae_trainer.py:827
         metrics/loss_curves.png                                                
INFO     [rank 0] Saved 8 validation reconstruction PNGs for  vae_trainer.py:978
         epoch 30                                                               
INFO     [rank 0] Epoch 30 timing: train=29.8s eval=2.7s      vae_trainer.py:863
         viz=11.1s ckpt=0.0s total=44.3s                                        
epoch 31 step 1210  loss=0.039690  lr=5.00e-05  [rmse=0.0448 h1=0.0007 ssim=0.1622 mlw=79.5320]
epoch 31 step 1220  loss=0.034755  lr=5.00e-05  [rmse=0.0262 h1=0.0006 ssim=0.1503 mlw=93.5876]
epoch 31 step 1230  loss=0.033593  lr=5.00e-05  [rmse=0.0300 h1=0.0006 ssim=0.1683 mlw=94.1152]
epoch 31 step 1240  loss=0.034246  lr=5.00e-05  [rmse=0.0176 h1=0.0002 ssim=0.1076 mlw=80.6498]
INFO     [rank 0] Loss weights: rmse=1.0000, h1=0.0000,       vae_trainer.py:786
         ssim=0.0000, mlw=0.0000                                                
INFO     [rank 0] Epoch 31: train_loss=0.034246               vae_trainer.py:807
         val_loss=0.035121  val_VRMSE=0.167990  lr=5.00e-05                     
INFO     [rank 0] Metrics updated: metrics/metrics.csv,       vae_trainer.py:827
         metrics/loss_curves.png                                                
INFO     [rank 0] Epoch 31 timing: train=30.0s eval=2.7s      vae_trainer.py:863
         viz=0.0s ckpt=0.0s total=33.4s                                         
epoch 32 step 1250  loss=0.038960  lr=5.00e-05  [rmse=0.0657 h1=0.0011 ssim=0.2333 mlw=108.7089]
epoch 32 step 1260  loss=0.039435  lr=5.00e-05  [rmse=0.0312 h1=0.0004 ssim=0.2497 mlw=57.8630]
epoch 32 step 1270  loss=0.040166  lr=5.00e-05  [rmse=0.0343 h1=0.0003 ssim=0.1018 mlw=74.2346]
epoch 32 step 1280  loss=0.037947  lr=5.00e-05  [rmse=0.0166 h1=0.0002 ssim=0.0859 mlw=79.5149]
INFO     [rank 0] Loss weights: rmse=1.0000, h1=0.0000,       vae_trainer.py:786
         ssim=0.0000, mlw=0.0000                                                
INFO     [rank 0] Epoch 32: train_loss=0.037947               vae_trainer.py:807
         val_loss=0.035332  val_VRMSE=0.167497  lr=5.00e-05                     
INFO     [rank 0] Metrics updated: metrics/metrics.csv,       vae_trainer.py:827
         metrics/loss_curves.png                                                
INFO     [rank 0] Epoch 32 timing: train=29.8s eval=2.7s      vae_trainer.py:863
         viz=0.0s ckpt=0.0s total=33.2s                                         
epoch 33 step 1290  loss=0.042382  lr=5.00e-05  [rmse=0.0338 h1=0.0003 ssim=0.1196 mlw=74.1637]
epoch 33 step 1300  loss=0.038005  lr=5.00e-05  [rmse=0.0315 h1=0.0007 ssim=0.1180 mlw=77.3213]
epoch 33 step 1310  loss=0.035912  lr=5.00e-05  [rmse=0.0287 h1=0.0003 ssim=0.1069 mlw=80.7058]
epoch 33 step 1320  loss=0.035738  lr=5.00e-05  [rmse=0.0484 h1=0.0009 ssim=0.1980 mlw=109.9744]
INFO     [rank 0] Loss weights: rmse=1.0000, h1=0.0000,       vae_trainer.py:786
         ssim=0.0000, mlw=0.0000                                                
INFO     [rank 0] Epoch 33: train_loss=0.035738               vae_trainer.py:807
         val_loss=0.030967  val_VRMSE=0.161466  lr=5.00e-05                     
INFO     [rank 0] Metrics updated: metrics/metrics.csv,       vae_trainer.py:827
         metrics/loss_curves.png                                                
INFO     [rank 0] Epoch 33 timing: train=29.9s eval=2.7s      vae_trainer.py:863
         viz=0.0s ckpt=0.0s total=33.3s                                         
epoch 34 step 1330  loss=0.031163  lr=5.00e-05  [rmse=0.0384 h1=0.0003 ssim=0.1247 mlw=72.8121]
epoch 34 step 1340  loss=0.033868  lr=5.00e-05  [rmse=0.0326 h1=0.0003 ssim=0.1831 mlw=95.2592]
epoch 34 step 1350  loss=0.036701  lr=5.00e-05  [rmse=0.0410 h1=0.0006 ssim=0.2637 mlw=94.5159]
epoch 34 step 1360  loss=0.036040  lr=5.00e-05  [rmse=0.0203 h1=0.0002 ssim=0.1192 mlw=80.8653]
INFO     [rank 0] Loss weights: rmse=1.0000, h1=0.0000,       vae_trainer.py:786
         ssim=0.0000, mlw=0.0000                                                
INFO     [rank 0] Epoch 34: train_loss=0.036040               vae_trainer.py:807
         val_loss=0.025922  val_VRMSE=0.132360  lr=5.00e-05                     
INFO     [rank 0] Metrics updated: metrics/metrics.csv,       vae_trainer.py:827
         metrics/loss_curves.png                                                
INFO     [rank 0] Epoch 34 timing: train=29.9s eval=2.7s      vae_trainer.py:863
         viz=0.0s ckpt=0.0s total=33.3s                                         
epoch 35 step 1370  loss=0.024054  lr=5.00e-05  [rmse=0.0145 h1=0.0001 ssim=0.0901 mlw=82.1846]
epoch 35 step 1380  loss=0.025640  lr=5.00e-05  [rmse=0.0126 h1=0.0001 ssim=0.0839 mlw=82.0070]
epoch 35 step 1390  loss=0.027973  lr=5.00e-05  [rmse=0.0398 h1=0.0008 ssim=0.1324 mlw=108.1920]
epoch 35 step 1400  loss=0.034570  lr=5.00e-05  [rmse=0.0466 h1=0.0002 ssim=0.3150 mlw=94.4029]
INFO     [rank 0] Loss weights: rmse=1.0000, h1=0.0000,       vae_trainer.py:786
         ssim=0.0000, mlw=0.0000                                                
INFO     [rank 0] Epoch 35: train_loss=0.034570               vae_trainer.py:807
         val_loss=0.042961  val_VRMSE=0.217789  lr=5.00e-05                     
INFO     [rank 0] Metrics updated: metrics/metrics.csv,       vae_trainer.py:827
         metrics/loss_curves.png                                                
INFO     [rank 0] Saved 8 validation reconstruction PNGs for  vae_trainer.py:978
         epoch 35                                                               
INFO     [rank 0] Epoch 35 timing: train=30.1s eval=2.7s      vae_trainer.py:863
         viz=11.1s ckpt=0.0s total=44.6s                                        
epoch 36 step 1410  loss=0.041480  lr=5.00e-05  [rmse=0.0409 h1=0.0009 ssim=0.1822 mlw=109.2886]
epoch 36 step 1420  loss=0.038281  lr=5.00e-05  [rmse=0.0175 h1=0.0001 ssim=0.1221 mlw=83.3169]
epoch 36 step 1430  loss=0.035295  lr=4.99e-05  [rmse=0.0254 h1=0.0006 ssim=0.0869 mlw=77.2530]
epoch 36 step 1440  loss=0.032928  lr=4.98e-05  [rmse=0.0239 h1=0.0004 ssim=0.1431 mlw=58.3001]
INFO     [rank 0] Loss weights: rmse=1.0000, h1=0.0000,       vae_trainer.py:786
         ssim=0.0000, mlw=0.0000                                                
INFO     [rank 0] Epoch 36: train_loss=0.032928               vae_trainer.py:807
         val_loss=0.026835  val_VRMSE=0.140264  lr=4.98e-05                     
INFO     [rank 0] Metrics updated: metrics/metrics.csv,       vae_trainer.py:827
         metrics/loss_curves.png                                                
INFO     [rank 0] Epoch 36 timing: train=29.8s eval=2.7s      vae_trainer.py:863
         viz=0.0s ckpt=0.0s total=33.5s                                         
epoch 37 step 1450  loss=0.020628  lr=4.96e-05  [rmse=0.0268 h1=0.0006 ssim=0.1319 mlw=94.0616]
epoch 37 step 1460  loss=0.024798  lr=4.93e-05  [rmse=0.0239 h1=0.0003 ssim=0.0815 mlw=72.0519]
epoch 37 step 1470  loss=0.028103  lr=4.89e-05  [rmse=0.0353 h1=0.0006 ssim=0.1213 mlw=76.4087]
epoch 37 step 1480  loss=0.028024  lr=4.85e-05  [rmse=0.0255 h1=0.0002 ssim=0.1314 mlw=79.0558]
INFO     [rank 0] Loss weights: rmse=1.0000, h1=0.0000,       vae_trainer.py:786
         ssim=0.0000, mlw=0.0000                                                
INFO     [rank 0] Epoch 37: train_loss=0.028024               vae_trainer.py:807
         val_loss=0.026332  val_VRMSE=0.141436  lr=4.85e-05                     
INFO     [rank 0] Metrics updated: metrics/metrics.csv,       vae_trainer.py:827
         metrics/loss_curves.png                                                
INFO     [rank 0] Epoch 37 timing: train=29.8s eval=2.7s      vae_trainer.py:863
         viz=0.0s ckpt=0.0s total=33.2s                                         
epoch 38 step 1490  loss=0.023247  lr=4.80e-05  [rmse=0.0223 h1=0.0002 ssim=0.1422 mlw=79.6332]
epoch 38 step 1500  loss=0.036279  lr=4.75e-05  [rmse=0.0403 h1=0.0002 ssim=0.1827 mlw=79.7996]
epoch 38 step 1510  loss=0.040684  lr=4.69e-05  [rmse=0.0370 h1=0.0007 ssim=0.1230 mlw=77.0272]
epoch 38 step 1520  loss=0.038536  lr=4.62e-05  [rmse=0.0184 h1=0.0002 ssim=0.1076 mlw=81.7002]
INFO     [rank 0] Loss weights: rmse=1.0000, h1=0.0000,       vae_trainer.py:786
         ssim=0.0000, mlw=0.0000                                                
INFO     [rank 0] Epoch 38: train_loss=0.038536               vae_trainer.py:807
         val_loss=0.035313  val_VRMSE=0.166424  lr=4.62e-05                     
INFO     [rank 0] Metrics updated: metrics/metrics.csv,       vae_trainer.py:827
         metrics/loss_curves.png                                                
INFO     [rank 0] Epoch 38 timing: train=29.9s eval=2.7s      vae_trainer.py:863
         viz=0.0s ckpt=0.0s total=33.5s                                         
epoch 39 step 1530  loss=0.040643  lr=4.55e-05  [rmse=0.0449 h1=0.0007 ssim=0.1574 mlw=95.3162]
epoch 39 step 1540  loss=0.041988  lr=4.47e-05  [rmse=0.0376 h1=0.0002 ssim=0.2344 mlw=82.8928]
epoch 39 step 1550  loss=0.037844  lr=4.38e-05  [rmse=0.0270 h1=0.0002 ssim=0.2009 mlw=91.9263]
epoch 39 step 1560  loss=0.037238  lr=4.29e-05  [rmse=0.0231 h1=0.0003 ssim=0.0840 mlw=73.2243]
INFO     [rank 0] Loss weights: rmse=1.0000, h1=0.0000,       vae_trainer.py:786
         ssim=0.0000, mlw=0.0000                                                
INFO     [rank 0] Epoch 39: train_loss=0.037238               vae_trainer.py:807
         val_loss=0.026000  val_VRMSE=0.140122  lr=4.29e-05                     
INFO     [rank 0] Metrics updated: metrics/metrics.csv,       vae_trainer.py:827
         metrics/loss_curves.png                                                
INFO     [rank 0] Epoch 39 timing: train=29.8s eval=2.7s      vae_trainer.py:863
         viz=0.0s ckpt=0.0s total=33.3s                                         
epoch 40 step 1570  loss=0.026001  lr=4.20e-05  [rmse=0.0281 h1=0.0002 ssim=0.3118 mlw=92.1363]
epoch 40 step 1580  loss=0.024574  lr=4.10e-05  [rmse=0.0287 h1=0.0003 ssim=0.1053 mlw=72.8598]
epoch 40 step 1590  loss=0.025962  lr=4.00e-05  [rmse=0.0152 h1=0.0001 ssim=0.0856 mlw=82.5399]
epoch 40 step 1600  loss=0.024713  lr=3.89e-05  [rmse=0.0171 h1=0.0002 ssim=0.0956 mlw=79.2006]
INFO     [rank 0] Loss weights: rmse=1.0000, h1=0.0000,       vae_trainer.py:786
         ssim=0.0000, mlw=0.0000                                                
INFO     [rank 0] Epoch 40: train_loss=0.024713               vae_trainer.py:807
         val_loss=0.022775  val_VRMSE=0.120050  lr=3.89e-05                     
INFO     [rank 0] Metrics updated: metrics/metrics.csv,       vae_trainer.py:827
         metrics/loss_curves.png                                                
INFO     [rank 0] Saved 8 validation reconstruction PNGs for  vae_trainer.py:978
         epoch 40                                                               
INFO     [rank 0] Epoch 40 timing: train=29.8s eval=2.7s      vae_trainer.py:863
         viz=11.0s ckpt=0.0s total=44.5s                                        
epoch 41 step 1610  loss=0.021220  lr=3.78e-05  [rmse=0.0184 h1=0.0003 ssim=0.0650 mlw=70.8731]
epoch 41 step 1620  loss=0.024638  lr=3.66e-05  [rmse=0.0294 h1=0.0008 ssim=0.1117 mlw=108.3870]
epoch 41 step 1630  loss=0.023680  lr=3.54e-05  [rmse=0.0117 h1=0.0001 ssim=0.0655 mlw=80.2611]
epoch 41 step 1640  loss=0.025320  lr=3.42e-05  [rmse=0.0216 h1=0.0005 ssim=0.0968 mlw=93.0753]
INFO     [rank 0] Loss weights: rmse=1.0000, h1=0.0000,       vae_trainer.py:786
         ssim=0.0000, mlw=0.0000                                                
INFO     [rank 0] Epoch 41: train_loss=0.025320               vae_trainer.py:807
         val_loss=0.020096  val_VRMSE=0.107878  lr=3.42e-05                     
INFO     [rank 0] Metrics updated: metrics/metrics.csv,       vae_trainer.py:827
         metrics/loss_curves.png                                                
INFO     [rank 0] Epoch 41 timing: train=29.7s eval=2.7s      vae_trainer.py:863
         viz=0.0s ckpt=0.0s total=33.2s                                         
epoch 42 step 1650  loss=0.016633  lr=3.29e-05  [rmse=0.0148 h1=0.0002 ssim=0.0795 mlw=78.0727]
epoch 42 step 1660  loss=0.018772  lr=3.17e-05  [rmse=0.0113 h1=0.0001 ssim=0.0598 mlw=79.2365]
epoch 42 step 1670  loss=0.018858  lr=3.04e-05  [rmse=0.0178 h1=0.0003 ssim=0.0655 mlw=70.2411]
epoch 42 step 1680  loss=0.018985  lr=2.91e-05  [rmse=0.0178 h1=0.0004 ssim=0.0980 mlw=56.8098]
INFO     [rank 0] Loss weights: rmse=1.0000, h1=0.0000,       vae_trainer.py:786
         ssim=0.0000, mlw=0.0000                                                
INFO     [rank 0] Epoch 42: train_loss=0.018985               vae_trainer.py:807
         val_loss=0.016688  val_VRMSE=0.087321  lr=2.91e-05                     
INFO     [rank 0] Metrics updated: metrics/metrics.csv,       vae_trainer.py:827
         metrics/loss_curves.png                                                
INFO     [rank 0] Epoch 42 timing: train=29.9s eval=2.7s      vae_trainer.py:863
         viz=0.0s ckpt=0.0s total=33.4s                                         
epoch 43 step 1690  loss=0.016662  lr=2.78e-05  [rmse=0.0252 h1=0.0007 ssim=0.1047 mlw=107.3356]
epoch 43 step 1700  loss=0.017160  lr=2.65e-05  [rmse=0.0178 h1=0.0004 ssim=0.0977 mlw=56.8099]
epoch 43 step 1710  loss=0.018024  lr=2.52e-05  [rmse=0.0230 h1=0.0007 ssim=0.0901 mlw=106.7608]
epoch 43 step 1720  loss=0.017321  lr=2.39e-05  [rmse=0.0123 h1=0.0002 ssim=0.0607 mlw=77.5533]
INFO     [rank 0] Loss weights: rmse=1.0000, h1=0.0000,       vae_trainer.py:786
         ssim=0.0000, mlw=0.0000                                                
INFO     [rank 0] Epoch 43: train_loss=0.017321               vae_trainer.py:807
         val_loss=0.019091  val_VRMSE=0.093966  lr=2.39e-05                     
INFO     [rank 0] Metrics updated: metrics/metrics.csv,       vae_trainer.py:827
         metrics/loss_curves.png                                                
INFO     [rank 0] Epoch 43 timing: train=29.8s eval=2.7s      vae_trainer.py:863
         viz=0.0s ckpt=0.0s total=33.2s                                         
epoch 44 step 1730  loss=0.017546  lr=2.25e-05  [rmse=0.0139 h1=0.0002 ssim=0.0580 mlw=76.9600]
epoch 44 step 1740  loss=0.018169  lr=2.12e-05  [rmse=0.0215 h1=0.0005 ssim=0.0926 mlw=91.7940]
epoch 44 step 1750  loss=0.018850  lr=2.00e-05  [rmse=0.0192 h1=0.0003 ssim=0.0654 mlw=69.1828]
epoch 44 step 1760  loss=0.018094  lr=1.87e-05  [rmse=0.0188 h1=0.0004 ssim=0.0989 mlw=56.6555]
INFO     [rank 0] Loss weights: rmse=1.0000, h1=0.0000,       vae_trainer.py:786
         ssim=0.0000, mlw=0.0000                                                
INFO     [rank 0] Epoch 44: train_loss=0.018094               vae_trainer.py:807
         val_loss=0.017572  val_VRMSE=0.090798  lr=1.87e-05                     
INFO     [rank 0] Metrics updated: metrics/metrics.csv,       vae_trainer.py:827
         metrics/loss_curves.png                                                
INFO     [rank 0] Epoch 44 timing: train=29.9s eval=2.7s      vae_trainer.py:863
         viz=0.0s ckpt=0.0s total=33.3s                                         
epoch 45 step 1770  loss=0.017795  lr=1.74e-05  [rmse=0.0152 h1=0.0002 ssim=0.0930 mlw=87.2296]
epoch 45 step 1780  loss=0.018236  lr=1.62e-05  [rmse=0.0104 h1=0.0001 ssim=0.0502 mlw=77.0378]
epoch 45 step 1790  loss=0.017285  lr=1.50e-05  [rmse=0.0173 h1=0.0004 ssim=0.0923 mlw=56.5292]
epoch 45 step 1800  loss=0.016210  lr=1.38e-05  [rmse=0.0127 h1=0.0002 ssim=0.0776 mlw=87.5170]
INFO     [rank 0] Loss weights: rmse=1.0000, h1=0.0000,       vae_trainer.py:786
         ssim=0.0000, mlw=0.0000                                                
INFO     [rank 0] Epoch 45: train_loss=0.016210               vae_trainer.py:807
         val_loss=0.015121  val_VRMSE=0.079729  lr=1.38e-05                     
INFO     [rank 0] Metrics updated: metrics/metrics.csv,       vae_trainer.py:827
         metrics/loss_curves.png                                                
INFO     [rank 0] Saved 8 validation reconstruction PNGs for  vae_trainer.py:978
         epoch 45                                                               
INFO     [rank 0] Epoch 45 timing: train=30.0s eval=2.7s      vae_trainer.py:863
         viz=11.1s ckpt=0.0s total=44.5s                                        
epoch 46 step 1810  loss=0.014578  lr=1.27e-05  [rmse=0.0124 h1=0.0002 ssim=0.0772 mlw=87.2722]
epoch 46 step 1820  loss=0.012962  lr=1.16e-05  [rmse=0.0072 h1=0.0001 ssim=0.0343 mlw=77.9139]
epoch 46 step 1830  loss=0.014177  lr=1.05e-05  [rmse=0.0167 h1=0.0004 ssim=0.0888 mlw=56.3945]
epoch 46 step 1840  loss=0.014828  lr=9.50e-06  [rmse=0.0100 h1=0.0001 ssim=0.0466 mlw=76.6746]
INFO     [rank 0] Loss weights: rmse=1.0000, h1=0.0000,       vae_trainer.py:786
         ssim=0.0000, mlw=0.0000                                                
INFO     [rank 0] Epoch 46: train_loss=0.014828               vae_trainer.py:807
         val_loss=0.014628  val_VRMSE=0.077593  lr=9.50e-06                     
INFO     [rank 0] Metrics updated: metrics/metrics.csv,       vae_trainer.py:827
         metrics/loss_curves.png                                                
INFO     [rank 0] Epoch 46 timing: train=29.8s eval=2.7s      vae_trainer.py:863
         viz=0.0s ckpt=0.0s total=33.2s                                         
epoch 47 step 1850  loss=0.013552  lr=8.53e-06  [rmse=0.0184 h1=0.0006 ssim=0.0584 mlw=73.7678]
epoch 47 step 1860  loss=0.014815  lr=7.60e-06  [rmse=0.0165 h1=0.0004 ssim=0.0878 mlw=56.3708]
epoch 47 step 1870  loss=0.014016  lr=6.73e-06  [rmse=0.0151 h1=0.0003 ssim=0.0541 mlw=68.7611]
epoch 47 step 1880  loss=0.014551  lr=5.91e-06  [rmse=0.0183 h1=0.0006 ssim=0.0578 mlw=73.7001]
INFO     [rank 0] Loss weights: rmse=1.0000, h1=0.0000,       vae_trainer.py:786
         ssim=0.0000, mlw=0.0000                                                
INFO     [rank 0] Epoch 47: train_loss=0.014551               vae_trainer.py:807
         val_loss=0.014476  val_VRMSE=0.076785  lr=5.91e-06                     
INFO     [rank 0] Metrics updated: metrics/metrics.csv,       vae_trainer.py:827
         metrics/loss_curves.png                                                
INFO     [rank 0] Epoch 47 timing: train=30.0s eval=2.7s      vae_trainer.py:863
         viz=0.0s ckpt=0.0s total=33.4s                                         
epoch 48 step 1890  loss=0.011544  lr=5.15e-06  [rmse=0.0117 h1=0.0002 ssim=0.0694 mlw=86.9819]
epoch 48 step 1900  loss=0.013853  lr=4.45e-06  [rmse=0.0165 h1=0.0004 ssim=0.0875 mlw=56.2916]
epoch 48 step 1910  loss=0.013961  lr=3.81e-06  [rmse=0.0165 h1=0.0004 ssim=0.0872 mlw=56.2903]
epoch 48 step 1920  loss=0.014447  lr=3.23e-06  [rmse=0.0170 h1=0.0005 ssim=0.0710 mlw=91.0522]
INFO     [rank 0] Loss weights: rmse=1.0000, h1=0.0000,       vae_trainer.py:786
         ssim=0.0000, mlw=0.0000                                                
INFO     [rank 0] Epoch 48: train_loss=0.014447               vae_trainer.py:807
         val_loss=0.014419  val_VRMSE=0.076480  lr=3.23e-06                     
INFO     [rank 0] Metrics updated: metrics/metrics.csv,       vae_trainer.py:827
         metrics/loss_curves.png                                                
INFO     [rank 0] Epoch 48 timing: train=29.9s eval=2.7s      vae_trainer.py:863
         viz=0.0s ckpt=0.0s total=33.3s                                         
epoch 49 step 1930  loss=0.015970  lr=2.71e-06  [rmse=0.0098 h1=0.0001 ssim=0.0455 mlw=76.4519]
epoch 49 step 1940  loss=0.014550  lr=2.26e-06  [rmse=0.0201 h1=0.0007 ssim=0.0785 mlw=105.6206]
epoch 49 step 1950  loss=0.014249  lr=1.88e-06  [rmse=0.0150 h1=0.0003 ssim=0.0533 mlw=68.5562]
epoch 49 step 1960  loss=0.014403  lr=1.56e-06  [rmse=0.0116 h1=0.0002 ssim=0.0684 mlw=86.9267]
INFO     [rank 0] Loss weights: rmse=1.0000, h1=0.0000,       vae_trainer.py:786
         ssim=0.0000, mlw=0.0000                                                
INFO     [rank 0] Epoch 49: train_loss=0.014403               vae_trainer.py:807
         val_loss=0.014388  val_VRMSE=0.076318  lr=1.56e-06                     
INFO     [rank 0] Metrics updated: metrics/metrics.csv,       vae_trainer.py:827
         metrics/loss_curves.png                                                
INFO     [rank 0] Epoch 49 timing: train=30.0s eval=2.7s      vae_trainer.py:863
         viz=0.0s ckpt=0.0s total=33.4s                                         
epoch 50 step 1970  loss=0.016151  lr=1.32e-06  [rmse=0.0182 h1=0.0005 ssim=0.0572 mlw=73.5580]
epoch 50 step 1980  loss=0.014637  lr=1.14e-06  [rmse=0.0182 h1=0.0005 ssim=0.0572 mlw=73.5384]
epoch 50 step 1990  loss=0.014142  lr=1.04e-06  [rmse=0.0070 h1=0.0001 ssim=0.0331 mlw=77.6146]
epoch 50 step 2000  loss=0.014382  lr=1.00e-06  [rmse=0.0070 h1=0.0001 ssim=0.0330 mlw=77.5937]
INFO     [rank 0] Loss weights: rmse=1.0000, h1=0.0000,       vae_trainer.py:786
         ssim=0.0000, mlw=0.0000                                                
INFO     [rank 0] Epoch 50: train_loss=0.014382               vae_trainer.py:807
         val_loss=0.014372  val_VRMSE=0.076234  lr=1.00e-06                     
INFO     [rank 0] Metrics updated: metrics/metrics.csv,       vae_trainer.py:827
         metrics/loss_curves.png                                                
INFO     [rank 0] Saved 8 validation reconstruction PNGs for  vae_trainer.py:978
         epoch 50                                                               
INFO     [rank 0] Epoch 50 timing: train=29.8s eval=2.7s      vae_trainer.py:863
         viz=11.4s ckpt=0.0s total=44.6s                                        
╭──────────────────────────────────────────────────────────────────────────────╮
╰──────────────────────────────────────────────────────────────────────────────╯INFO     [rank 0] Best epoch: 50 (val_vrmse=0.076234)         vae_trainer.py:881

Training complete. Checkpoint: 
/local/disk/hramachandran/work/wh_work/windinet/finetune_vae_outputs_lundquist/f
inetune_vae_overfit_lr5e5_wsd_rmseonly/checkpoints/vae_shockwave_last.safetensor
s
permission denied while trying to connect to the Docker daemon socket at unix:///var/run/docker.sock: Get "http://%2Fvar%2Frun%2Fdocker.sock/v1.24/containers/json?filters=%7B%22label%22%3A%7B%22slurm_job_id%3D21697%22%3Atrue%7D%7D": dial unix /var/run/docker.sock: connect: permission denied
