START TIME: Sun 02 Aug 2026 05:23:21 PM CEST
job=520301 node=i20r06c06s08
+-----------+--------------------------------------------------------------------------------------+
| Device ID | Device Information                                                                   |
+-----------+--------------------------------------------------------------------------------------+
| 0         | Device Name: Intel(R) Data Center GPU Max 1550                                       |
|           | Vendor Name: Intel(R) Corporation                                                    |
|           | SOC UUID: 00000000-0000-003a-0000-002f0bd58086                                       |
|           | PCI BDF Address: 0000:3a:00.0                                                        |
|           | DRM Device: /dev/dri/card0                                                           |
|           | Function Type: physical                                                              |
+-----------+--------------------------------------------------------------------------------------+
| 1         | Device Name: Intel(R) Data Center GPU Max 1550                                       |
|           | Vendor Name: Intel(R) Corporation                                                    |
|           | SOC UUID: 00000000-0000-004b-0000-002f0bd58086                                       |
|           | PCI BDF Address: 0000:4b:00.0                                                        |
|           | DRM Device: /dev/dri/card1                                                           |
|           | Function Type: physical                                                              |
+-----------+--------------------------------------------------------------------------------------+
| 2         | Device Name: Intel(R) Data Center GPU Max 1550                                       |
|           | Vendor Name: Intel(R) Corporation                                                    |
|           | SOC UUID: 00000000-0000-00ca-0000-002f0bd58086                                       |
|           | PCI BDF Address: 0000:ca:00.0                                                        |
|           | DRM Device: /dev/dri/card2                                                           |
|           | Function Type: physical                                                              |
+-----------+--------------------------------------------------------------------------------------+
| 3         | Device Name: Intel(R) Data Center GPU Max 1550                                       |
|           | Vendor Name: Intel(R) Corporation                                                    |
|           | SOC UUID: 00000000-0000-00da-0000-002f0bd58086                                       |
|           | PCI BDF Address: 0000:da:00.0                                                        |
|           | DRM Device: /dev/dri/card3                                                           |
|           | Function Type: physical                                                              |
+-----------+--------------------------------------------------------------------------------------+
MASTER_ADDR: i20r06c06s08  MASTER_PORT: 58101
DIAG_TAG=workers2 DIAG_WORKERS=2 DIAG_SKIP_HEAVY_IO=0 DIAG_EPOCHS=2
8 XPU tiles x accum 4 -> effective batch 32; workers=2; skip_heavy_io=False; epochs=2; output_dir /hppfs/scratch/0D/go76fuz2/windinet/finetune_vae_outputs_sng_pvc/finetune_vae_baseline_diag_workers2
INFO     [rank 4] Failed to extract font properties from    font_manager.py:1107
         /usr/share/fonts/truetype/Cantarell-VF.otf: Can                        
         not load face (SFNT font table missing; error code                     
         0x8e)                                                                  
INFO     [rank 2] Failed to extract font properties from    font_manager.py:1107
         /usr/share/fonts/truetype/Cantarell-VF.otf: Can                        
         not load face (SFNT font table missing; error code                     
         0x8e)                                                                  
INFO     [rank 7] Failed to extract font properties from    font_manager.py:1107
         /usr/share/fonts/truetype/Cantarell-VF.otf: Can                        
         not load face (SFNT font table missing; error code                     
         0x8e)                                                                  
INFO     [rank 6] Failed to extract font properties from    font_manager.py:1107
         /usr/share/fonts/truetype/Cantarell-VF.otf: Can                        
         not load face (SFNT font table missing; error code                     
         0x8e)                                                                  
INFO     [rank 7] generated new fontManager                 font_manager.py:1639
INFO     [rank 5] Failed to extract font properties from    font_manager.py:1107
         /usr/share/fonts/truetype/Cantarell-VF.otf: Can                        
         not load face (SFNT font table missing; error code                     
         0x8e)                                                                  
INFO     [rank 1] Failed to extract font properties from    font_manager.py:1107
         /usr/share/fonts/truetype/Cantarell-VF.otf: Can                        
         not load face (SFNT font table missing; error code                     
         0x8e)                                                                  
INFO     [rank 0] Failed to extract font properties from    font_manager.py:1107
         /usr/share/fonts/truetype/Cantarell-VF.otf: Can                        
         not load face (SFNT font table missing; error code                     
         0x8e)                                                                  
INFO     [rank 3] Failed to extract font properties from    font_manager.py:1107
         /usr/share/fonts/truetype/Cantarell-VF.otf: Can                        
         not load face (SFNT font table missing; error code                     
         0x8e)                                                                  
INFO     [rank 5] generated new fontManager                 font_manager.py:1639
INFO     [rank 6] generated new fontManager                 font_manager.py:1639
INFO     [rank 3] generated new fontManager                 font_manager.py:1639
INFO     [rank 4] generated new fontManager                 font_manager.py:1639
INFO     [rank 0] generated new fontManager                 font_manager.py:1639
INFO     [rank 2] generated new fontManager                 font_manager.py:1639
INFO     [rank 1] generated new fontManager                 font_manager.py:1639
                          VAE Finetuning Configuration                          
┏━━━━━━━━━━━━━━━━━━━━━━━━━━━━━━━━━━━━━━┳━━━━━━━━━━━━━━━━━━━━━━━━━━━━━━━━━━━━━━━┓
┃ Parameter                            ┃ Value                                 ┃
┡━━━━━━━━━━━━━━━━━━━━━━━━━━━━━━━━━━━━━━╇━━━━━━━━━━━━━━━━━━━━━━━━━━━━━━━━━━━━━━━┩
│ model.model_source                   │ LTXV_2B_0.9.6_DEV                     │
│ model.load_checkpoint                │ None                                  │
│ adapter.enabled                      │ True                                  │
│ adapter.checkpoint                   │ None                                  │
│ adapter.channels                     │ ['density', 'momentum_x',             │
│                                      │ 'momentum_y', 'pressure']             │
│ adapter.mode                         │ inflate                               │
│ adapter.inflate_init                 │ mean                                  │
│ adapter.freeze_conv_in               │ False                                 │
│ adapter.hidden_channels              │ 32                                    │
│ adapter.activation                   │ gelu                                  │
│ adapter.identity_init                │ False                                 │
│ adapter.default_temb                 │ 0.0                                   │
│ data.data_root                       │ /hppfs/scratch/0D/go76fuz2/windinet/… │
│ data.eval_sims                       │ 675                                   │
│ data.num_dataloader_workers          │ 2                                     │
│ data.num_sim_frames                  │ None                                  │
│ data.overfit_sims                    │ None                                  │
│ data.overfit_repeat                  │ 1                                     │
│ data.channel_mean                    │ [0.905097647712509,                   │
│                                      │ 0.0040453659499771295,                │
│                                      │ -0.0019089379643528095, 0.9           │
│ data.channel_std                     │ [0.6607349375392083,                  │
│                                      │ 0.5328754120427532,                   │
│                                      │ 0.5262512462358824, 0.8050358         │
│ data.normalization_clip              │ 5.0                                   │
│ optimization.learning_rate           │ 5e-05                                 │
│ optimization.adapter_lr_multiplier   │ 1.0                                   │
│ optimization.min_learning_rate       │ 1e-06                                 │
│ optimization.scheduler_type          │ wsd                                   │
│ optimization.stable_fraction         │ 0.7                                   │
│ optimization.epochs                  │ 2                                     │
│ optimization.batch_size              │ 1                                     │
│ optimization.gradient_accumulation_… │ 4                                     │
│ optimization.max_grad_norm           │ 5.0                                   │
│ optimization.weight_decay            │ 0.0                                   │
│ optimization.warmup_steps            │ 200                                   │
│ optimization.warmup_start_factor     │ 0.01                                  │
│ optimization.enable_gradient_checkp… │ True                                  │
│ loss.wavelet                         │ db2                                   │
│ loss.spatial_level                   │ 2                                     │
│ loss.temporal_level                  │ 2                                     │
│ loss.mlw_beta                        │ 10.0                                  │
│ loss.mlw_eps                         │ 1e-06                                 │
│ loss_weighting.strategy              │ fixed                                 │
│ loss_weighting.weights               │ {'rmse': 1.0, 'h1': 50.0, 'ssim':     │
│                                      │ 0.15, 'mlw': 0.0}                     │
│ loss_weighting.loss_names            │ ['rmse', 'h1', 'ssim', 'mlw']         │
│ loss_weighting.alpha                 │ 1.5                                   │
│ loss_weighting.weight_lr             │ 0.025                                 │
│ loss_weighting.temperature           │ 0.1                                   │
│ visualization.enabled                │ True                                  │
│ visualization.interval_epochs        │ 1                                     │
│ visualization.num_samples            │ 2                                     │
│ visualization.frame_numbers          │ [25, 50, 75, 100]                     │
│ visualization.dpi                    │ 150                                   │
│ acceleration.mixed_precision_mode    │ bf16                                  │
│ acceleration.compile_with_inductor   │ False                                 │
│ acceleration.compilation_mode        │ reduce-overhead                       │
│ checkpoints.interval                 │ 1                                     │
│ checkpoints.keep_last_n              │ 1                                     │
│ checkpoints.save_best_only           │ True                                  │
│ checkpoints.best_metric              │ val_vrmse                             │
│ checkpoints.save_last_state          │ True                                  │
│ wandb.enabled                        │ False                                 │
│ wandb.project                        │ windinet                              │
│ wandb.entity                         │ None                                  │
│ wandb.tags                           │ ['vae', 'inflate', 'mean-init',       │
│                                      │ 'wsd', '15ep', 'h1x2', 'lr1x',        │
│                                      │ 'shockw                               │
│ seed                                 │ 42                                    │
│ output_dir                           │ /hppfs/scratch/0D/go76fuz2/windinet/… │
│ clean_output_dir                     │ True                                  │
│ resume_from                          │ None                                  │
│ resume_weights_only                  │ False                                 │
└──────────────────────────────────────┴───────────────────────────────────────┘
INFO     [rank 0] Distributed training: 8 processes          vae_trainer.py:1093
INFO     [rank 0] VAE inflated to 4 native channels           vae_trainer.py:154
         (init=mean); encoder.conv_in is trainable                              
INFO     [rank 0] VAE gradient checkpointing enabled          vae_trainer.py:202
INFO     [rank 0] VAE loaded. Decoder params: 552,869,953     vae_trainer.py:208
INFO     [rank 0] Trainable parameters:                       vae_trainer.py:256
         encoder_conv_in=221,312, decoder=552,869,953,                          
         in_adapter=0, out_adapter=0                                            
INFO     [rank 0] Dataset: 3825 train, 675 eval samples       vae_trainer.py:457
INFO     [rank 0] encoder.conv_in LR = 5.00e-05 (1x decoder   vae_trainer.py:481
         LR 5.00e-05)                                                           
INFO     [rank 0] LR schedule 'wsd': 240 steps (200 warmup,   vae_trainer.py:533
         28 stable, 12 anneal), peak 5.00e-05 -> floor                          
         1.00e-06                                                               
2026:08:02-17:35:54:150247 |CCL_WARN| value of CCL_ATL_TRANSPORT changed to be ofi (default:mpi)
2026:08:02-17:35:54:150247 |CCL_WARN| value of CCL_ALLREDUCE changed to be ring (default:)
2026:08:02-17:35:54:150249 |CCL_WARN| could not get local_idx/count from environment variables, trying to get them from ATL
2026:08:02-17:35:54:150247 |CCL_WARN| could not get local_idx/count from environment variables, trying to get them from ATL
2026:08:02-17:35:54:150248 |CCL_WARN| could not get local_idx/count from environment variables, trying to get them from ATL
2026:08:02-17:35:54:150250 |CCL_WARN| could not get local_idx/count from environment variables, trying to get them from ATL
2026:08:02-17:35:54:150251 |CCL_WARN| could not get local_idx/count from environment variables, trying to get them from ATL
2026:08:02-17:35:54:150252 |CCL_WARN| could not get local_idx/count from environment variables, trying to get them from ATL
2026:08:02-17:35:55:150253 |CCL_WARN| could not get local_idx/count from environment variables, trying to get them from ATL
2026:08:02-17:35:55:150254 |CCL_WARN| could not get local_idx/count from environment variables, trying to get them from ATL
INFO     [rank 0] Config saved:                              vae_trainer.py:1117
         /hppfs/scratch/0D/go76fuz2/windinet/finetune_vae_ou                    
         tputs_sng_pvc/finetune_vae_baseline_diag_workers2/t                    
         raining_config.yaml                                                    
INFO     [rank 0] Starting VAE decoder finetuning...          vae_trainer.py:581
epoch 1 step 10  loss=0.148484  lr=2.98e-06  [rmse=0.0545 h1=0.0002 ssim=0.3859 mlw=58.9533]
epoch 1 step 20  loss=0.139479  lr=5.45e-06  [rmse=0.0491 h1=0.0003 ssim=0.3318 mlw=74.6478]
epoch 1 step 30  loss=0.141105  lr=7.93e-06  [rmse=0.0430 h1=0.0005 ssim=0.2352 mlw=54.8053]
epoch 1 step 40  loss=0.141882  lr=1.04e-05  [rmse=0.1787 h1=0.0021 ssim=0.5767 mlw=58.6290]
epoch 1 step 50  loss=0.136530  lr=1.29e-05  [rmse=0.0562 h1=0.0004 ssim=0.3077 mlw=62.0804]
epoch 1 step 60  loss=0.134487  lr=1.54e-05  [rmse=0.0139 h1=0.0000 ssim=0.0330 mlw=118.6203]
epoch 1 step 70  loss=0.130326  lr=1.78e-05  [rmse=0.0398 h1=0.0005 ssim=0.3249 mlw=56.1342]
epoch 1 step 80  loss=0.126007  lr=2.03e-05  [rmse=0.0686 h1=0.0007 ssim=0.3371 mlw=60.6920]
epoch 1 step 90  loss=0.124473  lr=2.28e-05  [rmse=0.2066 h1=0.0020 ssim=0.3868 mlw=88.2656]
epoch 1 step 100  loss=0.120416  lr=2.53e-05  [rmse=0.0438 h1=0.0006 ssim=0.1734 mlw=92.3396]
epoch 1 step 110  loss=0.116916  lr=2.77e-05  [rmse=0.0276 h1=0.0003 ssim=0.1540 mlw=57.9088]
epoch 1 step 120  loss=0.114318  lr=3.02e-05  [rmse=0.0391 h1=0.0007 ssim=0.2371 mlw=57.3035]
INFO     [rank 0] Loss weights: rmse=1.0000, h1=50.0000,      vae_trainer.py:737
         ssim=0.1500, mlw=0.0000                                                
INFO     [rank 0] Epoch 1: train_loss=0.114318                vae_trainer.py:758
         val_loss=0.078457  val_VRMSE=0.216564  lr=3.02e-05                     
INFO     [rank 0] Metrics updated: metrics/metrics.csv,       vae_trainer.py:778
         metrics/loss_curves.png                                                
INFO     [rank 0] Saved 8 validation reconstruction PNGs for  vae_trainer.py:929
         epoch 1                                                                
INFO     [rank 0] New best checkpoint (epoch 1,              vae_trainer.py:1007
         val_vrmse=0.216564):                                                   
         checkpoints/vae_shockwave_best.safetensors                             
INFO     [rank 0] Training state saved:                      vae_trainer.py:1067
         checkpoints/vae_shockwave_last.state.pt                                
INFO     [rank 0] Epoch 1 timing: train=900.8s eval=1088.2s   vae_trainer.py:814
         viz=11.3s ckpt=4.6s total=2006.7s                                      
epoch 2 step 130  loss=0.077971  lr=3.27e-05  [rmse=0.0233 h1=0.0000 ssim=0.1986 mlw=99.0940]
epoch 2 step 140  loss=0.077334  lr=3.52e-05  [rmse=0.0316 h1=0.0007 ssim=0.2444 mlw=54.4177]
epoch 2 step 150  loss=0.076637  lr=3.76e-05  [rmse=0.0126 h1=0.0000 ssim=0.0806 mlw=109.2657]
epoch 2 step 160  loss=0.073545  lr=4.01e-05  [rmse=0.0224 h1=0.0003 ssim=0.1618 mlw=59.1919]
epoch 2 step 170  loss=0.072283  lr=4.26e-05  [rmse=0.0277 h1=0.0003 ssim=0.1805 mlw=58.6879]
epoch 2 step 180  loss=0.074261  lr=4.51e-05  [rmse=0.0152 h1=0.0001 ssim=0.0826 mlw=63.8811]
epoch 2 step 190  loss=0.073616  lr=4.75e-05  [rmse=0.0291 h1=0.0007 ssim=0.1608 mlw=64.6150]
epoch 2 step 200  loss=0.072009  lr=5.00e-05  [rmse=0.0211 h1=0.0004 ssim=0.1331 mlw=66.3995]
epoch 2 step 210  loss=0.071448  lr=5.00e-05  [rmse=0.0141 h1=0.0002 ssim=0.0766 mlw=67.5197]
epoch 2 step 220  loss=0.070512  lr=5.00e-05  [rmse=0.0418 h1=0.0013 ssim=0.1723 mlw=66.1925]
epoch 2 step 230  loss=0.070206  lr=4.67e-05  [rmse=0.0265 h1=0.0005 ssim=0.1331 mlw=53.9084]
epoch 2 step 240  loss=0.068437  lr=1.00e-06  [rmse=0.0105 h1=0.0001 ssim=0.0479 mlw=93.2799]
INFO     [rank 0] Loss weights: rmse=1.0000, h1=50.0000,      vae_trainer.py:737
         ssim=0.1500, mlw=0.0000                                                
INFO     [rank 0] Epoch 2: train_loss=0.068437                vae_trainer.py:758
         val_loss=0.055957  val_VRMSE=0.135539  lr=1.00e-06                     
INFO     [rank 0] Metrics updated: metrics/metrics.csv,       vae_trainer.py:778
         metrics/loss_curves.png                                                
INFO     [rank 0] Saved 8 validation reconstruction PNGs for  vae_trainer.py:929
         epoch 2                                                                
INFO     [rank 0] New best checkpoint (epoch 2,              vae_trainer.py:1007
         val_vrmse=0.135539):                                                   
         checkpoints/vae_shockwave_best.safetensors                             
INFO     [rank 0] Training state saved:                      vae_trainer.py:1067
         checkpoints/vae_shockwave_last.state.pt                                
INFO     [rank 0] Epoch 2 timing: train=872.3s eval=1045.5s   vae_trainer.py:814
         viz=10.4s ckpt=4.2s total=1933.0s                                      
╭──────────────────────────────────────────────────────────────────────────────╮
╰──────────────────────────────────────────────────────────────────────────────╯INFO     [rank 0] Training state saved:                      vae_trainer.py:1067
         checkpoints/vae_shockwave_last.state.pt                                
INFO     [rank 0] Best epoch: 2 (val_vrmse=0.135539)          vae_trainer.py:832

Training complete. Checkpoint: 
/hppfs/scratch/0D/go76fuz2/windinet/finetune_vae_outputs_sng_pvc/finetune_vae_ba
seline_diag_workers2/checkpoints/vae_shockwave_best.safetensors
END TIME: Sun 02 Aug 2026 06:41:47 PM CEST
Diagnostic run -- weights/state left on $SCRATCH under /hppfs/scratch/0D/go76fuz2/windinet/finetune_vae_outputs_sng_pvc/finetune_vae_baseline_diag_workers2, NOT mirrored to git (throwaway).
