START TIME: Sun 02 Aug 2026 05:23:21 PM CEST
job=520300 node=i20r06c06s06
+-----------+--------------------------------------------------------------------------------------+
| Device ID | Device Information                                                                   |
+-----------+--------------------------------------------------------------------------------------+
| 0         | Device Name: Intel(R) Data Center GPU Max 1550                                       |
|           | Vendor Name: Intel(R) Corporation                                                    |
|           | SOC UUID: 00000000-0000-003a-0000-002f0bd58086                                       |
|           | PCI BDF Address: 0000:3a:00.0                                                        |
|           | DRM Device: /dev/dri/card0                                                           |
|           | Function Type: physical                                                              |
+-----------+--------------------------------------------------------------------------------------+
| 1         | Device Name: Intel(R) Data Center GPU Max 1550                                       |
|           | Vendor Name: Intel(R) Corporation                                                    |
|           | SOC UUID: 00000000-0000-004b-0000-002f0bd58086                                       |
|           | PCI BDF Address: 0000:4b:00.0                                                        |
|           | DRM Device: /dev/dri/card1                                                           |
|           | Function Type: physical                                                              |
+-----------+--------------------------------------------------------------------------------------+
| 2         | Device Name: Intel(R) Data Center GPU Max 1550                                       |
|           | Vendor Name: Intel(R) Corporation                                                    |
|           | SOC UUID: 00000000-0000-00ca-0000-002f0bd58086                                       |
|           | PCI BDF Address: 0000:ca:00.0                                                        |
|           | DRM Device: /dev/dri/card2                                                           |
|           | Function Type: physical                                                              |
+-----------+--------------------------------------------------------------------------------------+
| 3         | Device Name: Intel(R) Data Center GPU Max 1550                                       |
|           | Vendor Name: Intel(R) Corporation                                                    |
|           | SOC UUID: 00000000-0000-00da-0000-002f0bd58086                                       |
|           | PCI BDF Address: 0000:da:00.0                                                        |
|           | DRM Device: /dev/dri/card3                                                           |
|           | Function Type: physical                                                              |
+-----------+--------------------------------------------------------------------------------------+
MASTER_ADDR: i20r06c06s06  MASTER_PORT: 48963
DIAG_TAG=base DIAG_WORKERS=<default> DIAG_SKIP_HEAVY_IO=0 DIAG_EPOCHS=2
8 XPU tiles x accum 4 -> effective batch 32; workers=0; skip_heavy_io=False; epochs=2; output_dir /hppfs/scratch/0D/go76fuz2/windinet/finetune_vae_outputs_sng_pvc/finetune_vae_baseline_diag_base
INFO     [rank 4] Failed to extract font properties from    font_manager.py:1107
         /usr/share/fonts/truetype/Cantarell-VF.otf: Can                        
         not load face (SFNT font table missing; error code                     
         0x8e)                                                                  
INFO     [rank 6] Failed to extract font properties from    font_manager.py:1107
         /usr/share/fonts/truetype/Cantarell-VF.otf: Can                        
         not load face (SFNT font table missing; error code                     
         0x8e)                                                                  
INFO     [rank 1] Failed to extract font properties from    font_manager.py:1107
         /usr/share/fonts/truetype/Cantarell-VF.otf: Can                        
         not load face (SFNT font table missing; error code                     
         0x8e)                                                                  
INFO     [rank 0] Failed to extract font properties from    font_manager.py:1107
         /usr/share/fonts/truetype/Cantarell-VF.otf: Can                        
         not load face (SFNT font table missing; error code                     
         0x8e)                                                                  
INFO     [rank 7] Failed to extract font properties from    font_manager.py:1107
         /usr/share/fonts/truetype/Cantarell-VF.otf: Can                        
         not load face (SFNT font table missing; error code                     
         0x8e)                                                                  
INFO     [rank 2] Failed to extract font properties from    font_manager.py:1107
         /usr/share/fonts/truetype/Cantarell-VF.otf: Can                        
         not load face (SFNT font table missing; error code                     
         0x8e)                                                                  
INFO     [rank 0] generated new fontManager                 font_manager.py:1639
INFO     [rank 3] Failed to extract font properties from    font_manager.py:1107
         /usr/share/fonts/truetype/Cantarell-VF.otf: Can                        
         not load face (SFNT font table missing; error code                     
         0x8e)                                                                  
INFO     [rank 5] Failed to extract font properties from    font_manager.py:1107
         /usr/share/fonts/truetype/Cantarell-VF.otf: Can                        
         not load face (SFNT font table missing; error code                     
         0x8e)                                                                  
INFO     [rank 7] generated new fontManager                 font_manager.py:1639
INFO     [rank 5] generated new fontManager                 font_manager.py:1639
INFO     [rank 4] generated new fontManager                 font_manager.py:1639
INFO     [rank 6] generated new fontManager                 font_manager.py:1639
INFO     [rank 3] generated new fontManager                 font_manager.py:1639
INFO     [rank 1] generated new fontManager                 font_manager.py:1639
INFO     [rank 2] generated new fontManager                 font_manager.py:1639
                          VAE Finetuning Configuration                          
┏━━━━━━━━━━━━━━━━━━━━━━━━━━━━━━━━━━━━━━┳━━━━━━━━━━━━━━━━━━━━━━━━━━━━━━━━━━━━━━━┓
┃ Parameter                            ┃ Value                                 ┃
┡━━━━━━━━━━━━━━━━━━━━━━━━━━━━━━━━━━━━━━╇━━━━━━━━━━━━━━━━━━━━━━━━━━━━━━━━━━━━━━━┩
│ model.model_source                   │ LTXV_2B_0.9.6_DEV                     │
│ model.load_checkpoint                │ None                                  │
│ adapter.enabled                      │ True                                  │
│ adapter.checkpoint                   │ None                                  │
│ adapter.channels                     │ ['density', 'momentum_x',             │
│                                      │ 'momentum_y', 'pressure']             │
│ adapter.mode                         │ inflate                               │
│ adapter.inflate_init                 │ mean                                  │
│ adapter.freeze_conv_in               │ False                                 │
│ adapter.hidden_channels              │ 32                                    │
│ adapter.activation                   │ gelu                                  │
│ adapter.identity_init                │ False                                 │
│ adapter.default_temb                 │ 0.0                                   │
│ data.data_root                       │ /hppfs/scratch/0D/go76fuz2/windinet/… │
│ data.eval_sims                       │ 675                                   │
│ data.num_dataloader_workers          │ 0                                     │
│ data.num_sim_frames                  │ None                                  │
│ data.overfit_sims                    │ None                                  │
│ data.overfit_repeat                  │ 1                                     │
│ data.channel_mean                    │ [0.905097647712509,                   │
│                                      │ 0.0040453659499771295,                │
│                                      │ -0.0019089379643528095, 0.9           │
│ data.channel_std                     │ [0.6607349375392083,                  │
│                                      │ 0.5328754120427532,                   │
│                                      │ 0.5262512462358824, 0.8050358         │
│ data.normalization_clip              │ 5.0                                   │
│ optimization.learning_rate           │ 5e-05                                 │
│ optimization.adapter_lr_multiplier   │ 1.0                                   │
│ optimization.min_learning_rate       │ 1e-06                                 │
│ optimization.scheduler_type          │ wsd                                   │
│ optimization.stable_fraction         │ 0.7                                   │
│ optimization.epochs                  │ 2                                     │
│ optimization.batch_size              │ 1                                     │
│ optimization.gradient_accumulation_… │ 4                                     │
│ optimization.max_grad_norm           │ 5.0                                   │
│ optimization.weight_decay            │ 0.0                                   │
│ optimization.warmup_steps            │ 200                                   │
│ optimization.warmup_start_factor     │ 0.01                                  │
│ optimization.enable_gradient_checkp… │ True                                  │
│ loss.wavelet                         │ db2                                   │
│ loss.spatial_level                   │ 2                                     │
│ loss.temporal_level                  │ 2                                     │
│ loss.mlw_beta                        │ 10.0                                  │
│ loss.mlw_eps                         │ 1e-06                                 │
│ loss_weighting.strategy              │ fixed                                 │
│ loss_weighting.weights               │ {'rmse': 1.0, 'h1': 50.0, 'ssim':     │
│                                      │ 0.15, 'mlw': 0.0}                     │
│ loss_weighting.loss_names            │ ['rmse', 'h1', 'ssim', 'mlw']         │
│ loss_weighting.alpha                 │ 1.5                                   │
│ loss_weighting.weight_lr             │ 0.025                                 │
│ loss_weighting.temperature           │ 0.1                                   │
│ visualization.enabled                │ True                                  │
│ visualization.interval_epochs        │ 1                                     │
│ visualization.num_samples            │ 2                                     │
│ visualization.frame_numbers          │ [25, 50, 75, 100]                     │
│ visualization.dpi                    │ 150                                   │
│ acceleration.mixed_precision_mode    │ bf16                                  │
│ acceleration.compile_with_inductor   │ False                                 │
│ acceleration.compilation_mode        │ reduce-overhead                       │
│ checkpoints.interval                 │ 1                                     │
│ checkpoints.keep_last_n              │ 1                                     │
│ checkpoints.save_best_only           │ True                                  │
│ checkpoints.best_metric              │ val_vrmse                             │
│ checkpoints.save_last_state          │ True                                  │
│ wandb.enabled                        │ False                                 │
│ wandb.project                        │ windinet                              │
│ wandb.entity                         │ None                                  │
│ wandb.tags                           │ ['vae', 'inflate', 'mean-init',       │
│                                      │ 'wsd', '15ep', 'h1x2', 'lr1x',        │
│                                      │ 'shockw                               │
│ seed                                 │ 42                                    │
│ output_dir                           │ /hppfs/scratch/0D/go76fuz2/windinet/… │
│ clean_output_dir                     │ True                                  │
│ resume_from                          │ None                                  │
│ resume_weights_only                  │ False                                 │
└──────────────────────────────────────┴───────────────────────────────────────┘
INFO     [rank 0] Distributed training: 8 processes          vae_trainer.py:1093
INFO     [rank 0] VAE inflated to 4 native channels           vae_trainer.py:154
         (init=mean); encoder.conv_in is trainable                              
INFO     [rank 0] VAE gradient checkpointing enabled          vae_trainer.py:202
INFO     [rank 0] VAE loaded. Decoder params: 552,869,953     vae_trainer.py:208
INFO     [rank 0] Trainable parameters:                       vae_trainer.py:256
         encoder_conv_in=221,312, decoder=552,869,953,                          
         in_adapter=0, out_adapter=0                                            
INFO     [rank 0] Dataset: 3825 train, 675 eval samples       vae_trainer.py:457
INFO     [rank 0] encoder.conv_in LR = 5.00e-05 (1x decoder   vae_trainer.py:481
         LR 5.00e-05)                                                           
INFO     [rank 0] LR schedule 'wsd': 240 steps (200 warmup,   vae_trainer.py:533
         28 stable, 12 anneal), peak 5.00e-05 -> floor                          
         1.00e-06                                                               
2026:08:02-17:35:54:14954 |CCL_WARN| value of CCL_ATL_TRANSPORT changed to be ofi (default:mpi)
2026:08:02-17:35:54:14954 |CCL_WARN| value of CCL_ALLREDUCE changed to be ring (default:)
2026:08:02-17:35:54:14956 |CCL_WARN| could not get local_idx/count from environment variables, trying to get them from ATL
2026:08:02-17:35:54:14957 |CCL_WARN| could not get local_idx/count from environment variables, trying to get them from ATL
2026:08:02-17:35:54:14954 |CCL_WARN| could not get local_idx/count from environment variables, trying to get them from ATL
2026:08:02-17:35:54:14955 |CCL_WARN| could not get local_idx/count from environment variables, trying to get them from ATL
2026:08:02-17:35:54:14958 |CCL_WARN| could not get local_idx/count from environment variables, trying to get them from ATL
2026:08:02-17:35:54:14959 |CCL_WARN| could not get local_idx/count from environment variables, trying to get them from ATL
2026:08:02-17:35:55:14960 |CCL_WARN| could not get local_idx/count from environment variables, trying to get them from ATL
2026:08:02-17:35:55:14961 |CCL_WARN| could not get local_idx/count from environment variables, trying to get them from ATL
INFO     [rank 0] Config saved:                              vae_trainer.py:1117
         /hppfs/scratch/0D/go76fuz2/windinet/finetune_vae_ou                    
         tputs_sng_pvc/finetune_vae_baseline_diag_base/train                    
         ing_config.yaml                                                        
INFO     [rank 0] Starting VAE decoder finetuning...          vae_trainer.py:581
epoch 1 step 10  loss=0.148493  lr=2.98e-06  [rmse=0.0545 h1=0.0002 ssim=0.3855 mlw=58.9221]
epoch 1 step 20  loss=0.139488  lr=5.45e-06  [rmse=0.0491 h1=0.0003 ssim=0.3316 mlw=74.6882]
epoch 1 step 30  loss=0.141108  lr=7.93e-06  [rmse=0.0429 h1=0.0005 ssim=0.2353 mlw=54.8134]
epoch 1 step 40  loss=0.141882  lr=1.04e-05  [rmse=0.1787 h1=0.0021 ssim=0.5764 mlw=58.6198]
epoch 1 step 50  loss=0.136538  lr=1.29e-05  [rmse=0.0563 h1=0.0004 ssim=0.3083 mlw=62.0878]
epoch 1 step 60  loss=0.134500  lr=1.54e-05  [rmse=0.0140 h1=0.0000 ssim=0.0334 mlw=118.2353]
epoch 1 step 70  loss=0.130319  lr=1.78e-05  [rmse=0.0395 h1=0.0005 ssim=0.3211 mlw=56.0862]
epoch 1 step 80  loss=0.125926  lr=2.03e-05  [rmse=0.0693 h1=0.0007 ssim=0.3315 mlw=60.5460]
epoch 1 step 90  loss=0.124852  lr=2.28e-05  [rmse=0.1874 h1=0.0020 ssim=0.4013 mlw=89.3207]
epoch 1 step 100  loss=0.121026  lr=2.53e-05  [rmse=0.0439 h1=0.0006 ssim=0.1934 mlw=93.9939]
epoch 1 step 110  loss=0.117705  lr=2.77e-05  [rmse=0.0266 h1=0.0003 ssim=0.1564 mlw=58.0280]
epoch 1 step 120  loss=0.115265  lr=3.02e-05  [rmse=0.0400 h1=0.0007 ssim=0.2505 mlw=58.4930]
INFO     [rank 0] Loss weights: rmse=1.0000, h1=50.0000,      vae_trainer.py:737
         ssim=0.1500, mlw=0.0000                                                
INFO     [rank 0] Epoch 1: train_loss=0.115265                vae_trainer.py:758
         val_loss=0.085519  val_VRMSE=0.252364  lr=3.02e-05                     
INFO     [rank 0] Metrics updated: metrics/metrics.csv,       vae_trainer.py:778
         metrics/loss_curves.png                                                
INFO     [rank 0] Saved 8 validation reconstruction PNGs for  vae_trainer.py:929
         epoch 1                                                                
INFO     [rank 0] New best checkpoint (epoch 1,              vae_trainer.py:1007
         val_vrmse=0.252364):                                                   
         checkpoints/vae_shockwave_best.safetensors                             
INFO     [rank 0] Training state saved:                      vae_trainer.py:1067
         checkpoints/vae_shockwave_last.state.pt                                
INFO     [rank 0] Epoch 1 timing: train=1432.6s eval=986.4s   vae_trainer.py:814
         viz=11.7s ckpt=4.3s total=2436.0s                                      
epoch 2 step 130  loss=0.085528  lr=3.27e-05  [rmse=0.0160 h1=0.0000 ssim=0.1559 mlw=103.6941]
epoch 2 step 140  loss=0.083759  lr=3.52e-05  [rmse=0.0315 h1=0.0007 ssim=0.2400 mlw=55.0385]
epoch 2 step 150  loss=0.080745  lr=3.76e-05  [rmse=0.0107 h1=0.0001 ssim=0.0626 mlw=111.8817]
epoch 2 step 160  loss=0.076393  lr=4.01e-05  [rmse=0.0205 h1=0.0003 ssim=0.1552 mlw=59.2873]
epoch 2 step 170  loss=0.073137  lr=4.26e-05  [rmse=0.0291 h1=0.0003 ssim=0.1942 mlw=58.9353]
epoch 2 step 180  loss=0.075203  lr=4.51e-05  [rmse=0.0222 h1=0.0001 ssim=0.1127 mlw=64.0965]
epoch 2 step 190  loss=0.075347  lr=4.75e-05  [rmse=0.0325 h1=0.0007 ssim=0.2010 mlw=64.6115]
epoch 2 step 200  loss=0.074410  lr=5.00e-05  [rmse=0.0236 h1=0.0004 ssim=0.1536 mlw=66.7717]
epoch 2 step 210  loss=0.074837  lr=5.00e-05  [rmse=0.0207 h1=0.0002 ssim=0.1270 mlw=68.2274]
epoch 2 step 220  loss=0.073670  lr=5.00e-05  [rmse=0.0398 h1=0.0013 ssim=0.1694 mlw=65.6696]
epoch 2 step 230  loss=0.072959  lr=4.67e-05  [rmse=0.0267 h1=0.0005 ssim=0.1275 mlw=54.2675]
epoch 2 step 240  loss=0.071014  lr=1.00e-06  [rmse=0.0106 h1=0.0001 ssim=0.0462 mlw=93.4186]
INFO     [rank 0] Loss weights: rmse=1.0000, h1=50.0000,      vae_trainer.py:737
         ssim=0.1500, mlw=0.0000                                                
INFO     [rank 0] Epoch 2: train_loss=0.071014                vae_trainer.py:758
         val_loss=0.056493  val_VRMSE=0.137012  lr=1.00e-06                     
INFO     [rank 0] Metrics updated: metrics/metrics.csv,       vae_trainer.py:778
         metrics/loss_curves.png                                                
INFO     [rank 0] Saved 8 validation reconstruction PNGs for  vae_trainer.py:929
         epoch 2                                                                
INFO     [rank 0] New best checkpoint (epoch 2,              vae_trainer.py:1007
         val_vrmse=0.137012):                                                   
         checkpoints/vae_shockwave_best.safetensors                             
INFO     [rank 0] Training state saved:                      vae_trainer.py:1067
         checkpoints/vae_shockwave_last.state.pt                                
INFO     [rank 0] Epoch 2 timing: train=1426.8s eval=1002.1s  vae_trainer.py:814
         viz=11.7s ckpt=4.3s total=2445.4s                                      
╭──────────────────────────────────────────────────────────────────────────────╮
╰──────────────────────────────────────────────────────────────────────────────╯INFO     [rank 0] Training state saved:                      vae_trainer.py:1067
         checkpoints/vae_shockwave_last.state.pt                                
INFO     [rank 0] Best epoch: 2 (val_vrmse=0.137012)          vae_trainer.py:832

Training complete. Checkpoint: 
/hppfs/scratch/0D/go76fuz2/windinet/finetune_vae_outputs_sng_pvc/finetune_vae_ba
seline_diag_base/checkpoints/vae_shockwave_best.safetensors
END TIME: Sun 02 Aug 2026 06:57:25 PM CEST
Diagnostic run -- weights/state left on $SCRATCH under /hppfs/scratch/0D/go76fuz2/windinet/finetune_vae_outputs_sng_pvc/finetune_vae_baseline_diag_base, NOT mirrored to git (throwaway).
