START TIME: Wed 05 Aug 2026 01:06:25 AM CEST
job=521385 node=i20r06c03s04
+-----------+--------------------------------------------------------------------------------------+
| Device ID | Device Information                                                                   |
+-----------+--------------------------------------------------------------------------------------+
| 0         | Device Name: Intel(R) Data Center GPU Max 1550                                       |
|           | Vendor Name: Intel(R) Corporation                                                    |
|           | SOC UUID: 00000000-0000-003a-0000-002f0bd58086                                       |
|           | PCI BDF Address: 0000:3a:00.0                                                        |
|           | DRM Device: /dev/dri/card0                                                           |
|           | Function Type: physical                                                              |
+-----------+--------------------------------------------------------------------------------------+
| 1         | Device Name: Intel(R) Data Center GPU Max 1550                                       |
|           | Vendor Name: Intel(R) Corporation                                                    |
|           | SOC UUID: 00000000-0000-004b-0000-002f0bd58086                                       |
|           | PCI BDF Address: 0000:4b:00.0                                                        |
|           | DRM Device: /dev/dri/card1                                                           |
|           | Function Type: physical                                                              |
+-----------+--------------------------------------------------------------------------------------+
| 2         | Device Name: Intel(R) Data Center GPU Max 1550                                       |
|           | Vendor Name: Intel(R) Corporation                                                    |
|           | SOC UUID: 00000000-0000-00ca-0000-002f0bd58086                                       |
|           | PCI BDF Address: 0000:ca:00.0                                                        |
|           | DRM Device: /dev/dri/card2                                                           |
|           | Function Type: physical                                                              |
+-----------+--------------------------------------------------------------------------------------+
| 3         | Device Name: Intel(R) Data Center GPU Max 1550                                       |
|           | Vendor Name: Intel(R) Corporation                                                    |
|           | SOC UUID: 00000000-0000-00da-0000-002f0bd58086                                       |
|           | PCI BDF Address: 0000:da:00.0                                                        |
|           | DRM Device: /dev/dri/card3                                                           |
|           | Function Type: physical                                                              |
+-----------+--------------------------------------------------------------------------------------+
MASTER_ADDR: i20r06c03s04  MASTER_PORT: 47379
8 XPU tiles x accum 4 -> effective batch 32; output_dir /hppfs/scratch/0D/go76fuz2/windinet/finetune_vae_outputs_sng_pvc/finetune_vae_overfit_lr5e5_wsd_head012
INFO     [rank 1] Failed to extract font properties from    font_manager.py:1107
         /usr/share/fonts/truetype/Cantarell-VF.otf: Can                        
         not load face (SFNT font table missing; error code                     
         0x8e)                                                                  
INFO     [rank 2] Failed to extract font properties from    font_manager.py:1107
         /usr/share/fonts/truetype/Cantarell-VF.otf: Can                        
         not load face (SFNT font table missing; error code                     
         0x8e)                                                                  
INFO     [rank 5] Failed to extract font properties from    font_manager.py:1107
         /usr/share/fonts/truetype/Cantarell-VF.otf: Can                        
         not load face (SFNT font table missing; error code                     
         0x8e)                                                                  
INFO     [rank 3] Failed to extract font properties from    font_manager.py:1107
         /usr/share/fonts/truetype/Cantarell-VF.otf: Can                        
         not load face (SFNT font table missing; error code                     
         0x8e)                                                                  
INFO     [rank 4] Failed to extract font properties from    font_manager.py:1107
         /usr/share/fonts/truetype/Cantarell-VF.otf: Can                        
         not load face (SFNT font table missing; error code                     
         0x8e)                                                                  
INFO     [rank 7] Failed to extract font properties from    font_manager.py:1107
         /usr/share/fonts/truetype/Cantarell-VF.otf: Can                        
         not load face (SFNT font table missing; error code                     
         0x8e)                                                                  
INFO     [rank 0] Failed to extract font properties from    font_manager.py:1107
         /usr/share/fonts/truetype/Cantarell-VF.otf: Can                        
         not load face (SFNT font table missing; error code                     
         0x8e)                                                                  
INFO     [rank 6] Failed to extract font properties from    font_manager.py:1107
         /usr/share/fonts/truetype/Cantarell-VF.otf: Can                        
         not load face (SFNT font table missing; error code                     
         0x8e)                                                                  
INFO     [rank 5] generated new fontManager                 font_manager.py:1639
INFO     [rank 2] generated new fontManager                 font_manager.py:1639
INFO     [rank 6] generated new fontManager                 font_manager.py:1639
INFO     [rank 4] generated new fontManager                 font_manager.py:1639
INFO     [rank 3] generated new fontManager                 font_manager.py:1639
INFO     [rank 1] generated new fontManager                 font_manager.py:1639
INFO     [rank 7] generated new fontManager                 font_manager.py:1639
INFO     [rank 0] generated new fontManager                 font_manager.py:1639
                          VAE Finetuning Configuration                          
┏━━━━━━━━━━━━━━━━━━━━━━━━━━━━━━━━━━━━━━┳━━━━━━━━━━━━━━━━━━━━━━━━━━━━━━━━━━━━━━━┓
┃ Parameter                            ┃ Value                                 ┃
┡━━━━━━━━━━━━━━━━━━━━━━━━━━━━━━━━━━━━━━╇━━━━━━━━━━━━━━━━━━━━━━━━━━━━━━━━━━━━━━━┩
│ model.model_source                   │ LTXV_2B_0.9.6_DEV                     │
│ model.load_checkpoint                │ None                                  │
│ adapter.enabled                      │ True                                  │
│ adapter.checkpoint                   │ None                                  │
│ adapter.channels                     │ ['density', 'momentum_x',             │
│                                      │ 'momentum_y', 'pressure']             │
│ adapter.mode                         │ inflate                               │
│ adapter.inflate_init                 │ mean                                  │
│ adapter.freeze_conv_in               │ False                                 │
│ adapter.hidden_channels              │ 32                                    │
│ adapter.activation                   │ gelu                                  │
│ adapter.identity_init                │ False                                 │
│ adapter.default_temb                 │ 0.0                                   │
│ adapter.unfreeze_encoder_tail        │ False                                 │
│ adapter.unfreeze_down_blocks         │ [0, 1, 2]                             │
│ data.data_root                       │ /hppfs/scratch/0D/go76fuz2/windinet/… │
│ data.eval_sims                       │ 675                                   │
│ data.num_dataloader_workers          │ 2                                     │
│ data.num_sim_frames                  │ None                                  │
│ data.overfit_sims                    │ 8                                     │
│ data.overfit_repeat                  │ 5                                     │
│ data.channel_mean                    │ [0.905097647712509,                   │
│                                      │ 0.0040453659499771295,                │
│                                      │ -0.0019089379643528095, 0.9           │
│ data.channel_std                     │ [0.6607349375392083,                  │
│                                      │ 0.5328754120427532,                   │
│                                      │ 0.5262512462358824, 0.8050358         │
│ data.normalization_clip              │ 5.0                                   │
│ optimization.learning_rate           │ 5e-05                                 │
│ optimization.adapter_lr_multiplier   │ 1.0                                   │
│ optimization.min_learning_rate       │ 1e-06                                 │
│ optimization.encoder_tail_lr_multip… │ 0.1                                   │
│ optimization.scheduler_type          │ wsd                                   │
│ optimization.stable_fraction         │ 0.7                                   │
│ optimization.epochs                  │ 50                                    │
│ optimization.batch_size              │ 1                                     │
│ optimization.gradient_accumulation_… │ 4                                     │
│ optimization.max_grad_norm           │ 5.0                                   │
│ optimization.weight_decay            │ 0.0                                   │
│ optimization.warmup_steps            │ 50                                    │
│ optimization.warmup_start_factor     │ 0.01                                  │
│ optimization.enable_gradient_checkp… │ True                                  │
│ loss.wavelet                         │ db2                                   │
│ loss.spatial_level                   │ 2                                     │
│ loss.temporal_level                  │ 2                                     │
│ loss.mlw_beta                        │ 10.0                                  │
│ loss.mlw_eps                         │ 1e-06                                 │
│ loss_weighting.strategy              │ fixed                                 │
│ loss_weighting.weights               │ {'rmse': 1.0, 'h1': 50.0, 'ssim':     │
│                                      │ 0.15, 'mlw': 0.0}                     │
│ loss_weighting.loss_names            │ ['rmse', 'h1', 'ssim', 'mlw']         │
│ loss_weighting.alpha                 │ 1.5                                   │
│ loss_weighting.weight_lr             │ 0.025                                 │
│ loss_weighting.temperature           │ 0.1                                   │
│ visualization.enabled                │ True                                  │
│ visualization.interval_epochs        │ 5                                     │
│ visualization.num_samples            │ 2                                     │
│ visualization.frame_numbers          │ [25, 50, 75, 100]                     │
│ visualization.dpi                    │ 150                                   │
│ acceleration.mixed_precision_mode    │ bf16                                  │
│ acceleration.compile_with_inductor   │ False                                 │
│ acceleration.compilation_mode        │ reduce-overhead                       │
│ checkpoints.interval                 │ None                                  │
│ checkpoints.keep_last_n              │ 1                                     │
│ checkpoints.save_best_only           │ True                                  │
│ checkpoints.best_metric              │ val_vrmse                             │
│ checkpoints.save_last_state          │ False                                 │
│ wandb.enabled                        │ False                                 │
│ wandb.project                        │ windinet                              │
│ wandb.entity                         │ None                                  │
│ wandb.tags                           │ ['vae', 'diagnostic', 'overfit',      │
│                                      │ 'wsd', 'encoder-unfreeze-sweep', 'hea │
│ seed                                 │ 42                                    │
│ output_dir                           │ /hppfs/scratch/0D/go76fuz2/windinet/… │
│ clean_output_dir                     │ True                                  │
│ resume_from                          │ None                                  │
│ resume_weights_only                  │ False                                 │
└──────────────────────────────────────┴───────────────────────────────────────┘
INFO     [rank 0] Distributed training: 8 processes          vae_trainer.py:1205
INFO     [rank 0] VAE inflated to 4 native channels           vae_trainer.py:154
         (init=mean); encoder.conv_in is trainable                              
INFO     [rank 0] Encoder extra modules UNFROZEN:             vae_trainer.py:219
         down_blocks[0, 1, 2]                                                   
INFO     [rank 0] VAE gradient checkpointing enabled          vae_trainer.py:225
INFO     [rank 0] VAE loaded. Decoder params: 552,869,953     vae_trainer.py:231
INFO     [rank 0] Trainable parameters:                       vae_trainer.py:304
         encoder_conv_in=221,312, encoder_extra=113,478,080,                    
         decoder=552,869,953, in_adapter=0, out_adapter=0                       
WARNING  [rank 0] OVERFIT DIAGNOSTIC: training and evaluating vae_trainer.py:490
         on the same 8 sims (repeated 5x per epoch).                            
         val_vrmse measures memorization, not generalization.                   
INFO     [rank 0] Dataset: 8 train, 8 eval samples            vae_trainer.py:508
INFO     [rank 0] encoder.conv_in LR = 5.00e-05 (1x decoder   vae_trainer.py:532
         LR 5.00e-05)                                                           
INFO     [rank 0] encoder extra (down_blocks[0, 1, 2]) LR =   vae_trainer.py:550
         5.00e-06 (0.1x decoder LR 5.00e-05)                                    
WARNING  [rank 1] OVERFIT DIAGNOSTIC: training and evaluating vae_trainer.py:490
         on the same 8 sims (repeated 5x per epoch).                            
         val_vrmse measures memorization, not generalization.                   
INFO     [rank 0] LR schedule 'wsd': 100 steps (50 warmup, 35 vae_trainer.py:602
         stable, 15 anneal), peak 5.00e-05 -> floor 1.00e-06                    
WARNING  [rank 2] OVERFIT DIAGNOSTIC: training and evaluating vae_trainer.py:490
         on the same 8 sims (repeated 5x per epoch).                            
         val_vrmse measures memorization, not generalization.                   
WARNING  [rank 3] OVERFIT DIAGNOSTIC: training and evaluating vae_trainer.py:490
         on the same 8 sims (repeated 5x per epoch).                            
         val_vrmse measures memorization, not generalization.                   
WARNING  [rank 4] OVERFIT DIAGNOSTIC: training and evaluating vae_trainer.py:490
         on the same 8 sims (repeated 5x per epoch).                            
         val_vrmse measures memorization, not generalization.                   
2026:08:05-01:17:34:124821 |CCL_WARN| value of CCL_ATL_TRANSPORT changed to be ofi (default:mpi)
2026:08:05-01:17:34:124821 |CCL_WARN| value of CCL_ALLREDUCE changed to be ring (default:)
2026:08:05-01:17:34:124822 |CCL_WARN| could not get local_idx/count from environment variables, trying to get them from ATL
2026:08:05-01:17:34:124823 |CCL_WARN| could not get local_idx/count from environment variables, trying to get them from ATL
2026:08:05-01:17:34:124821 |CCL_WARN| could not get local_idx/count from environment variables, trying to get them from ATL
2026:08:05-01:17:34:124824 |CCL_WARN| could not get local_idx/count from environment variables, trying to get them from ATL
WARNING  [rank 5] OVERFIT DIAGNOSTIC: training and evaluating vae_trainer.py:490
         on the same 8 sims (repeated 5x per epoch).                            
         val_vrmse measures memorization, not generalization.                   
2026:08:05-01:17:34:124825 |CCL_WARN| could not get local_idx/count from environment variables, trying to get them from ATL
WARNING  [rank 6] OVERFIT DIAGNOSTIC: training and evaluating vae_trainer.py:490
         on the same 8 sims (repeated 5x per epoch).                            
         val_vrmse measures memorization, not generalization.                   
2026:08:05-01:17:35:124826 |CCL_WARN| could not get local_idx/count from environment variables, trying to get them from ATL
WARNING  [rank 7] OVERFIT DIAGNOSTIC: training and evaluating vae_trainer.py:490
         on the same 8 sims (repeated 5x per epoch).                            
         val_vrmse measures memorization, not generalization.                   
2026:08:05-01:17:35:124827 |CCL_WARN| could not get local_idx/count from environment variables, trying to get them from ATL
2026:08:05-01:17:35:124828 |CCL_WARN| could not get local_idx/count from environment variables, trying to get them from ATL
INFO     [rank 0] Config saved:                              vae_trainer.py:1229
         /hppfs/scratch/0D/go76fuz2/windinet/finetune_vae_ou                    
         tputs_sng_pvc/finetune_vae_overfit_lr5e5_wsd_head01                    
         2/training_config.yaml                                                 
INFO     [rank 0] Starting VAE decoder finetuning...          vae_trainer.py:650
INFO     [rank 0] Loss weights: rmse=1.0000, h1=50.0000,      vae_trainer.py:806
         ssim=0.1500, mlw=0.0000                                                
INFO     [rank 0] Epoch 1: train_loss=0.132343                vae_trainer.py:827
         val_loss=0.174010  val_VRMSE=0.491205  lr=2.48e-06                     
INFO     [rank 0] Metrics updated: metrics/metrics.csv,       vae_trainer.py:847
         metrics/loss_curves.png                                                
INFO     [rank 0] Epoch 1 timing: train=43.6s eval=4.0s       vae_trainer.py:883
         viz=0.0s ckpt=0.0s total=48.5s                                         
INFO     [rank 0] Loss weights: rmse=1.0000, h1=50.0000,      vae_trainer.py:806
         ssim=0.1500, mlw=0.0000                                                
INFO     [rank 0] Epoch 2: train_loss=0.175607                vae_trainer.py:827
         val_loss=0.169089  val_VRMSE=0.484400  lr=4.46e-06                     
INFO     [rank 0] Metrics updated: metrics/metrics.csv,       vae_trainer.py:847
         metrics/loss_curves.png                                                
INFO     [rank 0] Epoch 2 timing: train=14.5s eval=3.9s       vae_trainer.py:883
         viz=0.0s ckpt=0.0s total=19.0s                                         
INFO     [rank 0] Loss weights: rmse=1.0000, h1=50.0000,      vae_trainer.py:806
         ssim=0.1500, mlw=0.0000                                                
INFO     [rank 0] Epoch 3: train_loss=0.127602                vae_trainer.py:827
         val_loss=0.163363  val_VRMSE=0.485486  lr=6.44e-06                     
INFO     [rank 0] Metrics updated: metrics/metrics.csv,       vae_trainer.py:847
         metrics/loss_curves.png                                                
INFO     [rank 0] Epoch 3 timing: train=14.2s eval=3.9s       vae_trainer.py:883
         viz=0.0s ckpt=0.0s total=18.7s                                         
INFO     [rank 0] Loss weights: rmse=1.0000, h1=50.0000,      vae_trainer.py:806
         ssim=0.1500, mlw=0.0000                                                
INFO     [rank 0] Epoch 4: train_loss=0.157343                vae_trainer.py:827
         val_loss=0.160607  val_VRMSE=0.478162  lr=8.42e-06                     
INFO     [rank 0] Metrics updated: metrics/metrics.csv,       vae_trainer.py:847
         metrics/loss_curves.png                                                
INFO     [rank 0] Epoch 4 timing: train=14.2s eval=4.0s       vae_trainer.py:883
         viz=0.0s ckpt=0.0s total=18.7s                                         
epoch 5 step 10  loss=0.179159  lr=1.04e-05  [rmse=0.0838 h1=0.0008 ssim=0.2620 mlw=94.9352]
INFO     [rank 0] Loss weights: rmse=1.0000, h1=50.0000,      vae_trainer.py:806
         ssim=0.1500, mlw=0.0000                                                
INFO     [rank 0] Epoch 5: train_loss=0.179159                vae_trainer.py:827
         val_loss=0.159609  val_VRMSE=0.475337  lr=1.04e-05                     
INFO     [rank 0] Metrics updated: metrics/metrics.csv,       vae_trainer.py:847
         metrics/loss_curves.png                                                
INFO     [rank 0] Saved 8 validation reconstruction PNGs for  vae_trainer.py:998
         epoch 5                                                                
INFO     [rank 0] Epoch 5 timing: train=14.3s eval=3.9s       vae_trainer.py:883
         viz=8.3s ckpt=0.0s total=27.0s                                         
INFO     [rank 0] Loss weights: rmse=1.0000, h1=50.0000,      vae_trainer.py:806
         ssim=0.1500, mlw=0.0000                                                
INFO     [rank 0] Epoch 6: train_loss=0.131073                vae_trainer.py:827
         val_loss=0.157379  val_VRMSE=0.472143  lr=1.24e-05                     
INFO     [rank 0] Metrics updated: metrics/metrics.csv,       vae_trainer.py:847
         metrics/loss_curves.png                                                
INFO     [rank 0] Epoch 6 timing: train=14.2s eval=4.0s       vae_trainer.py:883
         viz=0.0s ckpt=0.0s total=18.7s                                         
INFO     [rank 0] Loss weights: rmse=1.0000, h1=50.0000,      vae_trainer.py:806
         ssim=0.1500, mlw=0.0000                                                
INFO     [rank 0] Epoch 7: train_loss=0.139703                vae_trainer.py:827
         val_loss=0.155021  val_VRMSE=0.472730  lr=1.44e-05                     
INFO     [rank 0] Metrics updated: metrics/metrics.csv,       vae_trainer.py:847
         metrics/loss_curves.png                                                
INFO     [rank 0] Epoch 7 timing: train=14.3s eval=4.0s       vae_trainer.py:883
         viz=0.0s ckpt=0.0s total=18.7s                                         
INFO     [rank 0] Loss weights: rmse=1.0000, h1=50.0000,      vae_trainer.py:806
         ssim=0.1500, mlw=0.0000                                                
INFO     [rank 0] Epoch 8: train_loss=0.176965                vae_trainer.py:827
         val_loss=0.154537  val_VRMSE=0.469996  lr=1.63e-05                     
INFO     [rank 0] Metrics updated: metrics/metrics.csv,       vae_trainer.py:847
         metrics/loss_curves.png                                                
INFO     [rank 0] Epoch 8 timing: train=14.3s eval=4.0s       vae_trainer.py:883
         viz=0.0s ckpt=0.0s total=18.9s                                         
INFO     [rank 0] Loss weights: rmse=1.0000, h1=50.0000,      vae_trainer.py:806
         ssim=0.1500, mlw=0.0000                                                
INFO     [rank 0] Epoch 9: train_loss=0.184576                vae_trainer.py:827
         val_loss=0.154580  val_VRMSE=0.470315  lr=1.83e-05                     
INFO     [rank 0] Metrics updated: metrics/metrics.csv,       vae_trainer.py:847
         metrics/loss_curves.png                                                
INFO     [rank 0] Epoch 9 timing: train=14.5s eval=4.0s       vae_trainer.py:883
         viz=0.0s ckpt=0.0s total=19.0s                                         
epoch 10 step 20  loss=0.179974  lr=2.03e-05  [rmse=0.1862 h1=0.0002 ssim=0.4572 mlw=77.0465]
INFO     [rank 0] Loss weights: rmse=1.0000, h1=50.0000,      vae_trainer.py:806
         ssim=0.1500, mlw=0.0000                                                
INFO     [rank 0] Epoch 10: train_loss=0.179974               vae_trainer.py:827
         val_loss=0.152804  val_VRMSE=0.470277  lr=2.03e-05                     
INFO     [rank 0] Metrics updated: metrics/metrics.csv,       vae_trainer.py:847
         metrics/loss_curves.png                                                
INFO     [rank 0] Saved 8 validation reconstruction PNGs for  vae_trainer.py:998
         epoch 10                                                               
INFO     [rank 0] Epoch 10 timing: train=14.4s eval=4.0s      vae_trainer.py:883
         viz=8.3s ckpt=0.0s total=27.2s                                         
INFO     [rank 0] Loss weights: rmse=1.0000, h1=50.0000,      vae_trainer.py:806
         ssim=0.1500, mlw=0.0000                                                
INFO     [rank 0] Epoch 11: train_loss=0.168914               vae_trainer.py:827
         val_loss=0.153252  val_VRMSE=0.471142  lr=2.23e-05                     
INFO     [rank 0] Metrics updated: metrics/metrics.csv,       vae_trainer.py:847
         metrics/loss_curves.png                                                
INFO     [rank 0] Epoch 11 timing: train=14.4s eval=4.0s      vae_trainer.py:883
         viz=0.0s ckpt=0.0s total=18.8s                                         
INFO     [rank 0] Loss weights: rmse=1.0000, h1=50.0000,      vae_trainer.py:806
         ssim=0.1500, mlw=0.0000                                                
INFO     [rank 0] Epoch 12: train_loss=0.171377               vae_trainer.py:827
         val_loss=0.149962  val_VRMSE=0.462180  lr=2.43e-05                     
INFO     [rank 0] Metrics updated: metrics/metrics.csv,       vae_trainer.py:847
         metrics/loss_curves.png                                                
INFO     [rank 0] Epoch 12 timing: train=14.5s eval=4.0s      vae_trainer.py:883
         viz=0.0s ckpt=0.0s total=19.0s                                         
INFO     [rank 0] Loss weights: rmse=1.0000, h1=50.0000,      vae_trainer.py:806
         ssim=0.1500, mlw=0.0000                                                
INFO     [rank 0] Epoch 13: train_loss=0.116705               vae_trainer.py:827
         val_loss=0.148235  val_VRMSE=0.464034  lr=2.62e-05                     
INFO     [rank 0] Metrics updated: metrics/metrics.csv,       vae_trainer.py:847
         metrics/loss_curves.png                                                
INFO     [rank 0] Epoch 13 timing: train=14.4s eval=4.0s      vae_trainer.py:883
         viz=0.0s ckpt=0.0s total=19.0s                                         
INFO     [rank 0] Loss weights: rmse=1.0000, h1=50.0000,      vae_trainer.py:806
         ssim=0.1500, mlw=0.0000                                                
INFO     [rank 0] Epoch 14: train_loss=0.116434               vae_trainer.py:827
         val_loss=0.145977  val_VRMSE=0.458573  lr=2.82e-05                     
INFO     [rank 0] Metrics updated: metrics/metrics.csv,       vae_trainer.py:847
         metrics/loss_curves.png                                                
INFO     [rank 0] Epoch 14 timing: train=14.4s eval=4.0s      vae_trainer.py:883
         viz=0.0s ckpt=0.0s total=18.9s                                         
epoch 15 step 30  loss=0.162588  lr=3.02e-05  [rmse=0.1309 h1=0.0003 ssim=0.4309 mlw=64.8769]
INFO     [rank 0] Loss weights: rmse=1.0000, h1=50.0000,      vae_trainer.py:806
         ssim=0.1500, mlw=0.0000                                                
INFO     [rank 0] Epoch 15: train_loss=0.162588               vae_trainer.py:827
         val_loss=0.144630  val_VRMSE=0.453145  lr=3.02e-05                     
INFO     [rank 0] Metrics updated: metrics/metrics.csv,       vae_trainer.py:847
         metrics/loss_curves.png                                                
INFO     [rank 0] Saved 8 validation reconstruction PNGs for  vae_trainer.py:998
         epoch 15                                                               
INFO     [rank 0] Epoch 15 timing: train=14.4s eval=4.0s      vae_trainer.py:883
         viz=8.1s ckpt=0.0s total=27.3s                                         
INFO     [rank 0] Loss weights: rmse=1.0000, h1=50.0000,      vae_trainer.py:806
         ssim=0.1500, mlw=0.0000                                                
INFO     [rank 0] Epoch 16: train_loss=0.126561               vae_trainer.py:827
         val_loss=0.143508  val_VRMSE=0.454943  lr=3.22e-05                     
INFO     [rank 0] Metrics updated: metrics/metrics.csv,       vae_trainer.py:847
         metrics/loss_curves.png                                                
INFO     [rank 0] Epoch 16 timing: train=17.1s eval=4.0s      vae_trainer.py:883
         viz=0.0s ckpt=0.0s total=21.6s                                         
INFO     [rank 0] Loss weights: rmse=1.0000, h1=50.0000,      vae_trainer.py:806
         ssim=0.1500, mlw=0.0000                                                
INFO     [rank 0] Epoch 17: train_loss=0.154133               vae_trainer.py:827
         val_loss=0.142549  val_VRMSE=0.446989  lr=3.42e-05                     
INFO     [rank 0] Metrics updated: metrics/metrics.csv,       vae_trainer.py:847
         metrics/loss_curves.png                                                
INFO     [rank 0] Epoch 17 timing: train=14.5s eval=4.0s      vae_trainer.py:883
         viz=0.0s ckpt=0.0s total=19.0s                                         
INFO     [rank 0] Loss weights: rmse=1.0000, h1=50.0000,      vae_trainer.py:806
         ssim=0.1500, mlw=0.0000                                                
INFO     [rank 0] Epoch 18: train_loss=0.111788               vae_trainer.py:827
         val_loss=0.139427  val_VRMSE=0.442441  lr=3.61e-05                     
INFO     [rank 0] Metrics updated: metrics/metrics.csv,       vae_trainer.py:847
         metrics/loss_curves.png                                                
INFO     [rank 0] Epoch 18 timing: train=14.4s eval=4.0s      vae_trainer.py:883
         viz=0.0s ckpt=0.0s total=18.9s                                         
INFO     [rank 0] Loss weights: rmse=1.0000, h1=50.0000,      vae_trainer.py:806
         ssim=0.1500, mlw=0.0000                                                
INFO     [rank 0] Epoch 19: train_loss=0.159792               vae_trainer.py:827
         val_loss=0.138824  val_VRMSE=0.432061  lr=3.81e-05                     
INFO     [rank 0] Metrics updated: metrics/metrics.csv,       vae_trainer.py:847
         metrics/loss_curves.png                                                
INFO     [rank 0] Epoch 19 timing: train=14.3s eval=4.0s      vae_trainer.py:883
         viz=0.0s ckpt=0.0s total=19.1s                                         
epoch 20 step 40  loss=0.127521  lr=4.01e-05  [rmse=0.1292 h1=0.0003 ssim=0.3994 mlw=68.2828]
INFO     [rank 0] Loss weights: rmse=1.0000, h1=50.0000,      vae_trainer.py:806
         ssim=0.1500, mlw=0.0000                                                
INFO     [rank 0] Epoch 20: train_loss=0.127521               vae_trainer.py:827
         val_loss=0.132027  val_VRMSE=0.407120  lr=4.01e-05                     
INFO     [rank 0] Metrics updated: metrics/metrics.csv,       vae_trainer.py:847
         metrics/loss_curves.png                                                
INFO     [rank 0] Saved 8 validation reconstruction PNGs for  vae_trainer.py:998
         epoch 20                                                               
INFO     [rank 0] Epoch 20 timing: train=14.5s eval=4.0s      vae_trainer.py:883
         viz=8.2s ckpt=0.0s total=27.2s                                         
INFO     [rank 0] Loss weights: rmse=1.0000, h1=50.0000,      vae_trainer.py:806
         ssim=0.1500, mlw=0.0000                                                
INFO     [rank 0] Epoch 21: train_loss=0.101939               vae_trainer.py:827
         val_loss=0.114358  val_VRMSE=0.323326  lr=4.21e-05                     
INFO     [rank 0] Metrics updated: metrics/metrics.csv,       vae_trainer.py:847
         metrics/loss_curves.png                                                
INFO     [rank 0] Epoch 21 timing: train=14.3s eval=4.0s      vae_trainer.py:883
         viz=0.0s ckpt=0.0s total=19.0s                                         
INFO     [rank 0] Loss weights: rmse=1.0000, h1=50.0000,      vae_trainer.py:806
         ssim=0.1500, mlw=0.0000                                                
INFO     [rank 0] Epoch 22: train_loss=0.122503               vae_trainer.py:827
         val_loss=0.111065  val_VRMSE=0.270975  lr=4.41e-05                     
INFO     [rank 0] Metrics updated: metrics/metrics.csv,       vae_trainer.py:847
         metrics/loss_curves.png                                                
INFO     [rank 0] Epoch 22 timing: train=14.5s eval=4.0s      vae_trainer.py:883
         viz=0.0s ckpt=0.0s total=19.0s                                         
INFO     [rank 0] Loss weights: rmse=1.0000, h1=50.0000,      vae_trainer.py:806
         ssim=0.1500, mlw=0.0000                                                
INFO     [rank 0] Epoch 23: train_loss=0.092438               vae_trainer.py:827
         val_loss=0.130523  val_VRMSE=0.318077  lr=4.60e-05                     
INFO     [rank 0] Metrics updated: metrics/metrics.csv,       vae_trainer.py:847
         metrics/loss_curves.png                                                
INFO     [rank 0] Epoch 23 timing: train=14.3s eval=4.0s      vae_trainer.py:883
         viz=0.0s ckpt=0.0s total=18.8s                                         
INFO     [rank 0] Loss weights: rmse=1.0000, h1=50.0000,      vae_trainer.py:806
         ssim=0.1500, mlw=0.0000                                                
INFO     [rank 0] Epoch 24: train_loss=0.083733               vae_trainer.py:827
         val_loss=0.104681  val_VRMSE=0.253596  lr=4.80e-05                     
INFO     [rank 0] Metrics updated: metrics/metrics.csv,       vae_trainer.py:847
         metrics/loss_curves.png                                                
INFO     [rank 0] Epoch 24 timing: train=14.4s eval=4.0s      vae_trainer.py:883
         viz=0.0s ckpt=0.0s total=18.9s                                         
epoch 25 step 50  loss=0.105727  lr=5.00e-05  [rmse=0.0309 h1=0.0002 ssim=0.1200 mlw=78.8971]
INFO     [rank 0] Loss weights: rmse=1.0000, h1=50.0000,      vae_trainer.py:806
         ssim=0.1500, mlw=0.0000                                                
INFO     [rank 0] Epoch 25: train_loss=0.105727               vae_trainer.py:827
         val_loss=0.092482  val_VRMSE=0.217189  lr=5.00e-05                     
INFO     [rank 0] Metrics updated: metrics/metrics.csv,       vae_trainer.py:847
         metrics/loss_curves.png                                                
INFO     [rank 0] Saved 8 validation reconstruction PNGs for  vae_trainer.py:998
         epoch 25                                                               
INFO     [rank 0] Epoch 25 timing: train=14.5s eval=4.0s      vae_trainer.py:883
         viz=8.3s ckpt=0.0s total=27.3s                                         
INFO     [rank 0] Loss weights: rmse=1.0000, h1=50.0000,      vae_trainer.py:806
         ssim=0.1500, mlw=0.0000                                                
INFO     [rank 0] Epoch 26: train_loss=0.089773               vae_trainer.py:827
         val_loss=0.091615  val_VRMSE=0.219132  lr=5.00e-05                     
INFO     [rank 0] Metrics updated: metrics/metrics.csv,       vae_trainer.py:847
         metrics/loss_curves.png                                                
INFO     [rank 0] Epoch 26 timing: train=14.5s eval=4.0s      vae_trainer.py:883
         viz=0.0s ckpt=0.0s total=19.0s                                         
INFO     [rank 0] Loss weights: rmse=1.0000, h1=50.0000,      vae_trainer.py:806
         ssim=0.1500, mlw=0.0000                                                
INFO     [rank 0] Epoch 27: train_loss=0.104252               vae_trainer.py:827
         val_loss=0.081228  val_VRMSE=0.196486  lr=5.00e-05                     
INFO     [rank 0] Metrics updated: metrics/metrics.csv,       vae_trainer.py:847
         metrics/loss_curves.png                                                
INFO     [rank 0] Epoch 27 timing: train=14.2s eval=5.6s      vae_trainer.py:883
         viz=0.0s ckpt=0.0s total=20.3s                                         
INFO     [rank 0] Loss weights: rmse=1.0000, h1=50.0000,      vae_trainer.py:806
         ssim=0.1500, mlw=0.0000                                                
INFO     [rank 0] Epoch 28: train_loss=0.080273               vae_trainer.py:827
         val_loss=0.084822  val_VRMSE=0.194107  lr=5.00e-05                     
INFO     [rank 0] Metrics updated: metrics/metrics.csv,       vae_trainer.py:847
         metrics/loss_curves.png                                                
INFO     [rank 0] Epoch 28 timing: train=14.4s eval=4.0s      vae_trainer.py:883
         viz=0.0s ckpt=0.0s total=19.1s                                         
INFO     [rank 0] Loss weights: rmse=1.0000, h1=50.0000,      vae_trainer.py:806
         ssim=0.1500, mlw=0.0000                                                
INFO     [rank 0] Epoch 29: train_loss=0.086529               vae_trainer.py:827
         val_loss=0.090405  val_VRMSE=0.218394  lr=5.00e-05                     
INFO     [rank 0] Metrics updated: metrics/metrics.csv,       vae_trainer.py:847
         metrics/loss_curves.png                                                
INFO     [rank 0] Epoch 29 timing: train=14.3s eval=4.0s      vae_trainer.py:883
         viz=0.0s ckpt=0.0s total=18.8s                                         
epoch 30 step 60  loss=0.094702  lr=5.00e-05  [rmse=0.0291 h1=0.0004 ssim=0.1556 mlw=60.1984]
INFO     [rank 0] Loss weights: rmse=1.0000, h1=50.0000,      vae_trainer.py:806
         ssim=0.1500, mlw=0.0000                                                
INFO     [rank 0] Epoch 30: train_loss=0.094702               vae_trainer.py:827
         val_loss=0.086361  val_VRMSE=0.212094  lr=5.00e-05                     
INFO     [rank 0] Metrics updated: metrics/metrics.csv,       vae_trainer.py:847
         metrics/loss_curves.png                                                
INFO     [rank 0] Saved 8 validation reconstruction PNGs for  vae_trainer.py:998
         epoch 30                                                               
INFO     [rank 0] Epoch 30 timing: train=14.5s eval=4.0s      vae_trainer.py:883
         viz=8.4s ckpt=0.0s total=27.5s                                         
INFO     [rank 0] Loss weights: rmse=1.0000, h1=50.0000,      vae_trainer.py:806
         ssim=0.1500, mlw=0.0000                                                
INFO     [rank 0] Epoch 31: train_loss=0.082174               vae_trainer.py:827
         val_loss=0.087428  val_VRMSE=0.213550  lr=5.00e-05                     
INFO     [rank 0] Metrics updated: metrics/metrics.csv,       vae_trainer.py:847
         metrics/loss_curves.png                                                
INFO     [rank 0] Epoch 31 timing: train=14.4s eval=4.0s      vae_trainer.py:883
         viz=0.0s ckpt=0.0s total=19.0s                                         
INFO     [rank 0] Loss weights: rmse=1.0000, h1=50.0000,      vae_trainer.py:806
         ssim=0.1500, mlw=0.0000                                                
INFO     [rank 0] Epoch 32: train_loss=0.088359               vae_trainer.py:827
         val_loss=0.082233  val_VRMSE=0.200729  lr=5.00e-05                     
INFO     [rank 0] Metrics updated: metrics/metrics.csv,       vae_trainer.py:847
         metrics/loss_curves.png                                                
INFO     [rank 0] Epoch 32 timing: train=14.4s eval=4.0s      vae_trainer.py:883
         viz=0.0s ckpt=0.0s total=18.9s                                         
INFO     [rank 0] Loss weights: rmse=1.0000, h1=50.0000,      vae_trainer.py:806
         ssim=0.1500, mlw=0.0000                                                
INFO     [rank 0] Epoch 33: train_loss=0.077721               vae_trainer.py:827
         val_loss=0.092874  val_VRMSE=0.235990  lr=5.00e-05                     
INFO     [rank 0] Metrics updated: metrics/metrics.csv,       vae_trainer.py:847
         metrics/loss_curves.png                                                
INFO     [rank 0] Epoch 33 timing: train=14.6s eval=4.0s      vae_trainer.py:883
         viz=0.0s ckpt=0.0s total=19.1s                                         
INFO     [rank 0] Loss weights: rmse=1.0000, h1=50.0000,      vae_trainer.py:806
         ssim=0.1500, mlw=0.0000                                                
INFO     [rank 0] Epoch 34: train_loss=0.095779               vae_trainer.py:827
         val_loss=0.076054  val_VRMSE=0.182770  lr=5.00e-05                     
INFO     [rank 0] Metrics updated: metrics/metrics.csv,       vae_trainer.py:847
         metrics/loss_curves.png                                                
INFO     [rank 0] Epoch 34 timing: train=14.4s eval=4.0s      vae_trainer.py:883
         viz=0.0s ckpt=0.0s total=19.0s                                         
epoch 35 step 70  loss=0.077576  lr=5.00e-05  [rmse=0.0383 h1=0.0006 ssim=0.1113 mlw=75.4913]
INFO     [rank 0] Loss weights: rmse=1.0000, h1=50.0000,      vae_trainer.py:806
         ssim=0.1500, mlw=0.0000                                                
INFO     [rank 0] Epoch 35: train_loss=0.077576               vae_trainer.py:827
         val_loss=0.084656  val_VRMSE=0.200845  lr=5.00e-05                     
INFO     [rank 0] Metrics updated: metrics/metrics.csv,       vae_trainer.py:847
         metrics/loss_curves.png                                                
INFO     [rank 0] Saved 8 validation reconstruction PNGs for  vae_trainer.py:998
         epoch 35                                                               
INFO     [rank 0] Epoch 35 timing: train=14.4s eval=4.0s      vae_trainer.py:883
         viz=8.4s ckpt=0.0s total=27.4s                                         
INFO     [rank 0] Loss weights: rmse=1.0000, h1=50.0000,      vae_trainer.py:806
         ssim=0.1500, mlw=0.0000                                                
INFO     [rank 0] Epoch 36: train_loss=0.079476               vae_trainer.py:827
         val_loss=0.082579  val_VRMSE=0.198337  lr=5.00e-05                     
INFO     [rank 0] Metrics updated: metrics/metrics.csv,       vae_trainer.py:847
         metrics/loss_curves.png                                                
INFO     [rank 0] Epoch 36 timing: train=14.4s eval=4.0s      vae_trainer.py:883
         viz=0.0s ckpt=0.0s total=19.0s                                         
INFO     [rank 0] Loss weights: rmse=1.0000, h1=50.0000,      vae_trainer.py:806
         ssim=0.1500, mlw=0.0000                                                
INFO     [rank 0] Epoch 37: train_loss=0.070653               vae_trainer.py:827
         val_loss=0.073066  val_VRMSE=0.170994  lr=5.00e-05                     
INFO     [rank 0] Metrics updated: metrics/metrics.csv,       vae_trainer.py:847
         metrics/loss_curves.png                                                
INFO     [rank 0] Epoch 37 timing: train=14.4s eval=4.0s      vae_trainer.py:883
         viz=0.0s ckpt=0.0s total=19.2s                                         
INFO     [rank 0] Loss weights: rmse=1.0000, h1=50.0000,      vae_trainer.py:806
         ssim=0.1500, mlw=0.0000                                                
INFO     [rank 0] Epoch 38: train_loss=0.069587               vae_trainer.py:827
         val_loss=0.074631  val_VRMSE=0.167214  lr=5.00e-05                     
INFO     [rank 0] Metrics updated: metrics/metrics.csv,       vae_trainer.py:847
         metrics/loss_curves.png                                                
INFO     [rank 0] Epoch 38 timing: train=14.4s eval=4.1s      vae_trainer.py:883
         viz=0.0s ckpt=0.0s total=19.0s                                         
INFO     [rank 0] Loss weights: rmse=1.0000, h1=50.0000,      vae_trainer.py:806
         ssim=0.1500, mlw=0.0000                                                
INFO     [rank 0] Epoch 39: train_loss=0.077702               vae_trainer.py:827
         val_loss=0.069701  val_VRMSE=0.155572  lr=5.00e-05                     
INFO     [rank 0] Metrics updated: metrics/metrics.csv,       vae_trainer.py:847
         metrics/loss_curves.png                                                
INFO     [rank 0] Epoch 39 timing: train=14.4s eval=4.0s      vae_trainer.py:883
         viz=0.0s ckpt=0.0s total=19.0s                                         
epoch 40 step 80  loss=0.060048  lr=5.00e-05  [rmse=0.0237 h1=0.0002 ssim=0.1058 mlw=74.9811]
INFO     [rank 0] Loss weights: rmse=1.0000, h1=50.0000,      vae_trainer.py:806
         ssim=0.1500, mlw=0.0000                                                
INFO     [rank 0] Epoch 40: train_loss=0.060048               vae_trainer.py:827
         val_loss=0.063987  val_VRMSE=0.155029  lr=5.00e-05                     
INFO     [rank 0] Metrics updated: metrics/metrics.csv,       vae_trainer.py:847
         metrics/loss_curves.png                                                
INFO     [rank 0] Saved 8 validation reconstruction PNGs for  vae_trainer.py:998
         epoch 40                                                               
INFO     [rank 0] Epoch 40 timing: train=14.6s eval=4.0s      vae_trainer.py:883
         viz=8.1s ckpt=0.0s total=27.2s                                         
INFO     [rank 0] Loss weights: rmse=1.0000, h1=50.0000,      vae_trainer.py:806
         ssim=0.1500, mlw=0.0000                                                
INFO     [rank 0] Epoch 41: train_loss=0.066611               vae_trainer.py:827
         val_loss=0.065105  val_VRMSE=0.160687  lr=5.00e-05                     
INFO     [rank 0] Metrics updated: metrics/metrics.csv,       vae_trainer.py:847
         metrics/loss_curves.png                                                
INFO     [rank 0] Epoch 41 timing: train=14.5s eval=4.0s      vae_trainer.py:883
         viz=0.0s ckpt=0.0s total=19.2s                                         
INFO     [rank 0] Loss weights: rmse=1.0000, h1=50.0000,      vae_trainer.py:806
         ssim=0.1500, mlw=0.0000                                                
INFO     [rank 0] Epoch 42: train_loss=0.057625               vae_trainer.py:827
         val_loss=0.065223  val_VRMSE=0.151064  lr=5.00e-05                     
INFO     [rank 0] Metrics updated: metrics/metrics.csv,       vae_trainer.py:847
         metrics/loss_curves.png                                                
INFO     [rank 0] Epoch 42 timing: train=14.4s eval=4.0s      vae_trainer.py:883
         viz=0.0s ckpt=0.0s total=18.9s                                         
INFO     [rank 0] Loss weights: rmse=1.0000, h1=50.0000,      vae_trainer.py:806
         ssim=0.1500, mlw=0.0000                                                
INFO     [rank 0] Epoch 43: train_loss=0.065522               vae_trainer.py:827
         val_loss=0.063412  val_VRMSE=0.147614  lr=4.95e-05                     
INFO     [rank 0] Metrics updated: metrics/metrics.csv,       vae_trainer.py:847
         metrics/loss_curves.png                                                
INFO     [rank 0] Epoch 43 timing: train=14.4s eval=4.0s      vae_trainer.py:883
         viz=0.0s ckpt=0.0s total=18.9s                                         
INFO     [rank 0] Loss weights: rmse=1.0000, h1=50.0000,      vae_trainer.py:806
         ssim=0.1500, mlw=0.0000                                                
INFO     [rank 0] Epoch 44: train_loss=0.066902               vae_trainer.py:827
         val_loss=0.059698  val_VRMSE=0.134766  lr=4.53e-05                     
INFO     [rank 0] Metrics updated: metrics/metrics.csv,       vae_trainer.py:847
         metrics/loss_curves.png                                                
INFO     [rank 0] Epoch 44 timing: train=14.4s eval=4.0s      vae_trainer.py:883
         viz=0.0s ckpt=0.0s total=19.1s                                         
epoch 45 step 90  loss=0.053794  lr=3.78e-05  [rmse=0.0157 h1=0.0002 ssim=0.0841 mlw=74.9572]
INFO     [rank 0] Loss weights: rmse=1.0000, h1=50.0000,      vae_trainer.py:806
         ssim=0.1500, mlw=0.0000                                                
INFO     [rank 0] Epoch 45: train_loss=0.053794               vae_trainer.py:827
         val_loss=0.056587  val_VRMSE=0.125203  lr=3.78e-05                     
INFO     [rank 0] Metrics updated: metrics/metrics.csv,       vae_trainer.py:847
         metrics/loss_curves.png                                                
INFO     [rank 0] Saved 8 validation reconstruction PNGs for  vae_trainer.py:998
         epoch 45                                                               
INFO     [rank 0] Epoch 45 timing: train=14.4s eval=4.0s      vae_trainer.py:883
         viz=8.2s ckpt=0.0s total=27.2s                                         
INFO     [rank 0] Loss weights: rmse=1.0000, h1=50.0000,      vae_trainer.py:806
         ssim=0.1500, mlw=0.0000                                                
INFO     [rank 0] Epoch 46: train_loss=0.056486               vae_trainer.py:827
         val_loss=0.052880  val_VRMSE=0.116339  lr=2.81e-05                     
INFO     [rank 0] Metrics updated: metrics/metrics.csv,       vae_trainer.py:847
         metrics/loss_curves.png                                                
INFO     [rank 0] Epoch 46 timing: train=14.4s eval=4.0s      vae_trainer.py:883
         viz=0.0s ckpt=0.0s total=18.9s                                         
INFO     [rank 0] Loss weights: rmse=1.0000, h1=50.0000,      vae_trainer.py:806
         ssim=0.1500, mlw=0.0000                                                
INFO     [rank 0] Epoch 47: train_loss=0.048406               vae_trainer.py:827
         val_loss=0.052174  val_VRMSE=0.115202  lr=1.79e-05                     
INFO     [rank 0] Metrics updated: metrics/metrics.csv,       vae_trainer.py:847
         metrics/loss_curves.png                                                
INFO     [rank 0] Epoch 47 timing: train=14.5s eval=4.0s      vae_trainer.py:883
         viz=0.0s ckpt=0.0s total=19.0s                                         
INFO     [rank 0] Loss weights: rmse=1.0000, h1=50.0000,      vae_trainer.py:806
         ssim=0.1500, mlw=0.0000                                                
INFO     [rank 0] Epoch 48: train_loss=0.056725               vae_trainer.py:827
         val_loss=0.049464  val_VRMSE=0.109169  lr=9.11e-06                     
INFO     [rank 0] Metrics updated: metrics/metrics.csv,       vae_trainer.py:847
         metrics/loss_curves.png                                                
INFO     [rank 0] Epoch 48 timing: train=14.4s eval=4.0s      vae_trainer.py:883
         viz=0.0s ckpt=0.0s total=18.9s                                         
INFO     [rank 0] Loss weights: rmse=1.0000, h1=50.0000,      vae_trainer.py:806
         ssim=0.1500, mlw=0.0000                                                
INFO     [rank 0] Epoch 49: train_loss=0.042760               vae_trainer.py:827
         val_loss=0.048831  val_VRMSE=0.108068  lr=3.12e-06                     
INFO     [rank 0] Metrics updated: metrics/metrics.csv,       vae_trainer.py:847
         metrics/loss_curves.png                                                
INFO     [rank 0] Epoch 49 timing: train=14.6s eval=4.0s      vae_trainer.py:883
         viz=0.0s ckpt=0.0s total=19.3s                                         
epoch 50 step 100  loss=0.053392  lr=1.00e-06  [rmse=0.0243 h1=0.0005 ssim=0.0728 mlw=71.8400]
INFO     [rank 0] Loss weights: rmse=1.0000, h1=50.0000,      vae_trainer.py:806
         ssim=0.1500, mlw=0.0000                                                
INFO     [rank 0] Epoch 50: train_loss=0.053392               vae_trainer.py:827
         val_loss=0.048399  val_VRMSE=0.107480  lr=1.00e-06                     
INFO     [rank 0] Metrics updated: metrics/metrics.csv,       vae_trainer.py:847
         metrics/loss_curves.png                                                
INFO     [rank 0] Saved 8 validation reconstruction PNGs for  vae_trainer.py:998
         epoch 50                                                               
INFO     [rank 0] Epoch 50 timing: train=14.5s eval=4.1s      vae_trainer.py:883
         viz=8.2s ckpt=0.0s total=27.3s                                         
╭──────────────────────────────────────────────────────────────────────────────╮
╰──────────────────────────────────────────────────────────────────────────────╯INFO     [rank 0] Best epoch: 50 (val_vrmse=0.107480)         vae_trainer.py:901

Training complete. Checkpoint: 
/hppfs/scratch/0D/go76fuz2/windinet/finetune_vae_outputs_sng_pvc/finetune_vae_ov
erfit_lr5e5_wsd_head012/checkpoints/vae_shockwave_last.safetensors
Mirrored (excl. checkpoints/) to finetune_vae_outputs_sng_pvc/finetune_vae_overfit_lr5e5_wsd_head012
END TIME: Wed 05 Aug 2026 01:35:26 AM CEST
