START TIME: Sun 09 Aug 2026 07:22:33 AM CEST
job=523589 node=i20r05c03s06
+-----------+--------------------------------------------------------------------------------------+
| Device ID | Device Information                                                                   |
+-----------+--------------------------------------------------------------------------------------+
| 0         | Device Name: Intel(R) Data Center GPU Max 1550                                       |
|           | Vendor Name: Intel(R) Corporation                                                    |
|           | SOC UUID: 00000000-0000-003a-0000-002f0bd58086                                       |
|           | PCI BDF Address: 0000:3a:00.0                                                        |
|           | DRM Device: /dev/dri/card0                                                           |
|           | Function Type: physical                                                              |
+-----------+--------------------------------------------------------------------------------------+
| 1         | Device Name: Intel(R) Data Center GPU Max 1550                                       |
|           | Vendor Name: Intel(R) Corporation                                                    |
|           | SOC UUID: 00000000-0000-004b-0000-002f0bd58086                                       |
|           | PCI BDF Address: 0000:4b:00.0                                                        |
|           | DRM Device: /dev/dri/card1                                                           |
|           | Function Type: physical                                                              |
+-----------+--------------------------------------------------------------------------------------+
| 2         | Device Name: Intel(R) Data Center GPU Max 1550                                       |
|           | Vendor Name: Intel(R) Corporation                                                    |
|           | SOC UUID: 00000000-0000-00ca-0000-002f0bd58086                                       |
|           | PCI BDF Address: 0000:ca:00.0                                                        |
|           | DRM Device: /dev/dri/card2                                                           |
|           | Function Type: physical                                                              |
+-----------+--------------------------------------------------------------------------------------+
| 3         | Device Name: Intel(R) Data Center GPU Max 1550                                       |
|           | Vendor Name: Intel(R) Corporation                                                    |
|           | SOC UUID: 00000000-0000-00da-0000-002f0bd58086                                       |
|           | PCI BDF Address: 0000:da:00.0                                                        |
|           | DRM Device: /dev/dri/card3                                                           |
|           | Function Type: physical                                                              |
+-----------+--------------------------------------------------------------------------------------+
MASTER_ADDR: i20r05c03s06  MASTER_PORT: 56079
8 XPU tiles x accum 4 -> effective batch 32; output_dir /hppfs/scratch/0D/go76fuz2/windinet/finetune_vae_outputs_sng_pvc/finetune_vae_whole_structure_baseline_chorder_pr_d_my_mx_copyinit
INFO     [rank 7] Failed to extract font properties from    font_manager.py:1107
         /usr/share/fonts/truetype/Cantarell-VF.otf: Can                        
         not load face (SFNT font table missing; error code                     
         0x8e)                                                                  
INFO     [rank 4] Failed to extract font properties from    font_manager.py:1107
         /usr/share/fonts/truetype/Cantarell-VF.otf: Can                        
         not load face (SFNT font table missing; error code                     
         0x8e)                                                                  
INFO     [rank 3] Failed to extract font properties from    font_manager.py:1107
         /usr/share/fonts/truetype/Cantarell-VF.otf: Can                        
         not load face (SFNT font table missing; error code                     
         0x8e)                                                                  
INFO     [rank 0] Failed to extract font properties from    font_manager.py:1107
         /usr/share/fonts/truetype/Cantarell-VF.otf: Can                        
         not load face (SFNT font table missing; error code                     
         0x8e)                                                                  
INFO     [rank 0] generated new fontManager                 font_manager.py:1639
INFO     [rank 1] Failed to extract font properties from    font_manager.py:1107
         /usr/share/fonts/truetype/Cantarell-VF.otf: Can                        
         not load face (SFNT font table missing; error code                     
         0x8e)                                                                  
INFO     [rank 5] Failed to extract font properties from    font_manager.py:1107
         /usr/share/fonts/truetype/Cantarell-VF.otf: Can                        
         not load face (SFNT font table missing; error code                     
         0x8e)                                                                  
INFO     [rank 6] Failed to extract font properties from    font_manager.py:1107
         /usr/share/fonts/truetype/Cantarell-VF.otf: Can                        
         not load face (SFNT font table missing; error code                     
         0x8e)                                                                  
INFO     [rank 7] generated new fontManager                 font_manager.py:1639
INFO     [rank 2] Failed to extract font properties from    font_manager.py:1107
         /usr/share/fonts/truetype/Cantarell-VF.otf: Can                        
         not load face (SFNT font table missing; error code                     
         0x8e)                                                                  
INFO     [rank 5] generated new fontManager                 font_manager.py:1639
INFO     [rank 2] generated new fontManager                 font_manager.py:1639
INFO     [rank 4] generated new fontManager                 font_manager.py:1639
INFO     [rank 1] generated new fontManager                 font_manager.py:1639
INFO     [rank 3] generated new fontManager                 font_manager.py:1639
INFO     [rank 6] generated new fontManager                 font_manager.py:1639
                          VAE Finetuning Configuration                          
┏━━━━━━━━━━━━━━━━━━━━━━━━━━━━━━━━━━━━━━┳━━━━━━━━━━━━━━━━━━━━━━━━━━━━━━━━━━━━━━━┓
┃ Parameter                            ┃ Value                                 ┃
┡━━━━━━━━━━━━━━━━━━━━━━━━━━━━━━━━━━━━━━╇━━━━━━━━━━━━━━━━━━━━━━━━━━━━━━━━━━━━━━━┩
│ model.model_source                   │ LTXV_2B_0.9.6_DEV                     │
│ model.load_checkpoint                │ None                                  │
│ adapter.enabled                      │ True                                  │
│ adapter.checkpoint                   │ None                                  │
│ adapter.channels                     │ ['pressure', 'density', 'momentum_y', │
│                                      │ 'momentum_x']                         │
│ adapter.mode                         │ inflate                               │
│ adapter.inflate_init                 │ copy                                  │
│ adapter.inflate_copy_channel         │ momentum_y                            │
│ adapter.freeze_conv_in               │ False                                 │
│ adapter.hidden_channels              │ 32                                    │
│ adapter.activation                   │ gelu                                  │
│ adapter.identity_init                │ False                                 │
│ adapter.default_temb                 │ 0.0                                   │
│ adapter.unfreeze_encoder_tail        │ True                                  │
│ adapter.unfreeze_down_blocks         │ [0, 1, 2]                             │
│ data.data_root                       │ /hppfs/scratch/0D/go76fuz2/windinet/… │
│ data.eval_sims                       │ 675                                   │
│ data.num_dataloader_workers          │ 4                                     │
│ data.num_sim_frames                  │ None                                  │
│ data.overfit_sims                    │ None                                  │
│ data.overfit_repeat                  │ 1                                     │
│ data.channel_mean                    │ [0.9031908053899714,                  │
│                                      │ 0.905097647712509,                    │
│                                      │ -0.0019089379643528095, 0.0040        │
│ data.channel_std                     │ [0.8050358917795326,                  │
│                                      │ 0.6607349375392083,                   │
│                                      │ 0.5262512462358824, 0.5328754         │
│ data.normalization_stats_file        │ configs/finetune_vae/euler_mq_128_on… │
│ data.normalization_clip              │ 5.0                                   │
│ data.channel_order                   │ ['pressure', 'density', 'momentum_y', │
│                                      │ 'momentum_x']                         │
│ data.log_transform_channels          │ []                                    │
│ optimization.learning_rate           │ 5e-05                                 │
│ optimization.adapter_lr_multiplier   │ 1.0                                   │
│ optimization.min_learning_rate       │ 1e-06                                 │
│ optimization.encoder_tail_lr_multip… │ 0.3                                   │
│ optimization.scheduler_type          │ wsd                                   │
│ optimization.stable_fraction         │ 0.7                                   │
│ optimization.epochs                  │ 18                                    │
│ optimization.batch_size              │ 1                                     │
│ optimization.gradient_accumulation_… │ 4                                     │
│ optimization.max_grad_norm           │ 5.0                                   │
│ optimization.weight_decay            │ 0.0                                   │
│ optimization.warmup_steps            │ 200                                   │
│ optimization.warmup_start_factor     │ 0.01                                  │
│ optimization.enable_gradient_checkp… │ True                                  │
│ loss.wavelet                         │ db2                                   │
│ loss.spatial_level                   │ 2                                     │
│ loss.temporal_level                  │ 2                                     │
│ loss.mlw_beta                        │ 10.0                                  │
│ loss.mlw_eps                         │ 1e-06                                 │
│ loss_weighting.strategy              │ fixed                                 │
│ loss_weighting.weights               │ {'rmse': 1.0, 'h1': 50.0, 'ssim':     │
│                                      │ 0.15, 'mlw': 0.0}                     │
│ loss_weighting.loss_names            │ ['rmse', 'h1', 'ssim', 'mlw']         │
│ loss_weighting.alpha                 │ 1.5                                   │
│ loss_weighting.weight_lr             │ 0.025                                 │
│ loss_weighting.temperature           │ 0.1                                   │
│ visualization.enabled                │ True                                  │
│ visualization.interval_epochs        │ 1                                     │
│ visualization.num_samples            │ 2                                     │
│ visualization.frame_numbers          │ [25, 50, 75, 100]                     │
│ visualization.dpi                    │ 150                                   │
│ acceleration.mixed_precision_mode    │ bf16                                  │
│ acceleration.compile_with_inductor   │ False                                 │
│ acceleration.compilation_mode        │ reduce-overhead                       │
│ checkpoints.interval                 │ 1                                     │
│ checkpoints.keep_last_n              │ 1                                     │
│ checkpoints.save_best_only           │ True                                  │
│ checkpoints.best_metric              │ val_vrmse                             │
│ checkpoints.save_last_state          │ True                                  │
│ wandb.enabled                        │ False                                 │
│ wandb.project                        │ windinet                              │
│ wandb.entity                         │ None                                  │
│ wandb.tags                           │ ['vae', 'inflate', 'copy-init',       │
│                                      │ 'wsd', '18ep', 'h1x2', 'lr1x',        │
│                                      │ 'shockw                               │
│ seed                                 │ 42                                    │
│ output_dir                           │ /hppfs/scratch/0D/go76fuz2/windinet/… │
│ clean_output_dir                     │ True                                  │
│ resume_from                          │ None                                  │
│ resume_weights_only                  │ False                                 │
└──────────────────────────────────────┴───────────────────────────────────────┘
INFO     [rank 0] Distributed training: 8 processes          vae_trainer.py:1329
INFO     [rank 0] VAE inflated to 4 native channels           vae_trainer.py:180
         (init=copy, copy_from='momentum_y'); encoder.conv_in                   
         is trainable                                                           
INFO     [rank 0] Encoder extra modules UNFROZEN:             vae_trainer.py:245
         down_blocks[0, 1, 2] + tail                                            
         (down_blocks[-1]+mid_block+norm_out+conv_out)                          
INFO     [rank 0] VAE gradient checkpointing enabled          vae_trainer.py:251
INFO     [rank 0] VAE loaded. Decoder params: 552,869,953     vae_trainer.py:257
INFO     [rank 0] Trainable parameters:                       vae_trainer.py:330
         encoder_conv_in=221,312, encoder_extra=693,932,865,                    
         decoder=552,869,953, in_adapter=0, out_adapter=0                       
INFO     [rank 0] Dataset: 3825 train, 675 eval samples       vae_trainer.py:571
INFO     [rank 0] encoder.conv_in LR = 5.00e-05 (1x decoder   vae_trainer.py:595
         LR 5.00e-05)                                                           
INFO     [rank 0] encoder extra (down_blocks[0, 1, 2]+tail)   vae_trainer.py:613
         LR = 1.50e-05 (0.3x decoder LR 5.00e-05)                               
INFO     [rank 0] LR schedule 'wsd': 2160 steps (200 warmup,  vae_trainer.py:665
         1372 stable, 588 anneal), peak 5.00e-05 -> floor                       
         1.00e-06                                                               
2026:08:09-07:34:06:209280 |CCL_WARN| value of CCL_ATL_TRANSPORT changed to be ofi (default:mpi)
2026:08:09-07:34:06:209280 |CCL_WARN| value of CCL_ALLREDUCE changed to be ring (default:)
2026:08:09-07:34:06:209284 |CCL_WARN| could not get local_idx/count from environment variables, trying to get them from ATL
2026:08:09-07:34:06:209281 |CCL_WARN| could not get local_idx/count from environment variables, trying to get them from ATL
2026:08:09-07:34:06:209280 |CCL_WARN| could not get local_idx/count from environment variables, trying to get them from ATL
2026:08:09-07:34:06:209282 |CCL_WARN| could not get local_idx/count from environment variables, trying to get them from ATL
2026:08:09-07:34:06:209285 |CCL_WARN| could not get local_idx/count from environment variables, trying to get them from ATL
2026:08:09-07:34:06:209286 |CCL_WARN| could not get local_idx/count from environment variables, trying to get them from ATL
2026:08:09-07:34:07:209287 |CCL_WARN| could not get local_idx/count from environment variables, trying to get them from ATL
2026:08:09-07:34:07:209288 |CCL_WARN| could not get local_idx/count from environment variables, trying to get them from ATL
INFO     [rank 0] Config saved:                              vae_trainer.py:1353
         /hppfs/scratch/0D/go76fuz2/windinet/finetune_vae_ou                    
         tputs_sng_pvc/finetune_vae_whole_structure_baseline                    
         _chorder_pr_d_my_mx_copyinit/training_config.yaml                      
INFO     [rank 0] Starting VAE decoder finetuning...          vae_trainer.py:713
epoch 1 step 10  loss=0.211792  lr=2.98e-06  [rmse=0.0658 h1=0.0002 ssim=0.3397 mlw=58.9096]
epoch 1 step 20  loss=0.186376  lr=5.45e-06  [rmse=0.0878 h1=0.0004 ssim=0.3800 mlw=75.8754]
epoch 1 step 30  loss=0.182860  lr=7.93e-06  [rmse=0.0623 h1=0.0006 ssim=0.3918 mlw=55.6731]
epoch 1 step 40  loss=0.179376  lr=1.04e-05  [rmse=0.2278 h1=0.0024 ssim=0.5446 mlw=56.6560]
epoch 1 step 50  loss=0.172418  lr=1.29e-05  [rmse=0.1335 h1=0.0005 ssim=0.4833 mlw=62.4950]
epoch 1 step 60  loss=0.171078  lr=1.54e-05  [rmse=0.0249 h1=0.0000 ssim=0.0651 mlw=120.3665]
epoch 1 step 70  loss=0.167804  lr=1.78e-05  [rmse=0.0746 h1=0.0005 ssim=0.3732 mlw=56.1126]
epoch 1 step 80  loss=0.164111  lr=2.03e-05  [rmse=0.0742 h1=0.0007 ssim=0.2278 mlw=60.0293]
epoch 1 step 90  loss=0.162959  lr=2.28e-05  [rmse=0.0668 h1=0.0019 ssim=0.1420 mlw=83.2177]
epoch 1 step 100  loss=0.156530  lr=2.53e-05  [rmse=0.0408 h1=0.0006 ssim=0.1249 mlw=89.9803]
epoch 1 step 110  loss=0.150671  lr=2.77e-05  [rmse=0.0319 h1=0.0004 ssim=0.2378 mlw=60.6355]
epoch 1 step 120  loss=0.146184  lr=3.02e-05  [rmse=0.0503 h1=0.0010 ssim=0.2660 mlw=62.1753]
INFO     [rank 0] Loss weights: rmse=1.0000, h1=50.0000,      vae_trainer.py:874
         ssim=0.1500, mlw=0.0000                                                
INFO     [rank 0] Epoch 1: train_loss=0.146184                vae_trainer.py:900
         val_loss=0.088939  val_VRMSE=0.237047  lr=3.02e-05                     
INFO     [rank 0] Metrics updated: metrics/metrics.csv,       vae_trainer.py:926
         metrics/loss_curves.png                                                
INFO     [rank 0] Saved 8 validation reconstruction PNGs for vae_trainer.py:1121
         epoch 1                                                                
INFO     [rank 0] New best checkpoint (epoch 1,              vae_trainer.py:1223
         val_vrmse=0.237047):                                                   
         checkpoints/vae_shockwave_best.safetensors                             
INFO     [rank 0] Training state saved:                      vae_trainer.py:1283
         checkpoints/vae_shockwave_last.state.pt                                
INFO     [rank 0] Epoch 1 timing: train=1256.8s eval=38.9s    vae_trainer.py:962
         viz=10.9s ckpt=8.5s total=1315.8s                                      
epoch 2 step 130  loss=0.085833  lr=3.27e-05  [rmse=0.0144 h1=0.0001 ssim=0.1384 mlw=103.3435]
epoch 2 step 140  loss=0.087017  lr=3.52e-05  [rmse=0.0344 h1=0.0007 ssim=0.2546 mlw=57.9558]
epoch 2 step 150  loss=0.088868  lr=3.76e-05  [rmse=0.0175 h1=0.0001 ssim=0.1202 mlw=109.5056]
epoch 2 step 160  loss=0.085065  lr=4.01e-05  [rmse=0.0276 h1=0.0003 ssim=0.2212 mlw=61.2689]
epoch 2 step 170  loss=0.082105  lr=4.26e-05  [rmse=0.0240 h1=0.0004 ssim=0.1644 mlw=61.0870]
epoch 2 step 180  loss=0.083846  lr=4.51e-05  [rmse=0.0185 h1=0.0002 ssim=0.1204 mlw=67.4153]
epoch 2 step 190  loss=0.083764  lr=4.75e-05  [rmse=0.0344 h1=0.0009 ssim=0.1766 mlw=65.8953]
epoch 2 step 200  loss=0.083240  lr=5.00e-05  [rmse=0.0276 h1=0.0005 ssim=0.1707 mlw=70.0179]
epoch 2 step 210  loss=0.083686  lr=5.00e-05  [rmse=0.0210 h1=0.0002 ssim=0.1115 mlw=70.3517]
epoch 2 step 220  loss=0.083519  lr=5.00e-05  [rmse=0.0521 h1=0.0018 ssim=0.2204 mlw=71.4278]
epoch 2 step 230  loss=0.083374  lr=5.00e-05  [rmse=0.0304 h1=0.0006 ssim=0.1717 mlw=54.6661]
epoch 2 step 240  loss=0.081432  lr=5.00e-05  [rmse=0.0169 h1=0.0001 ssim=0.0807 mlw=96.0414]
INFO     [rank 0] Loss weights: rmse=1.0000, h1=50.0000,      vae_trainer.py:874
         ssim=0.1500, mlw=0.0000                                                
INFO     [rank 0] Epoch 2: train_loss=0.081432                vae_trainer.py:900
         val_loss=0.069815  val_VRMSE=0.177157  lr=5.00e-05                     
INFO     [rank 0] Metrics updated: metrics/metrics.csv,       vae_trainer.py:926
         metrics/loss_curves.png                                                
INFO     [rank 0] Saved 8 validation reconstruction PNGs for vae_trainer.py:1121
         epoch 2                                                                
INFO     [rank 0] New best checkpoint (epoch 2,              vae_trainer.py:1223
         val_vrmse=0.177157):                                                   
         checkpoints/vae_shockwave_best.safetensors                             
INFO     [rank 0] Training state saved:                      vae_trainer.py:1283
         checkpoints/vae_shockwave_last.state.pt                                
INFO     [rank 0] Epoch 2 timing: train=1228.9s eval=38.0s    vae_trainer.py:962
         viz=10.8s ckpt=8.1s total=1286.4s                                      
epoch 3 step 250  loss=0.068340  lr=5.00e-05  [rmse=0.0275 h1=0.0007 ssim=0.1549 mlw=59.0186]
epoch 3 step 260  loss=0.069756  lr=5.00e-05  [rmse=0.0224 h1=0.0004 ssim=0.1076 mlw=59.8274]
epoch 3 step 270  loss=0.067397  lr=5.00e-05  [rmse=0.0230 h1=0.0003 ssim=0.1308 mlw=79.3156]
epoch 3 step 280  loss=0.071334  lr=5.00e-05  [rmse=0.0225 h1=0.0001 ssim=0.0607 mlw=96.0030]
epoch 3 step 290  loss=0.069974  lr=5.00e-05  [rmse=0.0099 h1=0.0001 ssim=0.0666 mlw=72.1462]
epoch 3 step 300  loss=0.068172  lr=5.00e-05  [rmse=0.0173 h1=0.0001 ssim=0.1779 mlw=73.7255]
epoch 3 step 310  loss=0.067850  lr=5.00e-05  [rmse=0.0261 h1=0.0005 ssim=0.1679 mlw=64.5668]
epoch 3 step 320  loss=0.067074  lr=5.00e-05  [rmse=0.0202 h1=0.0003 ssim=0.0710 mlw=60.6642]
epoch 3 step 330  loss=0.066928  lr=5.00e-05  [rmse=0.0344 h1=0.0013 ssim=0.1860 mlw=53.3791]
epoch 3 step 340  loss=0.066153  lr=5.00e-05  [rmse=0.0185 h1=0.0002 ssim=0.1043 mlw=67.0898]
epoch 3 step 350  loss=0.065008  lr=5.00e-05  [rmse=0.0585 h1=0.0022 ssim=0.1471 mlw=99.5079]
epoch 3 step 360  loss=0.065620  lr=5.00e-05  [rmse=0.0420 h1=0.0015 ssim=0.1787 mlw=77.5834]
INFO     [rank 0] Loss weights: rmse=1.0000, h1=50.0000,      vae_trainer.py:874
         ssim=0.1500, mlw=0.0000                                                
INFO     [rank 0] Epoch 3: train_loss=0.065620                vae_trainer.py:900
         val_loss=0.060100  val_VRMSE=0.145449  lr=5.00e-05                     
INFO     [rank 0] Metrics updated: metrics/metrics.csv,       vae_trainer.py:926
         metrics/loss_curves.png                                                
INFO     [rank 0] Saved 8 validation reconstruction PNGs for vae_trainer.py:1121
         epoch 3                                                                
INFO     [rank 0] New best checkpoint (epoch 3,              vae_trainer.py:1223
         val_vrmse=0.145449):                                                   
         checkpoints/vae_shockwave_best.safetensors                             
INFO     [rank 0] Training state saved:                      vae_trainer.py:1283
         checkpoints/vae_shockwave_last.state.pt                                
INFO     [rank 0] Epoch 3 timing: train=1228.5s eval=37.8s    vae_trainer.py:962
         viz=10.6s ckpt=8.7s total=1286.5s                                      
epoch 4 step 370  loss=0.049417  lr=5.00e-05  [rmse=0.0100 h1=0.0001 ssim=0.0997 mlw=71.9528]
epoch 4 step 380  loss=0.050701  lr=5.00e-05  [rmse=0.0132 h1=0.0002 ssim=0.0718 mlw=63.3584]
epoch 4 step 390  loss=0.052855  lr=5.00e-05  [rmse=0.0273 h1=0.0008 ssim=0.1622 mlw=53.9584]
epoch 4 step 400  loss=0.053050  lr=5.00e-05  [rmse=0.0084 h1=0.0001 ssim=0.0422 mlw=66.0614]
epoch 4 step 410  loss=0.053971  lr=5.00e-05  [rmse=0.0257 h1=0.0007 ssim=0.1249 mlw=58.8812]
epoch 4 step 420  loss=0.055136  lr=5.00e-05  [rmse=0.0070 h1=0.0000 ssim=0.0511 mlw=103.2952]
epoch 4 step 430  loss=0.056832  lr=5.00e-05  [rmse=0.0105 h1=0.0001 ssim=0.0473 mlw=77.4915]
epoch 4 step 440  loss=0.055691  lr=5.00e-05  [rmse=0.0087 h1=0.0001 ssim=0.0604 mlw=68.1750]
epoch 4 step 450  loss=0.055978  lr=5.00e-05  [rmse=0.0299 h1=0.0008 ssim=0.0979 mlw=82.2632]
epoch 4 step 460  loss=0.056523  lr=5.00e-05  [rmse=0.0163 h1=0.0002 ssim=0.1474 mlw=83.2889]
epoch 4 step 470  loss=0.056222  lr=5.00e-05  [rmse=0.0079 h1=0.0000 ssim=0.0297 mlw=95.1981]
epoch 4 step 480  loss=0.055605  lr=5.00e-05  [rmse=0.0119 h1=0.0001 ssim=0.0633 mlw=63.1275]
INFO     [rank 0] Loss weights: rmse=1.0000, h1=50.0000,      vae_trainer.py:874
         ssim=0.1500, mlw=0.0000                                                
INFO     [rank 0] Epoch 4: train_loss=0.055605                vae_trainer.py:900
         val_loss=0.052822  val_VRMSE=0.126884  lr=5.00e-05                     
INFO     [rank 0] Metrics updated: metrics/metrics.csv,       vae_trainer.py:926
         metrics/loss_curves.png                                                
INFO     [rank 0] Saved 8 validation reconstruction PNGs for vae_trainer.py:1121
         epoch 4                                                                
INFO     [rank 0] New best checkpoint (epoch 4,              vae_trainer.py:1223
         val_vrmse=0.126884):                                                   
         checkpoints/vae_shockwave_best.safetensors                             
INFO     [rank 0] Training state saved:                      vae_trainer.py:1283
         checkpoints/vae_shockwave_last.state.pt                                
INFO     [rank 0] Epoch 4 timing: train=1229.5s eval=37.7s    vae_trainer.py:962
         viz=10.6s ckpt=8.5s total=1286.8s                                      
epoch 5 step 490  loss=0.054018  lr=5.00e-05  [rmse=0.0054 h1=0.0000 ssim=0.0150 mlw=86.4891]
epoch 5 step 500  loss=0.056170  lr=5.00e-05  [rmse=0.0175 h1=0.0001 ssim=0.1072 mlw=55.5893]
epoch 5 step 510  loss=0.054661  lr=5.00e-05  [rmse=0.0159 h1=0.0002 ssim=0.0918 mlw=55.8661]
epoch 5 step 520  loss=0.054164  lr=5.00e-05  [rmse=0.0158 h1=0.0002 ssim=0.1486 mlw=69.7321]
epoch 5 step 530  loss=0.054528  lr=5.00e-05  [rmse=0.0067 h1=0.0000 ssim=0.0151 mlw=99.1220]
epoch 5 step 540  loss=0.054148  lr=5.00e-05  [rmse=0.0225 h1=0.0004 ssim=0.1046 mlw=64.4973]
epoch 5 step 550  loss=0.054642  lr=5.00e-05  [rmse=0.0437 h1=0.0015 ssim=0.1561 mlw=70.6803]
epoch 5 step 560  loss=0.053569  lr=5.00e-05  [rmse=0.0087 h1=0.0001 ssim=0.0385 mlw=77.0883]
epoch 5 step 570  loss=0.054365  lr=5.00e-05  [rmse=0.0307 h1=0.0010 ssim=0.1100 mlw=61.7083]
epoch 5 step 580  loss=0.053236  lr=5.00e-05  [rmse=0.0249 h1=0.0006 ssim=0.0955 mlw=62.5231]
epoch 5 step 590  loss=0.052909  lr=5.00e-05  [rmse=0.0174 h1=0.0002 ssim=0.0348 mlw=75.8870]
epoch 5 step 600  loss=0.052611  lr=5.00e-05  [rmse=0.0082 h1=0.0000 ssim=0.0581 mlw=88.4820]
INFO     [rank 0] Loss weights: rmse=1.0000, h1=50.0000,      vae_trainer.py:874
         ssim=0.1500, mlw=0.0000                                                
INFO     [rank 0] Epoch 5: train_loss=0.052611                vae_trainer.py:900
         val_loss=0.050244  val_VRMSE=0.123891  lr=5.00e-05                     
INFO     [rank 0] Metrics updated: metrics/metrics.csv,       vae_trainer.py:926
         metrics/loss_curves.png                                                
INFO     [rank 0] Saved 8 validation reconstruction PNGs for vae_trainer.py:1121
         epoch 5                                                                
INFO     [rank 0] New best checkpoint (epoch 5,              vae_trainer.py:1223
         val_vrmse=0.123891):                                                   
         checkpoints/vae_shockwave_best.safetensors                             
INFO     [rank 0] Training state saved:                      vae_trainer.py:1283
         checkpoints/vae_shockwave_last.state.pt                                
INFO     [rank 0] Epoch 5 timing: train=1229.0s eval=37.4s    vae_trainer.py:962
         viz=11.5s ckpt=8.0s total=1286.5s                                      
epoch 6 step 610  loss=0.038926  lr=5.00e-05  [rmse=0.0219 h1=0.0005 ssim=0.0562 mlw=57.3698]
epoch 6 step 620  loss=0.042314  lr=5.00e-05  [rmse=0.0135 h1=0.0002 ssim=0.0626 mlw=52.2745]
epoch 6 step 630  loss=0.044283  lr=5.00e-05  [rmse=0.0123 h1=0.0002 ssim=0.0711 mlw=56.5906]
epoch 6 step 640  loss=0.044916  lr=5.00e-05  [rmse=0.0227 h1=0.0005 ssim=0.0979 mlw=56.5510]
epoch 6 step 650  loss=0.046040  lr=5.00e-05  [rmse=0.0318 h1=0.0013 ssim=0.1829 mlw=55.3850]
epoch 6 step 660  loss=0.046422  lr=5.00e-05  [rmse=0.0205 h1=0.0005 ssim=0.1169 mlw=53.2657]
epoch 6 step 670  loss=0.045650  lr=5.00e-05  [rmse=0.0107 h1=0.0001 ssim=0.0521 mlw=83.4749]
epoch 6 step 680  loss=0.046378  lr=5.00e-05  [rmse=0.0205 h1=0.0005 ssim=0.0808 mlw=55.5270]
epoch 6 step 690  loss=0.046416  lr=5.00e-05  [rmse=0.0074 h1=0.0001 ssim=0.0454 mlw=60.2897]
epoch 6 step 700  loss=0.048048  lr=5.00e-05  [rmse=0.0147 h1=0.0002 ssim=0.0500 mlw=90.1923]
epoch 6 step 710  loss=0.047674  lr=5.00e-05  [rmse=0.0222 h1=0.0005 ssim=0.0742 mlw=56.3924]
epoch 6 step 720  loss=0.047897  lr=5.00e-05  [rmse=0.0330 h1=0.0013 ssim=0.1080 mlw=57.7101]
INFO     [rank 0] Loss weights: rmse=1.0000, h1=50.0000,      vae_trainer.py:874
         ssim=0.1500, mlw=0.0000                                                
INFO     [rank 0] Epoch 6: train_loss=0.047897                vae_trainer.py:900
         val_loss=0.050458  val_VRMSE=0.124869  lr=5.00e-05                     
INFO     [rank 0] Metrics updated: metrics/metrics.csv,       vae_trainer.py:926
         metrics/loss_curves.png                                                
INFO     [rank 0] Saved 8 validation reconstruction PNGs for vae_trainer.py:1121
         epoch 6                                                                
INFO     [rank 0] Training state saved:                      vae_trainer.py:1283
         checkpoints/vae_shockwave_last.state.pt                                
INFO     [rank 0] Epoch 6 timing: train=1227.7s eval=37.6s    vae_trainer.py:962
         viz=11.5s ckpt=7.3s total=1284.5s                                      
epoch 7 step 730  loss=0.040457  lr=5.00e-05  [rmse=0.0230 h1=0.0003 ssim=0.0855 mlw=64.5671]
epoch 7 step 740  loss=0.043270  lr=5.00e-05  [rmse=0.0080 h1=0.0001 ssim=0.0299 mlw=63.1671]
epoch 7 step 750  loss=0.044503  lr=5.00e-05  [rmse=0.0167 h1=0.0003 ssim=0.0506 mlw=67.7995]
epoch 7 step 760  loss=0.042994  lr=5.00e-05  [rmse=0.0061 h1=0.0000 ssim=0.0234 mlw=71.8138]
epoch 7 step 770  loss=0.042689  lr=5.00e-05  [rmse=0.0325 h1=0.0011 ssim=0.0939 mlw=54.6009]
epoch 7 step 780  loss=0.044720  lr=5.00e-05  [rmse=0.0111 h1=0.0002 ssim=0.0523 mlw=74.7481]
epoch 7 step 790  loss=0.044397  lr=5.00e-05  [rmse=0.0558 h1=0.0033 ssim=0.1700 mlw=62.8503]
epoch 7 step 800  loss=0.043538  lr=5.00e-05  [rmse=0.0088 h1=0.0001 ssim=0.0390 mlw=68.5973]
epoch 7 step 810  loss=0.044347  lr=5.00e-05  [rmse=0.0073 h1=0.0000 ssim=0.0305 mlw=104.8087]
epoch 7 step 820  loss=0.044925  lr=5.00e-05  [rmse=0.0213 h1=0.0005 ssim=0.1765 mlw=52.0942]
epoch 7 step 830  loss=0.046115  lr=5.00e-05  [rmse=0.0224 h1=0.0005 ssim=0.0836 mlw=102.3006]
epoch 7 step 840  loss=0.047117  lr=5.00e-05  [rmse=0.0271 h1=0.0006 ssim=0.0740 mlw=64.3817]
INFO     [rank 0] Loss weights: rmse=1.0000, h1=50.0000,      vae_trainer.py:874
         ssim=0.1500, mlw=0.0000                                                
INFO     [rank 0] Epoch 7: train_loss=0.047117                vae_trainer.py:900
         val_loss=0.052205  val_VRMSE=0.132611  lr=5.00e-05                     
INFO     [rank 0] Metrics updated: metrics/metrics.csv,       vae_trainer.py:926
         metrics/loss_curves.png                                                
INFO     [rank 0] Saved 8 validation reconstruction PNGs for vae_trainer.py:1121
         epoch 7                                                                
INFO     [rank 0] Training state saved:                      vae_trainer.py:1283
         checkpoints/vae_shockwave_last.state.pt                                
INFO     [rank 0] Epoch 7 timing: train=1227.7s eval=37.5s    vae_trainer.py:962
         viz=10.7s ckpt=7.3s total=1283.8s                                      
epoch 8 step 850  loss=0.047608  lr=5.00e-05  [rmse=0.0064 h1=0.0000 ssim=0.0187 mlw=104.1843]
epoch 8 step 860  loss=0.051702  lr=5.00e-05  [rmse=0.0262 h1=0.0009 ssim=0.0754 mlw=58.0303]
epoch 8 step 870  loss=0.047313  lr=5.00e-05  [rmse=0.0061 h1=0.0000 ssim=0.0204 mlw=87.8943]
epoch 8 step 880  loss=0.048654  lr=5.00e-05  [rmse=0.0279 h1=0.0009 ssim=0.0830 mlw=60.1174]
epoch 8 step 890  loss=0.049919  lr=5.00e-05  [rmse=0.0428 h1=0.0015 ssim=0.1199 mlw=82.7077]
epoch 8 step 900  loss=0.049241  lr=5.00e-05  [rmse=0.0064 h1=0.0000 ssim=0.0279 mlw=62.4798]
epoch 8 step 910  loss=0.048139  lr=5.00e-05  [rmse=0.0492 h1=0.0026 ssim=0.1000 mlw=59.2001]
epoch 8 step 920  loss=0.048443  lr=5.00e-05  [rmse=0.0150 h1=0.0003 ssim=0.0746 mlw=54.9479]
epoch 8 step 930  loss=0.049039  lr=5.00e-05  [rmse=0.0107 h1=0.0001 ssim=0.0607 mlw=63.6181]
epoch 8 step 940  loss=0.048899  lr=5.00e-05  [rmse=0.0103 h1=0.0001 ssim=0.0657 mlw=50.2924]
epoch 8 step 950  loss=0.048437  lr=5.00e-05  [rmse=0.0133 h1=0.0002 ssim=0.0554 mlw=59.6588]
epoch 8 step 960  loss=0.048936  lr=5.00e-05  [rmse=0.0365 h1=0.0015 ssim=0.1333 mlw=81.2355]
INFO     [rank 0] Loss weights: rmse=1.0000, h1=50.0000,      vae_trainer.py:874
         ssim=0.1500, mlw=0.0000                                                
INFO     [rank 0] Epoch 8: train_loss=0.048936                vae_trainer.py:900
         val_loss=0.045725  val_VRMSE=0.110979  lr=5.00e-05                     
INFO     [rank 0] Metrics updated: metrics/metrics.csv,       vae_trainer.py:926
         metrics/loss_curves.png                                                
INFO     [rank 0] Saved 8 validation reconstruction PNGs for vae_trainer.py:1121
         epoch 8                                                                
INFO     [rank 0] New best checkpoint (epoch 8,              vae_trainer.py:1223
         val_vrmse=0.110979):                                                   
         checkpoints/vae_shockwave_best.safetensors                             
INFO     [rank 0] Training state saved:                      vae_trainer.py:1283
         checkpoints/vae_shockwave_last.state.pt                                
INFO     [rank 0] Epoch 8 timing: train=1228.4s eval=37.6s    vae_trainer.py:962
         viz=11.7s ckpt=8.3s total=1286.5s                                      
epoch 9 step 970  loss=0.049519  lr=5.00e-05  [rmse=0.0096 h1=0.0001 ssim=0.0449 mlw=57.2482]
epoch 9 step 980  loss=0.049045  lr=5.00e-05  [rmse=0.0232 h1=0.0007 ssim=0.0979 mlw=50.6131]
epoch 9 step 990  loss=0.047571  lr=5.00e-05  [rmse=0.0127 h1=0.0002 ssim=0.0598 mlw=70.6234]
epoch 9 step 1000  loss=0.046204  lr=5.00e-05  [rmse=0.0081 h1=0.0000 ssim=0.0798 mlw=94.8090]
epoch 9 step 1010  loss=0.045659  lr=5.00e-05  [rmse=0.0286 h1=0.0010 ssim=0.1251 mlw=51.2740]
epoch 9 step 1020  loss=0.044848  lr=5.00e-05  [rmse=0.0422 h1=0.0017 ssim=0.1464 mlw=61.4312]
epoch 9 step 1030  loss=0.045620  lr=5.00e-05  [rmse=0.0288 h1=0.0009 ssim=0.1041 mlw=60.8773]
epoch 9 step 1040  loss=0.045417  lr=5.00e-05  [rmse=0.0105 h1=0.0001 ssim=0.0519 mlw=67.6612]
epoch 9 step 1050  loss=0.045497  lr=5.00e-05  [rmse=0.0144 h1=0.0001 ssim=0.0603 mlw=75.5543]
epoch 9 step 1060  loss=0.045352  lr=5.00e-05  [rmse=0.0098 h1=0.0001 ssim=0.0644 mlw=59.9898]
epoch 9 step 1070  loss=0.045540  lr=5.00e-05  [rmse=0.0136 h1=0.0003 ssim=0.0644 mlw=63.3123]
epoch 9 step 1080  loss=0.045841  lr=5.00e-05  [rmse=0.0140 h1=0.0002 ssim=0.0565 mlw=57.8053]
INFO     [rank 0] Loss weights: rmse=1.0000, h1=50.0000,      vae_trainer.py:874
         ssim=0.1500, mlw=0.0000                                                
INFO     [rank 0] Epoch 9: train_loss=0.045841                vae_trainer.py:900
         val_loss=0.043768  val_VRMSE=0.105206  lr=5.00e-05                     
INFO     [rank 0] Metrics updated: metrics/metrics.csv,       vae_trainer.py:926
         metrics/loss_curves.png                                                
INFO     [rank 0] Saved 8 validation reconstruction PNGs for vae_trainer.py:1121
         epoch 9                                                                
INFO     [rank 0] New best checkpoint (epoch 9,              vae_trainer.py:1223
         val_vrmse=0.105206):                                                   
         checkpoints/vae_shockwave_best.safetensors                             
INFO     [rank 0] Training state saved:                      vae_trainer.py:1283
         checkpoints/vae_shockwave_last.state.pt                                
INFO     [rank 0] Epoch 9 timing: train=1228.4s eval=37.9s    vae_trainer.py:962
         viz=11.5s ckpt=8.2s total=1286.6s                                      
epoch 10 step 1090  loss=0.045049  lr=5.00e-05  [rmse=0.0126 h1=0.0002 ssim=0.0751 mlw=61.5495]
epoch 10 step 1100  loss=0.045965  lr=5.00e-05  [rmse=0.0152 h1=0.0001 ssim=0.0475 mlw=69.1503]
epoch 10 step 1110  loss=0.045042  lr=5.00e-05  [rmse=0.0097 h1=0.0001 ssim=0.0478 mlw=66.8505]
epoch 10 step 1120  loss=0.043248  lr=5.00e-05  [rmse=0.0032 h1=0.0000 ssim=0.0147 mlw=109.9630]
epoch 10 step 1130  loss=0.044409  lr=5.00e-05  [rmse=0.0215 h1=0.0001 ssim=0.3015 mlw=95.4253]
epoch 10 step 1140  loss=0.044177  lr=5.00e-05  [rmse=0.0064 h1=0.0000 ssim=0.0314 mlw=66.3053]
epoch 10 step 1150  loss=0.044681  lr=5.00e-05  [rmse=0.0141 h1=0.0003 ssim=0.0721 mlw=54.2570]
epoch 10 step 1160  loss=0.044368  lr=5.00e-05  [rmse=0.0077 h1=0.0000 ssim=0.0597 mlw=93.8063]
epoch 10 step 1170  loss=0.045081  lr=5.00e-05  [rmse=0.0167 h1=0.0004 ssim=0.0833 mlw=52.0804]
epoch 10 step 1180  loss=0.044788  lr=5.00e-05  [rmse=0.0115 h1=0.0002 ssim=0.0521 mlw=53.1902]
epoch 10 step 1190  loss=0.044477  lr=5.00e-05  [rmse=0.0180 h1=0.0004 ssim=0.1137 mlw=55.1597]
epoch 10 step 1200  loss=0.044073  lr=5.00e-05  [rmse=0.0049 h1=0.0000 ssim=0.0931 mlw=113.6490]
INFO     [rank 0] Loss weights: rmse=1.0000, h1=50.0000,      vae_trainer.py:874
         ssim=0.1500, mlw=0.0000                                                
INFO     [rank 0] Epoch 10: train_loss=0.044073               vae_trainer.py:900
         val_loss=0.048559  val_VRMSE=0.119168  lr=5.00e-05                     
INFO     [rank 0] Metrics updated: metrics/metrics.csv,       vae_trainer.py:926
         metrics/loss_curves.png                                                
INFO     [rank 0] Saved 8 validation reconstruction PNGs for vae_trainer.py:1121
         epoch 10                                                               
INFO     [rank 0] Training state saved:                      vae_trainer.py:1283
         checkpoints/vae_shockwave_last.state.pt                                
INFO     [rank 0] Epoch 10 timing: train=1229.0s eval=37.5s   vae_trainer.py:962
         viz=10.6s ckpt=10.4s total=1288.0s                                     
epoch 11 step 1210  loss=0.048175  lr=5.00e-05  [rmse=0.0094 h1=0.0001 ssim=0.0789 mlw=66.9297]
epoch 11 step 1220  loss=0.042166  lr=5.00e-05  [rmse=0.0173 h1=0.0004 ssim=0.0582 mlw=76.2243]
epoch 11 step 1230  loss=0.044104  lr=5.00e-05  [rmse=0.0091 h1=0.0001 ssim=0.0395 mlw=52.1397]
epoch 11 step 1240  loss=0.041408  lr=5.00e-05  [rmse=0.0050 h1=0.0000 ssim=0.0137 mlw=66.9642]
epoch 11 step 1250  loss=0.040739  lr=5.00e-05  [rmse=0.0201 h1=0.0005 ssim=0.1040 mlw=53.5061]
epoch 11 step 1260  loss=0.039995  lr=5.00e-05  [rmse=0.0090 h1=0.0001 ssim=0.0502 mlw=53.3751]
epoch 11 step 1270  loss=0.042070  lr=5.00e-05  [rmse=0.0372 h1=0.0019 ssim=0.1209 mlw=52.8673]
epoch 11 step 1280  loss=0.041610  lr=5.00e-05  [rmse=0.0076 h1=0.0000 ssim=0.0310 mlw=71.5729]
epoch 11 step 1290  loss=0.041519  lr=5.00e-05  [rmse=0.0110 h1=0.0002 ssim=0.0499 mlw=53.5467]
epoch 11 step 1300  loss=0.041600  lr=5.00e-05  [rmse=0.0076 h1=0.0001 ssim=0.0331 mlw=56.7267]
epoch 11 step 1310  loss=0.041037  lr=5.00e-05  [rmse=0.0175 h1=0.0003 ssim=0.0732 mlw=50.9009]
epoch 11 step 1320  loss=0.041693  lr=5.00e-05  [rmse=0.0036 h1=0.0000 ssim=0.0175 mlw=94.3884]
INFO     [rank 0] Loss weights: rmse=1.0000, h1=50.0000,      vae_trainer.py:874
         ssim=0.1500, mlw=0.0000                                                
INFO     [rank 0] Epoch 11: train_loss=0.041693               vae_trainer.py:900
         val_loss=0.043605  val_VRMSE=0.106735  lr=5.00e-05                     
INFO     [rank 0] Metrics updated: metrics/metrics.csv,       vae_trainer.py:926
         metrics/loss_curves.png                                                
INFO     [rank 0] Saved 8 validation reconstruction PNGs for vae_trainer.py:1121
         epoch 11                                                               
INFO     [rank 0] Training state saved:                      vae_trainer.py:1283
         checkpoints/vae_shockwave_last.state.pt                                
INFO     [rank 0] Epoch 11 timing: train=1227.7s eval=37.8s   vae_trainer.py:962
         viz=10.6s ckpt=7.3s total=1284.0s                                      
epoch 12 step 1330  loss=0.045695  lr=5.00e-05  [rmse=0.0107 h1=0.0001 ssim=0.0457 mlw=63.3987]
epoch 12 step 1340  loss=0.044753  lr=5.00e-05  [rmse=0.0309 h1=0.0012 ssim=0.0954 mlw=145.0476]
epoch 12 step 1350  loss=0.042769  lr=5.00e-05  [rmse=0.0236 h1=0.0006 ssim=0.1017 mlw=59.6048]
epoch 12 step 1360  loss=0.043851  lr=5.00e-05  [rmse=0.0157 h1=0.0003 ssim=0.0914 mlw=51.7618]
epoch 12 step 1370  loss=0.042715  lr=5.00e-05  [rmse=0.0221 h1=0.0006 ssim=0.0855 mlw=54.8361]
epoch 12 step 1380  loss=0.044621  lr=5.00e-05  [rmse=0.0091 h1=0.0001 ssim=0.0608 mlw=70.3213]
epoch 12 step 1390  loss=0.044585  lr=5.00e-05  [rmse=0.0332 h1=0.0015 ssim=0.1156 mlw=63.8386]
epoch 12 step 1400  loss=0.043867  lr=5.00e-05  [rmse=0.0268 h1=0.0004 ssim=0.1602 mlw=68.8535]
epoch 12 step 1410  loss=0.043613  lr=5.00e-05  [rmse=0.0258 h1=0.0004 ssim=0.0411 mlw=82.2648]
epoch 12 step 1420  loss=0.043286  lr=5.00e-05  [rmse=0.0134 h1=0.0002 ssim=0.0562 mlw=52.9843]
epoch 12 step 1430  loss=0.042921  lr=5.00e-05  [rmse=0.0090 h1=0.0001 ssim=0.0322 mlw=76.9970]
epoch 12 step 1440  loss=0.044071  lr=5.00e-05  [rmse=0.0214 h1=0.0005 ssim=0.0944 mlw=49.9677]
INFO     [rank 0] Loss weights: rmse=1.0000, h1=50.0000,      vae_trainer.py:874
         ssim=0.1500, mlw=0.0000                                                
INFO     [rank 0] Epoch 12: train_loss=0.044071               vae_trainer.py:900
         val_loss=0.043268  val_VRMSE=0.104602  lr=5.00e-05                     
INFO     [rank 0] Metrics updated: metrics/metrics.csv,       vae_trainer.py:926
         metrics/loss_curves.png                                                
INFO     [rank 0] Saved 8 validation reconstruction PNGs for vae_trainer.py:1121
         epoch 12                                                               
INFO     [rank 0] New best checkpoint (epoch 12,             vae_trainer.py:1223
         val_vrmse=0.104602):                                                   
         checkpoints/vae_shockwave_best.safetensors                             
INFO     [rank 0] Training state saved:                      vae_trainer.py:1283
         checkpoints/vae_shockwave_last.state.pt                                
INFO     [rank 0] Epoch 12 timing: train=1227.9s eval=37.8s   vae_trainer.py:962
         viz=10.8s ckpt=8.9s total=1285.9s                                      
epoch 13 step 1450  loss=0.035007  lr=5.00e-05  [rmse=0.0212 h1=0.0005 ssim=0.0803 mlw=58.4040]
epoch 13 step 1460  loss=0.039412  lr=5.00e-05  [rmse=0.0337 h1=0.0013 ssim=0.1061 mlw=59.0816]
epoch 13 step 1470  loss=0.042766  lr=5.00e-05  [rmse=0.0478 h1=0.0033 ssim=0.0853 mlw=72.3057]
epoch 13 step 1480  loss=0.042037  lr=5.00e-05  [rmse=0.0073 h1=0.0001 ssim=0.0420 mlw=64.9812]
epoch 13 step 1490  loss=0.042257  lr=5.00e-05  [rmse=0.0203 h1=0.0005 ssim=0.1030 mlw=48.8959]
epoch 13 step 1500  loss=0.041423  lr=5.00e-05  [rmse=0.0068 h1=0.0001 ssim=0.0311 mlw=59.1888]
epoch 13 step 1510  loss=0.042065  lr=5.00e-05  [rmse=0.0121 h1=0.0002 ssim=0.0625 mlw=60.0721]
epoch 13 step 1520  loss=0.042380  lr=5.00e-05  [rmse=0.0073 h1=0.0000 ssim=0.0628 mlw=109.9374]
epoch 13 step 1530  loss=0.042179  lr=5.00e-05  [rmse=0.0132 h1=0.0001 ssim=0.0677 mlw=59.0731]
epoch 13 step 1540  loss=0.043033  lr=5.00e-05  [rmse=0.0298 h1=0.0009 ssim=0.0904 mlw=87.2512]
epoch 13 step 1550  loss=0.042454  lr=5.00e-05  [rmse=0.0073 h1=0.0001 ssim=0.0311 mlw=62.4522]
epoch 13 step 1560  loss=0.042511  lr=5.00e-05  [rmse=0.0063 h1=0.0000 ssim=0.0355 mlw=64.3264]
INFO     [rank 0] Loss weights: rmse=1.0000, h1=50.0000,      vae_trainer.py:874
         ssim=0.1500, mlw=0.0000                                                
INFO     [rank 0] Epoch 13: train_loss=0.042511               vae_trainer.py:900
         val_loss=0.044664  val_VRMSE=0.111592  lr=5.00e-05                     
INFO     [rank 0] Metrics updated: metrics/metrics.csv,       vae_trainer.py:926
         metrics/loss_curves.png                                                
INFO     [rank 0] Saved 8 validation reconstruction PNGs for vae_trainer.py:1121
         epoch 13                                                               
INFO     [rank 0] Training state saved:                      vae_trainer.py:1283
         checkpoints/vae_shockwave_last.state.pt                                
INFO     [rank 0] Epoch 13 timing: train=1227.3s eval=37.7s   vae_trainer.py:962
         viz=10.9s ckpt=7.3s total=1283.7s                                      
epoch 14 step 1570  loss=0.040993  lr=5.00e-05  [rmse=0.0326 h1=0.0013 ssim=0.0877 mlw=73.2720]
epoch 14 step 1580  loss=0.038412  lr=5.00e-05  [rmse=0.0070 h1=0.0001 ssim=0.0424 mlw=101.2108]
epoch 14 step 1590  loss=0.038295  lr=4.99e-05  [rmse=0.0055 h1=0.0000 ssim=0.0219 mlw=61.3432]
epoch 14 step 1600  loss=0.037579  lr=4.97e-05  [rmse=0.0285 h1=0.0010 ssim=0.0650 mlw=68.5040]
epoch 14 step 1610  loss=0.037700  lr=4.95e-05  [rmse=0.0103 h1=0.0001 ssim=0.0462 mlw=52.1137]
epoch 14 step 1620  loss=0.038218  lr=4.92e-05  [rmse=0.0102 h1=0.0001 ssim=0.0558 mlw=65.5654]
epoch 14 step 1630  loss=0.040142  lr=4.88e-05  [rmse=0.0164 h1=0.0004 ssim=0.0922 mlw=50.5809]
epoch 14 step 1640  loss=0.040732  lr=4.84e-05  [rmse=0.0089 h1=0.0001 ssim=0.0564 mlw=61.9692]
epoch 14 step 1650  loss=0.040575  lr=4.79e-05  [rmse=0.0117 h1=0.0002 ssim=0.0601 mlw=62.9627]
epoch 14 step 1660  loss=0.040258  lr=4.73e-05  [rmse=0.0091 h1=0.0001 ssim=0.0380 mlw=60.1158]
epoch 14 step 1670  loss=0.039771  lr=4.67e-05  [rmse=0.0049 h1=0.0000 ssim=0.0151 mlw=101.7201]
epoch 14 step 1680  loss=0.039574  lr=4.60e-05  [rmse=0.0070 h1=0.0000 ssim=0.0245 mlw=98.4128]
INFO     [rank 0] Loss weights: rmse=1.0000, h1=50.0000,      vae_trainer.py:874
         ssim=0.1500, mlw=0.0000                                                
INFO     [rank 0] Epoch 14: train_loss=0.039574               vae_trainer.py:900
         val_loss=0.041262  val_VRMSE=0.099490  lr=4.60e-05                     
INFO     [rank 0] Metrics updated: metrics/metrics.csv,       vae_trainer.py:926
         metrics/loss_curves.png                                                
INFO     [rank 0] Saved 8 validation reconstruction PNGs for vae_trainer.py:1121
         epoch 14                                                               
INFO     [rank 0] New best checkpoint (epoch 14,             vae_trainer.py:1223
         val_vrmse=0.099490):                                                   
         checkpoints/vae_shockwave_best.safetensors                             
INFO     [rank 0] Training state saved:                      vae_trainer.py:1283
         checkpoints/vae_shockwave_last.state.pt                                
INFO     [rank 0] Epoch 14 timing: train=1228.2s eval=37.7s   vae_trainer.py:962
         viz=10.6s ckpt=8.6s total=1285.7s                                      
epoch 15 step 1690  loss=0.035208  lr=4.53e-05  [rmse=0.0086 h1=0.0001 ssim=0.0381 mlw=59.6589]
epoch 15 step 1700  loss=0.036346  lr=4.45e-05  [rmse=0.0288 h1=0.0011 ssim=0.0577 mlw=61.4339]
epoch 15 step 1710  loss=0.039414  lr=4.36e-05  [rmse=0.0073 h1=0.0000 ssim=0.0268 mlw=92.8288]
epoch 15 step 1720  loss=0.037967  lr=4.27e-05  [rmse=0.0071 h1=0.0000 ssim=0.0289 mlw=78.6936]
epoch 15 step 1730  loss=0.038320  lr=4.18e-05  [rmse=0.0192 h1=0.0005 ssim=0.0962 mlw=48.5378]
epoch 15 step 1740  loss=0.038805  lr=4.08e-05  [rmse=0.0083 h1=0.0001 ssim=0.0412 mlw=59.9338]
epoch 15 step 1750  loss=0.038538  lr=3.97e-05  [rmse=0.0221 h1=0.0006 ssim=0.0856 mlw=48.9603]
epoch 15 step 1760  loss=0.038999  lr=3.86e-05  [rmse=0.0057 h1=0.0000 ssim=0.0271 mlw=57.8265]
epoch 15 step 1770  loss=0.039222  lr=3.75e-05  [rmse=0.0172 h1=0.0004 ssim=0.0764 mlw=57.6850]
epoch 15 step 1780  loss=0.040018  lr=3.64e-05  [rmse=0.0030 h1=0.0000 ssim=0.0205 mlw=91.6522]
epoch 15 step 1790  loss=0.039272  lr=3.52e-05  [rmse=0.0105 h1=0.0002 ssim=0.0512 mlw=57.7338]
epoch 15 step 1800  loss=0.038517  lr=3.40e-05  [rmse=0.0037 h1=0.0000 ssim=0.0166 mlw=65.7770]
INFO     [rank 0] Loss weights: rmse=1.0000, h1=50.0000,      vae_trainer.py:874
         ssim=0.1500, mlw=0.0000                                                
INFO     [rank 0] Epoch 15: train_loss=0.038517               vae_trainer.py:900
         val_loss=0.039741  val_VRMSE=0.095237  lr=3.40e-05                     
INFO     [rank 0] Metrics updated: metrics/metrics.csv,       vae_trainer.py:926
         metrics/loss_curves.png                                                
INFO     [rank 0] Saved 8 validation reconstruction PNGs for vae_trainer.py:1121
         epoch 15                                                               
INFO     [rank 0] New best checkpoint (epoch 15,             vae_trainer.py:1223
         val_vrmse=0.095237):                                                   
         checkpoints/vae_shockwave_best.safetensors                             
INFO     [rank 0] Training state saved:                      vae_trainer.py:1283
         checkpoints/vae_shockwave_last.state.pt                                
INFO     [rank 0] Epoch 15 timing: train=1228.5s eval=37.7s   vae_trainer.py:962
         viz=10.7s ckpt=8.7s total=1286.2s                                      
epoch 16 step 1810  loss=0.032404  lr=3.27e-05  [rmse=0.0057 h1=0.0000 ssim=0.0301 mlw=67.7226]
epoch 16 step 1820  loss=0.037047  lr=3.15e-05  [rmse=0.0207 h1=0.0006 ssim=0.1134 mlw=49.1897]
epoch 16 step 1830  loss=0.037789  lr=3.02e-05  [rmse=0.0068 h1=0.0001 ssim=0.0217 mlw=70.4910]
epoch 16 step 1840  loss=0.036037  lr=2.89e-05  [rmse=0.0199 h1=0.0004 ssim=0.0769 mlw=57.4006]
epoch 16 step 1850  loss=0.036831  lr=2.76e-05  [rmse=0.0045 h1=0.0000 ssim=0.0193 mlw=80.8548]
epoch 16 step 1860  loss=0.037067  lr=2.63e-05  [rmse=0.0160 h1=0.0003 ssim=0.0818 mlw=48.3069]
epoch 16 step 1870  loss=0.036751  lr=2.50e-05  [rmse=0.0276 h1=0.0010 ssim=0.0683 mlw=56.3798]
epoch 16 step 1880  loss=0.037011  lr=2.37e-05  [rmse=0.0202 h1=0.0005 ssim=0.0358 mlw=59.5370]
epoch 16 step 1890  loss=0.036251  lr=2.24e-05  [rmse=0.0218 h1=0.0007 ssim=0.0551 mlw=60.1675]
epoch 16 step 1900  loss=0.036225  lr=2.11e-05  [rmse=0.0105 h1=0.0002 ssim=0.0498 mlw=57.5530]
epoch 16 step 1910  loss=0.035547  lr=1.98e-05  [rmse=0.0091 h1=0.0001 ssim=0.0354 mlw=50.8013]
epoch 16 step 1920  loss=0.035748  lr=1.85e-05  [rmse=0.0138 h1=0.0003 ssim=0.0433 mlw=51.6024]
INFO     [rank 0] Loss weights: rmse=1.0000, h1=50.0000,      vae_trainer.py:874
         ssim=0.1500, mlw=0.0000                                                
INFO     [rank 0] Epoch 16: train_loss=0.035748               vae_trainer.py:900
         val_loss=0.037012  val_VRMSE=0.087699  lr=1.85e-05                     
INFO     [rank 0] Metrics updated: metrics/metrics.csv,       vae_trainer.py:926
         metrics/loss_curves.png                                                
INFO     [rank 0] Saved 8 validation reconstruction PNGs for vae_trainer.py:1121
         epoch 16                                                               
INFO     [rank 0] New best checkpoint (epoch 16,             vae_trainer.py:1223
         val_vrmse=0.087699):                                                   
         checkpoints/vae_shockwave_best.safetensors                             
INFO     [rank 0] Training state saved:                      vae_trainer.py:1283
         checkpoints/vae_shockwave_last.state.pt                                
INFO     [rank 0] Epoch 16 timing: train=1226.9s eval=37.5s   vae_trainer.py:962
         viz=11.7s ckpt=8.4s total=1285.0s                                      
epoch 17 step 1930  loss=0.034369  lr=1.73e-05  [rmse=0.0172 h1=0.0005 ssim=0.0821 mlw=50.8726]
epoch 17 step 1940  loss=0.037846  lr=1.61e-05  [rmse=0.0068 h1=0.0001 ssim=0.0236 mlw=74.9442]
epoch 17 step 1950  loss=0.036287  lr=1.49e-05  [rmse=0.0268 h1=0.0011 ssim=0.1073 mlw=51.4747]
epoch 17 step 1960  loss=0.036020  lr=1.37e-05  [rmse=0.0257 h1=0.0010 ssim=0.0702 mlw=50.8333]
epoch 17 step 1970  loss=0.035493  lr=1.26e-05  [rmse=0.0078 h1=0.0001 ssim=0.0360 mlw=61.0122]
epoch 17 step 1980  loss=0.035160  lr=1.15e-05  [rmse=0.0160 h1=0.0005 ssim=0.0452 mlw=100.5080]
epoch 17 step 1990  loss=0.034557  lr=1.04e-05  [rmse=0.0159 h1=0.0004 ssim=0.0868 mlw=49.6569]
epoch 17 step 2000  loss=0.034594  lr=9.42e-06  [rmse=0.0152 h1=0.0003 ssim=0.0555 mlw=53.1272]
epoch 17 step 2010  loss=0.035441  lr=8.46e-06  [rmse=0.0220 h1=0.0007 ssim=0.0619 mlw=54.9125]
epoch 17 step 2020  loss=0.034988  lr=7.54e-06  [rmse=0.0050 h1=0.0000 ssim=0.0138 mlw=61.3590]
epoch 17 step 2030  loss=0.034504  lr=6.68e-06  [rmse=0.0059 h1=0.0001 ssim=0.0239 mlw=65.4409]
epoch 17 step 2040  loss=0.034505  lr=5.87e-06  [rmse=0.0044 h1=0.0000 ssim=0.0119 mlw=83.7450]
INFO     [rank 0] Loss weights: rmse=1.0000, h1=50.0000,      vae_trainer.py:874
         ssim=0.1500, mlw=0.0000                                                
INFO     [rank 0] Epoch 17: train_loss=0.034505               vae_trainer.py:900
         val_loss=0.036425  val_VRMSE=0.086076  lr=5.87e-06                     
INFO     [rank 0] Metrics updated: metrics/metrics.csv,       vae_trainer.py:926
         metrics/loss_curves.png                                                
INFO     [rank 0] Saved 8 validation reconstruction PNGs for vae_trainer.py:1121
         epoch 17                                                               
INFO     [rank 0] New best checkpoint (epoch 17,             vae_trainer.py:1223
         val_vrmse=0.086076):                                                   
         checkpoints/vae_shockwave_best.safetensors                             
INFO     [rank 0] Training state saved:                      vae_trainer.py:1283
         checkpoints/vae_shockwave_last.state.pt                                
INFO     [rank 0] Epoch 17 timing: train=1228.6s eval=37.6s   vae_trainer.py:962
         viz=10.8s ckpt=8.4s total=1286.0s                                      
epoch 18 step 2050  loss=0.040314  lr=5.11e-06  [rmse=0.0070 h1=0.0001 ssim=0.0344 mlw=64.0616]
epoch 18 step 2060  loss=0.037267  lr=4.41e-06  [rmse=0.0038 h1=0.0000 ssim=0.0238 mlw=65.1295]
epoch 18 step 2070  loss=0.034961  lr=3.78e-06  [rmse=0.0152 h1=0.0004 ssim=0.0591 mlw=48.2622]
epoch 18 step 2080  loss=0.034349  lr=3.20e-06  [rmse=0.0132 h1=0.0002 ssim=0.0391 mlw=110.4841]
epoch 18 step 2090  loss=0.033508  lr=2.69e-06  [rmse=0.0055 h1=0.0000 ssim=0.0267 mlw=59.0402]
epoch 18 step 2100  loss=0.035184  lr=2.25e-06  [rmse=0.0218 h1=0.0007 ssim=0.0688 mlw=51.6666]
epoch 18 step 2110  loss=0.036181  lr=1.87e-06  [rmse=0.0106 h1=0.0002 ssim=0.0284 mlw=68.3574]
epoch 18 step 2120  loss=0.035000  lr=1.56e-06  [rmse=0.0121 h1=0.0002 ssim=0.0556 mlw=50.6863]
epoch 18 step 2130  loss=0.034562  lr=1.31e-06  [rmse=0.0061 h1=0.0001 ssim=0.0236 mlw=72.5021]
epoch 18 step 2140  loss=0.034869  lr=1.14e-06  [rmse=0.0080 h1=0.0001 ssim=0.0281 mlw=71.1177]
epoch 18 step 2150  loss=0.034510  lr=1.03e-06  [rmse=0.0042 h1=0.0000 ssim=0.0183 mlw=69.7311]
epoch 18 step 2160  loss=0.034195  lr=1.00e-06  [rmse=0.0111 h1=0.0002 ssim=0.0493 mlw=49.9266]
INFO     [rank 0] Loss weights: rmse=1.0000, h1=50.0000,      vae_trainer.py:874
         ssim=0.1500, mlw=0.0000                                                
INFO     [rank 0] Epoch 18: train_loss=0.034195               vae_trainer.py:900
         val_loss=0.036343  val_VRMSE=0.085840  lr=1.00e-06                     
INFO     [rank 0] Metrics updated: metrics/metrics.csv,       vae_trainer.py:926
         metrics/loss_curves.png                                                
INFO     [rank 0] Saved 8 validation reconstruction PNGs for vae_trainer.py:1121
         epoch 18                                                               
INFO     [rank 0] New best checkpoint (epoch 18,             vae_trainer.py:1223
         val_vrmse=0.085840):                                                   
         checkpoints/vae_shockwave_best.safetensors                             
INFO     [rank 0] Training state saved:                      vae_trainer.py:1283
         checkpoints/vae_shockwave_last.state.pt                                
INFO     [rank 0] Epoch 18 timing: train=1229.1s eval=38.3s   vae_trainer.py:962
         viz=11.7s ckpt=8.3s total=1287.9s                                      
╭──────────────────────────────────────────────────────────────────────────────╮
╰──────────────────────────────────────────────────────────────────────────────╯INFO     [rank 0] Training state saved:                      vae_trainer.py:1283
         checkpoints/vae_shockwave_last.state.pt                                
INFO     [rank 0] Best epoch: 18 (val_vrmse=0.085840)         vae_trainer.py:980

Training complete. Checkpoint: 
/hppfs/scratch/0D/go76fuz2/windinet/finetune_vae_outputs_sng_pvc/finetune_vae_wh
ole_structure_baseline_chorder_pr_d_my_mx_copyinit/checkpoints/vae_shockwave_bes
t.safetensors
Mirrored (excl. checkpoints/) to finetune_vae_outputs_sng_pvc/finetune_vae_whole_structure_baseline_chorder_pr_d_my_mx_copyinit
END TIME: Sun 09 Aug 2026 02:00:39 PM CEST
