START TIME: Wed 12 Aug 2026 05:44:54 AM CEST
job=523904 node=i20r04c03s02
+-----------+--------------------------------------------------------------------------------------+
| Device ID | Device Information                                                                   |
+-----------+--------------------------------------------------------------------------------------+
| 0         | Device Name: Intel(R) Data Center GPU Max 1550                                       |
|           | Vendor Name: Intel(R) Corporation                                                    |
|           | SOC UUID: 00000000-0000-003a-0000-002f0bd58086                                       |
|           | PCI BDF Address: 0000:3a:00.0                                                        |
|           | DRM Device: /dev/dri/card0                                                           |
|           | Function Type: physical                                                              |
+-----------+--------------------------------------------------------------------------------------+
| 1         | Device Name: Intel(R) Data Center GPU Max 1550                                       |
|           | Vendor Name: Intel(R) Corporation                                                    |
|           | SOC UUID: 00000000-0000-004b-0000-002f0bd58086                                       |
|           | PCI BDF Address: 0000:4b:00.0                                                        |
|           | DRM Device: /dev/dri/card1                                                           |
|           | Function Type: physical                                                              |
+-----------+--------------------------------------------------------------------------------------+
| 2         | Device Name: Intel(R) Data Center GPU Max 1550                                       |
|           | Vendor Name: Intel(R) Corporation                                                    |
|           | SOC UUID: 00000000-0000-00ca-0000-002f0bd58086                                       |
|           | PCI BDF Address: 0000:ca:00.0                                                        |
|           | DRM Device: /dev/dri/card2                                                           |
|           | Function Type: physical                                                              |
+-----------+--------------------------------------------------------------------------------------+
| 3         | Device Name: Intel(R) Data Center GPU Max 1550                                       |
|           | Vendor Name: Intel(R) Corporation                                                    |
|           | SOC UUID: 00000000-0000-00da-0000-002f0bd58086                                       |
|           | PCI BDF Address: 0000:da:00.0                                                        |
|           | DRM Device: /dev/dri/card3                                                           |
|           | Function Type: physical                                                              |
+-----------+--------------------------------------------------------------------------------------+
MASTER_ADDR: i20r04c03s02  MASTER_PORT: 37161
8 XPU tiles x accum 4 -> effective batch 32; output_dir /hppfs/scratch/0D/go76fuz2/windinet/finetune_vae_outputs_sng_pvc/finetune_vae_whole_structure_baseline_ep30_lowfloor
INFO     [rank 2] Failed to extract font properties from    font_manager.py:1107
         /usr/share/fonts/truetype/Cantarell-VF.otf: Can                        
         not load face (SFNT font table missing; error code                     
         0x8e)                                                                  
INFO     [rank 4] Failed to extract font properties from    font_manager.py:1107
         /usr/share/fonts/truetype/Cantarell-VF.otf: Can                        
         not load face (SFNT font table missing; error code                     
         0x8e)                                                                  
INFO     [rank 5] Failed to extract font properties from    font_manager.py:1107
         /usr/share/fonts/truetype/Cantarell-VF.otf: Can                        
         not load face (SFNT font table missing; error code                     
         0x8e)                                                                  
INFO     [rank 1] Failed to extract font properties from    font_manager.py:1107
         /usr/share/fonts/truetype/Cantarell-VF.otf: Can                        
         not load face (SFNT font table missing; error code                     
         0x8e)                                                                  
INFO     [rank 5] generated new fontManager                 font_manager.py:1639
INFO     [rank 7] Failed to extract font properties from    font_manager.py:1107
         /usr/share/fonts/truetype/Cantarell-VF.otf: Can                        
         not load face (SFNT font table missing; error code                     
         0x8e)                                                                  
INFO     [rank 4] generated new fontManager                 font_manager.py:1639
INFO     [rank 3] Failed to extract font properties from    font_manager.py:1107
         /usr/share/fonts/truetype/Cantarell-VF.otf: Can                        
         not load face (SFNT font table missing; error code                     
         0x8e)                                                                  
INFO     [rank 0] Failed to extract font properties from    font_manager.py:1107
         /usr/share/fonts/truetype/Cantarell-VF.otf: Can                        
         not load face (SFNT font table missing; error code                     
         0x8e)                                                                  
INFO     [rank 6] Failed to extract font properties from    font_manager.py:1107
         /usr/share/fonts/truetype/Cantarell-VF.otf: Can                        
         not load face (SFNT font table missing; error code                     
         0x8e)                                                                  
INFO     [rank 7] generated new fontManager                 font_manager.py:1639
INFO     [rank 0] generated new fontManager                 font_manager.py:1639
INFO     [rank 1] generated new fontManager                 font_manager.py:1639
INFO     [rank 3] generated new fontManager                 font_manager.py:1639
INFO     [rank 6] generated new fontManager                 font_manager.py:1639
INFO     [rank 2] generated new fontManager                 font_manager.py:1639
                          VAE Finetuning Configuration                          
┏━━━━━━━━━━━━━━━━━━━━━━━━━━━━━━━━━━━━━━┳━━━━━━━━━━━━━━━━━━━━━━━━━━━━━━━━━━━━━━━┓
┃ Parameter                            ┃ Value                                 ┃
┡━━━━━━━━━━━━━━━━━━━━━━━━━━━━━━━━━━━━━━╇━━━━━━━━━━━━━━━━━━━━━━━━━━━━━━━━━━━━━━━┩
│ model.model_source                   │ LTXV_2B_0.9.6_DEV                     │
│ model.load_checkpoint                │ None                                  │
│ adapter.enabled                      │ True                                  │
│ adapter.checkpoint                   │ None                                  │
│ adapter.channels                     │ ['density', 'momentum_x',             │
│                                      │ 'momentum_y', 'pressure']             │
│ adapter.mode                         │ inflate                               │
│ adapter.inflate_init                 │ mean                                  │
│ adapter.inflate_copy_channel         │ None                                  │
│ adapter.freeze_conv_in               │ False                                 │
│ adapter.hidden_channels              │ 32                                    │
│ adapter.activation                   │ gelu                                  │
│ adapter.identity_init                │ False                                 │
│ adapter.default_temb                 │ 0.0                                   │
│ adapter.unfreeze_encoder_tail        │ True                                  │
│ adapter.unfreeze_down_blocks         │ [0, 1, 2]                             │
│ data.data_root                       │ /hppfs/scratch/0D/go76fuz2/windinet/… │
│ data.eval_sims                       │ 675                                   │
│ data.num_dataloader_workers          │ 4                                     │
│ data.num_sim_frames                  │ None                                  │
│ data.overfit_sims                    │ None                                  │
│ data.overfit_repeat                  │ 1                                     │
│ data.channel_mean                    │ [0.905097647712509,                   │
│                                      │ 0.0040453659499771295,                │
│                                      │ -0.0019089379643528095, 0.9           │
│ data.channel_std                     │ [0.6607349375392083,                  │
│                                      │ 0.5328754120427532,                   │
│                                      │ 0.5262512462358824, 0.8050358         │
│ data.normalization_stats_file        │ configs/finetune_vae/euler_mq_128_on… │
│ data.normalization_clip              │ 5.0                                   │
│ data.channel_order                   │ ['density', 'momentum_x',             │
│                                      │ 'momentum_y', 'pressure']             │
│ data.log_transform_channels          │ []                                    │
│ optimization.learning_rate           │ 5e-05                                 │
│ optimization.adapter_lr_multiplier   │ 1.0                                   │
│ optimization.min_learning_rate       │ 1e-07                                 │
│ optimization.encoder_tail_lr_multip… │ 0.3                                   │
│ optimization.scheduler_type          │ wsd                                   │
│ optimization.stable_fraction         │ 0.7                                   │
│ optimization.epochs                  │ 30                                    │
│ optimization.batch_size              │ 1                                     │
│ optimization.gradient_accumulation_… │ 4                                     │
│ optimization.max_grad_norm           │ 5.0                                   │
│ optimization.weight_decay            │ 0.0                                   │
│ optimization.warmup_steps            │ 200                                   │
│ optimization.warmup_start_factor     │ 0.01                                  │
│ optimization.enable_gradient_checkp… │ True                                  │
│ loss.wavelet                         │ db2                                   │
│ loss.spatial_level                   │ 2                                     │
│ loss.temporal_level                  │ 2                                     │
│ loss.mlw_beta                        │ 10.0                                  │
│ loss.mlw_eps                         │ 1e-06                                 │
│ loss_weighting.strategy              │ fixed                                 │
│ loss_weighting.weights               │ {'rmse': 1.0, 'h1': 50.0, 'ssim':     │
│                                      │ 0.15, 'mlw': 0.0}                     │
│ loss_weighting.loss_names            │ ['rmse', 'h1', 'ssim', 'mlw']         │
│ loss_weighting.alpha                 │ 1.5                                   │
│ loss_weighting.weight_lr             │ 0.025                                 │
│ loss_weighting.temperature           │ 0.1                                   │
│ visualization.enabled                │ True                                  │
│ visualization.interval_epochs        │ 1                                     │
│ visualization.num_samples            │ 2                                     │
│ visualization.frame_numbers          │ [25, 50, 75, 100]                     │
│ visualization.dpi                    │ 150                                   │
│ acceleration.mixed_precision_mode    │ bf16                                  │
│ acceleration.compile_with_inductor   │ False                                 │
│ acceleration.compilation_mode        │ reduce-overhead                       │
│ checkpoints.interval                 │ 1                                     │
│ checkpoints.keep_last_n              │ 1                                     │
│ checkpoints.save_best_only           │ True                                  │
│ checkpoints.best_metric              │ val_vrmse                             │
│ checkpoints.save_last_state          │ True                                  │
│ wandb.enabled                        │ False                                 │
│ wandb.project                        │ windinet                              │
│ wandb.entity                         │ None                                  │
│ wandb.tags                           │ ['vae', 'inflate', 'mean-init',       │
│                                      │ 'wsd', '30ep', 'lr1x',                │
│                                      │ 'shockwave-cfd'                       │
│ seed                                 │ 42                                    │
│ output_dir                           │ /hppfs/scratch/0D/go76fuz2/windinet/… │
│ clean_output_dir                     │ True                                  │
│ resume_from                          │ None                                  │
│ resume_weights_only                  │ False                                 │
└──────────────────────────────────────┴───────────────────────────────────────┘
INFO     [rank 0] Distributed training: 8 processes          vae_trainer.py:1329
INFO     [rank 0] VAE inflated to 4 native channels           vae_trainer.py:180
         (init=mean); encoder.conv_in is trainable                              
INFO     [rank 0] Encoder extra modules UNFROZEN:             vae_trainer.py:245
         down_blocks[0, 1, 2] + tail                                            
         (down_blocks[-1]+mid_block+norm_out+conv_out)                          
INFO     [rank 0] VAE gradient checkpointing enabled          vae_trainer.py:251
INFO     [rank 0] VAE loaded. Decoder params: 552,869,953     vae_trainer.py:257
INFO     [rank 0] Trainable parameters:                       vae_trainer.py:330
         encoder_conv_in=221,312, encoder_extra=693,932,865,                    
         decoder=552,869,953, in_adapter=0, out_adapter=0                       
INFO     [rank 0] Dataset: 3825 train, 675 eval samples       vae_trainer.py:571
INFO     [rank 0] encoder.conv_in LR = 5.00e-05 (1x decoder   vae_trainer.py:595
         LR 5.00e-05)                                                           
INFO     [rank 0] encoder extra (down_blocks[0, 1, 2]+tail)   vae_trainer.py:613
         LR = 1.50e-05 (0.3x decoder LR 5.00e-05)                               
INFO     [rank 0] LR schedule 'wsd': 3600 steps (200 warmup,  vae_trainer.py:665
         2380 stable, 1020 anneal), peak 5.00e-05 -> floor                      
         1.00e-07                                                               
2026:08:12-05:56:43:131397 |CCL_WARN| value of CCL_ATL_TRANSPORT changed to be ofi (default:mpi)
2026:08:12-05:56:43:131397 |CCL_WARN| value of CCL_ALLREDUCE changed to be ring (default:)
2026:08:12-05:56:43:131398 |CCL_WARN| could not get local_idx/count from environment variables, trying to get them from ATL
2026:08:12-05:56:43:131397 |CCL_WARN| could not get local_idx/count from environment variables, trying to get them from ATL
2026:08:12-05:56:43:131399 |CCL_WARN| could not get local_idx/count from environment variables, trying to get them from ATL
2026:08:12-05:56:43:131400 |CCL_WARN| could not get local_idx/count from environment variables, trying to get them from ATL
2026:08:12-05:56:44:131401 |CCL_WARN| could not get local_idx/count from environment variables, trying to get them from ATL
2026:08:12-05:56:44:131402 |CCL_WARN| could not get local_idx/count from environment variables, trying to get them from ATL
2026:08:12-05:56:44:131403 |CCL_WARN| could not get local_idx/count from environment variables, trying to get them from ATL
2026:08:12-05:56:45:131404 |CCL_WARN| could not get local_idx/count from environment variables, trying to get them from ATL
INFO     [rank 0] Config saved:                              vae_trainer.py:1353
         /hppfs/scratch/0D/go76fuz2/windinet/finetune_vae_ou                    
         tputs_sng_pvc/finetune_vae_whole_structure_baseline                    
         _ep30_lowfloor/training_config.yaml                                    
INFO     [rank 0] Starting VAE decoder finetuning...          vae_trainer.py:713
epoch 1 step 10  loss=0.148294  lr=2.98e-06  [rmse=0.0546 h1=0.0002 ssim=0.3894 mlw=59.0452]
epoch 1 step 20  loss=0.139153  lr=5.45e-06  [rmse=0.0492 h1=0.0003 ssim=0.3331 mlw=74.6395]
epoch 1 step 30  loss=0.140620  lr=7.93e-06  [rmse=0.0423 h1=0.0005 ssim=0.2357 mlw=54.8883]
epoch 1 step 40  loss=0.141150  lr=1.04e-05  [rmse=0.1785 h1=0.0021 ssim=0.5920 mlw=59.7325]
epoch 1 step 50  loss=0.135593  lr=1.29e-05  [rmse=0.0571 h1=0.0004 ssim=0.3096 mlw=62.2195]
epoch 1 step 60  loss=0.133022  lr=1.54e-05  [rmse=0.0268 h1=0.0000 ssim=0.0733 mlw=139.7343]
epoch 1 step 70  loss=0.126544  lr=1.78e-05  [rmse=0.0312 h1=0.0005 ssim=0.2485 mlw=57.3931]
epoch 1 step 80  loss=0.119766  lr=2.03e-05  [rmse=0.0532 h1=0.0007 ssim=0.3050 mlw=62.6531]
epoch 1 step 90  loss=0.116687  lr=2.28e-05  [rmse=0.1066 h1=0.0022 ssim=0.2465 mlw=94.8776]
epoch 1 step 100  loss=0.111699  lr=2.53e-05  [rmse=0.0307 h1=0.0006 ssim=0.1197 mlw=94.0003]
epoch 1 step 110  loss=0.107320  lr=2.77e-05  [rmse=0.0205 h1=0.0003 ssim=0.1454 mlw=57.9947]
epoch 1 step 120  loss=0.104608  lr=3.02e-05  [rmse=0.0400 h1=0.0007 ssim=0.2226 mlw=58.5351]
INFO     [rank 0] Loss weights: rmse=1.0000, h1=50.0000,      vae_trainer.py:874
         ssim=0.1500, mlw=0.0000                                                
INFO     [rank 0] Epoch 1: train_loss=0.104608                vae_trainer.py:900
         val_loss=0.076542  val_VRMSE=0.211564  lr=3.02e-05                     
INFO     [rank 0] Metrics updated: metrics/metrics.csv,       vae_trainer.py:926
         metrics/loss_curves.png                                                
INFO     [rank 0] Saved 8 validation reconstruction PNGs for vae_trainer.py:1121
         epoch 1                                                                
INFO     [rank 0] New best checkpoint (epoch 1,              vae_trainer.py:1223
         val_vrmse=0.211564):                                                   
         checkpoints/vae_shockwave_best.safetensors                             
INFO     [rank 0] Training state saved:                      vae_trainer.py:1283
         checkpoints/vae_shockwave_last.state.pt                                
INFO     [rank 0] Epoch 1 timing: train=1244.4s eval=37.7s    vae_trainer.py:962
         viz=10.9s ckpt=9.5s total=1304.3s                                      
epoch 2 step 130  loss=0.076501  lr=3.27e-05  [rmse=0.0116 h1=0.0000 ssim=0.1381 mlw=101.0050]
epoch 2 step 140  loss=0.077617  lr=3.52e-05  [rmse=0.0306 h1=0.0007 ssim=0.2312 mlw=56.7507]
epoch 2 step 150  loss=0.076279  lr=3.76e-05  [rmse=0.0140 h1=0.0000 ssim=0.0917 mlw=108.6111]
epoch 2 step 160  loss=0.072466  lr=4.01e-05  [rmse=0.0185 h1=0.0003 ssim=0.1315 mlw=59.3304]
epoch 2 step 170  loss=0.069716  lr=4.26e-05  [rmse=0.0212 h1=0.0003 ssim=0.1448 mlw=58.8416]
epoch 2 step 180  loss=0.071894  lr=4.51e-05  [rmse=0.0217 h1=0.0001 ssim=0.1371 mlw=64.6242]
epoch 2 step 190  loss=0.072334  lr=4.75e-05  [rmse=0.0287 h1=0.0007 ssim=0.1552 mlw=64.2580]
epoch 2 step 200  loss=0.071343  lr=5.00e-05  [rmse=0.0207 h1=0.0004 ssim=0.1214 mlw=67.2480]
epoch 2 step 210  loss=0.071917  lr=5.00e-05  [rmse=0.0247 h1=0.0002 ssim=0.1796 mlw=68.3290]
epoch 2 step 220  loss=0.072663  lr=5.00e-05  [rmse=0.0529 h1=0.0014 ssim=0.2394 mlw=66.3890]
epoch 2 step 230  loss=0.072602  lr=5.00e-05  [rmse=0.0289 h1=0.0005 ssim=0.1391 mlw=54.6451]
epoch 2 step 240  loss=0.071122  lr=5.00e-05  [rmse=0.0135 h1=0.0001 ssim=0.0785 mlw=95.7154]
INFO     [rank 0] Loss weights: rmse=1.0000, h1=50.0000,      vae_trainer.py:874
         ssim=0.1500, mlw=0.0000                                                
INFO     [rank 0] Epoch 2: train_loss=0.071122                vae_trainer.py:900
         val_loss=0.066221  val_VRMSE=0.163719  lr=5.00e-05                     
INFO     [rank 0] Metrics updated: metrics/metrics.csv,       vae_trainer.py:926
         metrics/loss_curves.png                                                
INFO     [rank 0] Saved 8 validation reconstruction PNGs for vae_trainer.py:1121
         epoch 2                                                                
INFO     [rank 0] New best checkpoint (epoch 2,              vae_trainer.py:1223
         val_vrmse=0.163719):                                                   
         checkpoints/vae_shockwave_best.safetensors                             
INFO     [rank 0] Training state saved:                      vae_trainer.py:1283
         checkpoints/vae_shockwave_last.state.pt                                
INFO     [rank 0] Epoch 2 timing: train=1215.2s eval=37.5s    vae_trainer.py:962
         viz=10.6s ckpt=7.9s total=1271.8s                                      
epoch 3 step 250  loss=0.069205  lr=5.00e-05  [rmse=0.0278 h1=0.0006 ssim=0.2049 mlw=58.4548]
epoch 3 step 260  loss=0.070772  lr=5.00e-05  [rmse=0.0197 h1=0.0004 ssim=0.0944 mlw=60.9899]
epoch 3 step 270  loss=0.066045  lr=5.00e-05  [rmse=0.0161 h1=0.0002 ssim=0.0828 mlw=77.7189]
epoch 3 step 280  loss=0.064917  lr=5.00e-05  [rmse=0.0188 h1=0.0001 ssim=0.0584 mlw=96.1248]
epoch 3 step 290  loss=0.062614  lr=5.00e-05  [rmse=0.0096 h1=0.0000 ssim=0.0481 mlw=70.4147]
epoch 3 step 300  loss=0.060578  lr=5.00e-05  [rmse=0.0106 h1=0.0001 ssim=0.0881 mlw=73.9309]
epoch 3 step 310  loss=0.060429  lr=5.00e-05  [rmse=0.0239 h1=0.0006 ssim=0.1218 mlw=64.9950]
epoch 3 step 320  loss=0.059967  lr=5.00e-05  [rmse=0.0196 h1=0.0003 ssim=0.0855 mlw=61.8805]
epoch 3 step 330  loss=0.060838  lr=5.00e-05  [rmse=0.0361 h1=0.0013 ssim=0.2277 mlw=53.3448]
epoch 3 step 340  loss=0.060481  lr=5.00e-05  [rmse=0.0162 h1=0.0001 ssim=0.0828 mlw=66.1805]
epoch 3 step 350  loss=0.059870  lr=5.00e-05  [rmse=0.0485 h1=0.0019 ssim=0.1427 mlw=95.6043]
epoch 3 step 360  loss=0.060585  lr=5.00e-05  [rmse=0.0445 h1=0.0013 ssim=0.1347 mlw=76.8363]
INFO     [rank 0] Loss weights: rmse=1.0000, h1=50.0000,      vae_trainer.py:874
         ssim=0.1500, mlw=0.0000                                                
INFO     [rank 0] Epoch 3: train_loss=0.060585                vae_trainer.py:900
         val_loss=0.056755  val_VRMSE=0.140815  lr=5.00e-05                     
INFO     [rank 0] Metrics updated: metrics/metrics.csv,       vae_trainer.py:926
         metrics/loss_curves.png                                                
INFO     [rank 0] Saved 8 validation reconstruction PNGs for vae_trainer.py:1121
         epoch 3                                                                
INFO     [rank 0] New best checkpoint (epoch 3,              vae_trainer.py:1223
         val_vrmse=0.140815):                                                   
         checkpoints/vae_shockwave_best.safetensors                             
INFO     [rank 0] Training state saved:                      vae_trainer.py:1283
         checkpoints/vae_shockwave_last.state.pt                                
INFO     [rank 0] Epoch 3 timing: train=1218.6s eval=37.9s    vae_trainer.py:962
         viz=10.6s ckpt=8.1s total=1275.8s                                      
epoch 4 step 370  loss=0.046699  lr=5.00e-05  [rmse=0.0086 h1=0.0000 ssim=0.0493 mlw=72.2964]
epoch 4 step 380  loss=0.048058  lr=5.00e-05  [rmse=0.0129 h1=0.0002 ssim=0.0735 mlw=62.7650]
epoch 4 step 390  loss=0.050154  lr=5.00e-05  [rmse=0.0257 h1=0.0007 ssim=0.1608 mlw=54.6707]
epoch 4 step 400  loss=0.051026  lr=5.00e-05  [rmse=0.0080 h1=0.0000 ssim=0.0336 mlw=66.4393]
epoch 4 step 410  loss=0.052050  lr=5.00e-05  [rmse=0.0270 h1=0.0007 ssim=0.1557 mlw=62.4480]
epoch 4 step 420  loss=0.053044  lr=5.00e-05  [rmse=0.0080 h1=0.0000 ssim=0.0494 mlw=100.1478]
epoch 4 step 430  loss=0.053312  lr=5.00e-05  [rmse=0.0102 h1=0.0001 ssim=0.0388 mlw=77.5987]
epoch 4 step 440  loss=0.051899  lr=5.00e-05  [rmse=0.0101 h1=0.0001 ssim=0.0915 mlw=67.7380]
epoch 4 step 450  loss=0.051763  lr=5.00e-05  [rmse=0.0241 h1=0.0006 ssim=0.0760 mlw=81.8277]
epoch 4 step 460  loss=0.052253  lr=5.00e-05  [rmse=0.0121 h1=0.0002 ssim=0.0898 mlw=80.3512]
epoch 4 step 470  loss=0.052024  lr=5.00e-05  [rmse=0.0085 h1=0.0000 ssim=0.0398 mlw=92.4750]
epoch 4 step 480  loss=0.051376  lr=5.00e-05  [rmse=0.0096 h1=0.0001 ssim=0.0431 mlw=61.5134]
INFO     [rank 0] Loss weights: rmse=1.0000, h1=50.0000,      vae_trainer.py:874
         ssim=0.1500, mlw=0.0000                                                
INFO     [rank 0] Epoch 4: train_loss=0.051376                vae_trainer.py:900
         val_loss=0.048865  val_VRMSE=0.118183  lr=5.00e-05                     
INFO     [rank 0] Metrics updated: metrics/metrics.csv,       vae_trainer.py:926
         metrics/loss_curves.png                                                
INFO     [rank 0] Saved 8 validation reconstruction PNGs for vae_trainer.py:1121
         epoch 4                                                                
INFO     [rank 0] New best checkpoint (epoch 4,              vae_trainer.py:1223
         val_vrmse=0.118183):                                                   
         checkpoints/vae_shockwave_best.safetensors                             
INFO     [rank 0] Training state saved:                      vae_trainer.py:1283
         checkpoints/vae_shockwave_last.state.pt                                
INFO     [rank 0] Epoch 4 timing: train=1212.5s eval=37.5s    vae_trainer.py:962
         viz=10.7s ckpt=8.0s total=1269.2s                                      
epoch 5 step 490  loss=0.047944  lr=5.00e-05  [rmse=0.0053 h1=0.0000 ssim=0.0122 mlw=85.9629]
epoch 5 step 500  loss=0.047820  lr=5.00e-05  [rmse=0.0116 h1=0.0001 ssim=0.0500 mlw=53.9268]
epoch 5 step 510  loss=0.046448  lr=5.00e-05  [rmse=0.0156 h1=0.0002 ssim=0.1081 mlw=54.6557]
epoch 5 step 520  loss=0.045901  lr=5.00e-05  [rmse=0.0142 h1=0.0002 ssim=0.0799 mlw=68.0681]
epoch 5 step 530  loss=0.046342  lr=5.00e-05  [rmse=0.0044 h1=0.0000 ssim=0.0125 mlw=97.0086]
epoch 5 step 540  loss=0.047620  lr=5.00e-05  [rmse=0.0237 h1=0.0004 ssim=0.1459 mlw=65.5875]
epoch 5 step 550  loss=0.049677  lr=5.00e-05  [rmse=0.0360 h1=0.0014 ssim=0.1687 mlw=70.2876]
epoch 5 step 560  loss=0.049554  lr=5.00e-05  [rmse=0.0106 h1=0.0001 ssim=0.0599 mlw=75.5904]
epoch 5 step 570  loss=0.050764  lr=5.00e-05  [rmse=0.0301 h1=0.0009 ssim=0.1180 mlw=64.5417]
epoch 5 step 580  loss=0.049969  lr=5.00e-05  [rmse=0.0227 h1=0.0005 ssim=0.1012 mlw=61.8003]
epoch 5 step 590  loss=0.049900  lr=5.00e-05  [rmse=0.0168 h1=0.0002 ssim=0.0387 mlw=81.6120]
epoch 5 step 600  loss=0.049650  lr=5.00e-05  [rmse=0.0056 h1=0.0000 ssim=0.0345 mlw=87.8821]
INFO     [rank 0] Loss weights: rmse=1.0000, h1=50.0000,      vae_trainer.py:874
         ssim=0.1500, mlw=0.0000                                                
INFO     [rank 0] Epoch 5: train_loss=0.049650                vae_trainer.py:900
         val_loss=0.048601  val_VRMSE=0.119106  lr=5.00e-05                     
INFO     [rank 0] Metrics updated: metrics/metrics.csv,       vae_trainer.py:926
         metrics/loss_curves.png                                                
INFO     [rank 0] Saved 8 validation reconstruction PNGs for vae_trainer.py:1121
         epoch 5                                                                
INFO     [rank 0] Training state saved:                      vae_trainer.py:1283
         checkpoints/vae_shockwave_last.state.pt                                
INFO     [rank 0] Epoch 5 timing: train=1215.5s eval=37.6s    vae_trainer.py:962
         viz=10.7s ckpt=7.0s total=1271.4s                                      
epoch 6 step 610  loss=0.035749  lr=5.00e-05  [rmse=0.0218 h1=0.0004 ssim=0.0828 mlw=59.5439]
epoch 6 step 620  loss=0.039467  lr=5.00e-05  [rmse=0.0129 h1=0.0002 ssim=0.0589 mlw=52.8157]
epoch 6 step 630  loss=0.041276  lr=5.00e-05  [rmse=0.0112 h1=0.0002 ssim=0.0560 mlw=56.0739]
epoch 6 step 640  loss=0.041294  lr=5.00e-05  [rmse=0.0211 h1=0.0005 ssim=0.0931 mlw=56.2477]
epoch 6 step 650  loss=0.042605  lr=5.00e-05  [rmse=0.0307 h1=0.0012 ssim=0.1823 mlw=55.5562]
epoch 6 step 660  loss=0.043358  lr=5.00e-05  [rmse=0.0207 h1=0.0005 ssim=0.1326 mlw=53.7537]
epoch 6 step 670  loss=0.042934  lr=5.00e-05  [rmse=0.0081 h1=0.0001 ssim=0.0355 mlw=81.4086]
epoch 6 step 680  loss=0.043746  lr=5.00e-05  [rmse=0.0205 h1=0.0004 ssim=0.0835 mlw=55.2699]
epoch 6 step 690  loss=0.044038  lr=5.00e-05  [rmse=0.0093 h1=0.0000 ssim=0.0455 mlw=59.5434]
epoch 6 step 700  loss=0.045740  lr=5.00e-05  [rmse=0.0123 h1=0.0001 ssim=0.0291 mlw=84.6049]
epoch 6 step 710  loss=0.045332  lr=5.00e-05  [rmse=0.0208 h1=0.0004 ssim=0.0672 mlw=55.9797]
epoch 6 step 720  loss=0.045290  lr=5.00e-05  [rmse=0.0308 h1=0.0011 ssim=0.1194 mlw=57.6182]
INFO     [rank 0] Loss weights: rmse=1.0000, h1=50.0000,      vae_trainer.py:874
         ssim=0.1500, mlw=0.0000                                                
INFO     [rank 0] Epoch 6: train_loss=0.045290                vae_trainer.py:900
         val_loss=0.045405  val_VRMSE=0.109152  lr=5.00e-05                     
INFO     [rank 0] Metrics updated: metrics/metrics.csv,       vae_trainer.py:926
         metrics/loss_curves.png                                                
INFO     [rank 0] Saved 8 validation reconstruction PNGs for vae_trainer.py:1121
         epoch 6                                                                
INFO     [rank 0] New best checkpoint (epoch 6,              vae_trainer.py:1223
         val_vrmse=0.109152):                                                   
         checkpoints/vae_shockwave_best.safetensors                             
INFO     [rank 0] Training state saved:                      vae_trainer.py:1283
         checkpoints/vae_shockwave_last.state.pt                                
INFO     [rank 0] Epoch 6 timing: train=1212.7s eval=37.5s    vae_trainer.py:962
         viz=11.0s ckpt=8.3s total=1270.1s                                      
epoch 7 step 730  loss=0.037752  lr=5.00e-05  [rmse=0.0157 h1=0.0003 ssim=0.0654 mlw=63.9522]
epoch 7 step 740  loss=0.042269  lr=5.00e-05  [rmse=0.0088 h1=0.0000 ssim=0.0366 mlw=62.2572]
epoch 7 step 750  loss=0.044409  lr=5.00e-05  [rmse=0.0176 h1=0.0003 ssim=0.0895 mlw=67.9292]
epoch 7 step 760  loss=0.043362  lr=5.00e-05  [rmse=0.0095 h1=0.0000 ssim=0.0320 mlw=72.1126]
epoch 7 step 770  loss=0.043184  lr=5.00e-05  [rmse=0.0342 h1=0.0011 ssim=0.0984 mlw=57.7833]
epoch 7 step 780  loss=0.045177  lr=5.00e-05  [rmse=0.0121 h1=0.0002 ssim=0.0648 mlw=74.4637]
epoch 7 step 790  loss=0.044330  lr=5.00e-05  [rmse=0.0536 h1=0.0031 ssim=0.1662 mlw=63.1860]
epoch 7 step 800  loss=0.043273  lr=5.00e-05  [rmse=0.0109 h1=0.0001 ssim=0.0467 mlw=66.6840]
epoch 7 step 810  loss=0.043872  lr=5.00e-05  [rmse=0.0048 h1=0.0000 ssim=0.0179 mlw=104.7581]
epoch 7 step 820  loss=0.043596  lr=5.00e-05  [rmse=0.0201 h1=0.0005 ssim=0.1210 mlw=51.8457]
epoch 7 step 830  loss=0.043928  lr=5.00e-05  [rmse=0.0206 h1=0.0004 ssim=0.0583 mlw=97.1837]
epoch 7 step 840  loss=0.044285  lr=5.00e-05  [rmse=0.0254 h1=0.0006 ssim=0.0600 mlw=62.2915]
INFO     [rank 0] Loss weights: rmse=1.0000, h1=50.0000,      vae_trainer.py:874
         ssim=0.1500, mlw=0.0000                                                
INFO     [rank 0] Epoch 7: train_loss=0.044285                vae_trainer.py:900
         val_loss=0.043100  val_VRMSE=0.102505  lr=5.00e-05                     
INFO     [rank 0] Metrics updated: metrics/metrics.csv,       vae_trainer.py:926
         metrics/loss_curves.png                                                
INFO     [rank 0] Saved 8 validation reconstruction PNGs for vae_trainer.py:1121
         epoch 7                                                                
INFO     [rank 0] New best checkpoint (epoch 7,              vae_trainer.py:1223
         val_vrmse=0.102505):                                                   
         checkpoints/vae_shockwave_best.safetensors                             
INFO     [rank 0] Training state saved:                      vae_trainer.py:1283
         checkpoints/vae_shockwave_last.state.pt                                
INFO     [rank 0] Epoch 7 timing: train=1213.1s eval=37.5s    vae_trainer.py:962
         viz=10.9s ckpt=8.2s total=1270.3s                                      
epoch 8 step 850  loss=0.038185  lr=5.00e-05  [rmse=0.0048 h1=0.0000 ssim=0.0143 mlw=109.4576]
epoch 8 step 860  loss=0.044284  lr=5.00e-05  [rmse=0.0258 h1=0.0008 ssim=0.0737 mlw=59.2238]
epoch 8 step 870  loss=0.041375  lr=5.00e-05  [rmse=0.0029 h1=0.0000 ssim=0.0078 mlw=87.1729]
epoch 8 step 880  loss=0.043417  lr=5.00e-05  [rmse=0.0282 h1=0.0008 ssim=0.0830 mlw=60.3353]
epoch 8 step 890  loss=0.044811  lr=5.00e-05  [rmse=0.0341 h1=0.0014 ssim=0.1129 mlw=82.3790]
epoch 8 step 900  loss=0.044311  lr=5.00e-05  [rmse=0.0065 h1=0.0000 ssim=0.0277 mlw=62.5089]
epoch 8 step 910  loss=0.043834  lr=5.00e-05  [rmse=0.0529 h1=0.0029 ssim=0.1361 mlw=68.5805]
epoch 8 step 920  loss=0.044511  lr=5.00e-05  [rmse=0.0146 h1=0.0002 ssim=0.0715 mlw=54.6269]
epoch 8 step 930  loss=0.045630  lr=5.00e-05  [rmse=0.0103 h1=0.0001 ssim=0.0567 mlw=63.4035]
epoch 8 step 940  loss=0.045632  lr=5.00e-05  [rmse=0.0101 h1=0.0001 ssim=0.0646 mlw=50.0533]
epoch 8 step 950  loss=0.045515  lr=5.00e-05  [rmse=0.0136 h1=0.0002 ssim=0.0522 mlw=59.9211]
epoch 8 step 960  loss=0.046111  lr=5.00e-05  [rmse=0.0341 h1=0.0014 ssim=0.1189 mlw=78.6248]
INFO     [rank 0] Loss weights: rmse=1.0000, h1=50.0000,      vae_trainer.py:874
         ssim=0.1500, mlw=0.0000                                                
INFO     [rank 0] Epoch 8: train_loss=0.046111                vae_trainer.py:900
         val_loss=0.046464  val_VRMSE=0.111886  lr=5.00e-05                     
INFO     [rank 0] Metrics updated: metrics/metrics.csv,       vae_trainer.py:926
         metrics/loss_curves.png                                                
INFO     [rank 0] Saved 8 validation reconstruction PNGs for vae_trainer.py:1121
         epoch 8                                                                
INFO     [rank 0] Training state saved:                      vae_trainer.py:1283
         checkpoints/vae_shockwave_last.state.pt                                
INFO     [rank 0] Epoch 8 timing: train=1216.1s eval=37.7s    vae_trainer.py:962
         viz=10.7s ckpt=6.8s total=1271.8s                                      
epoch 9 step 970  loss=0.050393  lr=5.00e-05  [rmse=0.0093 h1=0.0001 ssim=0.0429 mlw=57.2044]
epoch 9 step 980  loss=0.049963  lr=5.00e-05  [rmse=0.0230 h1=0.0007 ssim=0.1005 mlw=50.7204]
epoch 9 step 990  loss=0.047684  lr=5.00e-05  [rmse=0.0104 h1=0.0001 ssim=0.0495 mlw=70.1791]
epoch 9 step 1000  loss=0.045038  lr=5.00e-05  [rmse=0.0030 h1=0.0000 ssim=0.0233 mlw=94.1222]
epoch 9 step 1010  loss=0.044024  lr=5.00e-05  [rmse=0.0279 h1=0.0010 ssim=0.1239 mlw=51.0418]
epoch 9 step 1020  loss=0.043079  lr=5.00e-05  [rmse=0.0345 h1=0.0016 ssim=0.1180 mlw=61.6513]
epoch 9 step 1030  loss=0.043521  lr=5.00e-05  [rmse=0.0253 h1=0.0008 ssim=0.0928 mlw=60.6558]
epoch 9 step 1040  loss=0.043337  lr=5.00e-05  [rmse=0.0097 h1=0.0001 ssim=0.0414 mlw=68.5868]
epoch 9 step 1050  loss=0.043422  lr=5.00e-05  [rmse=0.0090 h1=0.0001 ssim=0.0509 mlw=75.1840]
epoch 9 step 1060  loss=0.043196  lr=5.00e-05  [rmse=0.0094 h1=0.0001 ssim=0.0618 mlw=60.1317]
epoch 9 step 1070  loss=0.043434  lr=5.00e-05  [rmse=0.0131 h1=0.0003 ssim=0.0635 mlw=63.3903]
epoch 9 step 1080  loss=0.043718  lr=5.00e-05  [rmse=0.0124 h1=0.0002 ssim=0.0473 mlw=57.4228]
INFO     [rank 0] Loss weights: rmse=1.0000, h1=50.0000,      vae_trainer.py:874
         ssim=0.1500, mlw=0.0000                                                
INFO     [rank 0] Epoch 9: train_loss=0.043718                vae_trainer.py:900
         val_loss=0.042278  val_VRMSE=0.101546  lr=5.00e-05                     
INFO     [rank 0] Metrics updated: metrics/metrics.csv,       vae_trainer.py:926
         metrics/loss_curves.png                                                
INFO     [rank 0] Saved 8 validation reconstruction PNGs for vae_trainer.py:1121
         epoch 9                                                                
INFO     [rank 0] New best checkpoint (epoch 9,              vae_trainer.py:1223
         val_vrmse=0.101546):                                                   
         checkpoints/vae_shockwave_best.safetensors                             
INFO     [rank 0] Training state saved:                      vae_trainer.py:1283
         checkpoints/vae_shockwave_last.state.pt                                
INFO     [rank 0] Epoch 9 timing: train=1214.8s eval=37.8s    vae_trainer.py:962
         viz=10.6s ckpt=8.3s total=1272.3s                                      
epoch 10 step 1090  loss=0.042830  lr=5.00e-05  [rmse=0.0121 h1=0.0002 ssim=0.0692 mlw=61.5982]
epoch 10 step 1100  loss=0.043831  lr=5.00e-05  [rmse=0.0094 h1=0.0001 ssim=0.0372 mlw=70.4750]
epoch 10 step 1110  loss=0.042390  lr=5.00e-05  [rmse=0.0085 h1=0.0001 ssim=0.0495 mlw=69.8915]
epoch 10 step 1120  loss=0.041029  lr=5.00e-05  [rmse=0.0065 h1=0.0000 ssim=0.0129 mlw=112.8479]
epoch 10 step 1130  loss=0.041732  lr=5.00e-05  [rmse=0.0148 h1=0.0001 ssim=0.0583 mlw=96.1590]
epoch 10 step 1140  loss=0.041681  lr=5.00e-05  [rmse=0.0061 h1=0.0000 ssim=0.0387 mlw=65.6832]
epoch 10 step 1150  loss=0.042173  lr=5.00e-05  [rmse=0.0141 h1=0.0003 ssim=0.0714 mlw=54.1730]
epoch 10 step 1160  loss=0.041497  lr=5.00e-05  [rmse=0.0066 h1=0.0000 ssim=0.0358 mlw=92.9157]
epoch 10 step 1170  loss=0.041978  lr=5.00e-05  [rmse=0.0162 h1=0.0003 ssim=0.0875 mlw=52.0209]
epoch 10 step 1180  loss=0.042239  lr=5.00e-05  [rmse=0.0126 h1=0.0002 ssim=0.0663 mlw=53.1687]
epoch 10 step 1190  loss=0.042245  lr=5.00e-05  [rmse=0.0182 h1=0.0004 ssim=0.1259 mlw=54.5200]
epoch 10 step 1200  loss=0.041854  lr=5.00e-05  [rmse=0.0032 h1=0.0000 ssim=0.0371 mlw=113.9117]
INFO     [rank 0] Loss weights: rmse=1.0000, h1=50.0000,      vae_trainer.py:874
         ssim=0.1500, mlw=0.0000                                                
INFO     [rank 0] Epoch 10: train_loss=0.041854               vae_trainer.py:900
         val_loss=0.043687  val_VRMSE=0.107910  lr=5.00e-05                     
INFO     [rank 0] Metrics updated: metrics/metrics.csv,       vae_trainer.py:926
         metrics/loss_curves.png                                                
INFO     [rank 0] Saved 8 validation reconstruction PNGs for vae_trainer.py:1121
         epoch 10                                                               
INFO     [rank 0] Training state saved:                      vae_trainer.py:1283
         checkpoints/vae_shockwave_last.state.pt                                
INFO     [rank 0] Epoch 10 timing: train=1211.9s eval=38.0s   vae_trainer.py:962
         viz=10.7s ckpt=7.0s total=1268.2s                                      
epoch 11 step 1210  loss=0.042721  lr=5.00e-05  [rmse=0.0072 h1=0.0001 ssim=0.0377 mlw=65.8807]
epoch 11 step 1220  loss=0.037555  lr=5.00e-05  [rmse=0.0147 h1=0.0003 ssim=0.0507 mlw=76.0534]
epoch 11 step 1230  loss=0.039951  lr=5.00e-05  [rmse=0.0089 h1=0.0001 ssim=0.0369 mlw=51.5655]
epoch 11 step 1240  loss=0.037696  lr=5.00e-05  [rmse=0.0044 h1=0.0000 ssim=0.0111 mlw=66.3300]
epoch 11 step 1250  loss=0.037914  lr=5.00e-05  [rmse=0.0210 h1=0.0005 ssim=0.1266 mlw=53.7059]
epoch 11 step 1260  loss=0.037811  lr=5.00e-05  [rmse=0.0096 h1=0.0001 ssim=0.0474 mlw=52.6123]
epoch 11 step 1270  loss=0.040177  lr=5.00e-05  [rmse=0.0385 h1=0.0019 ssim=0.1322 mlw=53.5465]
epoch 11 step 1280  loss=0.039620  lr=5.00e-05  [rmse=0.0095 h1=0.0000 ssim=0.0468 mlw=73.5762]
epoch 11 step 1290  loss=0.039658  lr=5.00e-05  [rmse=0.0111 h1=0.0001 ssim=0.0498 mlw=53.2307]
epoch 11 step 1300  loss=0.040011  lr=5.00e-05  [rmse=0.0078 h1=0.0001 ssim=0.0361 mlw=56.1174]
epoch 11 step 1310  loss=0.039527  lr=5.00e-05  [rmse=0.0173 h1=0.0003 ssim=0.0672 mlw=51.0430]
epoch 11 step 1320  loss=0.040116  lr=5.00e-05  [rmse=0.0035 h1=0.0000 ssim=0.0119 mlw=92.7727]
INFO     [rank 0] Loss weights: rmse=1.0000, h1=50.0000,      vae_trainer.py:874
         ssim=0.1500, mlw=0.0000                                                
INFO     [rank 0] Epoch 11: train_loss=0.040116               vae_trainer.py:900
         val_loss=0.040727  val_VRMSE=0.098272  lr=5.00e-05                     
INFO     [rank 0] Metrics updated: metrics/metrics.csv,       vae_trainer.py:926
         metrics/loss_curves.png                                                
INFO     [rank 0] Saved 8 validation reconstruction PNGs for vae_trainer.py:1121
         epoch 11                                                               
INFO     [rank 0] New best checkpoint (epoch 11,             vae_trainer.py:1223
         val_vrmse=0.098272):                                                   
         checkpoints/vae_shockwave_best.safetensors                             
INFO     [rank 0] Training state saved:                      vae_trainer.py:1283
         checkpoints/vae_shockwave_last.state.pt                                
INFO     [rank 0] Epoch 11 timing: train=1214.4s eval=37.6s   vae_trainer.py:962
         viz=11.0s ckpt=8.8s total=1272.2s                                      
epoch 12 step 1330  loss=0.043807  lr=5.00e-05  [rmse=0.0106 h1=0.0001 ssim=0.0454 mlw=62.8643]
epoch 12 step 1340  loss=0.042951  lr=5.00e-05  [rmse=0.0301 h1=0.0011 ssim=0.0935 mlw=134.4805]
epoch 12 step 1350  loss=0.041206  lr=5.00e-05  [rmse=0.0203 h1=0.0006 ssim=0.0825 mlw=59.0716]
epoch 12 step 1360  loss=0.043457  lr=5.00e-05  [rmse=0.0158 h1=0.0003 ssim=0.0973 mlw=51.5404]
epoch 12 step 1370  loss=0.042375  lr=5.00e-05  [rmse=0.0216 h1=0.0006 ssim=0.0822 mlw=54.6501]
epoch 12 step 1380  loss=0.044254  lr=5.00e-05  [rmse=0.0095 h1=0.0001 ssim=0.0750 mlw=69.8013]
epoch 12 step 1390  loss=0.044066  lr=5.00e-05  [rmse=0.0331 h1=0.0014 ssim=0.1179 mlw=63.6528]
epoch 12 step 1400  loss=0.042995  lr=5.00e-05  [rmse=0.0241 h1=0.0004 ssim=0.0710 mlw=71.4878]
epoch 12 step 1410  loss=0.042452  lr=5.00e-05  [rmse=0.0205 h1=0.0004 ssim=0.0368 mlw=85.3275]
epoch 12 step 1420  loss=0.042147  lr=5.00e-05  [rmse=0.0124 h1=0.0002 ssim=0.0530 mlw=52.4337]
epoch 12 step 1430  loss=0.041581  lr=5.00e-05  [rmse=0.0086 h1=0.0001 ssim=0.0263 mlw=72.7713]
epoch 12 step 1440  loss=0.042501  lr=5.00e-05  [rmse=0.0202 h1=0.0005 ssim=0.0931 mlw=49.5791]
INFO     [rank 0] Loss weights: rmse=1.0000, h1=50.0000,      vae_trainer.py:874
         ssim=0.1500, mlw=0.0000                                                
INFO     [rank 0] Epoch 12: train_loss=0.042501               vae_trainer.py:900
         val_loss=0.041248  val_VRMSE=0.101130  lr=5.00e-05                     
INFO     [rank 0] Metrics updated: metrics/metrics.csv,       vae_trainer.py:926
         metrics/loss_curves.png                                                
INFO     [rank 0] Saved 8 validation reconstruction PNGs for vae_trainer.py:1121
         epoch 12                                                               
INFO     [rank 0] Training state saved:                      vae_trainer.py:1283
         checkpoints/vae_shockwave_last.state.pt                                
INFO     [rank 0] Epoch 12 timing: train=1212.2s eval=37.5s   vae_trainer.py:962
         viz=10.7s ckpt=6.9s total=1267.8s                                      
epoch 13 step 1450  loss=0.032946  lr=5.00e-05  [rmse=0.0209 h1=0.0005 ssim=0.0777 mlw=57.8928]
epoch 13 step 1460  loss=0.037705  lr=5.00e-05  [rmse=0.0350 h1=0.0012 ssim=0.1101 mlw=57.8593]
epoch 13 step 1470  loss=0.041332  lr=5.00e-05  [rmse=0.0503 h1=0.0034 ssim=0.0904 mlw=76.2091]
epoch 13 step 1480  loss=0.040637  lr=5.00e-05  [rmse=0.0075 h1=0.0001 ssim=0.0411 mlw=64.1376]
epoch 13 step 1490  loss=0.040648  lr=5.00e-05  [rmse=0.0189 h1=0.0005 ssim=0.0949 mlw=48.8521]
epoch 13 step 1500  loss=0.039715  lr=5.00e-05  [rmse=0.0067 h1=0.0001 ssim=0.0266 mlw=57.9404]
epoch 13 step 1510  loss=0.040313  lr=5.00e-05  [rmse=0.0114 h1=0.0002 ssim=0.0579 mlw=59.7085]
epoch 13 step 1520  loss=0.040537  lr=5.00e-05  [rmse=0.0058 h1=0.0000 ssim=0.0358 mlw=106.8405]
epoch 13 step 1530  loss=0.040247  lr=5.00e-05  [rmse=0.0116 h1=0.0001 ssim=0.0473 mlw=59.1412]
epoch 13 step 1540  loss=0.040963  lr=5.00e-05  [rmse=0.0359 h1=0.0009 ssim=0.0808 mlw=86.1712]
epoch 13 step 1550  loss=0.040242  lr=5.00e-05  [rmse=0.0067 h1=0.0000 ssim=0.0290 mlw=61.3119]
epoch 13 step 1560  loss=0.040270  lr=5.00e-05  [rmse=0.0054 h1=0.0000 ssim=0.0302 mlw=63.1926]
INFO     [rank 0] Loss weights: rmse=1.0000, h1=50.0000,      vae_trainer.py:874
         ssim=0.1500, mlw=0.0000                                                
INFO     [rank 0] Epoch 13: train_loss=0.040270               vae_trainer.py:900
         val_loss=0.040949  val_VRMSE=0.099736  lr=5.00e-05                     
INFO     [rank 0] Metrics updated: metrics/metrics.csv,       vae_trainer.py:926
         metrics/loss_curves.png                                                
INFO     [rank 0] Saved 8 validation reconstruction PNGs for vae_trainer.py:1121
         epoch 13                                                               
INFO     [rank 0] Training state saved:                      vae_trainer.py:1283
         checkpoints/vae_shockwave_last.state.pt                                
INFO     [rank 0] Epoch 13 timing: train=1212.3s eval=37.9s   vae_trainer.py:962
         viz=10.4s ckpt=7.1s total=1268.2s                                      
epoch 14 step 1570  loss=0.038248  lr=5.00e-05  [rmse=0.0300 h1=0.0012 ssim=0.0812 mlw=72.4565]
epoch 14 step 1580  loss=0.036162  lr=5.00e-05  [rmse=0.0056 h1=0.0000 ssim=0.0308 mlw=98.5535]
epoch 14 step 1590  loss=0.036063  lr=5.00e-05  [rmse=0.0050 h1=0.0000 ssim=0.0181 mlw=60.5830]
epoch 14 step 1600  loss=0.035916  lr=5.00e-05  [rmse=0.0281 h1=0.0010 ssim=0.0654 mlw=69.8860]
epoch 14 step 1610  loss=0.036070  lr=5.00e-05  [rmse=0.0099 h1=0.0001 ssim=0.0422 mlw=52.3106]
epoch 14 step 1620  loss=0.036217  lr=5.00e-05  [rmse=0.0099 h1=0.0001 ssim=0.0352 mlw=64.5648]
epoch 14 step 1630  loss=0.037825  lr=5.00e-05  [rmse=0.0156 h1=0.0003 ssim=0.0815 mlw=49.8876]
epoch 14 step 1640  loss=0.038470  lr=5.00e-05  [rmse=0.0088 h1=0.0001 ssim=0.0503 mlw=61.7779]
epoch 14 step 1650  loss=0.038305  lr=5.00e-05  [rmse=0.0112 h1=0.0002 ssim=0.0499 mlw=62.5564]
epoch 14 step 1660  loss=0.038147  lr=5.00e-05  [rmse=0.0091 h1=0.0001 ssim=0.0384 mlw=59.5198]
epoch 14 step 1670  loss=0.037664  lr=5.00e-05  [rmse=0.0030 h1=0.0000 ssim=0.0102 mlw=99.8520]
epoch 14 step 1680  loss=0.037632  lr=5.00e-05  [rmse=0.0081 h1=0.0000 ssim=0.0310 mlw=96.0742]
INFO     [rank 0] Loss weights: rmse=1.0000, h1=50.0000,      vae_trainer.py:874
         ssim=0.1500, mlw=0.0000                                                
INFO     [rank 0] Epoch 14: train_loss=0.037632               vae_trainer.py:900
         val_loss=0.043164  val_VRMSE=0.106898  lr=5.00e-05                     
INFO     [rank 0] Metrics updated: metrics/metrics.csv,       vae_trainer.py:926
         metrics/loss_curves.png                                                
INFO     [rank 0] Saved 8 validation reconstruction PNGs for vae_trainer.py:1121
         epoch 14                                                               
INFO     [rank 0] Training state saved:                      vae_trainer.py:1283
         checkpoints/vae_shockwave_last.state.pt                                
INFO     [rank 0] Epoch 14 timing: train=1214.2s eval=37.8s   vae_trainer.py:962
         viz=11.7s ckpt=7.1s total=1271.3s                                      
epoch 15 step 1690  loss=0.034095  lr=5.00e-05  [rmse=0.0083 h1=0.0001 ssim=0.0425 mlw=59.4732]
epoch 15 step 1700  loss=0.035818  lr=5.00e-05  [rmse=0.0302 h1=0.0011 ssim=0.0604 mlw=60.5363]
epoch 15 step 1710  loss=0.038453  lr=5.00e-05  [rmse=0.0062 h1=0.0000 ssim=0.0171 mlw=91.8052]
epoch 15 step 1720  loss=0.037230  lr=5.00e-05  [rmse=0.0059 h1=0.0000 ssim=0.0263 mlw=79.6648]
epoch 15 step 1730  loss=0.037911  lr=5.00e-05  [rmse=0.0193 h1=0.0005 ssim=0.1059 mlw=48.3216]
epoch 15 step 1740  loss=0.038913  lr=5.00e-05  [rmse=0.0091 h1=0.0001 ssim=0.0476 mlw=60.3817]
epoch 15 step 1750  loss=0.039046  lr=5.00e-05  [rmse=0.0232 h1=0.0006 ssim=0.0941 mlw=48.6537]
epoch 15 step 1760  loss=0.039661  lr=5.00e-05  [rmse=0.0066 h1=0.0000 ssim=0.0308 mlw=58.1036]
epoch 15 step 1770  loss=0.040092  lr=5.00e-05  [rmse=0.0174 h1=0.0004 ssim=0.0950 mlw=58.0684]
epoch 15 step 1780  loss=0.040966  lr=5.00e-05  [rmse=0.0041 h1=0.0000 ssim=0.0206 mlw=92.9529]
epoch 15 step 1790  loss=0.040206  lr=5.00e-05  [rmse=0.0110 h1=0.0002 ssim=0.0636 mlw=58.3288]
epoch 15 step 1800  loss=0.039489  lr=5.00e-05  [rmse=0.0036 h1=0.0000 ssim=0.0178 mlw=65.9897]
INFO     [rank 0] Loss weights: rmse=1.0000, h1=50.0000,      vae_trainer.py:874
         ssim=0.1500, mlw=0.0000                                                
INFO     [rank 0] Epoch 15: train_loss=0.039489               vae_trainer.py:900
         val_loss=0.041020  val_VRMSE=0.101242  lr=5.00e-05                     
INFO     [rank 0] Metrics updated: metrics/metrics.csv,       vae_trainer.py:926
         metrics/loss_curves.png                                                
INFO     [rank 0] Saved 8 validation reconstruction PNGs for vae_trainer.py:1121
         epoch 15                                                               
INFO     [rank 0] Training state saved:                      vae_trainer.py:1283
         checkpoints/vae_shockwave_last.state.pt                                
INFO     [rank 0] Epoch 15 timing: train=1212.7s eval=37.7s   vae_trainer.py:962
         viz=10.6s ckpt=7.2s total=1268.9s                                      
epoch 16 step 1810  loss=0.032790  lr=5.00e-05  [rmse=0.0058 h1=0.0000 ssim=0.0368 mlw=68.5091]
epoch 16 step 1820  loss=0.037939  lr=5.00e-05  [rmse=0.0212 h1=0.0006 ssim=0.1250 mlw=49.1397]
epoch 16 step 1830  loss=0.039291  lr=5.00e-05  [rmse=0.0116 h1=0.0001 ssim=0.0468 mlw=70.9696]
epoch 16 step 1840  loss=0.037925  lr=5.00e-05  [rmse=0.0260 h1=0.0005 ssim=0.1460 mlw=63.8335]
epoch 16 step 1850  loss=0.038769  lr=5.00e-05  [rmse=0.0053 h1=0.0000 ssim=0.0279 mlw=81.6043]
epoch 16 step 1860  loss=0.039390  lr=5.00e-05  [rmse=0.0166 h1=0.0003 ssim=0.0931 mlw=48.8482]
epoch 16 step 1870  loss=0.039210  lr=5.00e-05  [rmse=0.0298 h1=0.0010 ssim=0.0737 mlw=59.6439]
epoch 16 step 1880  loss=0.039660  lr=5.00e-05  [rmse=0.0220 h1=0.0006 ssim=0.0563 mlw=67.4880]
epoch 16 step 1890  loss=0.038982  lr=5.00e-05  [rmse=0.0247 h1=0.0007 ssim=0.0638 mlw=61.1698]
epoch 16 step 1900  loss=0.038882  lr=5.00e-05  [rmse=0.0109 h1=0.0002 ssim=0.0552 mlw=57.8171]
epoch 16 step 1910  loss=0.038249  lr=5.00e-05  [rmse=0.0096 h1=0.0001 ssim=0.0371 mlw=50.6729]
epoch 16 step 1920  loss=0.038380  lr=5.00e-05  [rmse=0.0148 h1=0.0003 ssim=0.0500 mlw=51.8479]
INFO     [rank 0] Loss weights: rmse=1.0000, h1=50.0000,      vae_trainer.py:874
         ssim=0.1500, mlw=0.0000                                                
INFO     [rank 0] Epoch 16: train_loss=0.038380               vae_trainer.py:900
         val_loss=0.039037  val_VRMSE=0.095238  lr=5.00e-05                     
INFO     [rank 0] Metrics updated: metrics/metrics.csv,       vae_trainer.py:926
         metrics/loss_curves.png                                                
INFO     [rank 0] Saved 8 validation reconstruction PNGs for vae_trainer.py:1121
         epoch 16                                                               
INFO     [rank 0] New best checkpoint (epoch 16,             vae_trainer.py:1223
         val_vrmse=0.095238):                                                   
         checkpoints/vae_shockwave_best.safetensors                             
INFO     [rank 0] Training state saved:                      vae_trainer.py:1283
         checkpoints/vae_shockwave_last.state.pt                                
INFO     [rank 0] Epoch 16 timing: train=1211.9s eval=37.7s   vae_trainer.py:962
         viz=10.5s ckpt=8.0s total=1268.5s                                      
epoch 17 step 1930  loss=0.036393  lr=5.00e-05  [rmse=0.0174 h1=0.0005 ssim=0.0858 mlw=51.0575]
epoch 17 step 1940  loss=0.040344  lr=5.00e-05  [rmse=0.0085 h1=0.0001 ssim=0.0331 mlw=77.0685]
epoch 17 step 1950  loss=0.040544  lr=5.00e-05  [rmse=0.0296 h1=0.0012 ssim=0.1223 mlw=51.7692]
