START TIME: Sat 15 Aug 2026 07:44:47 PM CEST
job=524576 node=i20r01c03s06
+-----------+--------------------------------------------------------------------------------------+
| Device ID | Device Information                                                                   |
+-----------+--------------------------------------------------------------------------------------+
| 0         | Device Name: Intel(R) Data Center GPU Max 1550                                       |
|           | Vendor Name: Intel(R) Corporation                                                    |
|           | SOC UUID: 00000000-0000-003a-0000-002f0bd58086                                       |
|           | PCI BDF Address: 0000:3a:00.0                                                        |
|           | DRM Device: /dev/dri/card0                                                           |
|           | Function Type: physical                                                              |
+-----------+--------------------------------------------------------------------------------------+
| 1         | Device Name: Intel(R) Data Center GPU Max 1550                                       |
|           | Vendor Name: Intel(R) Corporation                                                    |
|           | SOC UUID: 00000000-0000-004b-0000-002f0bd58086                                       |
|           | PCI BDF Address: 0000:4b:00.0                                                        |
|           | DRM Device: /dev/dri/card1                                                           |
|           | Function Type: physical                                                              |
+-----------+--------------------------------------------------------------------------------------+
| 2         | Device Name: Intel(R) Data Center GPU Max 1550                                       |
|           | Vendor Name: Intel(R) Corporation                                                    |
|           | SOC UUID: 00000000-0000-00ca-0000-002f0bd58086                                       |
|           | PCI BDF Address: 0000:ca:00.0                                                        |
|           | DRM Device: /dev/dri/card2                                                           |
|           | Function Type: physical                                                              |
+-----------+--------------------------------------------------------------------------------------+
| 3         | Device Name: Intel(R) Data Center GPU Max 1550                                       |
|           | Vendor Name: Intel(R) Corporation                                                    |
|           | SOC UUID: 00000000-0000-00da-0000-002f0bd58086                                       |
|           | PCI BDF Address: 0000:da:00.0                                                        |
|           | DRM Device: /dev/dri/card3                                                           |
|           | Function Type: physical                                                              |
+-----------+--------------------------------------------------------------------------------------+
MASTER_ADDR: i20r01c03s06  MASTER_PORT: 55803
8 XPU tiles x batch_size 2 x accum 2 -> effective batch 32; output_dir /hppfs/scratch/0D/go76fuz2/windinet/finetune_vae_outputs_sng_pvc/finetune_vae_whole_structure_baseline_bs2
INFO     [rank 1] Failed to extract font properties from    font_manager.py:1107
         /usr/share/fonts/truetype/Cantarell-VF.otf: Can                        
         not load face (SFNT font table missing; error code                     
         0x8e)                                                                  
INFO     [rank 7] Failed to extract font properties from    font_manager.py:1107
         /usr/share/fonts/truetype/Cantarell-VF.otf: Can                        
         not load face (SFNT font table missing; error code                     
         0x8e)                                                                  
INFO     [rank 3] Failed to extract font properties from    font_manager.py:1107
         /usr/share/fonts/truetype/Cantarell-VF.otf: Can                        
         not load face (SFNT font table missing; error code                     
         0x8e)                                                                  
INFO     [rank 5] Failed to extract font properties from    font_manager.py:1107
         /usr/share/fonts/truetype/Cantarell-VF.otf: Can                        
         not load face (SFNT font table missing; error code                     
         0x8e)                                                                  
INFO     [rank 7] generated new fontManager                 font_manager.py:1639
INFO     [rank 6] Failed to extract font properties from    font_manager.py:1107
         /usr/share/fonts/truetype/Cantarell-VF.otf: Can                        
         not load face (SFNT font table missing; error code                     
         0x8e)                                                                  
INFO     [rank 1] generated new fontManager                 font_manager.py:1639
INFO     [rank 0] Failed to extract font properties from    font_manager.py:1107
         /usr/share/fonts/truetype/Cantarell-VF.otf: Can                        
         not load face (SFNT font table missing; error code                     
         0x8e)                                                                  
INFO     [rank 4] Failed to extract font properties from    font_manager.py:1107
         /usr/share/fonts/truetype/Cantarell-VF.otf: Can                        
         not load face (SFNT font table missing; error code                     
         0x8e)                                                                  
INFO     [rank 2] Failed to extract font properties from    font_manager.py:1107
         /usr/share/fonts/truetype/Cantarell-VF.otf: Can                        
         not load face (SFNT font table missing; error code                     
         0x8e)                                                                  
INFO     [rank 0] generated new fontManager                 font_manager.py:1639
INFO     [rank 3] generated new fontManager                 font_manager.py:1639
INFO     [rank 4] generated new fontManager                 font_manager.py:1639
INFO     [rank 5] generated new fontManager                 font_manager.py:1639
INFO     [rank 2] generated new fontManager                 font_manager.py:1639
INFO     [rank 6] generated new fontManager                 font_manager.py:1639
                          VAE Finetuning Configuration                          
┏━━━━━━━━━━━━━━━━━━━━━━━━━━━━━━━━━━━━━━┳━━━━━━━━━━━━━━━━━━━━━━━━━━━━━━━━━━━━━━━┓
┃ Parameter                            ┃ Value                                 ┃
┡━━━━━━━━━━━━━━━━━━━━━━━━━━━━━━━━━━━━━━╇━━━━━━━━━━━━━━━━━━━━━━━━━━━━━━━━━━━━━━━┩
│ model.model_source                   │ LTXV_2B_0.9.6_DEV                     │
│ model.load_checkpoint                │ None                                  │
│ adapter.enabled                      │ True                                  │
│ adapter.checkpoint                   │ None                                  │
│ adapter.channels                     │ ['density', 'momentum_x',             │
│                                      │ 'momentum_y', 'pressure']             │
│ adapter.mode                         │ inflate                               │
│ adapter.inflate_init                 │ mean                                  │
│ adapter.inflate_copy_channel         │ None                                  │
│ adapter.freeze_conv_in               │ False                                 │
│ adapter.hidden_channels              │ 32                                    │
│ adapter.activation                   │ gelu                                  │
│ adapter.identity_init                │ False                                 │
│ adapter.default_temb                 │ 0.0                                   │
│ adapter.unfreeze_encoder_tail        │ True                                  │
│ adapter.unfreeze_down_blocks         │ [0, 1, 2]                             │
│ data.data_root                       │ /hppfs/scratch/0D/go76fuz2/windinet/… │
│ data.eval_sims                       │ 675                                   │
│ data.num_dataloader_workers          │ 4                                     │
│ data.num_sim_frames                  │ None                                  │
│ data.overfit_sims                    │ None                                  │
│ data.overfit_repeat                  │ 1                                     │
│ data.channel_mean                    │ [0.905097647712509,                   │
│                                      │ 0.0040453659499771295,                │
│                                      │ -0.0019089379643528095, 0.9           │
│ data.channel_std                     │ [0.6607349375392083,                  │
│                                      │ 0.5328754120427532,                   │
│                                      │ 0.5262512462358824, 0.8050358         │
│ data.normalization_stats_file        │ configs/finetune_vae/euler_mq_128_on… │
│ data.normalization_clip              │ 5.0                                   │
│ data.channel_order                   │ ['density', 'momentum_x',             │
│                                      │ 'momentum_y', 'pressure']             │
│ data.log_transform_channels          │ []                                    │
│ optimization.learning_rate           │ 5e-05                                 │
│ optimization.adapter_lr_multiplier   │ 1.0                                   │
│ optimization.min_learning_rate       │ 1e-06                                 │
│ optimization.encoder_tail_lr_multip… │ 0.3                                   │
│ optimization.scheduler_type          │ wsd                                   │
│ optimization.stable_fraction         │ 0.7                                   │
│ optimization.epochs                  │ 18                                    │
│ optimization.batch_size              │ 2                                     │
│ optimization.gradient_accumulation_… │ 2                                     │
│ optimization.max_grad_norm           │ 5.0                                   │
│ optimization.weight_decay            │ 0.0                                   │
│ optimization.warmup_steps            │ 200                                   │
│ optimization.warmup_start_factor     │ 0.01                                  │
│ optimization.enable_gradient_checkp… │ True                                  │
│ loss.wavelet                         │ db2                                   │
│ loss.spatial_level                   │ 2                                     │
│ loss.temporal_level                  │ 2                                     │
│ loss.mlw_beta                        │ 10.0                                  │
│ loss.mlw_eps                         │ 1e-06                                 │
│ loss_weighting.strategy              │ fixed                                 │
│ loss_weighting.weights               │ {'rmse': 1.0, 'h1': 50.0, 'ssim':     │
│                                      │ 0.15, 'mlw': 0.0}                     │
│ loss_weighting.loss_names            │ ['rmse', 'h1', 'ssim', 'mlw']         │
│ loss_weighting.alpha                 │ 1.5                                   │
│ loss_weighting.weight_lr             │ 0.025                                 │
│ loss_weighting.temperature           │ 0.1                                   │
│ visualization.enabled                │ True                                  │
│ visualization.interval_epochs        │ 1                                     │
│ visualization.num_samples            │ 3                                     │
│ visualization.frame_numbers          │ [25, 50, 75, 100]                     │
│ visualization.dpi                    │ 150                                   │
│ acceleration.mixed_precision_mode    │ bf16                                  │
│ acceleration.compile_with_inductor   │ False                                 │
│ acceleration.compilation_mode        │ reduce-overhead                       │
│ checkpoints.interval                 │ 1                                     │
│ checkpoints.keep_last_n              │ 1                                     │
│ checkpoints.save_best_only           │ True                                  │
│ checkpoints.best_metric              │ val_vrmse                             │
│ checkpoints.save_last_state          │ True                                  │
│ wandb.enabled                        │ False                                 │
│ wandb.project                        │ windinet                              │
│ wandb.entity                         │ None                                  │
│ wandb.tags                           │ ['vae', 'inflate', 'mean-init',       │
│                                      │ 'wsd', '18ep', 'h1x2', 'lr1x',        │
│                                      │ 'shockw                               │
│ seed                                 │ 42                                    │
│ output_dir                           │ /hppfs/scratch/0D/go76fuz2/windinet/… │
│ clean_output_dir                     │ True                                  │
│ resume_from                          │ None                                  │
│ resume_weights_only                  │ False                                 │
└──────────────────────────────────────┴───────────────────────────────────────┘
INFO     [rank 0] Distributed training: 8 processes          vae_trainer.py:1348
INFO     [rank 0] VAE inflated to 4 native channels           vae_trainer.py:180
         (init=mean); encoder.conv_in is trainable                              
INFO     [rank 0] Encoder extra modules UNFROZEN:             vae_trainer.py:245
         down_blocks[0, 1, 2] + tail                                            
         (down_blocks[-1]+mid_block+norm_out+conv_out)                          
INFO     [rank 0] VAE gradient checkpointing enabled          vae_trainer.py:251
INFO     [rank 0] VAE loaded. Decoder params: 552,869,953     vae_trainer.py:257
INFO     [rank 0] Trainable parameters:                       vae_trainer.py:330
         encoder_conv_in=221,312, encoder_extra=693,932,865,                    
         decoder=552,869,953, in_adapter=0, out_adapter=0                       
INFO     [rank 0] Dataset: 3825 train, 675 eval samples       vae_trainer.py:591
INFO     [rank 0] encoder.conv_in LR = 5.00e-05 (1x decoder   vae_trainer.py:615
         LR 5.00e-05)                                                           
INFO     [rank 0] encoder extra (down_blocks[0, 1, 2]+tail)   vae_trainer.py:633
         LR = 1.50e-05 (0.3x decoder LR 5.00e-05)                               
INFO     [rank 0] LR schedule 'wsd': 2160 steps (200 warmup,  vae_trainer.py:685
         1372 stable, 588 anneal), peak 5.00e-05 -> floor                       
         1.00e-06                                                               
2026:08:15-19:57:33:217492 |CCL_WARN| value of CCL_ATL_TRANSPORT changed to be ofi (default:mpi)
2026:08:15-19:57:33:217492 |CCL_WARN| value of CCL_ALLREDUCE changed to be ring (default:)
2026:08:15-19:57:33:217496 |CCL_WARN| could not get local_idx/count from environment variables, trying to get them from ATL
2026:08:15-19:57:33:217493 |CCL_WARN| could not get local_idx/count from environment variables, trying to get them from ATL
2026:08:15-19:57:33:217495 |CCL_WARN| could not get local_idx/count from environment variables, trying to get them from ATL
2026:08:15-19:57:33:217494 |CCL_WARN| could not get local_idx/count from environment variables, trying to get them from ATL
2026:08:15-19:57:33:217492 |CCL_WARN| could not get local_idx/count from environment variables, trying to get them from ATL
2026:08:15-19:57:34:217497 |CCL_WARN| could not get local_idx/count from environment variables, trying to get them from ATL
2026:08:15-19:57:34:217498 |CCL_WARN| could not get local_idx/count from environment variables, trying to get them from ATL
2026:08:15-19:57:34:217499 |CCL_WARN| could not get local_idx/count from environment variables, trying to get them from ATL
INFO     [rank 0] Config saved:                              vae_trainer.py:1372
         /hppfs/scratch/0D/go76fuz2/windinet/finetune_vae_ou                    
         tputs_sng_pvc/finetune_vae_whole_structure_baseline                    
         _bs2/training_config.yaml                                              
INFO     [rank 0] Starting VAE decoder finetuning...          vae_trainer.py:733
epoch 1 step 10  loss=0.153348  lr=2.98e-06  [rmse=0.0610 h1=0.0004 ssim=0.3115 mlw=61.6114]
epoch 1 step 20  loss=0.144627  lr=5.45e-06  [rmse=0.0531 h1=0.0006 ssim=0.3459 mlw=60.2038]
epoch 1 step 30  loss=0.138301  lr=7.93e-06  [rmse=0.0329 h1=0.0001 ssim=0.1957 mlw=95.8386]
epoch 1 step 40  loss=0.138001  lr=1.04e-05  [rmse=0.0309 h1=0.0001 ssim=0.2516 mlw=78.1277]
epoch 1 step 50  loss=0.138264  lr=1.29e-05  [rmse=0.0641 h1=0.0011 ssim=0.2674 mlw=64.4227]
epoch 1 step 60  loss=0.137630  lr=1.54e-05  [rmse=0.0740 h1=0.0018 ssim=0.2607 mlw=70.8713]
epoch 1 step 70  loss=0.132942  lr=1.78e-05  [rmse=0.0476 h1=0.0010 ssim=0.2308 mlw=64.5462]
epoch 1 step 80  loss=0.127105  lr=2.03e-05  [rmse=0.0234 h1=0.0002 ssim=0.2262 mlw=64.8778]
epoch 1 step 90  loss=0.122298  lr=2.28e-05  [rmse=0.0215 h1=0.0001 ssim=0.0847 mlw=78.8511]
epoch 1 step 100  loss=0.117643  lr=2.53e-05  [rmse=0.0268 h1=0.0005 ssim=0.1226 mlw=71.6259]
epoch 1 step 110  loss=0.113708  lr=2.77e-05  [rmse=0.0543 h1=0.0016 ssim=0.1816 mlw=69.4257]
epoch 1 step 120  loss=0.111414  lr=3.02e-05  [rmse=0.0492 h1=0.0006 ssim=0.2119 mlw=83.5151]
INFO     [rank 0] Loss weights: rmse=1.0000, h1=50.0000,      vae_trainer.py:894
         ssim=0.1500, mlw=0.0000                                                
INFO     [rank 0] Epoch 1: train_loss=0.111414                vae_trainer.py:920
         val_loss=0.078303  val_VRMSE=0.201464  lr=3.02e-05                     
INFO     [rank 0] Metrics updated: metrics/metrics.csv,       vae_trainer.py:946
         metrics/loss_curves.png                                                
INFO     [rank 0] Saved 12 validation reconstruction PNGs    vae_trainer.py:1140
         for epoch 1                                                            
INFO     [rank 0] New best checkpoint (epoch 1,              vae_trainer.py:1242
         val_vrmse=0.201464):                                                   
         checkpoints/vae_shockwave_best.safetensors                             
INFO     [rank 0] Training state saved:                      vae_trainer.py:1302
         checkpoints/vae_shockwave_last.state.pt                                
INFO     [rank 0] Epoch 1 timing: train=1219.3s eval=38.8s    vae_trainer.py:982
         viz=13.2s ckpt=9.8s total=1281.8s                                      
epoch 2 step 130  loss=0.069809  lr=3.27e-05  [rmse=0.0163 h1=0.0002 ssim=0.1269 mlw=70.2209]
epoch 2 step 140  loss=0.070707  lr=3.52e-05  [rmse=0.0309 h1=0.0005 ssim=0.2822 mlw=71.2719]
epoch 2 step 150  loss=0.076457  lr=3.76e-05  [rmse=0.0608 h1=0.0009 ssim=0.2468 mlw=83.4496]
epoch 2 step 160  loss=0.077017  lr=4.01e-05  [rmse=0.0143 h1=0.0000 ssim=0.0703 mlw=120.8835]
epoch 2 step 170  loss=0.078638  lr=4.26e-05  [rmse=0.0198 h1=0.0001 ssim=0.1376 mlw=74.9134]
epoch 2 step 180  loss=0.079478  lr=4.51e-05  [rmse=0.0452 h1=0.0011 ssim=0.1531 mlw=72.6401]
epoch 2 step 190  loss=0.076137  lr=4.75e-05  [rmse=0.0486 h1=0.0012 ssim=0.1965 mlw=106.2733]
epoch 2 step 200  loss=0.075581  lr=5.00e-05  [rmse=0.0244 h1=0.0004 ssim=0.1363 mlw=67.8388]
epoch 2 step 210  loss=0.075757  lr=5.00e-05  [rmse=0.0303 h1=0.0007 ssim=0.1634 mlw=62.0394]
epoch 2 step 220  loss=0.076360  lr=5.00e-05  [rmse=0.0141 h1=0.0001 ssim=0.0776 mlw=64.4112]
epoch 2 step 230  loss=0.076611  lr=5.00e-05  [rmse=0.0345 h1=0.0007 ssim=0.1368 mlw=73.2470]
epoch 2 step 240  loss=0.074965  lr=5.00e-05  [rmse=0.0092 h1=0.0001 ssim=0.0462 mlw=73.2351]
INFO     [rank 0] Loss weights: rmse=1.0000, h1=50.0000,      vae_trainer.py:894
         ssim=0.1500, mlw=0.0000                                                
INFO     [rank 0] Epoch 2: train_loss=0.074965                vae_trainer.py:920
         val_loss=0.063659  val_VRMSE=0.155305  lr=5.00e-05                     
INFO     [rank 0] Metrics updated: metrics/metrics.csv,       vae_trainer.py:946
         metrics/loss_curves.png                                                
INFO     [rank 0] Saved 12 validation reconstruction PNGs    vae_trainer.py:1140
         for epoch 2                                                            
INFO     [rank 0] New best checkpoint (epoch 2,              vae_trainer.py:1242
         val_vrmse=0.155305):                                                   
         checkpoints/vae_shockwave_best.safetensors                             
INFO     [rank 0] Training state saved:                      vae_trainer.py:1302
         checkpoints/vae_shockwave_last.state.pt                                
INFO     [rank 0] Epoch 2 timing: train=1195.6s eval=38.2s    vae_trainer.py:982
         viz=12.7s ckpt=8.7s total=1255.9s                                      
epoch 3 step 250  loss=0.072079  lr=5.00e-05  [rmse=0.0165 h1=0.0001 ssim=0.1505 mlw=66.3016]
epoch 3 step 260  loss=0.078661  lr=5.00e-05  [rmse=0.0267 h1=0.0006 ssim=0.1772 mlw=71.2564]
epoch 3 step 270  loss=0.073005  lr=5.00e-05  [rmse=0.0216 h1=0.0004 ssim=0.1185 mlw=58.0123]
epoch 3 step 280  loss=0.067352  lr=5.00e-05  [rmse=0.0232 h1=0.0005 ssim=0.1024 mlw=56.2941]
epoch 3 step 290  loss=0.064898  lr=5.00e-05  [rmse=0.0232 h1=0.0003 ssim=0.1133 mlw=62.1976]
epoch 3 step 300  loss=0.061992  lr=5.00e-05  [rmse=0.0159 h1=0.0002 ssim=0.1036 mlw=63.9998]
epoch 3 step 310  loss=0.062337  lr=5.00e-05  [rmse=0.0374 h1=0.0011 ssim=0.1696 mlw=67.9752]
epoch 3 step 320  loss=0.060348  lr=5.00e-05  [rmse=0.0130 h1=0.0001 ssim=0.0799 mlw=56.1403]
epoch 3 step 330  loss=0.060707  lr=5.00e-05  [rmse=0.0191 h1=0.0003 ssim=0.1058 mlw=64.4064]
epoch 3 step 340  loss=0.059418  lr=5.00e-05  [rmse=0.0190 h1=0.0003 ssim=0.0518 mlw=85.3806]
epoch 3 step 350  loss=0.058904  lr=5.00e-05  [rmse=0.0109 h1=0.0001 ssim=0.0724 mlw=82.6734]
epoch 3 step 360  loss=0.059901  lr=5.00e-05  [rmse=0.0198 h1=0.0002 ssim=0.1330 mlw=58.9742]
INFO     [rank 0] Loss weights: rmse=1.0000, h1=50.0000,      vae_trainer.py:894
         ssim=0.1500, mlw=0.0000                                                
INFO     [rank 0] Epoch 3: train_loss=0.059901                vae_trainer.py:920
         val_loss=0.062780  val_VRMSE=0.166003  lr=5.00e-05                     
INFO     [rank 0] Metrics updated: metrics/metrics.csv,       vae_trainer.py:946
         metrics/loss_curves.png                                                
INFO     [rank 0] Saved 12 validation reconstruction PNGs    vae_trainer.py:1140
         for epoch 3                                                            
INFO     [rank 0] Training state saved:                      vae_trainer.py:1302
         checkpoints/vae_shockwave_last.state.pt                                
INFO     [rank 0] Epoch 3 timing: train=1196.6s eval=38.3s    vae_trainer.py:982
         viz=13.3s ckpt=7.3s total=1256.0s                                      
epoch 4 step 370  loss=0.056646  lr=5.00e-05  [rmse=0.0161 h1=0.0002 ssim=0.1080 mlw=60.1202]
epoch 4 step 380  loss=0.057714  lr=5.00e-05  [rmse=0.0265 h1=0.0003 ssim=0.1261 mlw=76.3266]
epoch 4 step 390  loss=0.059856  lr=5.00e-05  [rmse=0.0111 h1=0.0001 ssim=0.0750 mlw=79.9875]
epoch 4 step 400  loss=0.056964  lr=5.00e-05  [rmse=0.0155 h1=0.0001 ssim=0.0844 mlw=91.8684]
epoch 4 step 410  loss=0.058784  lr=5.00e-05  [rmse=0.0151 h1=0.0002 ssim=0.0810 mlw=57.6762]
epoch 4 step 420  loss=0.057926  lr=5.00e-05  [rmse=0.0124 h1=0.0001 ssim=0.0563 mlw=94.3813]
epoch 4 step 430  loss=0.058130  lr=5.00e-05  [rmse=0.0280 h1=0.0006 ssim=0.0839 mlw=82.3881]
epoch 4 step 440  loss=0.057671  lr=5.00e-05  [rmse=0.0158 h1=0.0002 ssim=0.0694 mlw=65.0785]
epoch 4 step 450  loss=0.059025  lr=5.00e-05  [rmse=0.0316 h1=0.0010 ssim=0.1168 mlw=64.5802]
epoch 4 step 460  loss=0.057839  lr=5.00e-05  [rmse=0.0165 h1=0.0002 ssim=0.0876 mlw=65.8573]
epoch 4 step 470  loss=0.058757  lr=5.00e-05  [rmse=0.0184 h1=0.0003 ssim=0.1450 mlw=91.7889]
epoch 4 step 480  loss=0.058143  lr=5.00e-05  [rmse=0.0197 h1=0.0004 ssim=0.0768 mlw=59.3181]
INFO     [rank 0] Loss weights: rmse=1.0000, h1=50.0000,      vae_trainer.py:894
         ssim=0.1500, mlw=0.0000                                                
INFO     [rank 0] Epoch 4: train_loss=0.058143                vae_trainer.py:920
         val_loss=0.050658  val_VRMSE=0.121388  lr=5.00e-05                     
INFO     [rank 0] Metrics updated: metrics/metrics.csv,       vae_trainer.py:946
         metrics/loss_curves.png                                                
INFO     [rank 0] Saved 12 validation reconstruction PNGs    vae_trainer.py:1140
         for epoch 4                                                            
INFO     [rank 0] New best checkpoint (epoch 4,              vae_trainer.py:1242
         val_vrmse=0.121388):                                                   
         checkpoints/vae_shockwave_best.safetensors                             
INFO     [rank 0] Training state saved:                      vae_trainer.py:1302
         checkpoints/vae_shockwave_last.state.pt                                
INFO     [rank 0] Epoch 4 timing: train=1191.9s eval=38.5s    vae_trainer.py:982
         viz=12.9s ckpt=8.2s total=1252.2s                                      
epoch 5 step 490  loss=0.043182  lr=5.00e-05  [rmse=0.0163 h1=0.0002 ssim=0.0893 mlw=85.7650]
epoch 5 step 500  loss=0.050058  lr=5.00e-05  [rmse=0.0205 h1=0.0004 ssim=0.1097 mlw=66.8284]
epoch 5 step 510  loss=0.048217  lr=5.00e-05  [rmse=0.0190 h1=0.0004 ssim=0.0805 mlw=57.8704]
epoch 5 step 520  loss=0.046831  lr=5.00e-05  [rmse=0.0154 h1=0.0003 ssim=0.0833 mlw=64.7831]
epoch 5 step 530  loss=0.048030  lr=5.00e-05  [rmse=0.0302 h1=0.0008 ssim=0.1071 mlw=61.8866]
epoch 5 step 540  loss=0.049045  lr=5.00e-05  [rmse=0.0193 h1=0.0004 ssim=0.0896 mlw=54.7040]
epoch 5 step 550  loss=0.048704  lr=5.00e-05  [rmse=0.0124 h1=0.0001 ssim=0.0274 mlw=87.6462]
epoch 5 step 560  loss=0.047336  lr=5.00e-05  [rmse=0.0064 h1=0.0001 ssim=0.0259 mlw=72.0275]
epoch 5 step 570  loss=0.047156  lr=5.00e-05  [rmse=0.0099 h1=0.0001 ssim=0.0537 mlw=62.4042]
epoch 5 step 580  loss=0.047901  lr=5.00e-05  [rmse=0.0158 h1=0.0003 ssim=0.0767 mlw=59.3787]
epoch 5 step 590  loss=0.047705  lr=5.00e-05  [rmse=0.0079 h1=0.0001 ssim=0.0330 mlw=66.7398]
epoch 5 step 600  loss=0.047872  lr=5.00e-05  [rmse=0.0197 h1=0.0004 ssim=0.1204 mlw=63.6143]
INFO     [rank 0] Loss weights: rmse=1.0000, h1=50.0000,      vae_trainer.py:894
         ssim=0.1500, mlw=0.0000                                                
INFO     [rank 0] Epoch 5: train_loss=0.047872                vae_trainer.py:920
         val_loss=0.046295  val_VRMSE=0.111275  lr=5.00e-05                     
INFO     [rank 0] Metrics updated: metrics/metrics.csv,       vae_trainer.py:946
         metrics/loss_curves.png                                                
INFO     [rank 0] Saved 12 validation reconstruction PNGs    vae_trainer.py:1140
         for epoch 5                                                            
INFO     [rank 0] New best checkpoint (epoch 5,              vae_trainer.py:1242
         val_vrmse=0.111275):                                                   
         checkpoints/vae_shockwave_best.safetensors                             
INFO     [rank 0] Training state saved:                      vae_trainer.py:1302
         checkpoints/vae_shockwave_last.state.pt                                
INFO     [rank 0] Epoch 5 timing: train=1194.4s eval=38.3s    vae_trainer.py:982
         viz=13.2s ckpt=8.4s total=1255.1s                                      
epoch 6 step 610  loss=0.036586  lr=5.00e-05  [rmse=0.0205 h1=0.0004 ssim=0.0682 mlw=63.2676]
epoch 6 step 620  loss=0.039524  lr=5.00e-05  [rmse=0.0250 h1=0.0008 ssim=0.0865 mlw=65.5003]
epoch 6 step 630  loss=0.044652  lr=5.00e-05  [rmse=0.0131 h1=0.0002 ssim=0.0623 mlw=70.0626]
epoch 6 step 640  loss=0.044853  lr=5.00e-05  [rmse=0.0100 h1=0.0001 ssim=0.0494 mlw=77.7815]
epoch 6 step 650  loss=0.046837  lr=5.00e-05  [rmse=0.0131 h1=0.0001 ssim=0.0655 mlw=62.4077]
epoch 6 step 660  loss=0.048916  lr=5.00e-05  [rmse=0.0203 h1=0.0004 ssim=0.0803 mlw=61.8167]
epoch 6 step 670  loss=0.048137  lr=5.00e-05  [rmse=0.0161 h1=0.0002 ssim=0.0589 mlw=77.4106]
epoch 6 step 680  loss=0.048060  lr=5.00e-05  [rmse=0.0102 h1=0.0001 ssim=0.0435 mlw=62.5148]
epoch 6 step 690  loss=0.047783  lr=5.00e-05  [rmse=0.0100 h1=0.0001 ssim=0.0690 mlw=81.0350]
epoch 6 step 700  loss=0.048543  lr=5.00e-05  [rmse=0.0102 h1=0.0000 ssim=0.0850 mlw=86.4325]
epoch 6 step 710  loss=0.047967  lr=5.00e-05  [rmse=0.0138 h1=0.0001 ssim=0.0446 mlw=83.7467]
epoch 6 step 720  loss=0.047954  lr=5.00e-05  [rmse=0.0061 h1=0.0000 ssim=0.0333 mlw=81.7476]
INFO     [rank 0] Loss weights: rmse=1.0000, h1=50.0000,      vae_trainer.py:894
         ssim=0.1500, mlw=0.0000                                                
INFO     [rank 0] Epoch 6: train_loss=0.047954                vae_trainer.py:920
         val_loss=0.049748  val_VRMSE=0.122658  lr=5.00e-05                     
INFO     [rank 0] Metrics updated: metrics/metrics.csv,       vae_trainer.py:946
         metrics/loss_curves.png                                                
INFO     [rank 0] Saved 12 validation reconstruction PNGs    vae_trainer.py:1140
         for epoch 6                                                            
INFO     [rank 0] Training state saved:                      vae_trainer.py:1302
         checkpoints/vae_shockwave_last.state.pt                                
INFO     [rank 0] Epoch 6 timing: train=1191.1s eval=38.2s    vae_trainer.py:982
         viz=13.1s ckpt=7.4s total=1250.5s                                      
epoch 7 step 730  loss=0.045002  lr=5.00e-05  [rmse=0.0121 h1=0.0002 ssim=0.0600 mlw=57.0645]
epoch 7 step 740  loss=0.048325  lr=5.00e-05  [rmse=0.0177 h1=0.0003 ssim=0.0695 mlw=76.7659]
epoch 7 step 750  loss=0.049267  lr=5.00e-05  [rmse=0.0172 h1=0.0003 ssim=0.0813 mlw=56.2518]
epoch 7 step 760  loss=0.048391  lr=5.00e-05  [rmse=0.0128 h1=0.0002 ssim=0.0696 mlw=52.2827]
epoch 7 step 770  loss=0.046755  lr=5.00e-05  [rmse=0.0157 h1=0.0002 ssim=0.0640 mlw=60.2223]
epoch 7 step 780  loss=0.045807  lr=5.00e-05  [rmse=0.0259 h1=0.0009 ssim=0.0855 mlw=58.0611]
epoch 7 step 790  loss=0.045541  lr=5.00e-05  [rmse=0.0371 h1=0.0017 ssim=0.1202 mlw=58.1713]
epoch 7 step 800  loss=0.046481  lr=5.00e-05  [rmse=0.0280 h1=0.0009 ssim=0.0735 mlw=99.6162]
epoch 7 step 810  loss=0.046397  lr=5.00e-05  [rmse=0.0045 h1=0.0000 ssim=0.0129 mlw=94.4783]
epoch 7 step 820  loss=0.046015  lr=5.00e-05  [rmse=0.0119 h1=0.0002 ssim=0.0618 mlw=54.0132]
epoch 7 step 830  loss=0.047078  lr=5.00e-05  [rmse=0.0263 h1=0.0007 ssim=0.0937 mlw=86.7546]
epoch 7 step 840  loss=0.046966  lr=5.00e-05  [rmse=0.0332 h1=0.0013 ssim=0.1002 mlw=76.8672]
INFO     [rank 0] Loss weights: rmse=1.0000, h1=50.0000,      vae_trainer.py:894
         ssim=0.1500, mlw=0.0000                                                
INFO     [rank 0] Epoch 7: train_loss=0.046966                vae_trainer.py:920
         val_loss=0.044492  val_VRMSE=0.108273  lr=5.00e-05                     
INFO     [rank 0] Metrics updated: metrics/metrics.csv,       vae_trainer.py:946
         metrics/loss_curves.png                                                
INFO     [rank 0] Saved 12 validation reconstruction PNGs    vae_trainer.py:1140
         for epoch 7                                                            
INFO     [rank 0] New best checkpoint (epoch 7,              vae_trainer.py:1242
         val_vrmse=0.108273):                                                   
         checkpoints/vae_shockwave_best.safetensors                             
INFO     [rank 0] Training state saved:                      vae_trainer.py:1302
         checkpoints/vae_shockwave_last.state.pt                                
INFO     [rank 0] Epoch 7 timing: train=1192.1s eval=38.2s    vae_trainer.py:982
         viz=12.8s ckpt=8.3s total=1252.0s                                      
epoch 8 step 850  loss=0.036391  lr=5.00e-05  [rmse=0.0083 h1=0.0001 ssim=0.0544 mlw=66.8090]
epoch 8 step 860  loss=0.039095  lr=5.00e-05  [rmse=0.0208 h1=0.0005 ssim=0.1069 mlw=62.4023]
epoch 8 step 870  loss=0.038537  lr=5.00e-05  [rmse=0.0165 h1=0.0003 ssim=0.0739 mlw=68.7242]
epoch 8 step 880  loss=0.040633  lr=5.00e-05  [rmse=0.0144 h1=0.0003 ssim=0.0445 mlw=88.8842]
epoch 8 step 890  loss=0.041093  lr=5.00e-05  [rmse=0.0116 h1=0.0002 ssim=0.0494 mlw=59.5638]
epoch 8 step 900  loss=0.040149  lr=5.00e-05  [rmse=0.0090 h1=0.0001 ssim=0.0532 mlw=62.5766]
epoch 8 step 910  loss=0.039766  lr=5.00e-05  [rmse=0.0071 h1=0.0000 ssim=0.0345 mlw=72.5504]
epoch 8 step 920  loss=0.040882  lr=5.00e-05  [rmse=0.0221 h1=0.0005 ssim=0.0749 mlw=62.9644]
epoch 8 step 930  loss=0.042001  lr=5.00e-05  [rmse=0.0199 h1=0.0005 ssim=0.0989 mlw=56.9234]
epoch 8 step 940  loss=0.043368  lr=5.00e-05  [rmse=0.0274 h1=0.0010 ssim=0.1549 mlw=53.6235]
epoch 8 step 950  loss=0.044117  lr=5.00e-05  [rmse=0.0150 h1=0.0002 ssim=0.0763 mlw=54.4692]
epoch 8 step 960  loss=0.043788  lr=5.00e-05  [rmse=0.0175 h1=0.0004 ssim=0.0761 mlw=52.6857]
INFO     [rank 0] Loss weights: rmse=1.0000, h1=50.0000,      vae_trainer.py:894
         ssim=0.1500, mlw=0.0000                                                
INFO     [rank 0] Epoch 8: train_loss=0.043788                vae_trainer.py:920
         val_loss=0.044854  val_VRMSE=0.107010  lr=5.00e-05                     
INFO     [rank 0] Metrics updated: metrics/metrics.csv,       vae_trainer.py:946
         metrics/loss_curves.png                                                
INFO     [rank 0] Saved 12 validation reconstruction PNGs    vae_trainer.py:1140
         for epoch 8                                                            
INFO     [rank 0] New best checkpoint (epoch 8,              vae_trainer.py:1242
         val_vrmse=0.107010):                                                   
         checkpoints/vae_shockwave_best.safetensors                             
INFO     [rank 0] Training state saved:                      vae_trainer.py:1302
         checkpoints/vae_shockwave_last.state.pt                                
INFO     [rank 0] Epoch 8 timing: train=1195.2s eval=38.5s    vae_trainer.py:982
         viz=13.2s ckpt=8.3s total=1255.7s                                      
epoch 9 step 970  loss=0.049977  lr=5.00e-05  [rmse=0.0115 h1=0.0001 ssim=0.0506 mlw=62.3662]
epoch 9 step 980  loss=0.052729  lr=5.00e-05  [rmse=0.0081 h1=0.0001 ssim=0.0565 mlw=76.9782]
epoch 9 step 990  loss=0.051277  lr=5.00e-05  [rmse=0.0080 h1=0.0001 ssim=0.0418 mlw=69.9278]
epoch 9 step 1000  loss=0.046973  lr=5.00e-05  [rmse=0.0123 h1=0.0002 ssim=0.0468 mlw=73.1315]
epoch 9 step 1010  loss=0.046032  lr=5.00e-05  [rmse=0.0129 h1=0.0002 ssim=0.0561 mlw=70.2137]
epoch 9 step 1020  loss=0.045136  lr=5.00e-05  [rmse=0.0148 h1=0.0002 ssim=0.0856 mlw=67.2368]
epoch 9 step 1030  loss=0.044940  lr=5.00e-05  [rmse=0.0141 h1=0.0002 ssim=0.0412 mlw=63.1855]
epoch 9 step 1040  loss=0.045694  lr=5.00e-05  [rmse=0.0261 h1=0.0008 ssim=0.0613 mlw=75.0850]
epoch 9 step 1050  loss=0.044917  lr=5.00e-05  [rmse=0.0324 h1=0.0012 ssim=0.1057 mlw=77.7850]
epoch 9 step 1060  loss=0.044675  lr=5.00e-05  [rmse=0.0315 h1=0.0010 ssim=0.0722 mlw=64.2214]
epoch 9 step 1070  loss=0.044243  lr=5.00e-05  [rmse=0.0236 h1=0.0007 ssim=0.0623 mlw=58.5176]
epoch 9 step 1080  loss=0.044867  lr=5.00e-05  [rmse=0.0117 h1=0.0002 ssim=0.0546 mlw=61.1526]
INFO     [rank 0] Loss weights: rmse=1.0000, h1=50.0000,      vae_trainer.py:894
         ssim=0.1500, mlw=0.0000                                                
INFO     [rank 0] Epoch 9: train_loss=0.044867                vae_trainer.py:920
         val_loss=0.042270  val_VRMSE=0.101239  lr=5.00e-05                     
INFO     [rank 0] Metrics updated: metrics/metrics.csv,       vae_trainer.py:946
         metrics/loss_curves.png                                                
INFO     [rank 0] Saved 12 validation reconstruction PNGs    vae_trainer.py:1140
         for epoch 9                                                            
INFO     [rank 0] New best checkpoint (epoch 9,              vae_trainer.py:1242
         val_vrmse=0.101239):                                                   
         checkpoints/vae_shockwave_best.safetensors                             
INFO     [rank 0] Training state saved:                      vae_trainer.py:1302
         checkpoints/vae_shockwave_last.state.pt                                
INFO     [rank 0] Epoch 9 timing: train=1193.8s eval=38.5s    vae_trainer.py:982
         viz=13.2s ckpt=8.6s total=1254.6s                                      
epoch 10 step 1090  loss=0.037206  lr=5.00e-05  [rmse=0.0177 h1=0.0004 ssim=0.0810 mlw=52.9892]
epoch 10 step 1100  loss=0.042912  lr=5.00e-05  [rmse=0.0113 h1=0.0001 ssim=0.0728 mlw=79.0681]
epoch 10 step 1110  loss=0.044131  lr=5.00e-05  [rmse=0.0237 h1=0.0006 ssim=0.0790 mlw=56.8672]
epoch 10 step 1120  loss=0.042699  lr=5.00e-05  [rmse=0.0176 h1=0.0004 ssim=0.0708 mlw=55.4546]
epoch 10 step 1130  loss=0.042498  lr=5.00e-05  [rmse=0.0176 h1=0.0004 ssim=0.0897 mlw=65.6247]
epoch 10 step 1140  loss=0.042302  lr=5.00e-05  [rmse=0.0228 h1=0.0006 ssim=0.0837 mlw=56.0422]
epoch 10 step 1150  loss=0.042887  lr=5.00e-05  [rmse=0.0206 h1=0.0005 ssim=0.0699 mlw=80.7413]
epoch 10 step 1160  loss=0.043202  lr=5.00e-05  [rmse=0.0187 h1=0.0003 ssim=0.0586 mlw=62.3854]
epoch 10 step 1170  loss=0.042803  lr=5.00e-05  [rmse=0.0170 h1=0.0004 ssim=0.0832 mlw=59.6882]
epoch 10 step 1180  loss=0.043948  lr=5.00e-05  [rmse=0.0170 h1=0.0004 ssim=0.1016 mlw=54.5017]
epoch 10 step 1190  loss=0.044298  lr=5.00e-05  [rmse=0.0178 h1=0.0004 ssim=0.0833 mlw=57.3557]
epoch 10 step 1200  loss=0.044139  lr=5.00e-05  [rmse=0.0113 h1=0.0001 ssim=0.0649 mlw=70.6715]
INFO     [rank 0] Loss weights: rmse=1.0000, h1=50.0000,      vae_trainer.py:894
         ssim=0.1500, mlw=0.0000                                                
INFO     [rank 0] Epoch 10: train_loss=0.044139               vae_trainer.py:920
         val_loss=0.045182  val_VRMSE=0.115339  lr=5.00e-05                     
INFO     [rank 0] Metrics updated: metrics/metrics.csv,       vae_trainer.py:946
         metrics/loss_curves.png                                                
INFO     [rank 0] Saved 12 validation reconstruction PNGs    vae_trainer.py:1140
         for epoch 10                                                           
INFO     [rank 0] Training state saved:                      vae_trainer.py:1302
         checkpoints/vae_shockwave_last.state.pt                                
INFO     [rank 0] Epoch 10 timing: train=1192.5s eval=38.5s   vae_trainer.py:982
         viz=13.0s ckpt=8.9s total=1253.6s                                      
epoch 11 step 1210  loss=0.045027  lr=5.00e-05  [rmse=0.0117 h1=0.0001 ssim=0.0253 mlw=81.6764]
epoch 11 step 1220  loss=0.041862  lr=5.00e-05  [rmse=0.0107 h1=0.0001 ssim=0.0623 mlw=81.3658]
epoch 11 step 1230  loss=0.042115  lr=5.00e-05  [rmse=0.0209 h1=0.0004 ssim=0.0926 mlw=68.8528]
epoch 11 step 1240  loss=0.040600  lr=5.00e-05  [rmse=0.0071 h1=0.0000 ssim=0.0348 mlw=76.5690]
epoch 11 step 1250  loss=0.040016  lr=5.00e-05  [rmse=0.0214 h1=0.0003 ssim=0.0524 mlw=70.7698]
epoch 11 step 1260  loss=0.041164  lr=5.00e-05  [rmse=0.0135 h1=0.0002 ssim=0.0521 mlw=55.9638]
epoch 11 step 1270  loss=0.041692  lr=5.00e-05  [rmse=0.0303 h1=0.0011 ssim=0.0970 mlw=62.5879]
epoch 11 step 1280  loss=0.040780  lr=5.00e-05  [rmse=0.0117 h1=0.0002 ssim=0.0512 mlw=56.4141]
epoch 11 step 1290  loss=0.041076  lr=5.00e-05  [rmse=0.0087 h1=0.0001 ssim=0.0380 mlw=53.6587]
epoch 11 step 1300  loss=0.041594  lr=5.00e-05  [rmse=0.0155 h1=0.0003 ssim=0.0650 mlw=56.1094]
epoch 11 step 1310  loss=0.041482  lr=5.00e-05  [rmse=0.0069 h1=0.0001 ssim=0.0286 mlw=67.8115]
epoch 11 step 1320  loss=0.041588  lr=5.00e-05  [rmse=0.0127 h1=0.0002 ssim=0.0424 mlw=63.0696]
INFO     [rank 0] Loss weights: rmse=1.0000, h1=50.0000,      vae_trainer.py:894
         ssim=0.1500, mlw=0.0000                                                
INFO     [rank 0] Epoch 11: train_loss=0.041588               vae_trainer.py:920
         val_loss=0.039834  val_VRMSE=0.095634  lr=5.00e-05                     
INFO     [rank 0] Metrics updated: metrics/metrics.csv,       vae_trainer.py:946
         metrics/loss_curves.png                                                
INFO     [rank 0] Saved 12 validation reconstruction PNGs    vae_trainer.py:1140
         for epoch 11                                                           
INFO     [rank 0] New best checkpoint (epoch 11,             vae_trainer.py:1242
         val_vrmse=0.095634):                                                   
         checkpoints/vae_shockwave_best.safetensors                             
INFO     [rank 0] Training state saved:                      vae_trainer.py:1302
         checkpoints/vae_shockwave_last.state.pt                                
INFO     [rank 0] Epoch 11 timing: train=1192.8s eval=39.0s   vae_trainer.py:982
         viz=13.0s ckpt=8.1s total=1253.5s                                      
epoch 12 step 1330  loss=0.034682  lr=5.00e-05  [rmse=0.0158 h1=0.0003 ssim=0.0593 mlw=61.0998]
epoch 12 step 1340  loss=0.037053  lr=5.00e-05  [rmse=0.0132 h1=0.0002 ssim=0.0877 mlw=58.9751]
epoch 12 step 1350  loss=0.039150  lr=5.00e-05  [rmse=0.0104 h1=0.0001 ssim=0.0432 mlw=78.4351]
epoch 12 step 1360  loss=0.039203  lr=5.00e-05  [rmse=0.0064 h1=0.0000 ssim=0.0368 mlw=76.3680]
epoch 12 step 1370  loss=0.039112  lr=5.00e-05  [rmse=0.0083 h1=0.0001 ssim=0.0363 mlw=69.1877]
epoch 12 step 1380  loss=0.041927  lr=5.00e-05  [rmse=0.0053 h1=0.0000 ssim=0.0214 mlw=79.3072]
epoch 12 step 1390  loss=0.041828  lr=5.00e-05  [rmse=0.0112 h1=0.0002 ssim=0.0515 mlw=58.6431]
epoch 12 step 1400  loss=0.042337  lr=5.00e-05  [rmse=0.0099 h1=0.0001 ssim=0.0506 mlw=80.2670]
epoch 12 step 1410  loss=0.042095  lr=5.00e-05  [rmse=0.0097 h1=0.0001 ssim=0.0596 mlw=65.5427]
epoch 12 step 1420  loss=0.041573  lr=5.00e-05  [rmse=0.0084 h1=0.0001 ssim=0.0359 mlw=79.2942]
epoch 12 step 1430  loss=0.041175  lr=5.00e-05  [rmse=0.0155 h1=0.0002 ssim=0.0470 mlw=80.3579]
epoch 12 step 1440  loss=0.041436  lr=5.00e-05  [rmse=0.0183 h1=0.0004 ssim=0.0843 mlw=53.9998]
INFO     [rank 0] Loss weights: rmse=1.0000, h1=50.0000,      vae_trainer.py:894
         ssim=0.1500, mlw=0.0000                                                
INFO     [rank 0] Epoch 12: train_loss=0.041436               vae_trainer.py:920
         val_loss=0.041534  val_VRMSE=0.103034  lr=5.00e-05                     
INFO     [rank 0] Metrics updated: metrics/metrics.csv,       vae_trainer.py:946
         metrics/loss_curves.png                                                
INFO     [rank 0] Saved 12 validation reconstruction PNGs    vae_trainer.py:1140
         for epoch 12                                                           
INFO     [rank 0] Training state saved:                      vae_trainer.py:1302
         checkpoints/vae_shockwave_last.state.pt                                
INFO     [rank 0] Epoch 12 timing: train=1205.4s eval=38.8s   vae_trainer.py:982
         viz=12.9s ckpt=7.2s total=1264.9s                                      
epoch 13 step 1450  loss=0.045006  lr=5.00e-05  [rmse=0.0243 h1=0.0006 ssim=0.0585 mlw=58.5704]
epoch 13 step 1460  loss=0.042066  lr=5.00e-05  [rmse=0.0068 h1=0.0000 ssim=0.0344 mlw=63.5845]
epoch 13 step 1470  loss=0.040894  lr=5.00e-05  [rmse=0.0111 h1=0.0002 ssim=0.0459 mlw=60.9057]
epoch 13 step 1480  loss=0.040003  lr=5.00e-05  [rmse=0.0125 h1=0.0002 ssim=0.0661 mlw=58.7046]
epoch 13 step 1490  loss=0.038566  lr=5.00e-05  [rmse=0.0158 h1=0.0003 ssim=0.0715 mlw=56.1649]
epoch 13 step 1500  loss=0.040131  lr=5.00e-05  [rmse=0.0140 h1=0.0002 ssim=0.0451 mlw=58.1812]
epoch 13 step 1510  loss=0.041220  lr=5.00e-05  [rmse=0.0205 h1=0.0005 ssim=0.0732 mlw=58.9328]
epoch 13 step 1520  loss=0.041515  lr=5.00e-05  [rmse=0.0190 h1=0.0005 ssim=0.0838 mlw=55.4930]
epoch 13 step 1530  loss=0.040582  lr=5.00e-05  [rmse=0.0112 h1=0.0001 ssim=0.0361 mlw=65.6956]
epoch 13 step 1540  loss=0.041809  lr=5.00e-05  [rmse=0.0181 h1=0.0004 ssim=0.0885 mlw=56.0402]
epoch 13 step 1550  loss=0.041381  lr=5.00e-05  [rmse=0.0085 h1=0.0001 ssim=0.0576 mlw=63.8786]
epoch 13 step 1560  loss=0.041597  lr=5.00e-05  [rmse=0.0123 h1=0.0001 ssim=0.0495 mlw=64.0476]
INFO     [rank 0] Loss weights: rmse=1.0000, h1=50.0000,      vae_trainer.py:894
         ssim=0.1500, mlw=0.0000                                                
INFO     [rank 0] Epoch 13: train_loss=0.041597               vae_trainer.py:920
         val_loss=0.043642  val_VRMSE=0.108884  lr=5.00e-05                     
INFO     [rank 0] Metrics updated: metrics/metrics.csv,       vae_trainer.py:946
         metrics/loss_curves.png                                                
INFO     [rank 0] Saved 12 validation reconstruction PNGs    vae_trainer.py:1140
         for epoch 13                                                           
INFO     [rank 0] Training state saved:                      vae_trainer.py:1302
         checkpoints/vae_shockwave_last.state.pt                                
INFO     [rank 0] Epoch 13 timing: train=2236.3s eval=38.5s   vae_trainer.py:982
         viz=13.1s ckpt=7.0s total=2295.5s                                      
epoch 14 step 1570  loss=0.033834  lr=5.00e-05  [rmse=0.0217 h1=0.0006 ssim=0.0981 mlw=73.9202]
epoch 14 step 1580  loss=0.040045  lr=5.00e-05  [rmse=0.0062 h1=0.0000 ssim=0.0388 mlw=83.6647]
epoch 14 step 1590  loss=0.038893  lr=4.99e-05  [rmse=0.0241 h1=0.0004 ssim=0.1124 mlw=90.4279]
epoch 14 step 1600  loss=0.039288  lr=4.97e-05  [rmse=0.0195 h1=0.0003 ssim=0.0790 mlw=90.9529]
epoch 14 step 1610  loss=0.039964  lr=4.95e-05  [rmse=0.0172 h1=0.0003 ssim=0.0555 mlw=84.6871]
epoch 14 step 1620  loss=0.040021  lr=4.92e-05  [rmse=0.0123 h1=0.0001 ssim=0.0567 mlw=73.0599]
epoch 14 step 1630  loss=0.040206  lr=4.88e-05  [rmse=0.0134 h1=0.0002 ssim=0.0656 mlw=55.3695]
epoch 14 step 1640  loss=0.039417  lr=4.84e-05  [rmse=0.0124 h1=0.0002 ssim=0.0284 mlw=92.0230]
epoch 14 step 1650  loss=0.039132  lr=4.79e-05  [rmse=0.0194 h1=0.0005 ssim=0.0602 mlw=87.0720]
epoch 14 step 1660  loss=0.039090  lr=4.73e-05  [rmse=0.0119 h1=0.0002 ssim=0.0526 mlw=58.8203]
epoch 14 step 1670  loss=0.039198  lr=4.67e-05  [rmse=0.0334 h1=0.0014 ssim=0.0734 mlw=62.6241]
epoch 14 step 1680  loss=0.039235  lr=4.60e-05  [rmse=0.0082 h1=0.0001 ssim=0.0275 mlw=68.5527]
INFO     [rank 0] Loss weights: rmse=1.0000, h1=50.0000,      vae_trainer.py:894
         ssim=0.1500, mlw=0.0000                                                
INFO     [rank 0] Epoch 14: train_loss=0.039235               vae_trainer.py:920
         val_loss=0.039932  val_VRMSE=0.096085  lr=4.60e-05                     
INFO     [rank 0] Metrics updated: metrics/metrics.csv,       vae_trainer.py:946
         metrics/loss_curves.png                                                
INFO     [rank 0] Saved 12 validation reconstruction PNGs    vae_trainer.py:1140
         for epoch 14                                                           
INFO     [rank 0] Training state saved:                      vae_trainer.py:1302
         checkpoints/vae_shockwave_last.state.pt                                
INFO     [rank 0] Epoch 14 timing: train=1194.3s eval=38.3s   vae_trainer.py:982
         viz=12.7s ckpt=7.2s total=1253.2s                                      
epoch 15 step 1690  loss=0.034542  lr=4.53e-05  [rmse=0.0232 h1=0.0007 ssim=0.0757 mlw=71.8860]
epoch 15 step 1700  loss=0.036529  lr=4.45e-05  [rmse=0.0112 h1=0.0002 ssim=0.0450 mlw=79.5898]
epoch 15 step 1710  loss=0.037557  lr=4.36e-05  [rmse=0.0216 h1=0.0005 ssim=0.0775 mlw=51.3165]
epoch 15 step 1720  loss=0.035305  lr=4.27e-05  [rmse=0.0058 h1=0.0000 ssim=0.0232 mlw=65.6270]
epoch 15 step 1730  loss=0.034763  lr=4.18e-05  [rmse=0.0108 h1=0.0001 ssim=0.0439 mlw=53.5426]
epoch 15 step 1740  loss=0.035403  lr=4.08e-05  [rmse=0.0066 h1=0.0000 ssim=0.0373 mlw=73.7217]
epoch 15 step 1750  loss=0.036796  lr=3.97e-05  [rmse=0.0184 h1=0.0005 ssim=0.0671 mlw=63.6531]
epoch 15 step 1760  loss=0.037740  lr=3.86e-05  [rmse=0.0128 h1=0.0002 ssim=0.0474 mlw=58.6478]
epoch 15 step 1770  loss=0.037878  lr=3.75e-05  [rmse=0.0131 h1=0.0002 ssim=0.0506 mlw=59.5767]
epoch 15 step 1780  loss=0.039385  lr=3.64e-05  [rmse=0.0169 h1=0.0004 ssim=0.0663 mlw=53.4042]
epoch 15 step 1790  loss=0.039489  lr=3.52e-05  [rmse=0.0063 h1=0.0000 ssim=0.0314 mlw=75.9203]
epoch 15 step 1800  loss=0.039400  lr=3.40e-05  [rmse=0.0105 h1=0.0002 ssim=0.0563 mlw=53.5983]
INFO     [rank 0] Loss weights: rmse=1.0000, h1=50.0000,      vae_trainer.py:894
         ssim=0.1500, mlw=0.0000                                                
INFO     [rank 0] Epoch 15: train_loss=0.039400               vae_trainer.py:920
         val_loss=0.038934  val_VRMSE=0.094187  lr=3.40e-05                     
INFO     [rank 0] Metrics updated: metrics/metrics.csv,       vae_trainer.py:946
         metrics/loss_curves.png                                                
INFO     [rank 0] Saved 12 validation reconstruction PNGs    vae_trainer.py:1140
         for epoch 15                                                           
INFO     [rank 0] New best checkpoint (epoch 15,             vae_trainer.py:1242
         val_vrmse=0.094187):                                                   
         checkpoints/vae_shockwave_best.safetensors                             
INFO     [rank 0] Training state saved:                      vae_trainer.py:1302
         checkpoints/vae_shockwave_last.state.pt                                
INFO     [rank 0] Epoch 15 timing: train=1193.0s eval=38.1s   vae_trainer.py:982
         viz=12.9s ckpt=8.2s total=1252.7s                                      
epoch 16 step 1810  loss=0.040385  lr=3.27e-05  [rmse=0.0176 h1=0.0004 ssim=0.0645 mlw=56.8105]
epoch 16 step 1820  loss=0.038300  lr=3.15e-05  [rmse=0.0172 h1=0.0004 ssim=0.0656 mlw=57.3436]
epoch 16 step 1830  loss=0.036470  lr=3.02e-05  [rmse=0.0158 h1=0.0004 ssim=0.0775 mlw=55.1320]
epoch 16 step 1840  loss=0.036158  lr=2.89e-05  [rmse=0.0158 h1=0.0003 ssim=0.0602 mlw=56.0873]
epoch 16 step 1850  loss=0.036141  lr=2.76e-05  [rmse=0.0139 h1=0.0003 ssim=0.0556 mlw=57.1272]
epoch 16 step 1860  loss=0.034883  lr=2.63e-05  [rmse=0.0127 h1=0.0002 ssim=0.0466 mlw=55.0339]
epoch 16 step 1870  loss=0.034577  lr=2.50e-05  [rmse=0.0079 h1=0.0001 ssim=0.0251 mlw=74.6228]
epoch 16 step 1880  loss=0.034950  lr=2.37e-05  [rmse=0.0125 h1=0.0002 ssim=0.0565 mlw=57.7196]
epoch 16 step 1890  loss=0.033675  lr=2.24e-05  [rmse=0.0057 h1=0.0000 ssim=0.0263 mlw=59.2251]
epoch 16 step 1900  loss=0.034593  lr=2.11e-05  [rmse=0.0087 h1=0.0001 ssim=0.0419 mlw=55.2806]
epoch 16 step 1910  loss=0.034362  lr=1.98e-05  [rmse=0.0162 h1=0.0004 ssim=0.0716 mlw=49.2399]
epoch 16 step 1920  loss=0.034964  lr=1.85e-05  [rmse=0.0089 h1=0.0001 ssim=0.0352 mlw=54.7691]
INFO     [rank 0] Loss weights: rmse=1.0000, h1=50.0000,      vae_trainer.py:894
         ssim=0.1500, mlw=0.0000                                                
INFO     [rank 0] Epoch 16: train_loss=0.034964               vae_trainer.py:920
         val_loss=0.035996  val_VRMSE=0.085642  lr=1.85e-05                     
INFO     [rank 0] Metrics updated: metrics/metrics.csv,       vae_trainer.py:946
         metrics/loss_curves.png                                                
INFO     [rank 0] Saved 12 validation reconstruction PNGs    vae_trainer.py:1140
         for epoch 16                                                           
INFO     [rank 0] New best checkpoint (epoch 16,             vae_trainer.py:1242
         val_vrmse=0.085642):                                                   
         checkpoints/vae_shockwave_best.safetensors                             
INFO     [rank 0] Training state saved:                      vae_trainer.py:1302
         checkpoints/vae_shockwave_last.state.pt                                
INFO     [rank 0] Epoch 16 timing: train=1192.3s eval=38.3s   vae_trainer.py:982
         viz=12.9s ckpt=8.2s total=1252.2s                                      
epoch 17 step 1930  loss=0.041770  lr=1.73e-05  [rmse=0.0093 h1=0.0001 ssim=0.0355 mlw=55.2448]
epoch 17 step 1940  loss=0.038343  lr=1.61e-05  [rmse=0.0119 h1=0.0002 ssim=0.0359 mlw=69.7373]
epoch 17 step 1950  loss=0.038735  lr=1.49e-05  [rmse=0.0204 h1=0.0006 ssim=0.0973 mlw=50.7041]
epoch 17 step 1960  loss=0.037265  lr=1.37e-05  [rmse=0.0082 h1=0.0001 ssim=0.0341 mlw=69.6513]
epoch 17 step 1970  loss=0.035773  lr=1.26e-05  [rmse=0.0103 h1=0.0002 ssim=0.0397 mlw=55.6061]
epoch 17 step 1980  loss=0.035655  lr=1.15e-05  [rmse=0.0203 h1=0.0006 ssim=0.0686 mlw=71.4276]
epoch 17 step 1990  loss=0.034851  lr=1.04e-05  [rmse=0.0092 h1=0.0001 ssim=0.0388 mlw=56.8455]
epoch 17 step 2000  loss=0.034891  lr=9.42e-06  [rmse=0.0045 h1=0.0000 ssim=0.0152 mlw=72.6720]
epoch 17 step 2010  loss=0.034565  lr=8.46e-06  [rmse=0.0223 h1=0.0008 ssim=0.0636 mlw=72.4624]
epoch 17 step 2020  loss=0.034237  lr=7.54e-06  [rmse=0.0103 h1=0.0002 ssim=0.0474 mlw=51.5089]
epoch 17 step 2030  loss=0.034668  lr=6.68e-06  [rmse=0.0146 h1=0.0003 ssim=0.0380 mlw=55.4185]
epoch 17 step 2040  loss=0.034684  lr=5.87e-06  [rmse=0.0093 h1=0.0001 ssim=0.0331 mlw=59.7529]
INFO     [rank 0] Loss weights: rmse=1.0000, h1=50.0000,      vae_trainer.py:894
         ssim=0.1500, mlw=0.0000                                                
INFO     [rank 0] Epoch 17: train_loss=0.034684               vae_trainer.py:920
         val_loss=0.035498  val_VRMSE=0.084098  lr=5.87e-06                     
INFO     [rank 0] Metrics updated: metrics/metrics.csv,       vae_trainer.py:946
         metrics/loss_curves.png                                                
INFO     [rank 0] Saved 12 validation reconstruction PNGs    vae_trainer.py:1140
         for epoch 17                                                           
INFO     [rank 0] New best checkpoint (epoch 17,             vae_trainer.py:1242
         val_vrmse=0.084098):                                                   
         checkpoints/vae_shockwave_best.safetensors                             
INFO     [rank 0] Training state saved:                      vae_trainer.py:1302
         checkpoints/vae_shockwave_last.state.pt                                
INFO     [rank 0] Epoch 17 timing: train=1192.7s eval=38.5s   vae_trainer.py:982
         viz=13.4s ckpt=8.5s total=1253.7s                                      
epoch 18 step 2050  loss=0.038867  lr=5.11e-06  [rmse=0.0294 h1=0.0014 ssim=0.0714 mlw=61.5442]
epoch 18 step 2060  loss=0.036777  lr=4.41e-06  [rmse=0.0102 h1=0.0002 ssim=0.0310 mlw=64.4659]
epoch 18 step 2070  loss=0.034848  lr=3.78e-06  [rmse=0.0072 h1=0.0001 ssim=0.0240 mlw=62.0110]
epoch 18 step 2080  loss=0.034715  lr=3.20e-06  [rmse=0.0119 h1=0.0002 ssim=0.0509 mlw=56.9239]
epoch 18 step 2090  loss=0.033615  lr=2.69e-06  [rmse=0.0087 h1=0.0001 ssim=0.0358 mlw=57.0751]
epoch 18 step 2100  loss=0.033952  lr=2.25e-06  [rmse=0.0177 h1=0.0005 ssim=0.0453 mlw=66.8615]
epoch 18 step 2110  loss=0.034058  lr=1.87e-06  [rmse=0.0043 h1=0.0000 ssim=0.0193 mlw=77.4213]
epoch 18 step 2120  loss=0.033536  lr=1.56e-06  [rmse=0.0082 h1=0.0001 ssim=0.0242 mlw=74.5775]
epoch 18 step 2130  loss=0.033375  lr=1.31e-06  [rmse=0.0136 h1=0.0003 ssim=0.0647 mlw=50.8332]
epoch 18 step 2140  loss=0.033103  lr=1.14e-06  [rmse=0.0070 h1=0.0001 ssim=0.0285 mlw=66.2117]
epoch 18 step 2150  loss=0.033225  lr=1.03e-06  [rmse=0.0172 h1=0.0004 ssim=0.0371 mlw=64.4593]
epoch 18 step 2160  loss=0.033066  lr=1.00e-06  [rmse=0.0208 h1=0.0007 ssim=0.0640 mlw=56.0402]
INFO     [rank 0] Loss weights: rmse=1.0000, h1=50.0000,      vae_trainer.py:894
         ssim=0.1500, mlw=0.0000                                                
INFO     [rank 0] Epoch 18: train_loss=0.033066               vae_trainer.py:920
         val_loss=0.035419  val_VRMSE=0.083878  lr=1.00e-06                     
INFO     [rank 0] Metrics updated: metrics/metrics.csv,       vae_trainer.py:946
         metrics/loss_curves.png                                                
INFO     [rank 0] Saved 12 validation reconstruction PNGs    vae_trainer.py:1140
         for epoch 18                                                           
INFO     [rank 0] New best checkpoint (epoch 18,             vae_trainer.py:1242
         val_vrmse=0.083878):                                                   
         checkpoints/vae_shockwave_best.safetensors                             
INFO     [rank 0] Training state saved:                      vae_trainer.py:1302
         checkpoints/vae_shockwave_last.state.pt                                
INFO     [rank 0] Epoch 18 timing: train=1469.7s eval=38.4s   vae_trainer.py:982
         viz=13.2s ckpt=8.3s total=1530.1s                                      
╭──────────────────────────────────────────────────────────────────────────────╮
╰──────────────────────────────────────────────────────────────────────────────╯INFO     [rank 0] Training state saved:                      vae_trainer.py:1302
         checkpoints/vae_shockwave_last.state.pt                                
INFO     [rank 0] Best epoch: 18 (val_vrmse=0.083878)        vae_trainer.py:1000

Training complete. Checkpoint: 
/hppfs/scratch/0D/go76fuz2/windinet/finetune_vae_outputs_sng_pvc/finetune_vae_wh
ole_structure_baseline_bs2/checkpoints/vae_shockwave_best.safetensors
Mirrored (excl. checkpoints/) to finetune_vae_outputs/sng_pvc/finetune_vae_whole_structure_baseline_bs2
END TIME: Sun 16 Aug 2026 02:36:35 AM CEST
