START TIME: Mon 31 Aug 2026 05:06:34 AM CEST
job=529951 node=i20r02c06s02
+-----------+--------------------------------------------------------------------------------------+
| Device ID | Device Information                                                                   |
+-----------+--------------------------------------------------------------------------------------+
| 0         | Device Name: Intel(R) Data Center GPU Max 1550                                       |
|           | Vendor Name: Intel(R) Corporation                                                    |
|           | SOC UUID: 00000000-0000-003a-0000-002f0bd58086                                       |
|           | PCI BDF Address: 0000:3a:00.0                                                        |
|           | DRM Device: /dev/dri/card0                                                           |
|           | Function Type: physical                                                              |
+-----------+--------------------------------------------------------------------------------------+
| 1         | Device Name: Intel(R) Data Center GPU Max 1550                                       |
|           | Vendor Name: Intel(R) Corporation                                                    |
|           | SOC UUID: 00000000-0000-004b-0000-002f0bd58086                                       |
|           | PCI BDF Address: 0000:4b:00.0                                                        |
|           | DRM Device: /dev/dri/card1                                                           |
|           | Function Type: physical                                                              |
+-----------+--------------------------------------------------------------------------------------+
| 2         | Device Name: Intel(R) Data Center GPU Max 1550                                       |
|           | Vendor Name: Intel(R) Corporation                                                    |
|           | SOC UUID: 00000000-0000-00ca-0000-002f0bd58086                                       |
|           | PCI BDF Address: 0000:ca:00.0                                                        |
|           | DRM Device: /dev/dri/card2                                                           |
|           | Function Type: physical                                                              |
+-----------+--------------------------------------------------------------------------------------+
| 3         | Device Name: Intel(R) Data Center GPU Max 1550                                       |
|           | Vendor Name: Intel(R) Corporation                                                    |
|           | SOC UUID: 00000000-0000-00da-0000-002f0bd58086                                       |
|           | PCI BDF Address: 0000:da:00.0                                                        |
|           | DRM Device: /dev/dri/card3                                                           |
|           | Function Type: physical                                                              |
+-----------+--------------------------------------------------------------------------------------+
MASTER_ADDR: i20r02c06s02  MASTER_PORT: 57915
8 XPU tiles x batch_size 4 x accum 1 -> effective batch 32; output_dir /hppfs/scratch/0D/go76fuz2/windinet/finetune_vae_outputs_sng_pvc/finetune_vae_whole_structure_baseline_ep20_256res_cosine_lr5e5
INFO     [rank 2] Failed to extract font properties from    font_manager.py:1107
         /usr/share/fonts/truetype/Cantarell-VF.otf: Can                        
         not load face (SFNT font table missing; error code                     
         0x8e)                                                                  
INFO     [rank 1] Failed to extract font properties from    font_manager.py:1107
         /usr/share/fonts/truetype/Cantarell-VF.otf: Can                        
         not load face (SFNT font table missing; error code                     
         0x8e)                                                                  
INFO     [rank 5] Failed to extract font properties from    font_manager.py:1107
         /usr/share/fonts/truetype/Cantarell-VF.otf: Can                        
         not load face (SFNT font table missing; error code                     
         0x8e)                                                                  
INFO     [rank 3] Failed to extract font properties from    font_manager.py:1107
         /usr/share/fonts/truetype/Cantarell-VF.otf: Can                        
         not load face (SFNT font table missing; error code                     
         0x8e)                                                                  
INFO     [rank 6] Failed to extract font properties from    font_manager.py:1107
         /usr/share/fonts/truetype/Cantarell-VF.otf: Can                        
         not load face (SFNT font table missing; error code                     
         0x8e)                                                                  
INFO     [rank 2] generated new fontManager                 font_manager.py:1639
INFO     [rank 4] Failed to extract font properties from    font_manager.py:1107
         /usr/share/fonts/truetype/Cantarell-VF.otf: Can                        
         not load face (SFNT font table missing; error code                     
         0x8e)                                                                  
INFO     [rank 7] Failed to extract font properties from    font_manager.py:1107
         /usr/share/fonts/truetype/Cantarell-VF.otf: Can                        
         not load face (SFNT font table missing; error code                     
         0x8e)                                                                  
INFO     [rank 0] Failed to extract font properties from    font_manager.py:1107
         /usr/share/fonts/truetype/Cantarell-VF.otf: Can                        
         not load face (SFNT font table missing; error code                     
         0x8e)                                                                  
INFO     [rank 7] generated new fontManager                 font_manager.py:1639
INFO     [rank 0] generated new fontManager                 font_manager.py:1639
INFO     [rank 3] generated new fontManager                 font_manager.py:1639
INFO     [rank 4] generated new fontManager                 font_manager.py:1639
INFO     [rank 5] generated new fontManager                 font_manager.py:1639
INFO     [rank 6] generated new fontManager                 font_manager.py:1639
INFO     [rank 1] generated new fontManager                 font_manager.py:1639
                          VAE Finetuning Configuration                          
┏━━━━━━━━━━━━━━━━━━━━━━━━━━━━━━━━━━━━━━┳━━━━━━━━━━━━━━━━━━━━━━━━━━━━━━━━━━━━━━━┓
┃ Parameter                            ┃ Value                                 ┃
┡━━━━━━━━━━━━━━━━━━━━━━━━━━━━━━━━━━━━━━╇━━━━━━━━━━━━━━━━━━━━━━━━━━━━━━━━━━━━━━━┩
│ model.model_source                   │ LTXV_2B_0.9.6_DEV                     │
│ model.load_checkpoint                │ None                                  │
│ adapter.enabled                      │ True                                  │
│ adapter.checkpoint                   │ None                                  │
│ adapter.channels                     │ ['density', 'momentum_x',             │
│                                      │ 'momentum_y', 'pressure']             │
│ adapter.mode                         │ inflate                               │
│ adapter.inflate_init                 │ zeros                                 │
│ adapter.inflate_copy_channel         │ None                                  │
│ adapter.freeze_conv_in               │ False                                 │
│ adapter.unfreeze_encoder_trunk       │ True                                  │
│ adapter.hidden_channels              │ 32                                    │
│ adapter.activation                   │ gelu                                  │
│ adapter.identity_init                │ False                                 │
│ adapter.default_temb                 │ 0.0                                   │
│ data.data_root                       │ /hppfs/scratch/0D/go76fuz2/windinet/… │
│ data.eval_sims                       │ 675                                   │
│ data.num_dataloader_workers          │ 4                                     │
│ data.num_sim_frames                  │ None                                  │
│ data.overfit_sims                    │ None                                  │
│ data.overfit_repeat                  │ 1                                     │
│ data.channel_mean                    │ [0.9050976477108856,                  │
│                                      │ 0.004045365949982484,                 │
│                                      │ -0.0019089379638760548, 0.9           │
│ data.channel_std                     │ [0.6618199912434938,                  │
│                                      │ 0.5335233432828087,                   │
│                                      │ 0.5268940723644505, 0.8053303         │
│ data.normalization_stats_file        │ None                                  │
│ data.normalization_clip              │ 5.0                                   │
│ data.channel_order                   │ ['density', 'momentum_x',             │
│                                      │ 'momentum_y', 'pressure']             │
│ data.log_transform_channels          │ []                                    │
│ optimization.learning_rate           │ 5e-05                                 │
│ optimization.min_learning_rate       │ 1e-06                                 │
│ optimization.scheduler_type          │ cosine                                │
│ optimization.stable_fraction         │ 0.7                                   │
│ optimization.stable_end_epoch        │ None                                  │
│ optimization.plateau_factor          │ 0.5                                   │
│ optimization.plateau_patience        │ 3                                     │
│ optimization.plateau_threshold       │ 0.0001                                │
│ optimization.epochs                  │ 20                                    │
│ optimization.batch_size              │ 4                                     │
│ optimization.gradient_accumulation_… │ 1                                     │
│ optimization.max_grad_norm           │ 5.0                                   │
│ optimization.weight_decay            │ 0.0                                   │
│ optimization.warmup_steps            │ 200                                   │
│ optimization.warmup_start_factor     │ 0.01                                  │
│ optimization.enable_gradient_checkp… │ True                                  │
│ loss.wavelet                         │ db2                                   │
│ loss.spatial_level                   │ 2                                     │
│ loss.temporal_level                  │ 2                                     │
│ loss.mlw_beta                        │ 10.0                                  │
│ loss.mlw_eps                         │ 1e-06                                 │
│ loss_weighting.strategy              │ fixed                                 │
│ loss_weighting.weights               │ {'rmse': 1.0, 'h1': 50.0, 'ssim':     │
│                                      │ 0.15, 'mlw': 0.0}                     │
│ loss_weighting.loss_names            │ ['rmse', 'h1', 'ssim', 'mlw']         │
│ loss_weighting.alpha                 │ 1.5                                   │
│ loss_weighting.weight_lr             │ 0.025                                 │
│ loss_weighting.temperature           │ 0.1                                   │
│ visualization.enabled                │ True                                  │
│ visualization.interval_epochs        │ 4                                     │
│ visualization.num_samples            │ 3                                     │
│ visualization.frame_numbers          │ [25, 50, 75, 100]                     │
│ visualization.dpi                    │ 150                                   │
│ acceleration.mixed_precision_mode    │ bf16                                  │
│ acceleration.compile_with_inductor   │ False                                 │
│ acceleration.compilation_mode        │ reduce-overhead                       │
│ checkpoints.interval                 │ 1                                     │
│ checkpoints.keep_last_n              │ 1                                     │
│ checkpoints.save_best_only           │ True                                  │
│ checkpoints.best_metric              │ val_vrmse                             │
│ checkpoints.save_last_state          │ True                                  │
│ checkpoints.save_epochs              │ []                                    │
│ wandb.enabled                        │ False                                 │
│ wandb.project                        │ windinet                              │
│ wandb.entity                         │ None                                  │
│ wandb.tags                           │ ['vae', 'inflate', 'zeros-init',      │
│                                      │ 'cosine', '20ep', 'lr1x', 'shockwave- │
│ seed                                 │ 42                                    │
│ output_dir                           │ /hppfs/scratch/0D/go76fuz2/windinet/… │
│ clean_output_dir                     │ True                                  │
│ resume_from                          │ None                                  │
│ resume_weights_only                  │ False                                 │
└──────────────────────────────────────┴───────────────────────────────────────┘
INFO     [rank 0] Distributed training: 8 processes          vae_trainer.py:1445
INFO     [rank 0] VAE inflated to 4 native channels           vae_trainer.py:197
         (init=zeros); encoder.conv_in is trainable                             
INFO     [rank 0] Encoder extra modules UNFROZEN:             vae_trainer.py:254
         down_blocks[0, 1, 2] + tail                                            
         (down_blocks[-1]+mid_block+norm_out+conv_out)                          
INFO     [rank 0] VAE gradient checkpointing enabled          vae_trainer.py:265
INFO     [rank 0] VAE loaded. Decoder params: 552,869,953     vae_trainer.py:271
INFO     [rank 0] Trainable parameters:                       vae_trainer.py:342
         encoder_conv_in=221,312, encoder_extra=693,932,865,                    
         decoder=552,869,953, in_adapter=0, out_adapter=0                       
INFO     [rank 0] Dataset: 3825 train, 675 eval samples       vae_trainer.py:606
INFO     [rank 0] encoder.conv_in LR = 5.00e-05 (== decoder   vae_trainer.py:630
         LR)                                                                    
INFO     [rank 0] encoder extra (down_blocks[0, 1, 2]+tail)   vae_trainer.py:641
         LR = 5.00e-05 (== decoder LR)                                          
INFO     [rank 0] LR schedule 'cosine': 2380 steps (200       vae_trainer.py:732
         warmup, 0 stable, 2180 anneal), peak 5.00e-05 ->                       
         floor 1.00e-06                                                         
2026:08:31-05:17:50:22697 |CCL_WARN| could not get local_idx/count from environment variables, trying to get them from ATL
2026:08:31-05:17:50:22698 |CCL_WARN| could not get local_idx/count from environment variables, trying to get them from ATL
2026:08:31-05:17:50:22699 |CCL_WARN| could not get local_idx/count from environment variables, trying to get them from ATL
2026:08:31-05:17:51:22700 |CCL_WARN| could not get local_idx/count from environment variables, trying to get them from ATL
2026:08:31-05:17:51:22701 |CCL_WARN| could not get local_idx/count from environment variables, trying to get them from ATL
2026:08:31-05:17:51:22702 |CCL_WARN| could not get local_idx/count from environment variables, trying to get them from ATL
2026:08:31-05:17:51:22703 |CCL_WARN| could not get local_idx/count from environment variables, trying to get them from ATL
INFO     [rank 0] Cleaned output directory:                  vae_trainer.py:1410
         /hppfs/scratch/0D/go76fuz2/windinet/finetune_vae_ou                    
         tputs_sng_pvc/finetune_vae_whole_structure_baseline                    
         _ep20_256res_cosine_lr5e5                                              
2026:08:31-05:17:52:22696 |CCL_WARN| value of CCL_ATL_TRANSPORT changed to be ofi (default:mpi)
2026:08:31-05:17:52:22696 |CCL_WARN| value of CCL_ALLREDUCE changed to be ring (default:)
2026:08:31-05:17:52:22696 |CCL_WARN| could not get local_idx/count from environment variables, trying to get them from ATL
INFO     [rank 0] Config saved:                              vae_trainer.py:1477
         /hppfs/scratch/0D/go76fuz2/windinet/finetune_vae_ou                    
         tputs_sng_pvc/finetune_vae_whole_structure_baseline                    
         _ep20_256res_cosine_lr5e5/training_config.yaml                         
INFO     [rank 0] Starting VAE decoder finetuning...          vae_trainer.py:780
epoch 1 step 10  loss=nan  lr=2.98e-06  [rmse=nan h1=nan ssim=nan mlw=0.0000]
epoch 1 step 20  loss=nan  lr=5.45e-06  [rmse=nan h1=nan ssim=nan mlw=0.0000]
epoch 1 step 30  loss=nan  lr=7.93e-06  [rmse=nan h1=nan ssim=nan mlw=0.0000]
epoch 1 step 40  loss=nan  lr=1.04e-05  [rmse=nan h1=nan ssim=nan mlw=0.0000]
epoch 1 step 50  loss=nan  lr=1.29e-05  [rmse=nan h1=nan ssim=nan mlw=0.0000]
epoch 1 step 60  loss=nan  lr=1.54e-05  [rmse=nan h1=nan ssim=nan mlw=0.0000]
epoch 1 step 70  loss=nan  lr=1.78e-05  [rmse=nan h1=nan ssim=nan mlw=0.0000]
epoch 1 step 80  loss=nan  lr=2.03e-05  [rmse=nan h1=nan ssim=nan mlw=0.0000]
epoch 1 step 90  loss=nan  lr=2.28e-05  [rmse=nan h1=nan ssim=nan mlw=0.0000]
epoch 1 step 100  loss=nan  lr=2.53e-05  [rmse=nan h1=nan ssim=nan mlw=0.0000]
epoch 1 step 110  loss=nan  lr=2.77e-05  [rmse=nan h1=nan ssim=nan mlw=0.0000]
INFO     [rank 0] Loss weights: rmse=1.0000, h1=50.0000,      vae_trainer.py:950
         ssim=0.1500, mlw=0.0000                                                
INFO     [rank 0] Epoch 1: train_loss=nan  val_loss=nan       vae_trainer.py:989
         val_VRMSE=nan  lr=3.00e-05                                             
INFO     [rank 0] Metrics updated: metrics/metrics.csv,      vae_trainer.py:1015
         metrics/loss_curves.png                                                
INFO     [rank 0] Training state saved:                      vae_trainer.py:1399
         checkpoints/vae_shockwave_last.state.pt                                
INFO     [rank 0] Epoch 1 timing: train=2373.5s eval=95.7s   vae_trainer.py:1049
         viz=0.0s ckpt=7.8s total=2478.6s                                       
epoch 2 step 120  loss=nan  lr=3.02e-05  [rmse=nan h1=nan ssim=nan mlw=0.0000]
epoch 2 step 130  loss=nan  lr=3.27e-05  [rmse=nan h1=nan ssim=nan mlw=0.0000]
epoch 2 step 140  loss=nan  lr=3.52e-05  [rmse=nan h1=nan ssim=nan mlw=0.0000]
epoch 2 step 150  loss=nan  lr=3.76e-05  [rmse=nan h1=nan ssim=nan mlw=0.0000]
epoch 2 step 160  loss=nan  lr=4.01e-05  [rmse=nan h1=nan ssim=nan mlw=0.0000]
epoch 2 step 170  loss=nan  lr=4.26e-05  [rmse=nan h1=nan ssim=nan mlw=0.0000]
epoch 2 step 180  loss=nan  lr=4.51e-05  [rmse=nan h1=nan ssim=nan mlw=0.0000]
epoch 2 step 190  loss=nan  lr=4.75e-05  [rmse=nan h1=nan ssim=nan mlw=0.0000]
epoch 2 step 200  loss=nan  lr=5.00e-05  [rmse=nan h1=nan ssim=nan mlw=0.0000]
epoch 2 step 210  loss=nan  lr=5.00e-05  [rmse=nan h1=nan ssim=nan mlw=0.0000]
epoch 2 step 220  loss=nan  lr=5.00e-05  [rmse=nan h1=nan ssim=nan mlw=0.0000]
epoch 2 step 230  loss=nan  lr=5.00e-05  [rmse=nan h1=nan ssim=nan mlw=0.0000]
INFO     [rank 0] Loss weights: rmse=1.0000, h1=50.0000,      vae_trainer.py:950
         ssim=0.1500, mlw=0.0000                                                
INFO     [rank 0] Epoch 2: train_loss=nan  val_loss=nan       vae_trainer.py:989
         val_VRMSE=nan  lr=5.00e-05                                             
INFO     [rank 0] Metrics updated: metrics/metrics.csv,      vae_trainer.py:1015
         metrics/loss_curves.png                                                
INFO     [rank 0] Training state saved:                      vae_trainer.py:1399
         checkpoints/vae_shockwave_last.state.pt                                
INFO     [rank 0] Epoch 2 timing: train=2349.7s eval=95.3s   vae_trainer.py:1049
         viz=0.0s ckpt=7.6s total=2453.0s                                       
epoch 3 step 240  loss=nan  lr=5.00e-05  [rmse=nan h1=nan ssim=nan mlw=0.0000]
epoch 3 step 250  loss=nan  lr=4.99e-05  [rmse=nan h1=nan ssim=nan mlw=0.0000]
epoch 3 step 260  loss=nan  lr=4.99e-05  [rmse=nan h1=nan ssim=nan mlw=0.0000]
epoch 3 step 270  loss=nan  lr=4.99e-05  [rmse=nan h1=nan ssim=nan mlw=0.0000]
epoch 3 step 280  loss=nan  lr=4.98e-05  [rmse=nan h1=nan ssim=nan mlw=0.0000]
epoch 3 step 290  loss=nan  lr=4.98e-05  [rmse=nan h1=nan ssim=nan mlw=0.0000]
epoch 3 step 300  loss=nan  lr=4.97e-05  [rmse=nan h1=nan ssim=nan mlw=0.0000]
epoch 3 step 310  loss=nan  lr=4.97e-05  [rmse=nan h1=nan ssim=nan mlw=0.0000]
epoch 3 step 320  loss=nan  lr=4.96e-05  [rmse=nan h1=nan ssim=nan mlw=0.0000]
epoch 3 step 330  loss=nan  lr=4.96e-05  [rmse=nan h1=nan ssim=nan mlw=0.0000]
epoch 3 step 340  loss=nan  lr=4.95e-05  [rmse=nan h1=nan ssim=nan mlw=0.0000]
epoch 3 step 350  loss=nan  lr=4.94e-05  [rmse=nan h1=nan ssim=nan mlw=0.0000]
INFO     [rank 0] Loss weights: rmse=1.0000, h1=50.0000,      vae_trainer.py:950
         ssim=0.1500, mlw=0.0000                                                
INFO     [rank 0] Epoch 3: train_loss=nan  val_loss=nan       vae_trainer.py:989
         val_VRMSE=nan  lr=4.94e-05                                             
INFO     [rank 0] Metrics updated: metrics/metrics.csv,      vae_trainer.py:1015
         metrics/loss_curves.png                                                
INFO     [rank 0] Training state saved:                      vae_trainer.py:1399
         checkpoints/vae_shockwave_last.state.pt                                
INFO     [rank 0] Epoch 3 timing: train=2347.4s eval=98.0s   vae_trainer.py:1049
         viz=0.0s ckpt=7.6s total=2453.5s                                       
epoch 4 step 360  loss=nan  lr=4.94e-05  [rmse=nan h1=nan ssim=nan mlw=0.0000]
epoch 4 step 370  loss=nan  lr=4.93e-05  [rmse=nan h1=nan ssim=nan mlw=0.0000]
epoch 4 step 380  loss=nan  lr=4.92e-05  [rmse=nan h1=nan ssim=nan mlw=0.0000]
epoch 4 step 390  loss=nan  lr=4.91e-05  [rmse=nan h1=nan ssim=nan mlw=0.0000]
epoch 4 step 400  loss=nan  lr=4.90e-05  [rmse=nan h1=nan ssim=nan mlw=0.0000]
epoch 4 step 410  loss=nan  lr=4.89e-05  [rmse=nan h1=nan ssim=nan mlw=0.0000]
epoch 4 step 420  loss=nan  lr=4.88e-05  [rmse=nan h1=nan ssim=nan mlw=0.0000]
epoch 4 step 430  loss=nan  lr=4.87e-05  [rmse=nan h1=nan ssim=nan mlw=0.0000]
epoch 4 step 440  loss=nan  lr=4.85e-05  [rmse=nan h1=nan ssim=nan mlw=0.0000]
epoch 4 step 450  loss=nan  lr=4.84e-05  [rmse=nan h1=nan ssim=nan mlw=0.0000]
epoch 4 step 460  loss=nan  lr=4.83e-05  [rmse=nan h1=nan ssim=nan mlw=0.0000]
epoch 4 step 470  loss=nan  lr=4.82e-05  [rmse=nan h1=nan ssim=nan mlw=0.0000]
INFO     [rank 0] Loss weights: rmse=1.0000, h1=50.0000,      vae_trainer.py:950
         ssim=0.1500, mlw=0.0000                                                
INFO     [rank 0] Epoch 4: train_loss=nan  val_loss=nan       vae_trainer.py:989
         val_VRMSE=nan  lr=4.81e-05                                             
INFO     [rank 0] Metrics updated: metrics/metrics.csv,      vae_trainer.py:1015
         metrics/loss_curves.png                                                
INFO     [rank 0] Saved 12 validation reconstruction PNGs    vae_trainer.py:1224
         for epoch 4                                                            
INFO     [rank 0] Training state saved:                      vae_trainer.py:1399
         checkpoints/vae_shockwave_last.state.pt                                
INFO     [rank 0] Epoch 4 timing: train=2349.7s eval=95.1s   vae_trainer.py:1049
         viz=23.1s ckpt=7.3s total=2475.8s                                      
epoch 5 step 480  loss=nan  lr=4.80e-05  [rmse=nan h1=nan ssim=nan mlw=0.0000]
epoch 5 step 490  loss=nan  lr=4.79e-05  [rmse=nan h1=nan ssim=nan mlw=0.0000]
epoch 5 step 500  loss=nan  lr=4.77e-05  [rmse=nan h1=nan ssim=nan mlw=0.0000]
epoch 5 step 510  loss=nan  lr=4.76e-05  [rmse=nan h1=nan ssim=nan mlw=0.0000]
epoch 5 step 520  loss=nan  lr=4.74e-05  [rmse=nan h1=nan ssim=nan mlw=0.0000]
epoch 5 step 530  loss=nan  lr=4.73e-05  [rmse=nan h1=nan ssim=nan mlw=0.0000]
epoch 5 step 540  loss=nan  lr=4.71e-05  [rmse=nan h1=nan ssim=nan mlw=0.0000]
epoch 5 step 550  loss=nan  lr=4.69e-05  [rmse=nan h1=nan ssim=nan mlw=0.0000]
epoch 5 step 560  loss=nan  lr=4.68e-05  [rmse=nan h1=nan ssim=nan mlw=0.0000]
epoch 5 step 570  loss=nan  lr=4.66e-05  [rmse=nan h1=nan ssim=nan mlw=0.0000]
epoch 5 step 580  loss=nan  lr=4.64e-05  [rmse=nan h1=nan ssim=nan mlw=0.0000]
epoch 5 step 590  loss=nan  lr=4.62e-05  [rmse=nan h1=nan ssim=nan mlw=0.0000]
INFO     [rank 0] Loss weights: rmse=1.0000, h1=50.0000,      vae_trainer.py:950
         ssim=0.1500, mlw=0.0000                                                
INFO     [rank 0] Epoch 5: train_loss=nan  val_loss=nan       vae_trainer.py:989
         val_VRMSE=nan  lr=4.61e-05                                             
INFO     [rank 0] Metrics updated: metrics/metrics.csv,      vae_trainer.py:1015
         metrics/loss_curves.png                                                
INFO     [rank 0] Training state saved:                      vae_trainer.py:1399
         checkpoints/vae_shockwave_last.state.pt                                
INFO     [rank 0] Epoch 5 timing: train=2348.6s eval=96.6s   vae_trainer.py:1049
         viz=0.0s ckpt=7.0s total=2452.9s                                       
epoch 6 step 600  loss=nan  lr=4.60e-05  [rmse=nan h1=nan ssim=nan mlw=0.0000]
epoch 6 step 610  loss=nan  lr=4.58e-05  [rmse=nan h1=nan ssim=nan mlw=0.0000]
epoch 6 step 620  loss=nan  lr=4.56e-05  [rmse=nan h1=nan ssim=nan mlw=0.0000]
epoch 6 step 630  loss=nan  lr=4.54e-05  [rmse=nan h1=nan ssim=nan mlw=0.0000]
epoch 6 step 640  loss=nan  lr=4.52e-05  [rmse=nan h1=nan ssim=nan mlw=0.0000]
epoch 6 step 650  loss=nan  lr=4.50e-05  [rmse=nan h1=nan ssim=nan mlw=0.0000]
epoch 6 step 660  loss=nan  lr=4.48e-05  [rmse=nan h1=nan ssim=nan mlw=0.0000]
epoch 6 step 670  loss=nan  lr=4.46e-05  [rmse=nan h1=nan ssim=nan mlw=0.0000]
epoch 6 step 680  loss=nan  lr=4.44e-05  [rmse=nan h1=nan ssim=nan mlw=0.0000]
epoch 6 step 690  loss=nan  lr=4.41e-05  [rmse=nan h1=nan ssim=nan mlw=0.0000]
epoch 6 step 700  loss=nan  lr=4.39e-05  [rmse=nan h1=nan ssim=nan mlw=0.0000]
epoch 6 step 710  loss=nan  lr=4.37e-05  [rmse=nan h1=nan ssim=nan mlw=0.0000]
INFO     [rank 0] Loss weights: rmse=1.0000, h1=50.0000,      vae_trainer.py:950
         ssim=0.1500, mlw=0.0000                                                
INFO     [rank 0] Epoch 6: train_loss=nan  val_loss=nan       vae_trainer.py:989
         val_VRMSE=nan  lr=4.36e-05                                             
INFO     [rank 0] Metrics updated: metrics/metrics.csv,      vae_trainer.py:1015
         metrics/loss_curves.png                                                
INFO     [rank 0] Training state saved:                      vae_trainer.py:1399
         checkpoints/vae_shockwave_last.state.pt                                
INFO     [rank 0] Epoch 6 timing: train=2348.7s eval=95.2s   vae_trainer.py:1049
         viz=0.0s ckpt=7.2s total=2451.7s                                       
epoch 7 step 720  loss=nan  lr=4.34e-05  [rmse=nan h1=nan ssim=nan mlw=0.0000]
epoch 7 step 730  loss=nan  lr=4.32e-05  [rmse=nan h1=nan ssim=nan mlw=0.0000]
epoch 7 step 740  loss=nan  lr=4.29e-05  [rmse=nan h1=nan ssim=nan mlw=0.0000]
epoch 7 step 750  loss=nan  lr=4.27e-05  [rmse=nan h1=nan ssim=nan mlw=0.0000]
epoch 7 step 760  loss=nan  lr=4.24e-05  [rmse=nan h1=nan ssim=nan mlw=0.0000]
epoch 7 step 770  loss=nan  lr=4.22e-05  [rmse=nan h1=nan ssim=nan mlw=0.0000]
epoch 7 step 780  loss=nan  lr=4.19e-05  [rmse=nan h1=nan ssim=nan mlw=0.0000]
epoch 7 step 790  loss=nan  lr=4.17e-05  [rmse=nan h1=nan ssim=nan mlw=0.0000]
epoch 7 step 800  loss=nan  lr=4.14e-05  [rmse=nan h1=nan ssim=nan mlw=0.0000]
epoch 7 step 810  loss=nan  lr=4.11e-05  [rmse=nan h1=nan ssim=nan mlw=0.0000]
epoch 7 step 820  loss=nan  lr=4.09e-05  [rmse=nan h1=nan ssim=nan mlw=0.0000]
epoch 7 step 830  loss=nan  lr=4.06e-05  [rmse=nan h1=nan ssim=nan mlw=0.0000]
INFO     [rank 0] Loss weights: rmse=1.0000, h1=50.0000,      vae_trainer.py:950
         ssim=0.1500, mlw=0.0000                                                
INFO     [rank 0] Epoch 7: train_loss=nan  val_loss=nan       vae_trainer.py:989
         val_VRMSE=nan  lr=4.05e-05                                             
INFO     [rank 0] Metrics updated: metrics/metrics.csv,      vae_trainer.py:1015
         metrics/loss_curves.png                                                
INFO     [rank 0] Training state saved:                      vae_trainer.py:1399
         checkpoints/vae_shockwave_last.state.pt                                
INFO     [rank 0] Epoch 7 timing: train=2354.6s eval=95.0s   vae_trainer.py:1049
         viz=0.0s ckpt=8.2s total=2458.3s                                       
epoch 8 step 840  loss=nan  lr=4.03e-05  [rmse=nan h1=nan ssim=nan mlw=0.0000]
epoch 8 step 850  loss=nan  lr=4.00e-05  [rmse=nan h1=nan ssim=nan mlw=0.0000]
epoch 8 step 860  loss=nan  lr=3.97e-05  [rmse=nan h1=nan ssim=nan mlw=0.0000]
epoch 8 step 870  loss=nan  lr=3.94e-05  [rmse=nan h1=nan ssim=nan mlw=0.0000]
epoch 8 step 880  loss=nan  lr=3.91e-05  [rmse=nan h1=nan ssim=nan mlw=0.0000]
epoch 8 step 890  loss=nan  lr=3.89e-05  [rmse=nan h1=nan ssim=nan mlw=0.0000]
epoch 8 step 900  loss=nan  lr=3.86e-05  [rmse=nan h1=nan ssim=nan mlw=0.0000]
epoch 8 step 910  loss=nan  lr=3.83e-05  [rmse=nan h1=nan ssim=nan mlw=0.0000]
epoch 8 step 920  loss=nan  lr=3.80e-05  [rmse=nan h1=nan ssim=nan mlw=0.0000]
epoch 8 step 930  loss=nan  lr=3.76e-05  [rmse=nan h1=nan ssim=nan mlw=0.0000]
epoch 8 step 940  loss=nan  lr=3.73e-05  [rmse=nan h1=nan ssim=nan mlw=0.0000]
epoch 8 step 950  loss=nan  lr=3.70e-05  [rmse=nan h1=nan ssim=nan mlw=0.0000]
INFO     [rank 0] Loss weights: rmse=1.0000, h1=50.0000,      vae_trainer.py:950
         ssim=0.1500, mlw=0.0000                                                
INFO     [rank 0] Epoch 8: train_loss=nan  val_loss=nan       vae_trainer.py:989
         val_VRMSE=nan  lr=3.70e-05                                             
INFO     [rank 0] Metrics updated: metrics/metrics.csv,      vae_trainer.py:1015
         metrics/loss_curves.png                                                
INFO     [rank 0] Saved 12 validation reconstruction PNGs    vae_trainer.py:1224
         for epoch 8                                                            
INFO     [rank 0] Training state saved:                      vae_trainer.py:1399
         checkpoints/vae_shockwave_last.state.pt                                
INFO     [rank 0] Epoch 8 timing: train=2350.1s eval=95.3s   vae_trainer.py:1049
         viz=21.0s ckpt=8.0s total=2475.0s                                      
epoch 9 step 960  loss=nan  lr=3.67e-05  [rmse=nan h1=nan ssim=nan mlw=0.0000]
epoch 9 step 970  loss=nan  lr=3.64e-05  [rmse=nan h1=nan ssim=nan mlw=0.0000]
epoch 9 step 980  loss=nan  lr=3.61e-05  [rmse=nan h1=nan ssim=nan mlw=0.0000]
epoch 9 step 990  loss=nan  lr=3.58e-05  [rmse=nan h1=nan ssim=nan mlw=0.0000]
epoch 9 step 1000  loss=nan  lr=3.54e-05  [rmse=nan h1=nan ssim=nan mlw=0.0000]
epoch 9 step 1010  loss=nan  lr=3.51e-05  [rmse=nan h1=nan ssim=nan mlw=0.0000]
epoch 9 step 1020  loss=nan  lr=3.48e-05  [rmse=nan h1=nan ssim=nan mlw=0.0000]
epoch 9 step 1030  loss=nan  lr=3.45e-05  [rmse=nan h1=nan ssim=nan mlw=0.0000]
epoch 9 step 1040  loss=nan  lr=3.41e-05  [rmse=nan h1=nan ssim=nan mlw=0.0000]
epoch 9 step 1050  loss=nan  lr=3.38e-05  [rmse=nan h1=nan ssim=nan mlw=0.0000]
epoch 9 step 1060  loss=nan  lr=3.35e-05  [rmse=nan h1=nan ssim=nan mlw=0.0000]
epoch 9 step 1070  loss=nan  lr=3.31e-05  [rmse=nan h1=nan ssim=nan mlw=0.0000]
INFO     [rank 0] Loss weights: rmse=1.0000, h1=50.0000,      vae_trainer.py:950
         ssim=0.1500, mlw=0.0000                                                
INFO     [rank 0] Epoch 9: train_loss=nan  val_loss=nan       vae_trainer.py:989
         val_VRMSE=nan  lr=3.31e-05                                             
INFO     [rank 0] Metrics updated: metrics/metrics.csv,      vae_trainer.py:1015
         metrics/loss_curves.png                                                
INFO     [rank 0] Training state saved:                      vae_trainer.py:1399
         checkpoints/vae_shockwave_last.state.pt                                
INFO     [rank 0] Epoch 9 timing: train=2360.4s eval=95.0s   vae_trainer.py:1049
         viz=0.0s ckpt=8.3s total=2464.1s                                       
epoch 10 step 1080  loss=nan  lr=3.28e-05  [rmse=nan h1=nan ssim=nan mlw=0.0000]
epoch 10 step 1090  loss=nan  lr=3.25e-05  [rmse=nan h1=nan ssim=nan mlw=0.0000]
epoch 10 step 1100  loss=nan  lr=3.21e-05  [rmse=nan h1=nan ssim=nan mlw=0.0000]
epoch 10 step 1110  loss=nan  lr=3.18e-05  [rmse=nan h1=nan ssim=nan mlw=0.0000]
epoch 10 step 1120  loss=nan  lr=3.14e-05  [rmse=nan h1=nan ssim=nan mlw=0.0000]
epoch 10 step 1130  loss=nan  lr=3.11e-05  [rmse=nan h1=nan ssim=nan mlw=0.0000]
epoch 10 step 1140  loss=nan  lr=3.08e-05  [rmse=nan h1=nan ssim=nan mlw=0.0000]
epoch 10 step 1150  loss=nan  lr=3.04e-05  [rmse=nan h1=nan ssim=nan mlw=0.0000]
epoch 10 step 1160  loss=nan  lr=3.01e-05  [rmse=nan h1=nan ssim=nan mlw=0.0000]
epoch 10 step 1170  loss=nan  lr=2.97e-05  [rmse=nan h1=nan ssim=nan mlw=0.0000]
epoch 10 step 1180  loss=nan  lr=2.94e-05  [rmse=nan h1=nan ssim=nan mlw=0.0000]
epoch 10 step 1190  loss=nan  lr=2.90e-05  [rmse=nan h1=nan ssim=nan mlw=0.0000]
INFO     [rank 0] Loss weights: rmse=1.0000, h1=50.0000,      vae_trainer.py:950
         ssim=0.1500, mlw=0.0000                                                
INFO     [rank 0] Epoch 10: train_loss=nan  val_loss=nan      vae_trainer.py:989
         val_VRMSE=nan  lr=2.90e-05                                             
INFO     [rank 0] Metrics updated: metrics/metrics.csv,      vae_trainer.py:1015
         metrics/loss_curves.png                                                
INFO     [rank 0] Training state saved:                      vae_trainer.py:1399
         checkpoints/vae_shockwave_last.state.pt                                
INFO     [rank 0] Epoch 10 timing: train=2349.2s eval=95.0s  vae_trainer.py:1049
         viz=0.0s ckpt=7.1s total=2452.0s                                       
epoch 11 step 1200  loss=nan  lr=2.87e-05  [rmse=nan h1=nan ssim=nan mlw=0.0000]
epoch 11 step 1210  loss=nan  lr=2.83e-05  [rmse=nan h1=nan ssim=nan mlw=0.0000]
epoch 11 step 1220  loss=nan  lr=2.80e-05  [rmse=nan h1=nan ssim=nan mlw=0.0000]
epoch 11 step 1230  loss=nan  lr=2.76e-05  [rmse=nan h1=nan ssim=nan mlw=0.0000]
epoch 11 step 1240  loss=nan  lr=2.73e-05  [rmse=nan h1=nan ssim=nan mlw=0.0000]
epoch 11 step 1250  loss=nan  lr=2.69e-05  [rmse=nan h1=nan ssim=nan mlw=0.0000]
epoch 11 step 1260  loss=nan  lr=2.66e-05  [rmse=nan h1=nan ssim=nan mlw=0.0000]
epoch 11 step 1270  loss=nan  lr=2.62e-05  [rmse=nan h1=nan ssim=nan mlw=0.0000]
epoch 11 step 1280  loss=nan  lr=2.59e-05  [rmse=nan h1=nan ssim=nan mlw=0.0000]
epoch 11 step 1290  loss=nan  lr=2.55e-05  [rmse=nan h1=nan ssim=nan mlw=0.0000]
epoch 11 step 1300  loss=nan  lr=2.51e-05  [rmse=nan h1=nan ssim=nan mlw=0.0000]
INFO     [rank 0] Loss weights: rmse=1.0000, h1=50.0000,      vae_trainer.py:950
         ssim=0.1500, mlw=0.0000                                                
INFO     [rank 0] Epoch 11: train_loss=nan  val_loss=nan      vae_trainer.py:989
         val_VRMSE=nan  lr=2.48e-05                                             
INFO     [rank 0] Metrics updated: metrics/metrics.csv,      vae_trainer.py:1015
         metrics/loss_curves.png                                                
INFO     [rank 0] Training state saved:                      vae_trainer.py:1399
         checkpoints/vae_shockwave_last.state.pt                                
INFO     [rank 0] Epoch 11 timing: train=2347.6s eval=95.4s  vae_trainer.py:1049
         viz=0.0s ckpt=7.9s total=2451.3s                                       
epoch 12 step 1310  loss=nan  lr=2.48e-05  [rmse=nan h1=nan ssim=nan mlw=0.0000]
epoch 12 step 1320  loss=nan  lr=2.44e-05  [rmse=nan h1=nan ssim=nan mlw=0.0000]
epoch 12 step 1330  loss=nan  lr=2.41e-05  [rmse=nan h1=nan ssim=nan mlw=0.0000]
epoch 12 step 1340  loss=nan  lr=2.37e-05  [rmse=nan h1=nan ssim=nan mlw=0.0000]
epoch 12 step 1350  loss=nan  lr=2.34e-05  [rmse=nan h1=nan ssim=nan mlw=0.0000]
epoch 12 step 1360  loss=nan  lr=2.30e-05  [rmse=nan h1=nan ssim=nan mlw=0.0000]
epoch 12 step 1370  loss=nan  lr=2.27e-05  [rmse=nan h1=nan ssim=nan mlw=0.0000]
epoch 12 step 1380  loss=nan  lr=2.23e-05  [rmse=nan h1=nan ssim=nan mlw=0.0000]
epoch 12 step 1390  loss=nan  lr=2.20e-05  [rmse=nan h1=nan ssim=nan mlw=0.0000]
epoch 12 step 1400  loss=nan  lr=2.16e-05  [rmse=nan h1=nan ssim=nan mlw=0.0000]
epoch 12 step 1410  loss=nan  lr=2.13e-05  [rmse=nan h1=nan ssim=nan mlw=0.0000]
epoch 12 step 1420  loss=nan  lr=2.09e-05  [rmse=nan h1=nan ssim=nan mlw=0.0000]
INFO     [rank 0] Loss weights: rmse=1.0000, h1=50.0000,      vae_trainer.py:950
         ssim=0.1500, mlw=0.0000                                                
INFO     [rank 0] Epoch 12: train_loss=nan  val_loss=nan      vae_trainer.py:989
         val_VRMSE=nan  lr=2.07e-05                                             
INFO     [rank 0] Metrics updated: metrics/metrics.csv,      vae_trainer.py:1015
         metrics/loss_curves.png                                                
INFO     [rank 0] Saved 12 validation reconstruction PNGs    vae_trainer.py:1224
         for epoch 12                                                           
INFO     [rank 0] Training state saved:                      vae_trainer.py:1399
         checkpoints/vae_shockwave_last.state.pt                                
INFO     [rank 0] Epoch 12 timing: train=2349.5s eval=95.0s  vae_trainer.py:1049
         viz=22.6s ckpt=7.6s total=2475.2s                                      
epoch 13 step 1430  loss=nan  lr=2.06e-05  [rmse=nan h1=nan ssim=nan mlw=0.0000]
epoch 13 step 1440  loss=nan  lr=2.02e-05  [rmse=nan h1=nan ssim=nan mlw=0.0000]
epoch 13 step 1450  loss=nan  lr=1.99e-05  [rmse=nan h1=nan ssim=nan mlw=0.0000]
epoch 13 step 1460  loss=nan  lr=1.96e-05  [rmse=nan h1=nan ssim=nan mlw=0.0000]
epoch 13 step 1470  loss=nan  lr=1.92e-05  [rmse=nan h1=nan ssim=nan mlw=0.0000]
epoch 13 step 1480  loss=nan  lr=1.89e-05  [rmse=nan h1=nan ssim=nan mlw=0.0000]
epoch 13 step 1490  loss=nan  lr=1.85e-05  [rmse=nan h1=nan ssim=nan mlw=0.0000]
epoch 13 step 1500  loss=nan  lr=1.82e-05  [rmse=nan h1=nan ssim=nan mlw=0.0000]
epoch 13 step 1510  loss=nan  lr=1.79e-05  [rmse=nan h1=nan ssim=nan mlw=0.0000]
epoch 13 step 1520  loss=nan  lr=1.75e-05  [rmse=nan h1=nan ssim=nan mlw=0.0000]
epoch 13 step 1530  loss=nan  lr=1.72e-05  [rmse=nan h1=nan ssim=nan mlw=0.0000]
epoch 13 step 1540  loss=nan  lr=1.69e-05  [rmse=nan h1=nan ssim=nan mlw=0.0000]
INFO     [rank 0] Loss weights: rmse=1.0000, h1=50.0000,      vae_trainer.py:950
         ssim=0.1500, mlw=0.0000                                                
INFO     [rank 0] Epoch 13: train_loss=nan  val_loss=nan      vae_trainer.py:989
         val_VRMSE=nan  lr=1.66e-05                                             
INFO     [rank 0] Metrics updated: metrics/metrics.csv,      vae_trainer.py:1015
         metrics/loss_curves.png                                                
INFO     [rank 0] Training state saved:                      vae_trainer.py:1399
         checkpoints/vae_shockwave_last.state.pt                                
INFO     [rank 0] Epoch 13 timing: train=2348.9s eval=94.5s  vae_trainer.py:1049
         viz=0.0s ckpt=6.9s total=2450.8s                                       
epoch 14 step 1550  loss=nan  lr=1.65e-05  [rmse=nan h1=nan ssim=nan mlw=0.0000]
epoch 14 step 1560  loss=nan  lr=1.62e-05  [rmse=nan h1=nan ssim=nan mlw=0.0000]
epoch 14 step 1570  loss=nan  lr=1.59e-05  [rmse=nan h1=nan ssim=nan mlw=0.0000]
epoch 14 step 1580  loss=nan  lr=1.56e-05  [rmse=nan h1=nan ssim=nan mlw=0.0000]
epoch 14 step 1590  loss=nan  lr=1.52e-05  [rmse=nan h1=nan ssim=nan mlw=0.0000]
epoch 14 step 1600  loss=nan  lr=1.49e-05  [rmse=nan h1=nan ssim=nan mlw=0.0000]
epoch 14 step 1610  loss=nan  lr=1.46e-05  [rmse=nan h1=nan ssim=nan mlw=0.0000]
epoch 14 step 1620  loss=nan  lr=1.43e-05  [rmse=nan h1=nan ssim=nan mlw=0.0000]
epoch 14 step 1630  loss=nan  lr=1.40e-05  [rmse=nan h1=nan ssim=nan mlw=0.0000]
epoch 14 step 1640  loss=nan  lr=1.37e-05  [rmse=nan h1=nan ssim=nan mlw=0.0000]
epoch 14 step 1650  loss=nan  lr=1.34e-05  [rmse=nan h1=nan ssim=nan mlw=0.0000]
epoch 14 step 1660  loss=nan  lr=1.30e-05  [rmse=nan h1=nan ssim=nan mlw=0.0000]
INFO     [rank 0] Loss weights: rmse=1.0000, h1=50.0000,      vae_trainer.py:950
         ssim=0.1500, mlw=0.0000                                                
INFO     [rank 0] Epoch 14: train_loss=nan  val_loss=nan      vae_trainer.py:989
         val_VRMSE=nan  lr=1.29e-05                                             
INFO     [rank 0] Metrics updated: metrics/metrics.csv,      vae_trainer.py:1015
         metrics/loss_curves.png                                                
INFO     [rank 0] Training state saved:                      vae_trainer.py:1399
         checkpoints/vae_shockwave_last.state.pt                                
INFO     [rank 0] Epoch 14 timing: train=2346.6s eval=95.4s  vae_trainer.py:1049
         viz=0.0s ckpt=8.2s total=2450.7s                                       
epoch 15 step 1670  loss=nan  lr=1.27e-05  [rmse=nan h1=nan ssim=nan mlw=0.0000]
epoch 15 step 1680  loss=nan  lr=1.24e-05  [rmse=nan h1=nan ssim=nan mlw=0.0000]
epoch 15 step 1690  loss=nan  lr=1.21e-05  [rmse=nan h1=nan ssim=nan mlw=0.0000]
epoch 15 step 1700  loss=nan  lr=1.19e-05  [rmse=nan h1=nan ssim=nan mlw=0.0000]
epoch 15 step 1710  loss=nan  lr=1.16e-05  [rmse=nan h1=nan ssim=nan mlw=0.0000]
epoch 15 step 1720  loss=nan  lr=1.13e-05  [rmse=nan h1=nan ssim=nan mlw=0.0000]
epoch 15 step 1730  loss=nan  lr=1.10e-05  [rmse=nan h1=nan ssim=nan mlw=0.0000]
epoch 15 step 1740  loss=nan  lr=1.07e-05  [rmse=nan h1=nan ssim=nan mlw=0.0000]
epoch 15 step 1750  loss=nan  lr=1.04e-05  [rmse=nan h1=nan ssim=nan mlw=0.0000]
epoch 15 step 1760  loss=nan  lr=1.01e-05  [rmse=nan h1=nan ssim=nan mlw=0.0000]
epoch 15 step 1770  loss=nan  lr=9.87e-06  [rmse=nan h1=nan ssim=nan mlw=0.0000]
epoch 15 step 1780  loss=nan  lr=9.60e-06  [rmse=nan h1=nan ssim=nan mlw=0.0000]
INFO     [rank 0] Loss weights: rmse=1.0000, h1=50.0000,      vae_trainer.py:950
         ssim=0.1500, mlw=0.0000                                                
INFO     [rank 0] Epoch 15: train_loss=nan  val_loss=nan      vae_trainer.py:989
         val_VRMSE=nan  lr=9.47e-06                                             
INFO     [rank 0] Metrics updated: metrics/metrics.csv,      vae_trainer.py:1015
         metrics/loss_curves.png                                                
INFO     [rank 0] Training state saved:                      vae_trainer.py:1399
         checkpoints/vae_shockwave_last.state.pt                                
INFO     [rank 0] Epoch 15 timing: train=2353.6s eval=94.9s  vae_trainer.py:1049
         viz=0.0s ckpt=8.4s total=2457.4s                                       
epoch 16 step 1790  loss=nan  lr=9.33e-06  [rmse=nan h1=nan ssim=nan mlw=0.0000]
epoch 16 step 1800  loss=nan  lr=9.07e-06  [rmse=nan h1=nan ssim=nan mlw=0.0000]
epoch 16 step 1810  loss=nan  lr=8.81e-06  [rmse=nan h1=nan ssim=nan mlw=0.0000]
epoch 16 step 1820  loss=nan  lr=8.55e-06  [rmse=nan h1=nan ssim=nan mlw=0.0000]
epoch 16 step 1830  loss=nan  lr=8.30e-06  [rmse=nan h1=nan ssim=nan mlw=0.0000]
epoch 16 step 1840  loss=nan  lr=8.05e-06  [rmse=nan h1=nan ssim=nan mlw=0.0000]
epoch 16 step 1850  loss=nan  lr=7.81e-06  [rmse=nan h1=nan ssim=nan mlw=0.0000]
epoch 16 step 1860  loss=nan  lr=7.56e-06  [rmse=nan h1=nan ssim=nan mlw=0.0000]
epoch 16 step 1870  loss=nan  lr=7.32e-06  [rmse=nan h1=nan ssim=nan mlw=0.0000]
epoch 16 step 1880  loss=nan  lr=7.09e-06  [rmse=nan h1=nan ssim=nan mlw=0.0000]
epoch 16 step 1890  loss=nan  lr=6.86e-06  [rmse=nan h1=nan ssim=nan mlw=0.0000]
epoch 16 step 1900  loss=nan  lr=6.63e-06  [rmse=nan h1=nan ssim=nan mlw=0.0000]
INFO     [rank 0] Loss weights: rmse=1.0000, h1=50.0000,      vae_trainer.py:950
         ssim=0.1500, mlw=0.0000                                                
INFO     [rank 0] Epoch 16: train_loss=nan  val_loss=nan      vae_trainer.py:989
         val_VRMSE=nan  lr=6.54e-06                                             
INFO     [rank 0] Metrics updated: metrics/metrics.csv,      vae_trainer.py:1015
         metrics/loss_curves.png                                                
INFO     [rank 0] Saved 12 validation reconstruction PNGs    vae_trainer.py:1224
         for epoch 16                                                           
INFO     [rank 0] Training state saved:                      vae_trainer.py:1399
         checkpoints/vae_shockwave_last.state.pt                                
INFO     [rank 0] Epoch 16 timing: train=2350.2s eval=95.0s  vae_trainer.py:1049
         viz=21.2s ckpt=7.3s total=2474.2s                                      
epoch 17 step 1910  loss=nan  lr=6.41e-06  [rmse=nan h1=nan ssim=nan mlw=0.0000]
epoch 17 step 1920  loss=nan  lr=6.19e-06  [rmse=nan h1=nan ssim=nan mlw=0.0000]
epoch 17 step 1930  loss=nan  lr=5.97e-06  [rmse=nan h1=nan ssim=nan mlw=0.0000]
epoch 17 step 1940  loss=nan  lr=5.76e-06  [rmse=nan h1=nan ssim=nan mlw=0.0000]
epoch 17 step 1950  loss=nan  lr=5.56e-06  [rmse=nan h1=nan ssim=nan mlw=0.0000]
epoch 17 step 1960  loss=nan  lr=5.35e-06  [rmse=nan h1=nan ssim=nan mlw=0.0000]
epoch 17 step 1970  loss=nan  lr=5.15e-06  [rmse=nan h1=nan ssim=nan mlw=0.0000]
epoch 17 step 1980  loss=nan  lr=4.96e-06  [rmse=nan h1=nan ssim=nan mlw=0.0000]
epoch 17 step 1990  loss=nan  lr=4.77e-06  [rmse=nan h1=nan ssim=nan mlw=0.0000]
epoch 17 step 2000  loss=nan  lr=4.58e-06  [rmse=nan h1=nan ssim=nan mlw=0.0000]
epoch 17 step 2010  loss=nan  lr=4.40e-06  [rmse=nan h1=nan ssim=nan mlw=0.0000]
epoch 17 step 2020  loss=nan  lr=4.22e-06  [rmse=nan h1=nan ssim=nan mlw=0.0000]
INFO     [rank 0] Loss weights: rmse=1.0000, h1=50.0000,      vae_trainer.py:950
         ssim=0.1500, mlw=0.0000                                                
INFO     [rank 0] Epoch 17: train_loss=nan  val_loss=nan      vae_trainer.py:989
         val_VRMSE=nan  lr=4.17e-06                                             
INFO     [rank 0] Metrics updated: metrics/metrics.csv,      vae_trainer.py:1015
         metrics/loss_curves.png                                                
INFO     [rank 0] Training state saved:                      vae_trainer.py:1399
         checkpoints/vae_shockwave_last.state.pt                                
INFO     [rank 0] Epoch 17 timing: train=2652.3s eval=95.5s  vae_trainer.py:1049
         viz=0.0s ckpt=8.2s total=2756.6s                                       
epoch 18 step 2030  loss=nan  lr=4.05e-06  [rmse=nan h1=nan ssim=nan mlw=0.0000]
epoch 18 step 2040  loss=nan  lr=3.88e-06  [rmse=nan h1=nan ssim=nan mlw=0.0000]
epoch 18 step 2050  loss=nan  lr=3.72e-06  [rmse=nan h1=nan ssim=nan mlw=0.0000]
epoch 18 step 2060  loss=nan  lr=3.56e-06  [rmse=nan h1=nan ssim=nan mlw=0.0000]
epoch 18 step 2070  loss=nan  lr=3.40e-06  [rmse=nan h1=nan ssim=nan mlw=0.0000]
epoch 18 step 2080  loss=nan  lr=3.25e-06  [rmse=nan h1=nan ssim=nan mlw=0.0000]
epoch 18 step 2090  loss=nan  lr=3.11e-06  [rmse=nan h1=nan ssim=nan mlw=0.0000]
epoch 18 step 2100  loss=nan  lr=2.97e-06  [rmse=nan h1=nan ssim=nan mlw=0.0000]
epoch 18 step 2110  loss=nan  lr=2.83e-06  [rmse=nan h1=nan ssim=nan mlw=0.0000]
epoch 18 step 2120  loss=nan  lr=2.70e-06  [rmse=nan h1=nan ssim=nan mlw=0.0000]
epoch 18 step 2130  loss=nan  lr=2.57e-06  [rmse=nan h1=nan ssim=nan mlw=0.0000]
epoch 18 step 2140  loss=nan  lr=2.45e-06  [rmse=nan h1=nan ssim=nan mlw=0.0000]
INFO     [rank 0] Loss weights: rmse=1.0000, h1=50.0000,      vae_trainer.py:950
         ssim=0.1500, mlw=0.0000                                                
INFO     [rank 0] Epoch 18: train_loss=nan  val_loss=nan      vae_trainer.py:989
         val_VRMSE=nan  lr=2.43e-06                                             
INFO     [rank 0] Metrics updated: metrics/metrics.csv,      vae_trainer.py:1015
         metrics/loss_curves.png                                                
INFO     [rank 0] Training state saved:                      vae_trainer.py:1399
         checkpoints/vae_shockwave_last.state.pt                                
INFO     [rank 0] Epoch 18 timing: train=2348.2s eval=95.4s  vae_trainer.py:1049
         viz=0.0s ckpt=8.0s total=2452.1s                                       
epoch 19 step 2150  loss=nan  lr=2.33e-06  [rmse=nan h1=nan ssim=nan mlw=0.0000]
epoch 19 step 2160  loss=nan  lr=2.22e-06  [rmse=nan h1=nan ssim=nan mlw=0.0000]
epoch 19 step 2170  loss=nan  lr=2.11e-06  [rmse=nan h1=nan ssim=nan mlw=0.0000]
epoch 19 step 2180  loss=nan  lr=2.01e-06  [rmse=nan h1=nan ssim=nan mlw=0.0000]
epoch 19 step 2190  loss=nan  lr=1.91e-06  [rmse=nan h1=nan ssim=nan mlw=0.0000]
epoch 19 step 2200  loss=nan  lr=1.82e-06  [rmse=nan h1=nan ssim=nan mlw=0.0000]
epoch 19 step 2210  loss=nan  lr=1.73e-06  [rmse=nan h1=nan ssim=nan mlw=0.0000]
epoch 19 step 2220  loss=nan  lr=1.65e-06  [rmse=nan h1=nan ssim=nan mlw=0.0000]
epoch 19 step 2230  loss=nan  lr=1.57e-06  [rmse=nan h1=nan ssim=nan mlw=0.0000]
epoch 19 step 2240  loss=nan  lr=1.50e-06  [rmse=nan h1=nan ssim=nan mlw=0.0000]
epoch 19 step 2250  loss=nan  lr=1.43e-06  [rmse=nan h1=nan ssim=nan mlw=0.0000]
epoch 19 step 2260  loss=nan  lr=1.37e-06  [rmse=nan h1=nan ssim=nan mlw=0.0000]
INFO     [rank 0] Loss weights: rmse=1.0000, h1=50.0000,      vae_trainer.py:950
         ssim=0.1500, mlw=0.0000                                                
INFO     [rank 0] Epoch 19: train_loss=nan  val_loss=nan      vae_trainer.py:989
         val_VRMSE=nan  lr=1.36e-06                                             
INFO     [rank 0] Metrics updated: metrics/metrics.csv,      vae_trainer.py:1015
         metrics/loss_curves.png                                                
INFO     [rank 0] Training state saved:                      vae_trainer.py:1399
         checkpoints/vae_shockwave_last.state.pt                                
INFO     [rank 0] Epoch 19 timing: train=2348.8s eval=95.5s  vae_trainer.py:1049
         viz=0.0s ckpt=7.3s total=2452.1s                                       
epoch 20 step 2270  loss=nan  lr=1.31e-06  [rmse=nan h1=nan ssim=nan mlw=0.0000]
epoch 20 step 2280  loss=nan  lr=1.25e-06  [rmse=nan h1=nan ssim=nan mlw=0.0000]
epoch 20 step 2290  loss=nan  lr=1.21e-06  [rmse=nan h1=nan ssim=nan mlw=0.0000]
epoch 20 step 2300  loss=nan  lr=1.16e-06  [rmse=nan h1=nan ssim=nan mlw=0.0000]
epoch 20 step 2310  loss=nan  lr=1.12e-06  [rmse=nan h1=nan ssim=nan mlw=0.0000]
epoch 20 step 2320  loss=nan  lr=1.09e-06  [rmse=nan h1=nan ssim=nan mlw=0.0000]
epoch 20 step 2330  loss=nan  lr=1.06e-06  [rmse=nan h1=nan ssim=nan mlw=0.0000]
epoch 20 step 2340  loss=nan  lr=1.04e-06  [rmse=nan h1=nan ssim=nan mlw=0.0000]
epoch 20 step 2350  loss=nan  lr=1.02e-06  [rmse=nan h1=nan ssim=nan mlw=0.0000]
epoch 20 step 2360  loss=nan  lr=1.01e-06  [rmse=nan h1=nan ssim=nan mlw=0.0000]
epoch 20 step 2370  loss=nan  lr=1.00e-06  [rmse=nan h1=nan ssim=nan mlw=0.0000]
epoch 20 step 2380  loss=nan  lr=1.00e-06  [rmse=nan h1=nan ssim=nan mlw=0.0000]
INFO     [rank 0] Loss weights: rmse=1.0000, h1=50.0000,      vae_trainer.py:950
         ssim=0.1500, mlw=0.0000                                                
INFO     [rank 0] Epoch 20: train_loss=nan  val_loss=nan      vae_trainer.py:989
         val_VRMSE=nan  lr=1.00e-06                                             
INFO     [rank 0] Metrics updated: metrics/metrics.csv,      vae_trainer.py:1015
         metrics/loss_curves.png                                                
INFO     [rank 0] Saved 12 validation reconstruction PNGs    vae_trainer.py:1224
         for epoch 20                                                           
INFO     [rank 0] Training state saved:                      vae_trainer.py:1399
         checkpoints/vae_shockwave_last.state.pt                                
INFO     [rank 0] Epoch 20 timing: train=2347.9s eval=94.9s  vae_trainer.py:1049
         viz=21.4s ckpt=8.3s total=2473.1s                                      
╭──────────────────────────────────────────────────────────────────────────────╮
╰──────────────────────────────────────────────────────────────────────────────╯INFO     [rank 0] Training state saved:                      vae_trainer.py:1399
         checkpoints/vae_shockwave_last.state.pt                                

Training complete. Checkpoint: 
/hppfs/scratch/0D/go76fuz2/windinet/finetune_vae_outputs_sng_pvc/finetune_vae_wh
ole_structure_baseline_ep20_256res_cosine_lr5e5/checkpoints/vae_shockwave_last.s
afetensors
Mirrored (excl. checkpoints/) to finetune_vae_outputs/sng_pvc/finetune_vae_whole_structure_baseline_ep20_256res_cosine_lr5e5
END TIME: Mon 31 Aug 2026 07:03:16 PM CEST
