START TIME: Mon 31 Aug 2026 05:06:34 AM CEST
job=529953 node=i20r06c05s04
+-----------+--------------------------------------------------------------------------------------+
| Device ID | Device Information                                                                   |
+-----------+--------------------------------------------------------------------------------------+
| 0         | Device Name: Intel(R) Data Center GPU Max 1550                                       |
|           | Vendor Name: Intel(R) Corporation                                                    |
|           | SOC UUID: 00000000-0000-003a-0000-002f0bd58086                                       |
|           | PCI BDF Address: 0000:3a:00.0                                                        |
|           | DRM Device: /dev/dri/card0                                                           |
|           | Function Type: physical                                                              |
+-----------+--------------------------------------------------------------------------------------+
| 1         | Device Name: Intel(R) Data Center GPU Max 1550                                       |
|           | Vendor Name: Intel(R) Corporation                                                    |
|           | SOC UUID: 00000000-0000-004b-0000-002f0bd58086                                       |
|           | PCI BDF Address: 0000:4b:00.0                                                        |
|           | DRM Device: /dev/dri/card1                                                           |
|           | Function Type: physical                                                              |
+-----------+--------------------------------------------------------------------------------------+
| 2         | Device Name: Intel(R) Data Center GPU Max 1550                                       |
|           | Vendor Name: Intel(R) Corporation                                                    |
|           | SOC UUID: 00000000-0000-00ca-0000-002f0bd58086                                       |
|           | PCI BDF Address: 0000:ca:00.0                                                        |
|           | DRM Device: /dev/dri/card2                                                           |
|           | Function Type: physical                                                              |
+-----------+--------------------------------------------------------------------------------------+
| 3         | Device Name: Intel(R) Data Center GPU Max 1550                                       |
|           | Vendor Name: Intel(R) Corporation                                                    |
|           | SOC UUID: 00000000-0000-00da-0000-002f0bd58086                                       |
|           | PCI BDF Address: 0000:da:00.0                                                        |
|           | DRM Device: /dev/dri/card3                                                           |
|           | Function Type: physical                                                              |
+-----------+--------------------------------------------------------------------------------------+
MASTER_ADDR: i20r06c05s04  MASTER_PORT: 55451
8 XPU tiles x batch_size 4 x accum 1 -> effective batch 32; output_dir /hppfs/scratch/0D/go76fuz2/windinet/finetune_vae_outputs_sng_pvc/finetune_vae_whole_structure_baseline_ep20_256res_cosine_lr1e5
INFO     [rank 5] Failed to extract font properties from    font_manager.py:1107
         /usr/share/fonts/truetype/Cantarell-VF.otf: Can                        
         not load face (SFNT font table missing; error code                     
         0x8e)                                                                  
INFO     [rank 2] Failed to extract font properties from    font_manager.py:1107
         /usr/share/fonts/truetype/Cantarell-VF.otf: Can                        
         not load face (SFNT font table missing; error code                     
         0x8e)                                                                  
INFO     [rank 4] Failed to extract font properties from    font_manager.py:1107
         /usr/share/fonts/truetype/Cantarell-VF.otf: Can                        
         not load face (SFNT font table missing; error code                     
         0x8e)                                                                  
INFO     [rank 5] generated new fontManager                 font_manager.py:1639
INFO     [rank 3] Failed to extract font properties from    font_manager.py:1107
         /usr/share/fonts/truetype/Cantarell-VF.otf: Can                        
         not load face (SFNT font table missing; error code                     
         0x8e)                                                                  
INFO     [rank 6] Failed to extract font properties from    font_manager.py:1107
         /usr/share/fonts/truetype/Cantarell-VF.otf: Can                        
         not load face (SFNT font table missing; error code                     
         0x8e)                                                                  
INFO     [rank 0] Failed to extract font properties from    font_manager.py:1107
         /usr/share/fonts/truetype/Cantarell-VF.otf: Can                        
         not load face (SFNT font table missing; error code                     
         0x8e)                                                                  
INFO     [rank 1] Failed to extract font properties from    font_manager.py:1107
         /usr/share/fonts/truetype/Cantarell-VF.otf: Can                        
         not load face (SFNT font table missing; error code                     
         0x8e)                                                                  
INFO     [rank 7] Failed to extract font properties from    font_manager.py:1107
         /usr/share/fonts/truetype/Cantarell-VF.otf: Can                        
         not load face (SFNT font table missing; error code                     
         0x8e)                                                                  
INFO     [rank 3] generated new fontManager                 font_manager.py:1639
INFO     [rank 7] generated new fontManager                 font_manager.py:1639
INFO     [rank 2] generated new fontManager                 font_manager.py:1639
INFO     [rank 1] generated new fontManager                 font_manager.py:1639
INFO     [rank 4] generated new fontManager                 font_manager.py:1639
INFO     [rank 6] generated new fontManager                 font_manager.py:1639
INFO     [rank 0] generated new fontManager                 font_manager.py:1639
                          VAE Finetuning Configuration                          
┏━━━━━━━━━━━━━━━━━━━━━━━━━━━━━━━━━━━━━━┳━━━━━━━━━━━━━━━━━━━━━━━━━━━━━━━━━━━━━━━┓
┃ Parameter                            ┃ Value                                 ┃
┡━━━━━━━━━━━━━━━━━━━━━━━━━━━━━━━━━━━━━━╇━━━━━━━━━━━━━━━━━━━━━━━━━━━━━━━━━━━━━━━┩
│ model.model_source                   │ LTXV_2B_0.9.6_DEV                     │
│ model.load_checkpoint                │ None                                  │
│ adapter.enabled                      │ True                                  │
│ adapter.checkpoint                   │ None                                  │
│ adapter.channels                     │ ['density', 'momentum_x',             │
│                                      │ 'momentum_y', 'pressure']             │
│ adapter.mode                         │ inflate                               │
│ adapter.inflate_init                 │ zeros                                 │
│ adapter.inflate_copy_channel         │ None                                  │
│ adapter.freeze_conv_in               │ False                                 │
│ adapter.unfreeze_encoder_trunk       │ True                                  │
│ adapter.hidden_channels              │ 32                                    │
│ adapter.activation                   │ gelu                                  │
│ adapter.identity_init                │ False                                 │
│ adapter.default_temb                 │ 0.0                                   │
│ data.data_root                       │ /hppfs/scratch/0D/go76fuz2/windinet/… │
│ data.eval_sims                       │ 675                                   │
│ data.num_dataloader_workers          │ 4                                     │
│ data.num_sim_frames                  │ None                                  │
│ data.overfit_sims                    │ None                                  │
│ data.overfit_repeat                  │ 1                                     │
│ data.channel_mean                    │ [0.9050976477108856,                  │
│                                      │ 0.004045365949982484,                 │
│                                      │ -0.0019089379638760548, 0.9           │
│ data.channel_std                     │ [0.6618199912434938,                  │
│                                      │ 0.5335233432828087,                   │
│                                      │ 0.5268940723644505, 0.8053303         │
│ data.normalization_stats_file        │ None                                  │
│ data.normalization_clip              │ 5.0                                   │
│ data.channel_order                   │ ['density', 'momentum_x',             │
│                                      │ 'momentum_y', 'pressure']             │
│ data.log_transform_channels          │ []                                    │
│ optimization.learning_rate           │ 1e-05                                 │
│ optimization.min_learning_rate       │ 1e-06                                 │
│ optimization.scheduler_type          │ cosine                                │
│ optimization.stable_fraction         │ 0.7                                   │
│ optimization.stable_end_epoch        │ None                                  │
│ optimization.plateau_factor          │ 0.5                                   │
│ optimization.plateau_patience        │ 3                                     │
│ optimization.plateau_threshold       │ 0.0001                                │
│ optimization.epochs                  │ 20                                    │
│ optimization.batch_size              │ 4                                     │
│ optimization.gradient_accumulation_… │ 1                                     │
│ optimization.max_grad_norm           │ 5.0                                   │
│ optimization.weight_decay            │ 0.0                                   │
│ optimization.warmup_steps            │ 200                                   │
│ optimization.warmup_start_factor     │ 0.01                                  │
│ optimization.enable_gradient_checkp… │ True                                  │
│ loss.wavelet                         │ db2                                   │
│ loss.spatial_level                   │ 2                                     │
│ loss.temporal_level                  │ 2                                     │
│ loss.mlw_beta                        │ 10.0                                  │
│ loss.mlw_eps                         │ 1e-06                                 │
│ loss_weighting.strategy              │ fixed                                 │
│ loss_weighting.weights               │ {'rmse': 1.0, 'h1': 50.0, 'ssim':     │
│                                      │ 0.15, 'mlw': 0.0}                     │
│ loss_weighting.loss_names            │ ['rmse', 'h1', 'ssim', 'mlw']         │
│ loss_weighting.alpha                 │ 1.5                                   │
│ loss_weighting.weight_lr             │ 0.025                                 │
│ loss_weighting.temperature           │ 0.1                                   │
│ visualization.enabled                │ True                                  │
│ visualization.interval_epochs        │ 4                                     │
│ visualization.num_samples            │ 3                                     │
│ visualization.frame_numbers          │ [25, 50, 75, 100]                     │
│ visualization.dpi                    │ 150                                   │
│ acceleration.mixed_precision_mode    │ bf16                                  │
│ acceleration.compile_with_inductor   │ False                                 │
│ acceleration.compilation_mode        │ reduce-overhead                       │
│ checkpoints.interval                 │ 1                                     │
│ checkpoints.keep_last_n              │ 1                                     │
│ checkpoints.save_best_only           │ True                                  │
│ checkpoints.best_metric              │ val_vrmse                             │
│ checkpoints.save_last_state          │ True                                  │
│ checkpoints.save_epochs              │ []                                    │
│ wandb.enabled                        │ False                                 │
│ wandb.project                        │ windinet                              │
│ wandb.entity                         │ None                                  │
│ wandb.tags                           │ ['vae', 'inflate', 'zeros-init',      │
│                                      │ 'cosine', '20ep', 'lr0.2x', 'shockwav │
│ seed                                 │ 42                                    │
│ output_dir                           │ /hppfs/scratch/0D/go76fuz2/windinet/… │
│ clean_output_dir                     │ True                                  │
│ resume_from                          │ None                                  │
│ resume_weights_only                  │ False                                 │
└──────────────────────────────────────┴───────────────────────────────────────┘
INFO     [rank 0] Distributed training: 8 processes          vae_trainer.py:1445
INFO     [rank 0] VAE inflated to 4 native channels           vae_trainer.py:197
         (init=zeros); encoder.conv_in is trainable                             
INFO     [rank 0] Encoder extra modules UNFROZEN:             vae_trainer.py:254
         down_blocks[0, 1, 2] + tail                                            
         (down_blocks[-1]+mid_block+norm_out+conv_out)                          
INFO     [rank 0] VAE gradient checkpointing enabled          vae_trainer.py:265
INFO     [rank 0] VAE loaded. Decoder params: 552,869,953     vae_trainer.py:271
INFO     [rank 0] Trainable parameters:                       vae_trainer.py:342
         encoder_conv_in=221,312, encoder_extra=693,932,865,                    
         decoder=552,869,953, in_adapter=0, out_adapter=0                       
INFO     [rank 0] Dataset: 3825 train, 675 eval samples       vae_trainer.py:606
INFO     [rank 0] encoder.conv_in LR = 1.00e-05 (== decoder   vae_trainer.py:630
         LR)                                                                    
INFO     [rank 0] encoder extra (down_blocks[0, 1, 2]+tail)   vae_trainer.py:641
         LR = 1.00e-05 (== decoder LR)                                          
INFO     [rank 0] LR schedule 'cosine': 2380 steps (200       vae_trainer.py:732
         warmup, 0 stable, 2180 anneal), peak 1.00e-05 ->                       
         floor 1.00e-06                                                         
2026:08:31-05:17:50:79375 |CCL_WARN| value of CCL_ATL_TRANSPORT changed to be ofi (default:mpi)
2026:08:31-05:17:50:79375 |CCL_WARN| value of CCL_ALLREDUCE changed to be ring (default:)
2026:08:31-05:17:50:79375 |CCL_WARN| could not get local_idx/count from environment variables, trying to get them from ATL
2026:08:31-05:17:50:79376 |CCL_WARN| could not get local_idx/count from environment variables, trying to get them from ATL
2026:08:31-05:17:50:79377 |CCL_WARN| could not get local_idx/count from environment variables, trying to get them from ATL
2026:08:31-05:17:50:79378 |CCL_WARN| could not get local_idx/count from environment variables, trying to get them from ATL
2026:08:31-05:17:51:79379 |CCL_WARN| could not get local_idx/count from environment variables, trying to get them from ATL
2026:08:31-05:17:51:79380 |CCL_WARN| could not get local_idx/count from environment variables, trying to get them from ATL
2026:08:31-05:17:51:79381 |CCL_WARN| could not get local_idx/count from environment variables, trying to get them from ATL
2026:08:31-05:17:52:79382 |CCL_WARN| could not get local_idx/count from environment variables, trying to get them from ATL
INFO     [rank 0] Config saved:                              vae_trainer.py:1477
         /hppfs/scratch/0D/go76fuz2/windinet/finetune_vae_ou                    
         tputs_sng_pvc/finetune_vae_whole_structure_baseline                    
         _ep20_256res_cosine_lr1e5/training_config.yaml                         
INFO     [rank 0] Starting VAE decoder finetuning...          vae_trainer.py:780
epoch 1 step 10  loss=0.130184  lr=5.95e-07  [rmse=0.0580 h1=0.0000 ssim=0.2585 mlw=0.0000]
epoch 1 step 20  loss=0.120754  lr=1.09e-06  [rmse=0.0829 h1=0.0002 ssim=0.2705 mlw=0.0000]
epoch 1 step 30  loss=0.120048  lr=1.59e-06  [rmse=0.0578 h1=0.0000 ssim=0.2385 mlw=0.0000]
epoch 1 step 40  loss=0.119957  lr=2.08e-06  [rmse=0.1035 h1=0.0001 ssim=0.2557 mlw=0.0000]
epoch 1 step 50  loss=0.120566  lr=2.58e-06  [rmse=0.0458 h1=0.0001 ssim=0.2183 mlw=0.0000]
epoch 1 step 60  loss=0.118940  lr=3.07e-06  [rmse=0.0664 h1=0.0003 ssim=0.2070 mlw=0.0000]
epoch 1 step 70  loss=0.118739  lr=3.57e-06  [rmse=0.0504 h1=0.0001 ssim=0.2743 mlw=0.0000]
epoch 1 step 80  loss=0.118982  lr=4.06e-06  [rmse=0.0813 h1=0.0003 ssim=0.2373 mlw=0.0000]
epoch 1 step 90  loss=0.117498  lr=4.56e-06  [rmse=0.0253 h1=0.0001 ssim=0.1300 mlw=0.0000]
epoch 1 step 100  loss=0.112704  lr=5.05e-06  [rmse=0.0282 h1=0.0002 ssim=0.1230 mlw=0.0000]
epoch 1 step 110  loss=0.109262  lr=5.55e-06  [rmse=0.0425 h1=0.0003 ssim=0.1401 mlw=0.0000]
INFO     [rank 0] Loss weights: rmse=1.0000, h1=50.0000,      vae_trainer.py:950
         ssim=0.1500, mlw=0.0000                                                
INFO     [rank 0] Epoch 1: train_loss=0.104512                vae_trainer.py:989
         val_loss=0.044747  val_VRMSE=0.142271  lr=5.99e-06                     
INFO     [rank 0] Metrics updated: metrics/metrics.csv,      vae_trainer.py:1015
         metrics/loss_curves.png                                                
INFO     [rank 0] New best checkpoint (epoch 1,              vae_trainer.py:1323
         val_vrmse=0.142271):                                                   
         checkpoints/vae_shockwave_best.safetensors                             
INFO     [rank 0] Training state saved:                      vae_trainer.py:1399
         checkpoints/vae_shockwave_last.state.pt                                
INFO     [rank 0] Epoch 1 timing: train=2621.7s eval=103.7s  vae_trainer.py:1049
         viz=0.0s ckpt=9.2s total=2735.4s                                       
epoch 2 step 120  loss=0.021250  lr=6.04e-06  [rmse=0.0114 h1=0.0000 ssim=0.0491 mlw=0.0000]
epoch 2 step 130  loss=0.034729  lr=6.54e-06  [rmse=0.0190 h1=0.0001 ssim=0.0617 mlw=0.0000]
epoch 2 step 140  loss=0.039198  lr=7.03e-06  [rmse=0.0204 h1=0.0002 ssim=0.1395 mlw=0.0000]
epoch 2 step 150  loss=0.042437  lr=7.52e-06  [rmse=0.0336 h1=0.0003 ssim=0.1262 mlw=0.0000]
epoch 2 step 160  loss=0.041448  lr=8.02e-06  [rmse=0.0175 h1=0.0001 ssim=0.0936 mlw=0.0000]
epoch 2 step 170  loss=0.041459  lr=8.52e-06  [rmse=0.0307 h1=0.0003 ssim=0.0818 mlw=0.0000]
epoch 2 step 180  loss=0.040481  lr=9.01e-06  [rmse=0.0171 h1=0.0001 ssim=0.0613 mlw=0.0000]
epoch 2 step 190  loss=0.039979  lr=9.51e-06  [rmse=0.0192 h1=0.0002 ssim=0.0846 mlw=0.0000]
epoch 2 step 200  loss=0.040832  lr=1.00e-05  [rmse=0.0215 h1=0.0003 ssim=0.0989 mlw=0.0000]
epoch 2 step 210  loss=0.040590  lr=1.00e-05  [rmse=0.0199 h1=0.0002 ssim=0.0899 mlw=0.0000]
epoch 2 step 220  loss=0.040908  lr=1.00e-05  [rmse=0.0360 h1=0.0004 ssim=0.1317 mlw=0.0000]
epoch 2 step 230  loss=0.040512  lr=1.00e-05  [rmse=0.0155 h1=0.0001 ssim=0.0970 mlw=0.0000]
INFO     [rank 0] Loss weights: rmse=1.0000, h1=50.0000,      vae_trainer.py:950
         ssim=0.1500, mlw=0.0000                                                
INFO     [rank 0] Epoch 2: train_loss=0.040738                vae_trainer.py:989
         val_loss=0.036946  val_VRMSE=0.124463  lr=9.99e-06                     
INFO     [rank 0] Metrics updated: metrics/metrics.csv,      vae_trainer.py:1015
         metrics/loss_curves.png                                                
INFO     [rank 0] New best checkpoint (epoch 2,              vae_trainer.py:1323
         val_vrmse=0.124463):                                                   
         checkpoints/vae_shockwave_best.safetensors                             
INFO     [rank 0] Training state saved:                      vae_trainer.py:1399
         checkpoints/vae_shockwave_last.state.pt                                
INFO     [rank 0] Epoch 2 timing: train=2601.1s eval=103.9s  vae_trainer.py:1049
         viz=0.0s ckpt=8.9s total=2714.4s                                       
epoch 3 step 240  loss=0.043357  lr=9.99e-06  [rmse=0.0230 h1=0.0002 ssim=0.0804 mlw=0.0000]
epoch 3 step 250  loss=0.041401  lr=9.99e-06  [rmse=0.0205 h1=0.0002 ssim=0.0715 mlw=0.0000]
epoch 3 step 260  loss=0.040346  lr=9.98e-06  [rmse=0.0130 h1=0.0001 ssim=0.0783 mlw=0.0000]
epoch 3 step 270  loss=0.039509  lr=9.98e-06  [rmse=0.0132 h1=0.0001 ssim=0.0562 mlw=0.0000]
epoch 3 step 280  loss=0.038204  lr=9.97e-06  [rmse=0.0100 h1=0.0000 ssim=0.0458 mlw=0.0000]
epoch 3 step 290  loss=0.036999  lr=9.96e-06  [rmse=0.0201 h1=0.0001 ssim=0.0817 mlw=0.0000]
epoch 3 step 300  loss=0.036228  lr=9.95e-06  [rmse=0.0171 h1=0.0001 ssim=0.0757 mlw=0.0000]
epoch 3 step 310  loss=0.036182  lr=9.94e-06  [rmse=0.0105 h1=0.0000 ssim=0.0629 mlw=0.0000]
epoch 3 step 320  loss=0.035861  lr=9.93e-06  [rmse=0.0147 h1=0.0001 ssim=0.0786 mlw=0.0000]
epoch 3 step 330  loss=0.035741  lr=9.92e-06  [rmse=0.0142 h1=0.0001 ssim=0.0738 mlw=0.0000]
epoch 3 step 340  loss=0.035371  lr=9.91e-06  [rmse=0.0101 h1=0.0000 ssim=0.0359 mlw=0.0000]
epoch 3 step 350  loss=0.035173  lr=9.90e-06  [rmse=0.0199 h1=0.0002 ssim=0.0731 mlw=0.0000]
INFO     [rank 0] Loss weights: rmse=1.0000, h1=50.0000,      vae_trainer.py:950
         ssim=0.1500, mlw=0.0000                                                
INFO     [rank 0] Epoch 3: train_loss=0.035456                vae_trainer.py:989
         val_loss=0.041641  val_VRMSE=0.133860  lr=9.89e-06                     
INFO     [rank 0] Metrics updated: metrics/metrics.csv,      vae_trainer.py:1015
         metrics/loss_curves.png                                                
INFO     [rank 0] Training state saved:                      vae_trainer.py:1399
         checkpoints/vae_shockwave_last.state.pt                                
INFO     [rank 0] Epoch 3 timing: train=2599.2s eval=104.5s  vae_trainer.py:1049
         viz=0.0s ckpt=7.1s total=2711.5s                                       
epoch 4 step 360  loss=0.044679  lr=9.88e-06  [rmse=0.0229 h1=0.0002 ssim=0.1009 mlw=0.0000]
epoch 4 step 370  loss=0.035446  lr=9.87e-06  [rmse=0.0190 h1=0.0002 ssim=0.0878 mlw=0.0000]
epoch 4 step 380  loss=0.034829  lr=9.85e-06  [rmse=0.0141 h1=0.0001 ssim=0.0590 mlw=0.0000]
epoch 4 step 390  loss=0.035167  lr=9.83e-06  [rmse=0.0125 h1=0.0001 ssim=0.0557 mlw=0.0000]
epoch 4 step 400  loss=0.034116  lr=9.81e-06  [rmse=0.0185 h1=0.0002 ssim=0.0713 mlw=0.0000]
epoch 4 step 410  loss=0.033683  lr=9.80e-06  [rmse=0.0164 h1=0.0001 ssim=0.0692 mlw=0.0000]
epoch 4 step 420  loss=0.033322  lr=9.78e-06  [rmse=0.0118 h1=0.0001 ssim=0.0404 mlw=0.0000]
epoch 4 step 430  loss=0.032922  lr=9.76e-06  [rmse=0.0123 h1=0.0001 ssim=0.0611 mlw=0.0000]
epoch 4 step 440  loss=0.032666  lr=9.73e-06  [rmse=0.0128 h1=0.0001 ssim=0.0423 mlw=0.0000]
epoch 4 step 450  loss=0.032493  lr=9.71e-06  [rmse=0.0077 h1=0.0000 ssim=0.0376 mlw=0.0000]
epoch 4 step 460  loss=0.032458  lr=9.69e-06  [rmse=0.0281 h1=0.0003 ssim=0.0709 mlw=0.0000]
epoch 4 step 470  loss=0.032734  lr=9.66e-06  [rmse=0.0197 h1=0.0002 ssim=0.0731 mlw=0.0000]
INFO     [rank 0] Loss weights: rmse=1.0000, h1=50.0000,      vae_trainer.py:950
         ssim=0.1500, mlw=0.0000                                                
INFO     [rank 0] Epoch 4: train_loss=0.032601                vae_trainer.py:989
         val_loss=0.031756  val_VRMSE=0.102686  lr=9.65e-06                     
INFO     [rank 0] Metrics updated: metrics/metrics.csv,      vae_trainer.py:1015
         metrics/loss_curves.png                                                
INFO     [rank 0] Saved 12 validation reconstruction PNGs    vae_trainer.py:1224
         for epoch 4                                                            
INFO     [rank 0] New best checkpoint (epoch 4,              vae_trainer.py:1323
         val_vrmse=0.102686):                                                   
         checkpoints/vae_shockwave_best.safetensors                             
INFO     [rank 0] Training state saved:                      vae_trainer.py:1399
         checkpoints/vae_shockwave_last.state.pt                                
INFO     [rank 0] Epoch 4 timing: train=2601.2s eval=103.5s  vae_trainer.py:1049
         viz=26.7s ckpt=8.0s total=2739.9s                                      
epoch 5 step 480  loss=0.034896  lr=9.64e-06  [rmse=0.0180 h1=0.0002 ssim=0.0837 mlw=0.0000]
epoch 5 step 490  loss=0.032951  lr=9.61e-06  [rmse=0.0158 h1=0.0001 ssim=0.0802 mlw=0.0000]
epoch 5 step 500  loss=0.029484  lr=9.59e-06  [rmse=0.0080 h1=0.0000 ssim=0.0424 mlw=0.0000]
epoch 5 step 510  loss=0.029788  lr=9.56e-06  [rmse=0.0165 h1=0.0002 ssim=0.0585 mlw=0.0000]
epoch 5 step 520  loss=0.031475  lr=9.53e-06  [rmse=0.0187 h1=0.0002 ssim=0.0486 mlw=0.0000]
epoch 5 step 530  loss=0.031161  lr=9.50e-06  [rmse=0.0129 h1=0.0001 ssim=0.0472 mlw=0.0000]
epoch 5 step 540  loss=0.030763  lr=9.47e-06  [rmse=0.0069 h1=0.0000 ssim=0.0304 mlw=0.0000]
epoch 5 step 550  loss=0.030208  lr=9.44e-06  [rmse=0.0107 h1=0.0001 ssim=0.0475 mlw=0.0000]
epoch 5 step 560  loss=0.030134  lr=9.41e-06  [rmse=0.0095 h1=0.0001 ssim=0.0351 mlw=0.0000]
epoch 5 step 570  loss=0.030078  lr=9.38e-06  [rmse=0.0153 h1=0.0002 ssim=0.0488 mlw=0.0000]
epoch 5 step 580  loss=0.029806  lr=9.34e-06  [rmse=0.0155 h1=0.0001 ssim=0.0620 mlw=0.0000]
epoch 5 step 590  loss=0.030158  lr=9.31e-06  [rmse=0.0177 h1=0.0002 ssim=0.0617 mlw=0.0000]
INFO     [rank 0] Loss weights: rmse=1.0000, h1=50.0000,      vae_trainer.py:950
         ssim=0.1500, mlw=0.0000                                                
INFO     [rank 0] Epoch 5: train_loss=0.030194                vae_trainer.py:989
         val_loss=0.027324  val_VRMSE=0.090585  lr=9.29e-06                     
INFO     [rank 0] Metrics updated: metrics/metrics.csv,      vae_trainer.py:1015
         metrics/loss_curves.png                                                
INFO     [rank 0] New best checkpoint (epoch 5,              vae_trainer.py:1323
         val_vrmse=0.090585):                                                   
         checkpoints/vae_shockwave_best.safetensors                             
INFO     [rank 0] Training state saved:                      vae_trainer.py:1399
         checkpoints/vae_shockwave_last.state.pt                                
INFO     [rank 0] Epoch 5 timing: train=2601.9s eval=103.4s  vae_trainer.py:1049
         viz=0.0s ckpt=8.4s total=2714.3s                                       
epoch 6 step 600  loss=0.026074  lr=9.27e-06  [rmse=0.0075 h1=0.0000 ssim=0.0312 mlw=0.0000]
epoch 6 step 610  loss=0.028223  lr=9.24e-06  [rmse=0.0135 h1=0.0001 ssim=0.0521 mlw=0.0000]
epoch 6 step 620  loss=0.028881  lr=9.20e-06  [rmse=0.0114 h1=0.0001 ssim=0.0417 mlw=0.0000]
epoch 6 step 630  loss=0.029129  lr=9.16e-06  [rmse=0.0090 h1=0.0000 ssim=0.0406 mlw=0.0000]
epoch 6 step 640  loss=0.029843  lr=9.13e-06  [rmse=0.0251 h1=0.0003 ssim=0.0745 mlw=0.0000]
epoch 6 step 650  loss=0.029346  lr=9.09e-06  [rmse=0.0123 h1=0.0001 ssim=0.0484 mlw=0.0000]
epoch 6 step 660  loss=0.028541  lr=9.05e-06  [rmse=0.0191 h1=0.0002 ssim=0.0592 mlw=0.0000]
epoch 6 step 670  loss=0.029007  lr=9.01e-06  [rmse=0.0093 h1=0.0001 ssim=0.0440 mlw=0.0000]
epoch 6 step 680  loss=0.029513  lr=8.97e-06  [rmse=0.0132 h1=0.0001 ssim=0.0564 mlw=0.0000]
epoch 6 step 690  loss=0.029472  lr=8.92e-06  [rmse=0.0174 h1=0.0002 ssim=0.0538 mlw=0.0000]
epoch 6 step 700  loss=0.029118  lr=8.88e-06  [rmse=0.0095 h1=0.0000 ssim=0.0518 mlw=0.0000]
epoch 6 step 710  loss=0.028751  lr=8.84e-06  [rmse=0.0091 h1=0.0001 ssim=0.0464 mlw=0.0000]
INFO     [rank 0] Loss weights: rmse=1.0000, h1=50.0000,      vae_trainer.py:950
         ssim=0.1500, mlw=0.0000                                                
INFO     [rank 0] Epoch 6: train_loss=0.028778                vae_trainer.py:989
         val_loss=0.025934  val_VRMSE=0.084030  lr=8.82e-06                     
INFO     [rank 0] Metrics updated: metrics/metrics.csv,      vae_trainer.py:1015
         metrics/loss_curves.png                                                
INFO     [rank 0] New best checkpoint (epoch 6,              vae_trainer.py:1323
         val_vrmse=0.084030):                                                   
         checkpoints/vae_shockwave_best.safetensors                             
INFO     [rank 0] Training state saved:                      vae_trainer.py:1399
         checkpoints/vae_shockwave_last.state.pt                                
INFO     [rank 0] Epoch 6 timing: train=2600.6s eval=103.9s  vae_trainer.py:1049
         viz=0.0s ckpt=7.9s total=2713.0s                                       
epoch 7 step 720  loss=0.031280  lr=8.79e-06  [rmse=0.0109 h1=0.0001 ssim=0.0417 mlw=0.0000]
epoch 7 step 730  loss=0.027739  lr=8.75e-06  [rmse=0.0156 h1=0.0002 ssim=0.0604 mlw=0.0000]
epoch 7 step 740  loss=0.028032  lr=8.70e-06  [rmse=0.0111 h1=0.0001 ssim=0.0444 mlw=0.0000]
epoch 7 step 750  loss=0.027643  lr=8.66e-06  [rmse=0.0139 h1=0.0001 ssim=0.0526 mlw=0.0000]
epoch 7 step 760  loss=0.027291  lr=8.61e-06  [rmse=0.0102 h1=0.0001 ssim=0.0585 mlw=0.0000]
epoch 7 step 770  loss=0.027416  lr=8.57e-06  [rmse=0.0167 h1=0.0001 ssim=0.0902 mlw=0.0000]
epoch 7 step 780  loss=0.026970  lr=8.52e-06  [rmse=0.0137 h1=0.0001 ssim=0.0523 mlw=0.0000]
epoch 7 step 790  loss=0.026960  lr=8.47e-06  [rmse=0.0120 h1=0.0001 ssim=0.0472 mlw=0.0000]
epoch 7 step 800  loss=0.027579  lr=8.42e-06  [rmse=0.0136 h1=0.0001 ssim=0.0408 mlw=0.0000]
epoch 7 step 810  loss=0.027465  lr=8.37e-06  [rmse=0.0132 h1=0.0001 ssim=0.0615 mlw=0.0000]
epoch 7 step 820  loss=0.027317  lr=8.32e-06  [rmse=0.0100 h1=0.0001 ssim=0.0449 mlw=0.0000]
epoch 7 step 830  loss=0.027868  lr=8.27e-06  [rmse=0.0196 h1=0.0003 ssim=0.0632 mlw=0.0000]
INFO     [rank 0] Loss weights: rmse=1.0000, h1=50.0000,      vae_trainer.py:950
         ssim=0.1500, mlw=0.0000                                                
INFO     [rank 0] Epoch 7: train_loss=0.027788                vae_trainer.py:989
         val_loss=0.025994  val_VRMSE=0.086476  lr=8.25e-06                     
INFO     [rank 0] Metrics updated: metrics/metrics.csv,      vae_trainer.py:1015
         metrics/loss_curves.png                                                
INFO     [rank 0] Training state saved:                      vae_trainer.py:1399
         checkpoints/vae_shockwave_last.state.pt                                
INFO     [rank 0] Epoch 7 timing: train=2601.2s eval=104.3s  vae_trainer.py:1049
         viz=0.0s ckpt=7.2s total=2713.6s                                       
epoch 8 step 840  loss=0.026139  lr=8.22e-06  [rmse=0.0135 h1=0.0001 ssim=0.0519 mlw=0.0000]
epoch 8 step 850  loss=0.022350  lr=8.17e-06  [rmse=0.0148 h1=0.0001 ssim=0.0333 mlw=0.0000]
epoch 8 step 860  loss=0.025552  lr=8.11e-06  [rmse=0.0094 h1=0.0001 ssim=0.0327 mlw=0.0000]
epoch 8 step 870  loss=0.025327  lr=8.06e-06  [rmse=0.0063 h1=0.0000 ssim=0.0233 mlw=0.0000]
epoch 8 step 880  loss=0.025895  lr=8.01e-06  [rmse=0.0202 h1=0.0002 ssim=0.0388 mlw=0.0000]
epoch 8 step 890  loss=0.025330  lr=7.95e-06  [rmse=0.0075 h1=0.0000 ssim=0.0277 mlw=0.0000]
epoch 8 step 900  loss=0.024994  lr=7.90e-06  [rmse=0.0086 h1=0.0001 ssim=0.0365 mlw=0.0000]
epoch 8 step 910  loss=0.025156  lr=7.84e-06  [rmse=0.0103 h1=0.0001 ssim=0.0358 mlw=0.0000]
epoch 8 step 920  loss=0.025348  lr=7.79e-06  [rmse=0.0074 h1=0.0000 ssim=0.0352 mlw=0.0000]
epoch 8 step 930  loss=0.025509  lr=7.73e-06  [rmse=0.0177 h1=0.0002 ssim=0.0433 mlw=0.0000]
epoch 8 step 940  loss=0.025047  lr=7.67e-06  [rmse=0.0065 h1=0.0000 ssim=0.0285 mlw=0.0000]
epoch 8 step 950  loss=0.025013  lr=7.62e-06  [rmse=0.0134 h1=0.0001 ssim=0.0388 mlw=0.0000]
INFO     [rank 0] Loss weights: rmse=1.0000, h1=50.0000,      vae_trainer.py:950
         ssim=0.1500, mlw=0.0000                                                
INFO     [rank 0] Epoch 8: train_loss=0.024951                vae_trainer.py:989
         val_loss=0.023780  val_VRMSE=0.077877  lr=7.61e-06                     
INFO     [rank 0] Metrics updated: metrics/metrics.csv,      vae_trainer.py:1015
         metrics/loss_curves.png                                                
INFO     [rank 0] Saved 12 validation reconstruction PNGs    vae_trainer.py:1224
         for epoch 8                                                            
INFO     [rank 0] New best checkpoint (epoch 8,              vae_trainer.py:1323
         val_vrmse=0.077877):                                                   
         checkpoints/vae_shockwave_best.safetensors                             
INFO     [rank 0] Training state saved:                      vae_trainer.py:1399
         checkpoints/vae_shockwave_last.state.pt                                
INFO     [rank 0] Epoch 8 timing: train=2602.3s eval=103.6s  vae_trainer.py:1049
         viz=25.9s ckpt=9.0s total=2741.4s                                      
epoch 9 step 960  loss=0.032175  lr=7.56e-06  [rmse=0.0134 h1=0.0001 ssim=0.0475 mlw=0.0000]
epoch 9 step 970  loss=0.033074  lr=7.50e-06  [rmse=0.0128 h1=0.0001 ssim=0.0339 mlw=0.0000]
epoch 9 step 980  loss=0.029507  lr=7.44e-06  [rmse=0.0094 h1=0.0001 ssim=0.0439 mlw=0.0000]
epoch 9 step 990  loss=0.027024  lr=7.39e-06  [rmse=0.0055 h1=0.0000 ssim=0.0257 mlw=0.0000]
epoch 9 step 1000  loss=0.026981  lr=7.33e-06  [rmse=0.0133 h1=0.0001 ssim=0.0567 mlw=0.0000]
epoch 9 step 1010  loss=0.027442  lr=7.27e-06  [rmse=0.0107 h1=0.0001 ssim=0.0613 mlw=0.0000]
epoch 9 step 1020  loss=0.027193  lr=7.21e-06  [rmse=0.0159 h1=0.0002 ssim=0.0479 mlw=0.0000]
epoch 9 step 1030  loss=0.027006  lr=7.15e-06  [rmse=0.0134 h1=0.0001 ssim=0.0509 mlw=0.0000]
epoch 9 step 1040  loss=0.026202  lr=7.09e-06  [rmse=0.0141 h1=0.0001 ssim=0.0324 mlw=0.0000]
epoch 9 step 1050  loss=0.025864  lr=7.03e-06  [rmse=0.0084 h1=0.0001 ssim=0.0323 mlw=0.0000]
epoch 9 step 1060  loss=0.025818  lr=6.96e-06  [rmse=0.0147 h1=0.0001 ssim=0.0364 mlw=0.0000]
epoch 9 step 1070  loss=0.026265  lr=6.90e-06  [rmse=0.0056 h1=0.0000 ssim=0.0238 mlw=0.0000]
INFO     [rank 0] Loss weights: rmse=1.0000, h1=50.0000,      vae_trainer.py:950
         ssim=0.1500, mlw=0.0000                                                
INFO     [rank 0] Epoch 9: train_loss=0.026264                vae_trainer.py:989
         val_loss=0.022511  val_VRMSE=0.072424  lr=6.90e-06                     
INFO     [rank 0] Metrics updated: metrics/metrics.csv,      vae_trainer.py:1015
         metrics/loss_curves.png                                                
INFO     [rank 0] New best checkpoint (epoch 9,              vae_trainer.py:1323
         val_vrmse=0.072424):                                                   
         checkpoints/vae_shockwave_best.safetensors                             
INFO     [rank 0] Training state saved:                      vae_trainer.py:1399
         checkpoints/vae_shockwave_last.state.pt                                
INFO     [rank 0] Epoch 9 timing: train=2601.2s eval=103.6s  vae_trainer.py:1049
         viz=0.0s ckpt=8.2s total=2713.6s                                       
epoch 10 step 1080  loss=0.020159  lr=6.84e-06  [rmse=0.0090 h1=0.0001 ssim=0.0328 mlw=0.0000]
epoch 10 step 1090  loss=0.024354  lr=6.78e-06  [rmse=0.0049 h1=0.0000 ssim=0.0249 mlw=0.0000]
epoch 10 step 1100  loss=0.025890  lr=6.72e-06  [rmse=0.0102 h1=0.0001 ssim=0.0402 mlw=0.0000]
epoch 10 step 1110  loss=0.025915  lr=6.65e-06  [rmse=0.0103 h1=0.0001 ssim=0.0341 mlw=0.0000]
epoch 10 step 1120  loss=0.025634  lr=6.59e-06  [rmse=0.0129 h1=0.0001 ssim=0.0390 mlw=0.0000]
epoch 10 step 1130  loss=0.025009  lr=6.53e-06  [rmse=0.0148 h1=0.0002 ssim=0.0378 mlw=0.0000]
epoch 10 step 1140  loss=0.024780  lr=6.47e-06  [rmse=0.0127 h1=0.0001 ssim=0.0554 mlw=0.0000]
epoch 10 step 1150  loss=0.024696  lr=6.40e-06  [rmse=0.0105 h1=0.0001 ssim=0.0428 mlw=0.0000]
epoch 10 step 1160  loss=0.024627  lr=6.34e-06  [rmse=0.0125 h1=0.0001 ssim=0.0413 mlw=0.0000]
epoch 10 step 1170  loss=0.025032  lr=6.27e-06  [rmse=0.0114 h1=0.0001 ssim=0.0371 mlw=0.0000]
epoch 10 step 1180  loss=0.024999  lr=6.21e-06  [rmse=0.0124 h1=0.0001 ssim=0.0294 mlw=0.0000]
epoch 10 step 1190  loss=0.025237  lr=6.15e-06  [rmse=0.0166 h1=0.0002 ssim=0.0493 mlw=0.0000]
INFO     [rank 0] Loss weights: rmse=1.0000, h1=50.0000,      vae_trainer.py:950
         ssim=0.1500, mlw=0.0000                                                
INFO     [rank 0] Epoch 10: train_loss=0.025237               vae_trainer.py:989
         val_loss=0.022433  val_VRMSE=0.071973  lr=6.15e-06                     
INFO     [rank 0] Metrics updated: metrics/metrics.csv,      vae_trainer.py:1015
         metrics/loss_curves.png                                                
INFO     [rank 0] New best checkpoint (epoch 10,             vae_trainer.py:1323
         val_vrmse=0.071973):                                                   
         checkpoints/vae_shockwave_best.safetensors                             
INFO     [rank 0] Training state saved:                      vae_trainer.py:1399
         checkpoints/vae_shockwave_last.state.pt                                
INFO     [rank 0] Epoch 10 timing: train=2602.5s eval=103.7s vae_trainer.py:1049
         viz=0.0s ckpt=8.4s total=2715.2s                                       
epoch 11 step 1200  loss=0.022586  lr=6.08e-06  [rmse=0.0099 h1=0.0001 ssim=0.0316 mlw=0.0000]
epoch 11 step 1210  loss=0.023980  lr=6.02e-06  [rmse=0.0175 h1=0.0003 ssim=0.0623 mlw=0.0000]
epoch 11 step 1220  loss=0.023440  lr=5.95e-06  [rmse=0.0077 h1=0.0000 ssim=0.0275 mlw=0.0000]
epoch 11 step 1230  loss=0.023345  lr=5.89e-06  [rmse=0.0136 h1=0.0001 ssim=0.0377 mlw=0.0000]
epoch 11 step 1240  loss=0.023164  lr=5.82e-06  [rmse=0.0137 h1=0.0001 ssim=0.0469 mlw=0.0000]
epoch 11 step 1250  loss=0.023104  lr=5.76e-06  [rmse=0.0124 h1=0.0001 ssim=0.0413 mlw=0.0000]
epoch 11 step 1260  loss=0.022933  lr=5.69e-06  [rmse=0.0067 h1=0.0000 ssim=0.0232 mlw=0.0000]
epoch 11 step 1270  loss=0.022599  lr=5.63e-06  [rmse=0.0122 h1=0.0001 ssim=0.0383 mlw=0.0000]
epoch 11 step 1280  loss=0.022295  lr=5.56e-06  [rmse=0.0091 h1=0.0001 ssim=0.0353 mlw=0.0000]
epoch 11 step 1290  loss=0.022707  lr=5.50e-06  [rmse=0.0105 h1=0.0001 ssim=0.0419 mlw=0.0000]
epoch 11 step 1300  loss=0.022774  lr=5.44e-06  [rmse=0.0136 h1=0.0001 ssim=0.0388 mlw=0.0000]
INFO     [rank 0] Loss weights: rmse=1.0000, h1=50.0000,      vae_trainer.py:950
         ssim=0.1500, mlw=0.0000                                                
INFO     [rank 0] Epoch 11: train_loss=0.022657               vae_trainer.py:989
         val_loss=0.021743  val_VRMSE=0.069742  lr=5.38e-06                     
INFO     [rank 0] Metrics updated: metrics/metrics.csv,      vae_trainer.py:1015
         metrics/loss_curves.png                                                
INFO     [rank 0] New best checkpoint (epoch 11,             vae_trainer.py:1323
         val_vrmse=0.069742):                                                   
         checkpoints/vae_shockwave_best.safetensors                             
INFO     [rank 0] Training state saved:                      vae_trainer.py:1399
         checkpoints/vae_shockwave_last.state.pt                                
INFO     [rank 0] Epoch 11 timing: train=2601.7s eval=104.1s vae_trainer.py:1049
         viz=0.0s ckpt=8.3s total=2715.0s                                       
epoch 12 step 1310  loss=0.029983  lr=5.37e-06  [rmse=0.0141 h1=0.0002 ssim=0.0496 mlw=0.0000]
epoch 12 step 1320  loss=0.023183  lr=5.31e-06  [rmse=0.0102 h1=0.0001 ssim=0.0303 mlw=0.0000]
epoch 12 step 1330  loss=0.021663  lr=5.24e-06  [rmse=0.0097 h1=0.0001 ssim=0.0354 mlw=0.0000]
epoch 12 step 1340  loss=0.022485  lr=5.18e-06  [rmse=0.0111 h1=0.0001 ssim=0.0253 mlw=0.0000]
epoch 12 step 1350  loss=0.022499  lr=5.11e-06  [rmse=0.0075 h1=0.0001 ssim=0.0307 mlw=0.0000]
epoch 12 step 1360  loss=0.023029  lr=5.05e-06  [rmse=0.0184 h1=0.0002 ssim=0.0512 mlw=0.0000]
epoch 12 step 1370  loss=0.023547  lr=4.98e-06  [rmse=0.0147 h1=0.0001 ssim=0.0340 mlw=0.0000]
epoch 12 step 1380  loss=0.023493  lr=4.92e-06  [rmse=0.0117 h1=0.0001 ssim=0.0263 mlw=0.0000]
epoch 12 step 1390  loss=0.024058  lr=4.85e-06  [rmse=0.0154 h1=0.0002 ssim=0.0448 mlw=0.0000]
epoch 12 step 1400  loss=0.024690  lr=4.79e-06  [rmse=0.0062 h1=0.0000 ssim=0.0287 mlw=0.0000]
epoch 12 step 1410  loss=0.024507  lr=4.73e-06  [rmse=0.0161 h1=0.0002 ssim=0.0431 mlw=0.0000]
epoch 12 step 1420  loss=0.024155  lr=4.66e-06  [rmse=0.0089 h1=0.0001 ssim=0.0282 mlw=0.0000]
INFO     [rank 0] Loss weights: rmse=1.0000, h1=50.0000,      vae_trainer.py:950
         ssim=0.1500, mlw=0.0000                                                
INFO     [rank 0] Epoch 12: train_loss=0.024121               vae_trainer.py:989
         val_loss=0.021958  val_VRMSE=0.071198  lr=4.61e-06                     
INFO     [rank 0] Metrics updated: metrics/metrics.csv,      vae_trainer.py:1015
         metrics/loss_curves.png                                                
INFO     [rank 0] Saved 12 validation reconstruction PNGs    vae_trainer.py:1224
         for epoch 12                                                           
INFO     [rank 0] Training state saved:                      vae_trainer.py:1399
         checkpoints/vae_shockwave_last.state.pt                                
INFO     [rank 0] Epoch 12 timing: train=2602.4s eval=103.6s vae_trainer.py:1049
         viz=26.9s ckpt=7.2s total=2740.7s                                      
epoch 13 step 1430  loss=0.016462  lr=4.60e-06  [rmse=0.0114 h1=0.0001 ssim=0.0311 mlw=0.0000]
epoch 13 step 1440  loss=0.021257  lr=4.53e-06  [rmse=0.0061 h1=0.0000 ssim=0.0250 mlw=0.0000]
epoch 13 step 1450  loss=0.025012  lr=4.47e-06  [rmse=0.0073 h1=0.0000 ssim=0.0305 mlw=0.0000]
epoch 13 step 1460  loss=0.024169  lr=4.41e-06  [rmse=0.0122 h1=0.0001 ssim=0.0314 mlw=0.0000]
epoch 13 step 1470  loss=0.023444  lr=4.35e-06  [rmse=0.0066 h1=0.0000 ssim=0.0199 mlw=0.0000]
epoch 13 step 1480  loss=0.023687  lr=4.28e-06  [rmse=0.0135 h1=0.0001 ssim=0.0372 mlw=0.0000]
epoch 13 step 1490  loss=0.024546  lr=4.22e-06  [rmse=0.0118 h1=0.0001 ssim=0.0377 mlw=0.0000]
epoch 13 step 1500  loss=0.024714  lr=4.16e-06  [rmse=0.0072 h1=0.0000 ssim=0.0209 mlw=0.0000]
epoch 13 step 1510  loss=0.024576  lr=4.10e-06  [rmse=0.0072 h1=0.0000 ssim=0.0248 mlw=0.0000]
epoch 13 step 1520  loss=0.024349  lr=4.04e-06  [rmse=0.0126 h1=0.0002 ssim=0.0439 mlw=0.0000]
epoch 13 step 1530  loss=0.024163  lr=3.97e-06  [rmse=0.0070 h1=0.0000 ssim=0.0288 mlw=0.0000]
epoch 13 step 1540  loss=0.023935  lr=3.91e-06  [rmse=0.0117 h1=0.0001 ssim=0.0375 mlw=0.0000]
INFO     [rank 0] Loss weights: rmse=1.0000, h1=50.0000,      vae_trainer.py:950
         ssim=0.1500, mlw=0.0000                                                
INFO     [rank 0] Epoch 13: train_loss=0.024112               vae_trainer.py:989
         val_loss=0.021483  val_VRMSE=0.068964  lr=3.87e-06                     
INFO     [rank 0] Metrics updated: metrics/metrics.csv,      vae_trainer.py:1015
         metrics/loss_curves.png                                                
INFO     [rank 0] New best checkpoint (epoch 13,             vae_trainer.py:1323
         val_vrmse=0.068964):                                                   
         checkpoints/vae_shockwave_best.safetensors                             
INFO     [rank 0] Training state saved:                      vae_trainer.py:1399
         checkpoints/vae_shockwave_last.state.pt                                
INFO     [rank 0] Epoch 13 timing: train=2603.5s eval=104.5s vae_trainer.py:1049
         viz=0.0s ckpt=9.6s total=2718.2s                                       
epoch 14 step 1550  loss=0.017706  lr=3.85e-06  [rmse=0.0097 h1=0.0001 ssim=0.0369 mlw=0.0000]
epoch 14 step 1560  loss=0.018951  lr=3.79e-06  [rmse=0.0130 h1=0.0001 ssim=0.0357 mlw=0.0000]
epoch 14 step 1570  loss=0.020668  lr=3.73e-06  [rmse=0.0081 h1=0.0001 ssim=0.0269 mlw=0.0000]
epoch 14 step 1580  loss=0.020792  lr=3.67e-06  [rmse=0.0153 h1=0.0002 ssim=0.0540 mlw=0.0000]
epoch 14 step 1590  loss=0.021245  lr=3.61e-06  [rmse=0.0060 h1=0.0000 ssim=0.0280 mlw=0.0000]
epoch 14 step 1600  loss=0.021381  lr=3.56e-06  [rmse=0.0090 h1=0.0001 ssim=0.0221 mlw=0.0000]
epoch 14 step 1610  loss=0.021558  lr=3.50e-06  [rmse=0.0127 h1=0.0001 ssim=0.0385 mlw=0.0000]
epoch 14 step 1620  loss=0.021543  lr=3.44e-06  [rmse=0.0065 h1=0.0000 ssim=0.0257 mlw=0.0000]
epoch 14 step 1630  loss=0.021716  lr=3.38e-06  [rmse=0.0144 h1=0.0002 ssim=0.0335 mlw=0.0000]
epoch 14 step 1640  loss=0.021814  lr=3.33e-06  [rmse=0.0120 h1=0.0001 ssim=0.0352 mlw=0.0000]
epoch 14 step 1650  loss=0.022107  lr=3.27e-06  [rmse=0.0154 h1=0.0002 ssim=0.0492 mlw=0.0000]
epoch 14 step 1660  loss=0.022121  lr=3.21e-06  [rmse=0.0107 h1=0.0001 ssim=0.0296 mlw=0.0000]
INFO     [rank 0] Loss weights: rmse=1.0000, h1=50.0000,      vae_trainer.py:950
         ssim=0.1500, mlw=0.0000                                                
INFO     [rank 0] Epoch 14: train_loss=0.021929               vae_trainer.py:989
         val_loss=0.021189  val_VRMSE=0.067935  lr=3.18e-06                     
INFO     [rank 0] Metrics updated: metrics/metrics.csv,      vae_trainer.py:1015
         metrics/loss_curves.png                                                
INFO     [rank 0] New best checkpoint (epoch 14,             vae_trainer.py:1323
         val_vrmse=0.067935):                                                   
         checkpoints/vae_shockwave_best.safetensors                             
INFO     [rank 0] Training state saved:                      vae_trainer.py:1399
         checkpoints/vae_shockwave_last.state.pt                                
INFO     [rank 0] Epoch 14 timing: train=2604.1s eval=103.8s vae_trainer.py:1049
         viz=0.0s ckpt=9.2s total=2717.6s                                       
epoch 15 step 1670  loss=0.019265  lr=3.16e-06  [rmse=0.0084 h1=0.0001 ssim=0.0276 mlw=0.0000]
epoch 15 step 1680  loss=0.020524  lr=3.10e-06  [rmse=0.0130 h1=0.0001 ssim=0.0330 mlw=0.0000]
epoch 15 step 1690  loss=0.022081  lr=3.05e-06  [rmse=0.0118 h1=0.0001 ssim=0.0450 mlw=0.0000]
epoch 15 step 1700  loss=0.021719  lr=2.99e-06  [rmse=0.0079 h1=0.0001 ssim=0.0320 mlw=0.0000]
epoch 15 step 1710  loss=0.021110  lr=2.94e-06  [rmse=0.0125 h1=0.0001 ssim=0.0334 mlw=0.0000]
epoch 15 step 1720  loss=0.021499  lr=2.89e-06  [rmse=0.0139 h1=0.0001 ssim=0.0275 mlw=0.0000]
epoch 15 step 1730  loss=0.021949  lr=2.83e-06  [rmse=0.0057 h1=0.0000 ssim=0.0205 mlw=0.0000]
epoch 15 step 1740  loss=0.021875  lr=2.78e-06  [rmse=0.0070 h1=0.0000 ssim=0.0203 mlw=0.0000]
epoch 15 step 1750  loss=0.022247  lr=2.73e-06  [rmse=0.0092 h1=0.0001 ssim=0.0407 mlw=0.0000]
epoch 15 step 1760  loss=0.021890  lr=2.68e-06  [rmse=0.0069 h1=0.0001 ssim=0.0283 mlw=0.0000]
epoch 15 step 1770  loss=0.021902  lr=2.63e-06  [rmse=0.0063 h1=0.0000 ssim=0.0245 mlw=0.0000]
epoch 15 step 1780  loss=0.022057  lr=2.58e-06  [rmse=0.0089 h1=0.0001 ssim=0.0286 mlw=0.0000]
INFO     [rank 0] Loss weights: rmse=1.0000, h1=50.0000,      vae_trainer.py:950
         ssim=0.1500, mlw=0.0000                                                
INFO     [rank 0] Epoch 15: train_loss=0.021820               vae_trainer.py:989
         val_loss=0.021108  val_VRMSE=0.067519  lr=2.56e-06                     
INFO     [rank 0] Metrics updated: metrics/metrics.csv,      vae_trainer.py:1015
         metrics/loss_curves.png                                                
INFO     [rank 0] New best checkpoint (epoch 15,             vae_trainer.py:1323
         val_vrmse=0.067519):                                                   
         checkpoints/vae_shockwave_best.safetensors                             
INFO     [rank 0] Training state saved:                      vae_trainer.py:1399
         checkpoints/vae_shockwave_last.state.pt                                
INFO     [rank 0] Epoch 15 timing: train=2914.8s eval=103.9s vae_trainer.py:1049
         viz=0.0s ckpt=8.2s total=3027.4s                                       
epoch 16 step 1790  loss=0.026701  lr=2.53e-06  [rmse=0.0170 h1=0.0002 ssim=0.0415 mlw=0.0000]
epoch 16 step 1800  loss=0.024920  lr=2.48e-06  [rmse=0.0114 h1=0.0001 ssim=0.0454 mlw=0.0000]
epoch 16 step 1810  loss=0.024783  lr=2.43e-06  [rmse=0.0112 h1=0.0001 ssim=0.0311 mlw=0.0000]
epoch 16 step 1820  loss=0.023848  lr=2.39e-06  [rmse=0.0123 h1=0.0001 ssim=0.0471 mlw=0.0000]
epoch 16 step 1830  loss=0.024134  lr=2.34e-06  [rmse=0.0129 h1=0.0002 ssim=0.0450 mlw=0.0000]
epoch 16 step 1840  loss=0.023739  lr=2.30e-06  [rmse=0.0078 h1=0.0001 ssim=0.0234 mlw=0.0000]
epoch 16 step 1850  loss=0.023328  lr=2.25e-06  [rmse=0.0057 h1=0.0000 ssim=0.0232 mlw=0.0000]
epoch 16 step 1860  loss=0.022959  lr=2.21e-06  [rmse=0.0124 h1=0.0001 ssim=0.0451 mlw=0.0000]
epoch 16 step 1870  loss=0.023087  lr=2.16e-06  [rmse=0.0120 h1=0.0001 ssim=0.0400 mlw=0.0000]
epoch 16 step 1880  loss=0.022578  lr=2.12e-06  [rmse=0.0104 h1=0.0001 ssim=0.0333 mlw=0.0000]
epoch 16 step 1890  loss=0.022867  lr=2.08e-06  [rmse=0.0061 h1=0.0000 ssim=0.0238 mlw=0.0000]
epoch 16 step 1900  loss=0.022734  lr=2.03e-06  [rmse=0.0144 h1=0.0002 ssim=0.0490 mlw=0.0000]
INFO     [rank 0] Loss weights: rmse=1.0000, h1=50.0000,      vae_trainer.py:950
         ssim=0.1500, mlw=0.0000                                                
INFO     [rank 0] Epoch 16: train_loss=0.022967               vae_trainer.py:989
         val_loss=0.020898  val_VRMSE=0.066831  lr=2.02e-06                     
INFO     [rank 0] Metrics updated: metrics/metrics.csv,      vae_trainer.py:1015
         metrics/loss_curves.png                                                
INFO     [rank 0] Saved 12 validation reconstruction PNGs    vae_trainer.py:1224
         for epoch 16                                                           
INFO     [rank 0] New best checkpoint (epoch 16,             vae_trainer.py:1323
         val_vrmse=0.066831):                                                   
         checkpoints/vae_shockwave_best.safetensors                             
INFO     [rank 0] Training state saved:                      vae_trainer.py:1399
         checkpoints/vae_shockwave_last.state.pt                                
INFO     [rank 0] Epoch 16 timing: train=2604.5s eval=104.0s vae_trainer.py:1049
         viz=26.1s ckpt=8.3s total=2743.7s                                      
epoch 17 step 1910  loss=0.026706  lr=1.99e-06  [rmse=0.0143 h1=0.0002 ssim=0.0530 mlw=0.0000]
epoch 17 step 1920  loss=0.023286  lr=1.95e-06  [rmse=0.0093 h1=0.0001 ssim=0.0316 mlw=0.0000]
epoch 17 step 1930  loss=0.023064  lr=1.91e-06  [rmse=0.0096 h1=0.0001 ssim=0.0304 mlw=0.0000]
epoch 17 step 1940  loss=0.022197  lr=1.87e-06  [rmse=0.0090 h1=0.0001 ssim=0.0334 mlw=0.0000]
epoch 17 step 1950  loss=0.022177  lr=1.84e-06  [rmse=0.0115 h1=0.0001 ssim=0.0324 mlw=0.0000]
epoch 17 step 1960  loss=0.022577  lr=1.80e-06  [rmse=0.0149 h1=0.0002 ssim=0.0402 mlw=0.0000]
epoch 17 step 1970  loss=0.021903  lr=1.76e-06  [rmse=0.0149 h1=0.0002 ssim=0.0439 mlw=0.0000]
epoch 17 step 1980  loss=0.021681  lr=1.73e-06  [rmse=0.0104 h1=0.0001 ssim=0.0276 mlw=0.0000]
epoch 17 step 1990  loss=0.021750  lr=1.69e-06  [rmse=0.0149 h1=0.0002 ssim=0.0444 mlw=0.0000]
epoch 17 step 2000  loss=0.021862  lr=1.66e-06  [rmse=0.0105 h1=0.0001 ssim=0.0354 mlw=0.0000]
epoch 17 step 2010  loss=0.021751  lr=1.62e-06  [rmse=0.0110 h1=0.0001 ssim=0.0357 mlw=0.0000]
epoch 17 step 2020  loss=0.021952  lr=1.59e-06  [rmse=0.0087 h1=0.0001 ssim=0.0274 mlw=0.0000]
INFO     [rank 0] Loss weights: rmse=1.0000, h1=50.0000,      vae_trainer.py:950
         ssim=0.1500, mlw=0.0000                                                
INFO     [rank 0] Epoch 17: train_loss=0.021993               vae_trainer.py:989
         val_loss=0.020784  val_VRMSE=0.066415  lr=1.58e-06                     
INFO     [rank 0] Metrics updated: metrics/metrics.csv,      vae_trainer.py:1015
         metrics/loss_curves.png                                                
INFO     [rank 0] New best checkpoint (epoch 17,             vae_trainer.py:1323
         val_vrmse=0.066415):                                                   
         checkpoints/vae_shockwave_best.safetensors                             
INFO     [rank 0] Training state saved:                      vae_trainer.py:1399
         checkpoints/vae_shockwave_last.state.pt                                
INFO     [rank 0] Epoch 17 timing: train=2602.8s eval=104.3s vae_trainer.py:1049
         viz=0.0s ckpt=8.4s total=2716.0s                                       
epoch 18 step 2030  loss=0.023099  lr=1.56e-06  [rmse=0.0116 h1=0.0001 ssim=0.0321 mlw=0.0000]
epoch 18 step 2040  loss=0.022954  lr=1.53e-06  [rmse=0.0109 h1=0.0001 ssim=0.0261 mlw=0.0000]
epoch 18 step 2050  loss=0.023177  lr=1.50e-06  [rmse=0.0122 h1=0.0002 ssim=0.0285 mlw=0.0000]
epoch 18 step 2060  loss=0.022686  lr=1.47e-06  [rmse=0.0147 h1=0.0002 ssim=0.0447 mlw=0.0000]
epoch 18 step 2070  loss=0.022387  lr=1.44e-06  [rmse=0.0121 h1=0.0001 ssim=0.0346 mlw=0.0000]
epoch 18 step 2080  loss=0.022213  lr=1.41e-06  [rmse=0.0078 h1=0.0001 ssim=0.0264 mlw=0.0000]
epoch 18 step 2090  loss=0.022278  lr=1.39e-06  [rmse=0.0114 h1=0.0001 ssim=0.0354 mlw=0.0000]
epoch 18 step 2100  loss=0.022387  lr=1.36e-06  [rmse=0.0166 h1=0.0002 ssim=0.0436 mlw=0.0000]
epoch 18 step 2110  loss=0.022368  lr=1.34e-06  [rmse=0.0146 h1=0.0002 ssim=0.0451 mlw=0.0000]
epoch 18 step 2120  loss=0.022988  lr=1.31e-06  [rmse=0.0136 h1=0.0002 ssim=0.0314 mlw=0.0000]
epoch 18 step 2130  loss=0.022905  lr=1.29e-06  [rmse=0.0125 h1=0.0001 ssim=0.0451 mlw=0.0000]
epoch 18 step 2140  loss=0.022733  lr=1.27e-06  [rmse=0.0081 h1=0.0001 ssim=0.0276 mlw=0.0000]
INFO     [rank 0] Loss weights: rmse=1.0000, h1=50.0000,      vae_trainer.py:950
         ssim=0.1500, mlw=0.0000                                                
INFO     [rank 0] Epoch 18: train_loss=0.022856               vae_trainer.py:989
         val_loss=0.020737  val_VRMSE=0.066231  lr=1.26e-06                     
INFO     [rank 0] Metrics updated: metrics/metrics.csv,      vae_trainer.py:1015
         metrics/loss_curves.png                                                
INFO     [rank 0] New best checkpoint (epoch 18,             vae_trainer.py:1323
         val_vrmse=0.066231):                                                   
         checkpoints/vae_shockwave_best.safetensors                             
INFO     [rank 0] Training state saved:                      vae_trainer.py:1399
         checkpoints/vae_shockwave_last.state.pt                                
INFO     [rank 0] Epoch 18 timing: train=2603.2s eval=104.2s vae_trainer.py:1049
         viz=0.0s ckpt=9.4s total=2717.5s                                       
epoch 19 step 2150  loss=0.022823  lr=1.24e-06  [rmse=0.0143 h1=0.0002 ssim=0.0421 mlw=0.0000]
epoch 19 step 2160  loss=0.022035  lr=1.22e-06  [rmse=0.0093 h1=0.0001 ssim=0.0304 mlw=0.0000]
epoch 19 step 2170  loss=0.022223  lr=1.20e-06  [rmse=0.0054 h1=0.0000 ssim=0.0175 mlw=0.0000]
epoch 19 step 2180  loss=0.021826  lr=1.19e-06  [rmse=0.0078 h1=0.0001 ssim=0.0263 mlw=0.0000]
epoch 19 step 2190  loss=0.021880  lr=1.17e-06  [rmse=0.0144 h1=0.0002 ssim=0.0421 mlw=0.0000]
epoch 19 step 2200  loss=0.022999  lr=1.15e-06  [rmse=0.0149 h1=0.0002 ssim=0.0497 mlw=0.0000]
epoch 19 step 2210  loss=0.022662  lr=1.13e-06  [rmse=0.0077 h1=0.0000 ssim=0.0266 mlw=0.0000]
epoch 19 step 2220  loss=0.023060  lr=1.12e-06  [rmse=0.0129 h1=0.0002 ssim=0.0499 mlw=0.0000]
epoch 19 step 2230  loss=0.022679  lr=1.10e-06  [rmse=0.0052 h1=0.0000 ssim=0.0161 mlw=0.0000]
epoch 19 step 2240  loss=0.022826  lr=1.09e-06  [rmse=0.0072 h1=0.0001 ssim=0.0257 mlw=0.0000]
epoch 19 step 2250  loss=0.022576  lr=1.08e-06  [rmse=0.0197 h1=0.0003 ssim=0.0428 mlw=0.0000]
epoch 19 step 2260  loss=0.022521  lr=1.07e-06  [rmse=0.0074 h1=0.0001 ssim=0.0255 mlw=0.0000]
INFO     [rank 0] Loss weights: rmse=1.0000, h1=50.0000,      vae_trainer.py:950
         ssim=0.1500, mlw=0.0000                                                
INFO     [rank 0] Epoch 19: train_loss=0.022531               vae_trainer.py:989
         val_loss=0.020656  val_VRMSE=0.065980  lr=1.07e-06                     
INFO     [rank 0] Metrics updated: metrics/metrics.csv,      vae_trainer.py:1015
         metrics/loss_curves.png                                                
INFO     [rank 0] New best checkpoint (epoch 19,             vae_trainer.py:1323
         val_vrmse=0.065980):                                                   
         checkpoints/vae_shockwave_best.safetensors                             
INFO     [rank 0] Training state saved:                      vae_trainer.py:1399
         checkpoints/vae_shockwave_last.state.pt                                
INFO     [rank 0] Epoch 19 timing: train=2603.7s eval=104.5s vae_trainer.py:1049
         viz=0.0s ckpt=8.9s total=2717.6s                                       
epoch 20 step 2270  loss=0.025817  lr=1.06e-06  [rmse=0.0136 h1=0.0002 ssim=0.0392 mlw=0.0000]
epoch 20 step 2280  loss=0.023408  lr=1.05e-06  [rmse=0.0048 h1=0.0000 ssim=0.0164 mlw=0.0000]
epoch 20 step 2290  loss=0.023823  lr=1.04e-06  [rmse=0.0104 h1=0.0001 ssim=0.0392 mlw=0.0000]
epoch 20 step 2300  loss=0.024940  lr=1.03e-06  [rmse=0.0161 h1=0.0002 ssim=0.0529 mlw=0.0000]
epoch 20 step 2310  loss=0.023769  lr=1.02e-06  [rmse=0.0064 h1=0.0000 ssim=0.0174 mlw=0.0000]
epoch 20 step 2320  loss=0.022832  lr=1.02e-06  [rmse=0.0203 h1=0.0003 ssim=0.0536 mlw=0.0000]
epoch 20 step 2330  loss=0.022403  lr=1.01e-06  [rmse=0.0118 h1=0.0001 ssim=0.0338 mlw=0.0000]
epoch 20 step 2340  loss=0.022357  lr=1.01e-06  [rmse=0.0096 h1=0.0001 ssim=0.0282 mlw=0.0000]
epoch 20 step 2350  loss=0.022080  lr=1.00e-06  [rmse=0.0111 h1=0.0001 ssim=0.0331 mlw=0.0000]
epoch 20 step 2360  loss=0.021643  lr=1.00e-06  [rmse=0.0136 h1=0.0002 ssim=0.0450 mlw=0.0000]
epoch 20 step 2370  loss=0.021965  lr=1.00e-06  [rmse=0.0093 h1=0.0001 ssim=0.0442 mlw=0.0000]
epoch 20 step 2380  loss=0.022086  lr=1.00e-06  [rmse=0.0110 h1=0.0001 ssim=0.0407 mlw=0.0000]
INFO     [rank 0] Loss weights: rmse=1.0000, h1=50.0000,      vae_trainer.py:950
         ssim=0.1500, mlw=0.0000                                                
INFO     [rank 0] Epoch 20: train_loss=0.022086               vae_trainer.py:989
         val_loss=0.020619  val_VRMSE=0.065861  lr=1.00e-06                     
INFO     [rank 0] Metrics updated: metrics/metrics.csv,      vae_trainer.py:1015
         metrics/loss_curves.png                                                
INFO     [rank 0] Saved 12 validation reconstruction PNGs    vae_trainer.py:1224
         for epoch 20                                                           
INFO     [rank 0] New best checkpoint (epoch 20,             vae_trainer.py:1323
         val_vrmse=0.065861):                                                   
         checkpoints/vae_shockwave_best.safetensors                             
INFO     [rank 0] Training state saved:                      vae_trainer.py:1399
         checkpoints/vae_shockwave_last.state.pt                                
INFO     [rank 0] Epoch 20 timing: train=2604.1s eval=104.4s vae_trainer.py:1049
         viz=25.8s ckpt=8.4s total=2743.3s                                      
╭──────────────────────────────────────────────────────────────────────────────╮
╰──────────────────────────────────────────────────────────────────────────────╯INFO     [rank 0] Training state saved:                      vae_trainer.py:1399
         checkpoints/vae_shockwave_last.state.pt                                
INFO     [rank 0] Best epoch: 20 (val_vrmse=0.065861)        vae_trainer.py:1067
INFO     [rank 0] Run finished: removed                      vae_trainer.py:1085
         ['vae_shockwave_last.safetensors',                                     
         'vae_shockwave_last.state.pt'] (kept only                              
         vae_shockwave_best.safetensors)                                        

Training complete. Checkpoint: 
/hppfs/scratch/0D/go76fuz2/windinet/finetune_vae_outputs_sng_pvc/finetune_vae_wh
ole_structure_baseline_ep20_256res_cosine_lr1e5/checkpoints/vae_shockwave_best.s
afetensors
Mirrored (excl. checkpoints/) to finetune_vae_outputs/sng_pvc/finetune_vae_whole_structure_baseline_ep20_256res_cosine_lr1e5
END TIME: Mon 31 Aug 2026 08:30:57 PM CEST
