START TIME: Fri 04 Sep 2026 11:06:50 PM CEST
job=534483 node=i20r07c01s04
+-----------+--------------------------------------------------------------------------------------+
| Device ID | Device Information                                                                   |
+-----------+--------------------------------------------------------------------------------------+
| 0         | Device Name: Intel(R) Data Center GPU Max 1550                                       |
|           | Vendor Name: Intel(R) Corporation                                                    |
|           | SOC UUID: 00000000-0000-003a-0000-002f0bd58086                                       |
|           | PCI BDF Address: 0000:3a:00.0                                                        |
|           | DRM Device: /dev/dri/card0                                                           |
|           | Function Type: physical                                                              |
+-----------+--------------------------------------------------------------------------------------+
| 1         | Device Name: Intel(R) Data Center GPU Max 1550                                       |
|           | Vendor Name: Intel(R) Corporation                                                    |
|           | SOC UUID: 00000000-0000-004b-0000-002f0bd58086                                       |
|           | PCI BDF Address: 0000:4b:00.0                                                        |
|           | DRM Device: /dev/dri/card1                                                           |
|           | Function Type: physical                                                              |
+-----------+--------------------------------------------------------------------------------------+
| 2         | Device Name: Intel(R) Data Center GPU Max 1550                                       |
|           | Vendor Name: Intel(R) Corporation                                                    |
|           | SOC UUID: 00000000-0000-00ca-0000-002f0bd58086                                       |
|           | PCI BDF Address: 0000:ca:00.0                                                        |
|           | DRM Device: /dev/dri/card2                                                           |
|           | Function Type: physical                                                              |
+-----------+--------------------------------------------------------------------------------------+
| 3         | Device Name: Intel(R) Data Center GPU Max 1550                                       |
|           | Vendor Name: Intel(R) Corporation                                                    |
|           | SOC UUID: 00000000-0000-00da-0000-002f0bd58086                                       |
|           | PCI BDF Address: 0000:da:00.0                                                        |
|           | DRM Device: /dev/dri/card3                                                           |
|           | Function Type: physical                                                              |
+-----------+--------------------------------------------------------------------------------------+
MASTER_ADDR: i20r07c01s04  MASTER_PORT: 52865
8 XPU tiles x batch_size 4 x accum 1 -> effective batch 32; output_dir /hppfs/scratch/0D/go76fuz2/windinet/finetune_vae_outputs_sng_pvc/finetune_vae_whole_structure_baseline_ep20_256res_cosine_kl1e4
INFO     [rank 1] Failed to extract font properties from    font_manager.py:1107
         /usr/share/fonts/truetype/Cantarell-VF.otf: Can                        
         not load face (SFNT font table missing; error code                     
         0x8e)                                                                  
INFO     [rank 2] Failed to extract font properties from    font_manager.py:1107
         /usr/share/fonts/truetype/Cantarell-VF.otf: Can                        
         not load face (SFNT font table missing; error code                     
         0x8e)                                                                  
INFO     [rank 7] Failed to extract font properties from    font_manager.py:1107
         /usr/share/fonts/truetype/Cantarell-VF.otf: Can                        
         not load face (SFNT font table missing; error code                     
         0x8e)                                                                  
INFO     [rank 4] Failed to extract font properties from    font_manager.py:1107
         /usr/share/fonts/truetype/Cantarell-VF.otf: Can                        
         not load face (SFNT font table missing; error code                     
         0x8e)                                                                  
INFO     [rank 5] Failed to extract font properties from    font_manager.py:1107
         /usr/share/fonts/truetype/Cantarell-VF.otf: Can                        
         not load face (SFNT font table missing; error code                     
         0x8e)                                                                  
INFO     [rank 7] generated new fontManager                 font_manager.py:1639
INFO     [rank 3] Failed to extract font properties from    font_manager.py:1107
         /usr/share/fonts/truetype/Cantarell-VF.otf: Can                        
         not load face (SFNT font table missing; error code                     
         0x8e)                                                                  
INFO     [rank 0] Failed to extract font properties from    font_manager.py:1107
         /usr/share/fonts/truetype/Cantarell-VF.otf: Can                        
         not load face (SFNT font table missing; error code                     
         0x8e)                                                                  
INFO     [rank 4] generated new fontManager                 font_manager.py:1639
INFO     [rank 6] Failed to extract font properties from    font_manager.py:1107
         /usr/share/fonts/truetype/Cantarell-VF.otf: Can                        
         not load face (SFNT font table missing; error code                     
         0x8e)                                                                  
INFO     [rank 0] generated new fontManager                 font_manager.py:1639
INFO     [rank 3] generated new fontManager                 font_manager.py:1639
INFO     [rank 1] generated new fontManager                 font_manager.py:1639
INFO     [rank 6] generated new fontManager                 font_manager.py:1639
INFO     [rank 2] generated new fontManager                 font_manager.py:1639
INFO     [rank 5] generated new fontManager                 font_manager.py:1639
                          VAE Finetuning Configuration                          
┏━━━━━━━━━━━━━━━━━━━━━━━━━━━━━━━━━━━━━━┳━━━━━━━━━━━━━━━━━━━━━━━━━━━━━━━━━━━━━━━┓
┃ Parameter                            ┃ Value                                 ┃
┡━━━━━━━━━━━━━━━━━━━━━━━━━━━━━━━━━━━━━━╇━━━━━━━━━━━━━━━━━━━━━━━━━━━━━━━━━━━━━━━┩
│ model.model_source                   │ LTXV_2B_0.9.6_DEV                     │
│ model.load_checkpoint                │ None                                  │
│ adapter.enabled                      │ True                                  │
│ adapter.checkpoint                   │ None                                  │
│ adapter.channels                     │ ['density', 'momentum_x',             │
│                                      │ 'momentum_y', 'pressure']             │
│ adapter.mode                         │ inflate                               │
│ adapter.inflate_init                 │ zeros                                 │
│ adapter.inflate_copy_channel         │ None                                  │
│ adapter.freeze_conv_in               │ False                                 │
│ adapter.unfreeze_encoder_trunk       │ True                                  │
│ adapter.hidden_channels              │ 32                                    │
│ adapter.activation                   │ gelu                                  │
│ adapter.identity_init                │ False                                 │
│ adapter.default_temb                 │ 0.0                                   │
│ data.data_root                       │ /hppfs/scratch/0D/go76fuz2/windinet/… │
│ data.eval_sims                       │ 675                                   │
│ data.num_dataloader_workers          │ 4                                     │
│ data.num_sim_frames                  │ None                                  │
│ data.overfit_sims                    │ None                                  │
│ data.overfit_repeat                  │ 1                                     │
│ data.channel_mean                    │ [0.9050976477108856,                  │
│                                      │ 0.004045365949982484,                 │
│                                      │ -0.0019089379638760548, 0.9           │
│ data.channel_std                     │ [0.6618199912434938,                  │
│                                      │ 0.5335233432828087,                   │
│                                      │ 0.5268940723644505, 0.8053303         │
│ data.normalization_stats_file        │ None                                  │
│ data.normalization_clip              │ 5.0                                   │
│ data.channel_order                   │ ['density', 'momentum_x',             │
│                                      │ 'momentum_y', 'pressure']             │
│ data.log_transform_channels          │ []                                    │
│ optimization.learning_rate           │ 5e-05                                 │
│ optimization.min_learning_rate       │ 1e-06                                 │
│ optimization.scheduler_type          │ cosine                                │
│ optimization.stable_fraction         │ 0.7                                   │
│ optimization.stable_end_epoch        │ None                                  │
│ optimization.plateau_factor          │ 0.5                                   │
│ optimization.plateau_patience        │ 3                                     │
│ optimization.plateau_threshold       │ 0.0001                                │
│ optimization.epochs                  │ 20                                    │
│ optimization.batch_size              │ 4                                     │
│ optimization.gradient_accumulation_… │ 1                                     │
│ optimization.max_grad_norm           │ 5.0                                   │
│ optimization.weight_decay            │ 0.0                                   │
│ optimization.warmup_steps            │ 200                                   │
│ optimization.warmup_start_factor     │ 0.01                                  │
│ optimization.enable_gradient_checkp… │ True                                  │
│ loss.wavelet                         │ db2                                   │
│ loss.spatial_level                   │ 2                                     │
│ loss.temporal_level                  │ 2                                     │
│ loss.mlw_beta                        │ 10.0                                  │
│ loss.mlw_eps                         │ 1e-06                                 │
│ loss_weighting.strategy              │ fixed                                 │
│ loss_weighting.weights               │ {'rmse': 1.0, 'h1': 50.0, 'ssim':     │
│                                      │ 0.15, 'mlw': 0.0, 'kl': 0.0001}       │
│ loss_weighting.loss_names            │ ['rmse', 'h1', 'ssim', 'mlw']         │
│ loss_weighting.alpha                 │ 1.5                                   │
│ loss_weighting.weight_lr             │ 0.025                                 │
│ loss_weighting.temperature           │ 0.1                                   │
│ visualization.enabled                │ True                                  │
│ visualization.interval_epochs        │ 4                                     │
│ visualization.num_samples            │ 3                                     │
│ visualization.frame_numbers          │ [25, 50, 75, 100]                     │
│ visualization.dpi                    │ 150                                   │
│ acceleration.mixed_precision_mode    │ bf16                                  │
│ acceleration.compile_with_inductor   │ False                                 │
│ acceleration.compilation_mode        │ reduce-overhead                       │
│ checkpoints.interval                 │ 1                                     │
│ checkpoints.keep_last_n              │ 1                                     │
│ checkpoints.save_best_only           │ True                                  │
│ checkpoints.best_metric              │ val_vrmse                             │
│ checkpoints.save_last_state          │ True                                  │
│ checkpoints.save_epochs              │ []                                    │
│ wandb.enabled                        │ False                                 │
│ wandb.project                        │ windinet                              │
│ wandb.entity                         │ None                                  │
│ wandb.tags                           │ ['vae', 'inflate', 'zeros-init',      │
│                                      │ 'cosine', '20ep', 'lr1x', 'shockwave- │
│ seed                                 │ 42                                    │
│ output_dir                           │ /hppfs/scratch/0D/go76fuz2/windinet/… │
│ clean_output_dir                     │ True                                  │
│ resume_from                          │ None                                  │
│ resume_weights_only                  │ False                                 │
└──────────────────────────────────────┴───────────────────────────────────────┘
INFO     [rank 0] Distributed training: 8 processes          vae_trainer.py:1445
INFO     [rank 0] VAE inflated to 4 native channels           vae_trainer.py:197
         (init=zeros); encoder.conv_in is trainable                             
INFO     [rank 0] Encoder extra modules UNFROZEN:             vae_trainer.py:254
         down_blocks[0, 1, 2] + tail                                            
         (down_blocks[-1]+mid_block+norm_out+conv_out)                          
INFO     [rank 0] VAE gradient checkpointing enabled          vae_trainer.py:265
INFO     [rank 0] VAE loaded. Decoder params: 552,869,953     vae_trainer.py:271
INFO     [rank 0] Trainable parameters:                       vae_trainer.py:342
         encoder_conv_in=221,312, encoder_extra=693,932,865,                    
         decoder=552,869,953, in_adapter=0, out_adapter=0                       
INFO     [rank 0] Dataset: 3825 train, 675 eval samples       vae_trainer.py:606
INFO     [rank 0] encoder.conv_in LR = 5.00e-05 (== decoder   vae_trainer.py:630
         LR)                                                                    
INFO     [rank 0] encoder extra (down_blocks[0, 1, 2]+tail)   vae_trainer.py:641
         LR = 5.00e-05 (== decoder LR)                                          
INFO     [rank 0] LR schedule 'cosine': 2380 steps (200       vae_trainer.py:732
         warmup, 0 stable, 2180 anneal), peak 5.00e-05 ->                       
         floor 1.00e-06                                                         
2026:09:04-23:19:57:172678 |CCL_WARN| value of CCL_ATL_TRANSPORT changed to be ofi (default:mpi)
2026:09:04-23:19:57:172678 |CCL_WARN| value of CCL_ALLREDUCE changed to be ring (default:)
2026:09:04-23:19:57:172681 |CCL_WARN| could not get local_idx/count from environment variables, trying to get them from ATL
2026:09:04-23:19:57:172678 |CCL_WARN| could not get local_idx/count from environment variables, trying to get them from ATL
2026:09:04-23:19:57:172679 |CCL_WARN| could not get local_idx/count from environment variables, trying to get them from ATL
2026:09:04-23:19:57:172680 |CCL_WARN| could not get local_idx/count from environment variables, trying to get them from ATL
2026:09:04-23:19:58:172682 |CCL_WARN| could not get local_idx/count from environment variables, trying to get them from ATL
2026:09:04-23:19:58:172683 |CCL_WARN| could not get local_idx/count from environment variables, trying to get them from ATL
2026:09:04-23:19:58:172684 |CCL_WARN| could not get local_idx/count from environment variables, trying to get them from ATL
2026:09:04-23:19:59:172685 |CCL_WARN| could not get local_idx/count from environment variables, trying to get them from ATL
INFO     [rank 0] Config saved:                              vae_trainer.py:1477
         /hppfs/scratch/0D/go76fuz2/windinet/finetune_vae_ou                    
         tputs_sng_pvc/finetune_vae_whole_structure_baseline                    
         _ep20_256res_cosine_kl1e4/training_config.yaml                         
INFO     [rank 0] Starting VAE decoder finetuning...          vae_trainer.py:780
epoch 1 step 10  loss=72.069413  lr=2.98e-06  [rmse=0.0580 h1=0.0000 ssim=0.2590 mlw=0.0000]
epoch 1 step 20  loss=41.374186  lr=5.45e-06  [rmse=0.0830 h1=0.0002 ssim=0.2865 mlw=0.0000]
epoch 1 step 30  loss=28.860508  lr=7.93e-06  [rmse=0.0543 h1=0.0001 ssim=0.3265 mlw=0.0000]
epoch 1 step 40  loss=22.266968  lr=1.04e-05  [rmse=0.1082 h1=0.0003 ssim=0.3918 mlw=0.0000]
epoch 1 step 50  loss=18.071541  lr=1.29e-05  [rmse=0.0501 h1=0.0002 ssim=0.3511 mlw=0.0000]
epoch 1 step 60  loss=15.256160  lr=1.54e-05  [rmse=0.0748 h1=0.0004 ssim=0.4141 mlw=0.0000]
epoch 1 step 70  loss=13.649219  lr=1.78e-05  [rmse=0.0788 h1=0.0002 ssim=0.6008 mlw=0.0000]
epoch 1 step 80  loss=12.275010  lr=2.03e-05  [rmse=0.1646 h1=0.0005 ssim=0.6994 mlw=0.0000]
epoch 1 step 90  loss=11.091013  lr=2.28e-05  [rmse=0.1067 h1=0.0002 ssim=0.5853 mlw=0.0000]
epoch 1 step 100  loss=10.236840  lr=2.53e-05  [rmse=0.1014 h1=0.0004 ssim=0.5613 mlw=0.0000]
epoch 1 step 110  loss=9.427910  lr=2.77e-05  [rmse=0.1722 h1=0.0002 ssim=0.5529 mlw=0.0000]
INFO     [rank 0] Loss weights: rmse=1.0000, h1=50.0000,      vae_trainer.py:950
         ssim=0.1500, mlw=0.0000, kl=0.0001                                     
INFO     [rank 0] Epoch 1: train_loss=8.812871                vae_trainer.py:989
         val_loss=2.203493  val_VRMSE=1.045896  lr=3.00e-05                     
INFO     [rank 0] Metrics updated: metrics/metrics.csv,      vae_trainer.py:1015
         metrics/loss_curves.png                                                
INFO     [rank 0] New best checkpoint (epoch 1,              vae_trainer.py:1323
         val_vrmse=1.045896):                                                   
         checkpoints/vae_shockwave_best.safetensors                             
INFO     [rank 0] Training state saved:                      vae_trainer.py:1399
         checkpoints/vae_shockwave_last.state.pt                                
INFO     [rank 0] Epoch 1 timing: train=2695.0s eval=104.4s  vae_trainer.py:1049
         viz=0.0s ckpt=8.3s total=2809.3s                                       
epoch 2 step 120  loss=2.197563  lr=3.02e-05  [rmse=0.1281 h1=0.0002 ssim=0.6675 mlw=0.0000]
epoch 2 step 130  loss=7.073355  lr=3.27e-05  [rmse=0.1282 h1=0.0002 ssim=0.6729 mlw=0.0000]
epoch 2 step 140  loss=4.869110  lr=3.52e-05  [rmse=0.0844 h1=0.0003 ssim=0.4797 mlw=0.0000]
epoch 2 step 150  loss=3.802590  lr=3.76e-05  [rmse=0.1822 h1=0.0004 ssim=0.6258 mlw=0.0000]
epoch 2 step 160  loss=3.326997  lr=4.01e-05  [rmse=0.0854 h1=0.0003 ssim=0.4846 mlw=0.0000]
epoch 2 step 170  loss=3.148662  lr=4.26e-05  [rmse=0.3175 h1=0.0056 ssim=1.0019 mlw=0.0000]
epoch 2 step 180  loss=4.948716  lr=4.51e-05  [rmse=0.1572 h1=0.0024 ssim=0.9019 mlw=0.0000]
epoch 2 step 190  loss=4.755889  lr=4.75e-05  [rmse=0.2958 h1=0.0019 ssim=0.9121 mlw=0.0000]
epoch 2 step 200  loss=4.430713  lr=5.00e-05  [rmse=0.2350 h1=0.0022 ssim=0.8831 mlw=0.0000]
epoch 2 step 210  loss=4.874518  lr=5.00e-05  [rmse=0.2649 h1=0.0042 ssim=0.9626 mlw=0.0000]
epoch 2 step 220  loss=4.660210  lr=5.00e-05  [rmse=0.2939 h1=0.0012 ssim=0.9535 mlw=0.0000]
epoch 2 step 230  loss=4.421691  lr=5.00e-05  [rmse=0.1500 h1=0.0012 ssim=0.8236 mlw=0.0000]
INFO     [rank 0] Loss weights: rmse=1.0000, h1=50.0000,      vae_trainer.py:950
         ssim=0.1500, mlw=0.0000, kl=0.0001                                     
INFO     [rank 0] Epoch 2: train_loss=4.249273                vae_trainer.py:989
         val_loss=2.589792  val_VRMSE=1.077509  lr=5.00e-05                     
INFO     [rank 0] Metrics updated: metrics/metrics.csv,      vae_trainer.py:1015
         metrics/loss_curves.png                                                
INFO     [rank 0] Training state saved:                      vae_trainer.py:1399
         checkpoints/vae_shockwave_last.state.pt                                
INFO     [rank 0] Epoch 2 timing: train=2645.2s eval=103.6s  vae_trainer.py:1049
         viz=0.0s ckpt=6.9s total=2756.4s                                       
epoch 3 step 240  loss=1.646132  lr=5.00e-05  [rmse=0.1788 h1=0.0009 ssim=0.8993 mlw=0.0000]
epoch 3 step 250  loss=1.591249  lr=4.99e-05  [rmse=0.2241 h1=0.0007 ssim=0.8871 mlw=0.0000]
epoch 3 step 260  loss=1.448134  lr=4.99e-05  [rmse=0.1391 h1=0.0005 ssim=0.9770 mlw=0.0000]
epoch 3 step 270  loss=1.351520  lr=4.99e-05  [rmse=0.2178 h1=0.0006 ssim=0.9741 mlw=0.0000]
epoch 3 step 280  loss=1.266251  lr=4.98e-05  [rmse=0.0978 h1=0.0002 ssim=0.7708 mlw=0.0000]
epoch 3 step 290  loss=1.106065  lr=4.98e-05  [rmse=0.1833 h1=0.0004 ssim=0.8875 mlw=0.0000]
epoch 3 step 300  loss=0.990211  lr=4.97e-05  [rmse=0.1813 h1=0.0003 ssim=1.0474 mlw=0.0000]
epoch 3 step 310  loss=0.912803  lr=4.97e-05  [rmse=0.1273 h1=0.0002 ssim=0.8496 mlw=0.0000]
epoch 3 step 320  loss=0.846975  lr=4.96e-05  [rmse=0.1253 h1=0.0003 ssim=0.7835 mlw=0.0000]
epoch 3 step 330  loss=0.797902  lr=4.96e-05  [rmse=0.0905 h1=0.0002 ssim=0.6388 mlw=0.0000]
epoch 3 step 340  loss=0.757381  lr=4.95e-05  [rmse=0.1606 h1=0.0001 ssim=0.8185 mlw=0.0000]
epoch 3 step 350  loss=0.724914  lr=4.94e-05  [rmse=0.2379 h1=0.0006 ssim=0.8754 mlw=0.0000]
INFO     [rank 0] Loss weights: rmse=1.0000, h1=50.0000,      vae_trainer.py:950
         ssim=0.1500, mlw=0.0000, kl=0.0001                                     
INFO     [rank 0] Epoch 3: train_loss=0.705184                vae_trainer.py:989
         val_loss=0.316165  val_VRMSE=1.042191  lr=4.94e-05                     
INFO     [rank 0] Metrics updated: metrics/metrics.csv,      vae_trainer.py:1015
         metrics/loss_curves.png                                                
INFO     [rank 0] New best checkpoint (epoch 3,              vae_trainer.py:1323
         val_vrmse=1.042191):                                                   
         checkpoints/vae_shockwave_best.safetensors                             
INFO     [rank 0] Training state saved:                      vae_trainer.py:1399
         checkpoints/vae_shockwave_last.state.pt                                
INFO     [rank 0] Epoch 3 timing: train=2637.1s eval=104.0s  vae_trainer.py:1049
         viz=0.0s ckpt=9.2s total=2751.1s                                       
epoch 4 step 360  loss=0.406005  lr=4.94e-05  [rmse=0.2474 h1=0.0004 ssim=0.7399 mlw=0.0000]
epoch 4 step 370  loss=0.336240  lr=4.93e-05  [rmse=0.1685 h1=0.0005 ssim=0.8661 mlw=0.0000]
epoch 4 step 380  loss=0.367037  lr=4.92e-05  [rmse=0.1669 h1=0.0002 ssim=0.8738 mlw=0.0000]
epoch 4 step 390  loss=0.384872  lr=4.91e-05  [rmse=0.2002 h1=0.0003 ssim=0.7786 mlw=0.0000]
epoch 4 step 400  loss=0.380460  lr=4.90e-05  [rmse=0.2894 h1=0.0005 ssim=1.0510 mlw=0.0000]
epoch 4 step 410  loss=0.377369  lr=4.89e-05  [rmse=0.1440 h1=0.0003 ssim=0.7259 mlw=0.0000]
epoch 4 step 420  loss=0.370505  lr=4.88e-05  [rmse=0.1935 h1=0.0002 ssim=0.9967 mlw=0.0000]
epoch 4 step 430  loss=0.363585  lr=4.87e-05  [rmse=0.1164 h1=0.0002 ssim=0.8653 mlw=0.0000]
epoch 4 step 440  loss=0.364980  lr=4.85e-05  [rmse=0.2080 h1=0.0003 ssim=0.9044 mlw=0.0000]
epoch 4 step 450  loss=0.374941  lr=4.84e-05  [rmse=0.1225 h1=0.0001 ssim=1.0592 mlw=0.0000]
epoch 4 step 460  loss=0.395727  lr=4.83e-05  [rmse=0.4039 h1=0.0007 ssim=0.9648 mlw=0.0000]
epoch 4 step 470  loss=0.421385  lr=4.82e-05  [rmse=0.3760 h1=0.0006 ssim=1.0859 mlw=0.0000]
INFO     [rank 0] Loss weights: rmse=1.0000, h1=50.0000,      vae_trainer.py:950
         ssim=0.1500, mlw=0.0000, kl=0.0001                                     
INFO     [rank 0] Epoch 4: train_loss=0.425429                vae_trainer.py:989
         val_loss=0.479996  val_VRMSE=1.048501  lr=4.81e-05                     
INFO     [rank 0] Metrics updated: metrics/metrics.csv,      vae_trainer.py:1015
         metrics/loss_curves.png                                                
INFO     [rank 0] Saved 12 validation reconstruction PNGs    vae_trainer.py:1224
         for epoch 4                                                            
INFO     [rank 0] Training state saved:                      vae_trainer.py:1399
         checkpoints/vae_shockwave_last.state.pt                                
INFO     [rank 0] Epoch 4 timing: train=2644.5s eval=104.4s  vae_trainer.py:1049
         viz=25.3s ckpt=8.2s total=2783.0s                                      
epoch 5 step 480  loss=0.509457  lr=4.80e-05  [rmse=0.1824 h1=0.0006 ssim=0.9462 mlw=0.0000]
epoch 5 step 490  loss=0.503781  lr=4.79e-05  [rmse=0.2638 h1=0.0004 ssim=0.9430 mlw=0.0000]
epoch 5 step 500  loss=0.496984  lr=4.77e-05  [rmse=0.1142 h1=0.0001 ssim=0.7483 mlw=0.0000]
epoch 5 step 510  loss=0.480834  lr=4.76e-05  [rmse=0.1544 h1=0.0003 ssim=0.7631 mlw=0.0000]
epoch 5 step 520  loss=0.497268  lr=4.74e-05  [rmse=0.2241 h1=0.0003 ssim=0.6843 mlw=0.0000]
epoch 5 step 530  loss=0.520669  lr=4.73e-05  [rmse=0.2309 h1=0.0003 ssim=0.8895 mlw=0.0000]
epoch 5 step 540  loss=0.710957  lr=4.71e-05  [rmse=0.1431 h1=0.0003 ssim=0.8271 mlw=0.0000]
epoch 5 step 550  loss=0.728225  lr=4.69e-05  [rmse=0.1546 h1=0.0003 ssim=0.9339 mlw=0.0000]
epoch 5 step 560  loss=0.983559  lr=4.68e-05  [rmse=0.1503 h1=0.0003 ssim=0.6987 mlw=0.0000]
epoch 5 step 570  loss=1.074200  lr=4.66e-05  [rmse=0.2528 h1=0.0005 ssim=0.8050 mlw=0.0000]
epoch 5 step 580  loss=1.082137  lr=4.64e-05  [rmse=0.1840 h1=0.0002 ssim=0.8558 mlw=0.0000]
epoch 5 step 590  loss=1.066191  lr=4.62e-05  [rmse=0.3553 h1=0.0006 ssim=0.9891 mlw=0.0000]
INFO     [rank 0] Loss weights: rmse=1.0000, h1=50.0000,      vae_trainer.py:950
         ssim=0.1500, mlw=0.0000, kl=0.0001                                     
INFO     [rank 0] Epoch 5: train_loss=1.057572                vae_trainer.py:989
         val_loss=0.394593  val_VRMSE=1.049622  lr=4.61e-05                     
INFO     [rank 0] Metrics updated: metrics/metrics.csv,      vae_trainer.py:1015
         metrics/loss_curves.png                                                
INFO     [rank 0] Training state saved:                      vae_trainer.py:1399
         checkpoints/vae_shockwave_last.state.pt                                
INFO     [rank 0] Epoch 5 timing: train=2639.2s eval=104.0s  vae_trainer.py:1049
         viz=0.0s ckpt=8.1s total=2751.9s                                       
epoch 6 step 600  loss=0.806706  lr=4.60e-05  [rmse=0.0998 h1=0.0001 ssim=0.6976 mlw=0.0000]
epoch 6 step 610  loss=0.654207  lr=4.58e-05  [rmse=0.1452 h1=0.0003 ssim=0.7537 mlw=0.0000]
epoch 6 step 620  loss=0.674731  lr=4.56e-05  [rmse=0.2337 h1=0.0004 ssim=0.8756 mlw=0.0000]
epoch 6 step 630  loss=1.057485  lr=4.54e-05  [rmse=0.0964 h1=0.0001 ssim=0.6248 mlw=0.0000]
epoch 6 step 640  loss=1.059801  lr=4.52e-05  [rmse=0.3343 h1=0.0007 ssim=1.1066 mlw=0.0000]
epoch 6 step 650  loss=1.066813  lr=4.50e-05  [rmse=0.1495 h1=0.0004 ssim=0.8523 mlw=0.0000]
epoch 6 step 660  loss=1.048897  lr=4.48e-05  [rmse=0.2910 h1=0.0006 ssim=1.0804 mlw=0.0000]
epoch 6 step 670  loss=1.001314  lr=4.46e-05  [rmse=0.1230 h1=0.0002 ssim=0.8070 mlw=0.0000]
epoch 6 step 680  loss=0.957977  lr=4.44e-05  [rmse=0.1364 h1=0.0002 ssim=0.7455 mlw=0.0000]
epoch 6 step 690  loss=0.911060  lr=4.41e-05  [rmse=0.2779 h1=0.0005 ssim=0.8309 mlw=0.0000]
epoch 6 step 700  loss=0.872797  lr=4.39e-05  [rmse=0.1000 h1=0.0002 ssim=0.7154 mlw=0.0000]
epoch 6 step 710  loss=0.848125  lr=4.37e-05  [rmse=0.0996 h1=0.0001 ssim=0.8187 mlw=0.0000]
INFO     [rank 0] Loss weights: rmse=1.0000, h1=50.0000,      vae_trainer.py:950
         ssim=0.1500, mlw=0.0000, kl=0.0001                                     
INFO     [rank 0] Epoch 6: train_loss=0.837034                vae_trainer.py:989
         val_loss=0.663733  val_VRMSE=1.051532  lr=4.36e-05                     
INFO     [rank 0] Metrics updated: metrics/metrics.csv,      vae_trainer.py:1015
         metrics/loss_curves.png                                                
INFO     [rank 0] Training state saved:                      vae_trainer.py:1399
         checkpoints/vae_shockwave_last.state.pt                                
INFO     [rank 0] Epoch 6 timing: train=2640.2s eval=103.6s  vae_trainer.py:1049
         viz=0.0s ckpt=8.0s total=2752.3s                                       
epoch 7 step 720  loss=0.526296  lr=4.34e-05  [rmse=0.1353 h1=0.0002 ssim=0.8002 mlw=0.0000]
epoch 7 step 730  loss=0.476977  lr=4.32e-05  [rmse=0.1933 h1=0.0003 ssim=0.7766 mlw=0.0000]
epoch 7 step 740  loss=0.474221  lr=4.29e-05  [rmse=0.1604 h1=0.0003 ssim=0.8088 mlw=0.0000]
epoch 7 step 750  loss=0.481131  lr=4.27e-05  [rmse=0.1869 h1=0.0004 ssim=0.8001 mlw=0.0000]
epoch 7 step 760  loss=0.501100  lr=4.24e-05  [rmse=0.0970 h1=0.0002 ssim=0.7180 mlw=0.0000]
epoch 7 step 770  loss=0.505703  lr=4.22e-05  [rmse=0.1219 h1=0.0004 ssim=0.6823 mlw=0.0000]
epoch 7 step 780  loss=0.502668  lr=4.19e-05  [rmse=0.2222 h1=0.0004 ssim=0.7383 mlw=0.0000]
epoch 7 step 790  loss=0.508553  lr=4.17e-05  [rmse=0.1526 h1=0.0004 ssim=0.6731 mlw=0.0000]
epoch 7 step 800  loss=0.510317  lr=4.14e-05  [rmse=0.1920 h1=0.0003 ssim=0.8609 mlw=0.0000]
epoch 7 step 810  loss=0.507297  lr=4.11e-05  [rmse=0.1464 h1=0.0005 ssim=0.8274 mlw=0.0000]
epoch 7 step 820  loss=0.495134  lr=4.09e-05  [rmse=0.1455 h1=0.0002 ssim=0.9089 mlw=0.0000]
epoch 7 step 830  loss=0.506502  lr=4.06e-05  [rmse=0.2057 h1=0.0006 ssim=1.0420 mlw=0.0000]
INFO     [rank 0] Loss weights: rmse=1.0000, h1=50.0000,      vae_trainer.py:950
         ssim=0.1500, mlw=0.0000, kl=0.0001                                     
INFO     [rank 0] Epoch 7: train_loss=0.502593                vae_trainer.py:989
         val_loss=0.411734  val_VRMSE=1.066432  lr=4.05e-05                     
INFO     [rank 0] Metrics updated: metrics/metrics.csv,      vae_trainer.py:1015
         metrics/loss_curves.png                                                
INFO     [rank 0] Training state saved:                      vae_trainer.py:1399
         checkpoints/vae_shockwave_last.state.pt                                
INFO     [rank 0] Epoch 7 timing: train=2646.7s eval=104.0s  vae_trainer.py:1049
         viz=0.0s ckpt=8.0s total=2759.4s                                       
epoch 8 step 840  loss=0.465384  lr=4.03e-05  [rmse=0.2426 h1=0.0005 ssim=0.8740 mlw=0.0000]
epoch 8 step 850  loss=0.451940  lr=4.00e-05  [rmse=0.1726 h1=0.0004 ssim=0.7760 mlw=0.0000]
epoch 8 step 860  loss=0.527265  lr=3.97e-05  [rmse=0.1376 h1=0.0003 ssim=0.7168 mlw=0.0000]
epoch 8 step 870  loss=0.535558  lr=3.94e-05  [rmse=0.1035 h1=0.0001 ssim=0.6984 mlw=0.0000]
epoch 8 step 880  loss=0.554439  lr=3.91e-05  [rmse=0.2507 h1=0.0004 ssim=0.8018 mlw=0.0000]
epoch 8 step 890  loss=0.523426  lr=3.89e-05  [rmse=0.1421 h1=0.0002 ssim=0.7936 mlw=0.0000]
epoch 8 step 900  loss=0.496761  lr=3.86e-05  [rmse=0.1381 h1=0.0002 ssim=0.8209 mlw=0.0000]
epoch 8 step 910  loss=0.484265  lr=3.83e-05  [rmse=0.2828 h1=0.0003 ssim=0.9182 mlw=0.0000]
epoch 8 step 920  loss=0.481719  lr=3.80e-05  [rmse=0.1166 h1=0.0002 ssim=0.8181 mlw=0.0000]
epoch 8 step 930  loss=0.481341  lr=3.76e-05  [rmse=0.1634 h1=0.0005 ssim=0.8072 mlw=0.0000]
epoch 8 step 940  loss=0.478218  lr=3.73e-05  [rmse=0.0960 h1=0.0001 ssim=0.6363 mlw=0.0000]
epoch 8 step 950  loss=0.477738  lr=3.70e-05  [rmse=0.2560 h1=0.0004 ssim=0.7256 mlw=0.0000]
INFO     [rank 0] Loss weights: rmse=1.0000, h1=50.0000,      vae_trainer.py:950
         ssim=0.1500, mlw=0.0000, kl=0.0001                                     
INFO     [rank 0] Epoch 8: train_loss=0.477258                vae_trainer.py:989
         val_loss=0.370295  val_VRMSE=1.042829  lr=3.70e-05                     
INFO     [rank 0] Metrics updated: metrics/metrics.csv,      vae_trainer.py:1015
         metrics/loss_curves.png                                                
INFO     [rank 0] Saved 12 validation reconstruction PNGs    vae_trainer.py:1224
         for epoch 8                                                            
INFO     [rank 0] Training state saved:                      vae_trainer.py:1399
         checkpoints/vae_shockwave_last.state.pt                                
INFO     [rank 0] Epoch 8 timing: train=2641.4s eval=104.0s  vae_trainer.py:1049
         viz=23.6s ckpt=7.5s total=2777.1s                                      
epoch 9 step 960  loss=0.475595  lr=3.67e-05  [rmse=0.2806 h1=0.0003 ssim=0.8972 mlw=0.0000]
epoch 9 step 970  loss=0.456447  lr=3.64e-05  [rmse=0.1625 h1=0.0003 ssim=0.8580 mlw=0.0000]
epoch 9 step 980  loss=0.500396  lr=3.61e-05  [rmse=0.1303 h1=0.0002 ssim=0.8196 mlw=0.0000]
epoch 9 step 990  loss=0.491358  lr=3.58e-05  [rmse=0.1111 h1=0.0001 ssim=0.7845 mlw=0.0000]
epoch 9 step 1000  loss=0.472476  lr=3.54e-05  [rmse=0.1522 h1=0.0004 ssim=0.9191 mlw=0.0000]
epoch 9 step 1010  loss=0.453777  lr=3.51e-05  [rmse=0.1095 h1=0.0002 ssim=0.7355 mlw=0.0000]
epoch 9 step 1020  loss=0.437461  lr=3.48e-05  [rmse=0.2640 h1=0.0005 ssim=0.7900 mlw=0.0000]
epoch 9 step 1030  loss=0.430577  lr=3.45e-05  [rmse=0.1566 h1=0.0004 ssim=0.7992 mlw=0.0000]
epoch 9 step 1040  loss=0.419188  lr=3.41e-05  [rmse=0.1824 h1=0.0003 ssim=0.7323 mlw=0.0000]
epoch 9 step 1050  loss=0.411920  lr=3.38e-05  [rmse=0.1483 h1=0.0001 ssim=0.8999 mlw=0.0000]
epoch 9 step 1060  loss=0.408669  lr=3.35e-05  [rmse=0.1783 h1=0.0003 ssim=0.9396 mlw=0.0000]
epoch 9 step 1070  loss=0.410146  lr=3.31e-05  [rmse=0.1085 h1=0.0001 ssim=0.8571 mlw=0.0000]
INFO     [rank 0] Loss weights: rmse=1.0000, h1=50.0000,      vae_trainer.py:950
         ssim=0.1500, mlw=0.0000, kl=0.0001                                     
INFO     [rank 0] Epoch 9: train_loss=0.409344                vae_trainer.py:989
         val_loss=0.350532  val_VRMSE=1.112689  lr=3.31e-05                     
INFO     [rank 0] Metrics updated: metrics/metrics.csv,      vae_trainer.py:1015
         metrics/loss_curves.png                                                
INFO     [rank 0] Training state saved:                      vae_trainer.py:1399
         checkpoints/vae_shockwave_last.state.pt                                
INFO     [rank 0] Epoch 9 timing: train=2639.6s eval=104.0s  vae_trainer.py:1049
         viz=0.0s ckpt=7.2s total=2751.4s                                       
epoch 10 step 1080  loss=0.379054  lr=3.28e-05  [rmse=0.1490 h1=0.0002 ssim=0.8993 mlw=0.0000]
epoch 10 step 1090  loss=0.372132  lr=3.25e-05  [rmse=0.1134 h1=0.0001 ssim=0.7996 mlw=0.0000]
epoch 10 step 1100  loss=0.368584  lr=3.21e-05  [rmse=0.1318 h1=0.0002 ssim=0.7721 mlw=0.0000]
epoch 10 step 1110  loss=0.366275  lr=3.18e-05  [rmse=0.1472 h1=0.0002 ssim=0.8481 mlw=0.0000]
epoch 10 step 1120  loss=0.360218  lr=3.14e-05  [rmse=0.1937 h1=0.0003 ssim=0.9954 mlw=0.0000]
epoch 10 step 1130  loss=0.359067  lr=3.11e-05  [rmse=0.2901 h1=0.0005 ssim=0.8155 mlw=0.0000]
epoch 10 step 1140  loss=0.357300  lr=3.08e-05  [rmse=0.2692 h1=0.0004 ssim=0.8820 mlw=0.0000]
epoch 10 step 1150  loss=0.358428  lr=3.04e-05  [rmse=0.1414 h1=0.0003 ssim=0.8085 mlw=0.0000]
epoch 10 step 1160  loss=0.358951  lr=3.01e-05  [rmse=0.2043 h1=0.0003 ssim=0.7522 mlw=0.0000]
epoch 10 step 1170  loss=0.360050  lr=2.97e-05  [rmse=0.1133 h1=0.0003 ssim=0.7041 mlw=0.0000]
epoch 10 step 1180  loss=0.356778  lr=2.94e-05  [rmse=0.1450 h1=0.0002 ssim=0.6554 mlw=0.0000]
epoch 10 step 1190  loss=0.358462  lr=2.90e-05  [rmse=0.2443 h1=0.0005 ssim=0.9697 mlw=0.0000]
INFO     [rank 0] Loss weights: rmse=1.0000, h1=50.0000,      vae_trainer.py:950
         ssim=0.1500, mlw=0.0000, kl=0.0001                                     
INFO     [rank 0] Epoch 10: train_loss=0.358462               vae_trainer.py:989
         val_loss=0.306612  val_VRMSE=1.041965  lr=2.90e-05                     
INFO     [rank 0] Metrics updated: metrics/metrics.csv,      vae_trainer.py:1015
         metrics/loss_curves.png                                                
INFO     [rank 0] New best checkpoint (epoch 10,             vae_trainer.py:1323
         val_vrmse=1.041965):                                                   
         checkpoints/vae_shockwave_best.safetensors                             
INFO     [rank 0] Training state saved:                      vae_trainer.py:1399
         checkpoints/vae_shockwave_last.state.pt                                
INFO     [rank 0] Epoch 10 timing: train=2646.0s eval=103.2s vae_trainer.py:1049
         viz=0.0s ckpt=9.2s total=2759.0s                                       
epoch 11 step 1200  loss=0.294644  lr=2.87e-05  [rmse=0.1076 h1=0.0002 ssim=0.6663 mlw=0.0000]
epoch 11 step 1210  loss=0.314369  lr=2.83e-05  [rmse=0.2675 h1=0.0008 ssim=0.8909 mlw=0.0000]
epoch 11 step 1220  loss=0.323933  lr=2.80e-05  [rmse=0.1840 h1=0.0001 ssim=0.9203 mlw=0.0000]
epoch 11 step 1230  loss=0.321580  lr=2.76e-05  [rmse=0.1426 h1=0.0003 ssim=0.7118 mlw=0.0000]
epoch 11 step 1240  loss=0.322559  lr=2.73e-05  [rmse=0.1236 h1=0.0003 ssim=0.7936 mlw=0.0000]
epoch 11 step 1250  loss=0.321055  lr=2.69e-05  [rmse=0.1188 h1=0.0003 ssim=0.7098 mlw=0.0000]
epoch 11 step 1260  loss=0.324056  lr=2.66e-05  [rmse=0.1227 h1=0.0002 ssim=0.6405 mlw=0.0000]
epoch 11 step 1270  loss=0.321324  lr=2.62e-05  [rmse=0.1885 h1=0.0004 ssim=0.6942 mlw=0.0000]
epoch 11 step 1280  loss=0.323411  lr=2.59e-05  [rmse=0.1591 h1=0.0003 ssim=0.8693 mlw=0.0000]
epoch 11 step 1290  loss=0.325210  lr=2.55e-05  [rmse=0.1274 h1=0.0003 ssim=0.7493 mlw=0.0000]
epoch 11 step 1300  loss=0.327231  lr=2.51e-05  [rmse=0.1878 h1=0.0002 ssim=0.8415 mlw=0.0000]
INFO     [rank 0] Loss weights: rmse=1.0000, h1=50.0000,      vae_trainer.py:950
         ssim=0.1500, mlw=0.0000, kl=0.0001                                     
INFO     [rank 0] Epoch 11: train_loss=0.324591               vae_trainer.py:989
         val_loss=0.301768  val_VRMSE=1.042849  lr=2.48e-05                     
INFO     [rank 0] Metrics updated: metrics/metrics.csv,      vae_trainer.py:1015
         metrics/loss_curves.png                                                
INFO     [rank 0] Training state saved:                      vae_trainer.py:1399
         checkpoints/vae_shockwave_last.state.pt                                
INFO     [rank 0] Epoch 11 timing: train=2633.7s eval=103.2s vae_trainer.py:1049
         viz=0.0s ckpt=7.8s total=2745.2s                                       
epoch 12 step 1310  loss=0.377223  lr=2.48e-05  [rmse=0.1889 h1=0.0004 ssim=1.0039 mlw=0.0000]
epoch 12 step 1320  loss=0.310486  lr=2.44e-05  [rmse=0.1330 h1=0.0002 ssim=0.6199 mlw=0.0000]
epoch 12 step 1330  loss=0.309450  lr=2.41e-05  [rmse=0.1260 h1=0.0002 ssim=0.6554 mlw=0.0000]
epoch 12 step 1340  loss=0.312121  lr=2.37e-05  [rmse=0.3091 h1=0.0001 ssim=0.8144 mlw=0.0000]
epoch 12 step 1350  loss=0.312607  lr=2.34e-05  [rmse=0.1204 h1=0.0002 ssim=0.7403 mlw=0.0000]
epoch 12 step 1360  loss=0.311390  lr=2.30e-05  [rmse=0.1772 h1=0.0005 ssim=0.9735 mlw=0.0000]
epoch 12 step 1370  loss=0.322085  lr=2.27e-05  [rmse=0.3134 h1=0.0003 ssim=0.8103 mlw=0.0000]
epoch 12 step 1380  loss=0.325593  lr=2.23e-05  [rmse=0.1221 h1=0.0002 ssim=0.6911 mlw=0.0000]
epoch 12 step 1390  loss=0.329662  lr=2.20e-05  [rmse=0.1503 h1=0.0004 ssim=0.7348 mlw=0.0000]
epoch 12 step 1400  loss=0.332724  lr=2.16e-05  [rmse=0.0950 h1=0.0001 ssim=0.6472 mlw=0.0000]
epoch 12 step 1410  loss=0.332612  lr=2.13e-05  [rmse=0.2453 h1=0.0005 ssim=0.7849 mlw=0.0000]
epoch 12 step 1420  loss=0.330320  lr=2.09e-05  [rmse=0.1321 h1=0.0002 ssim=0.7494 mlw=0.0000]
INFO     [rank 0] Loss weights: rmse=1.0000, h1=50.0000,      vae_trainer.py:950
         ssim=0.1500, mlw=0.0000, kl=0.0001                                     
INFO     [rank 0] Epoch 12: train_loss=0.329849               vae_trainer.py:989
         val_loss=0.293302  val_VRMSE=1.041935  lr=2.07e-05                     
INFO     [rank 0] Metrics updated: metrics/metrics.csv,      vae_trainer.py:1015
         metrics/loss_curves.png                                                
INFO     [rank 0] Saved 12 validation reconstruction PNGs    vae_trainer.py:1224
         for epoch 12                                                           
INFO     [rank 0] New best checkpoint (epoch 12,             vae_trainer.py:1323
         val_vrmse=1.041935):                                                   
         checkpoints/vae_shockwave_best.safetensors                             
INFO     [rank 0] Training state saved:                      vae_trainer.py:1399
         checkpoints/vae_shockwave_last.state.pt                                
INFO     [rank 0] Epoch 12 timing: train=2639.3s eval=103.7s vae_trainer.py:1049
         viz=23.1s ckpt=8.5s total=2775.1s                                      
epoch 13 step 1430  loss=0.250311  lr=2.06e-05  [rmse=0.1433 h1=0.0003 ssim=0.7192 mlw=0.0000]
epoch 13 step 1440  loss=0.314610  lr=2.02e-05  [rmse=0.1259 h1=0.0001 ssim=0.7977 mlw=0.0000]
epoch 13 step 1450  loss=0.329179  lr=1.99e-05  [rmse=0.1376 h1=0.0001 ssim=0.9474 mlw=0.0000]
epoch 13 step 1460  loss=0.340458  lr=1.96e-05  [rmse=0.3080 h1=0.0002 ssim=0.7482 mlw=0.0000]
epoch 13 step 1470  loss=0.346210  lr=1.92e-05  [rmse=0.1531 h1=0.0001 ssim=0.8983 mlw=0.0000]
epoch 13 step 1480  loss=0.366788  lr=1.89e-05  [rmse=0.2013 h1=0.0004 ssim=1.0770 mlw=0.0000]
epoch 13 step 1490  loss=0.365886  lr=1.85e-05  [rmse=0.1118 h1=0.0003 ssim=0.6986 mlw=0.0000]
epoch 13 step 1500  loss=0.366710  lr=1.82e-05  [rmse=0.1239 h1=0.0001 ssim=0.8425 mlw=0.0000]
