The following values were not passed to `accelerate launch` and had defaults used instead:
		More than one GPU was found, enabling multi-GPU training.
		If this was unintended please pass in `--num_processes=1`.
	`--dynamo_backend` was set to a value of `'no'`
To avoid this warning pass in values for each of the problematic parameters or run `accelerate config`.
/dss/dsshome1/0D/go76fuz2/.local/share/mamba/envs/windinet/lib/python3.10/site-packages/huggingface_hub/utils/_validators.py:205: UserWarning: The `local_dir_use_symlinks` argument is deprecated and ignored in `hf_hub_download`. Downloading to a local directory does not use symlinks anymore.
  warnings.warn(
/dss/dsshome1/0D/go76fuz2/.local/share/mamba/envs/windinet/lib/python3.10/site-packages/huggingface_hub/utils/_validators.py:205: UserWarning: The `local_dir_use_symlinks` argument is deprecated and ignored in `hf_hub_download`. Downloading to a local directory does not use symlinks anymore.
  warnings.warn(
/dss/dsshome1/0D/go76fuz2/.local/share/mamba/envs/windinet/lib/python3.10/site-packages/huggingface_hub/utils/_validators.py:205: UserWarning: The `local_dir_use_symlinks` argument is deprecated and ignored in `hf_hub_download`. Downloading to a local directory does not use symlinks anymore.
  warnings.warn(
/dss/dsshome1/0D/go76fuz2/.local/share/mamba/envs/windinet/lib/python3.10/site-packages/huggingface_hub/utils/_validators.py:205: UserWarning: The `local_dir_use_symlinks` argument is deprecated and ignored in `hf_hub_download`. Downloading to a local directory does not use symlinks anymore.
  warnings.warn(
/dss/dsshome1/0D/go76fuz2/.local/share/mamba/envs/windinet/lib/python3.10/site-packages/huggingface_hub/utils/_validators.py:205: UserWarning: The `local_dir_use_symlinks` argument is deprecated and ignored in `hf_hub_download`. Downloading to a local directory does not use symlinks anymore.
  warnings.warn(
/dss/dsshome1/0D/go76fuz2/.local/share/mamba/envs/windinet/lib/python3.10/site-packages/huggingface_hub/utils/_validators.py:205: UserWarning: The `local_dir_use_symlinks` argument is deprecated and ignored in `hf_hub_download`. Downloading to a local directory does not use symlinks anymore.
  warnings.warn(
/dss/dsshome1/0D/go76fuz2/.local/share/mamba/envs/windinet/lib/python3.10/site-packages/huggingface_hub/utils/_validators.py:205: UserWarning: The `local_dir_use_symlinks` argument is deprecated and ignored in `hf_hub_download`. Downloading to a local directory does not use symlinks anymore.
  warnings.warn(
/dss/dsshome1/0D/go76fuz2/.local/share/mamba/envs/windinet/lib/python3.10/site-packages/huggingface_hub/utils/_validators.py:205: UserWarning: The `local_dir_use_symlinks` argument is deprecated and ignored in `hf_hub_download`. Downloading to a local directory does not use symlinks anymore.
  warnings.warn(
There are modules in LTXVideoTransformer3DModel that should be kept in float32: []. Casting directly with `to()` can lead to inconsistent results; set `torch_dtype` in `from_pretrained()` instead to keep these modules in float32.
/dss/dsshome1/0D/go76fuz2/.local/share/mamba/envs/windinet/lib/python3.10/site-packages/torch/nn/functional.py:2954: UserWarning: Mismatch dtype between input and weight: input dtype = c10::BFloat16, weight dtype = float, Cannot dispatch to fused implementation. (Triggered internally at /pytorch/aten/src/ATen/native/layer_norm.cpp:344.)
  return torch.rms_norm(input, normalized_shape, weight, eps)
/dss/dsshome1/0D/go76fuz2/.local/share/mamba/envs/windinet/lib/python3.10/site-packages/torch/nn/functional.py:2954: UserWarning: Mismatch dtype between input and weight: input dtype = c10::BFloat16, weight dtype = float, Cannot dispatch to fused implementation. (Triggered internally at /pytorch/aten/src/ATen/native/layer_norm.cpp:344.)
  return torch.rms_norm(input, normalized_shape, weight, eps)
/dss/dsshome1/0D/go76fuz2/.local/share/mamba/envs/windinet/lib/python3.10/site-packages/torch/nn/functional.py:2954: UserWarning: Mismatch dtype between input and weight: input dtype = c10::BFloat16, weight dtype = float, Cannot dispatch to fused implementation. (Triggered internally at /pytorch/aten/src/ATen/native/layer_norm.cpp:344.)
  return torch.rms_norm(input, normalized_shape, weight, eps)
/dss/dsshome1/0D/go76fuz2/.local/share/mamba/envs/windinet/lib/python3.10/site-packages/torch/nn/functional.py:2954: UserWarning: Mismatch dtype between input and weight: input dtype = c10::BFloat16, weight dtype = float, Cannot dispatch to fused implementation. (Triggered internally at /pytorch/aten/src/ATen/native/layer_norm.cpp:344.)
  return torch.rms_norm(input, normalized_shape, weight, eps)
/dss/dsshome1/0D/go76fuz2/.local/share/mamba/envs/windinet/lib/python3.10/site-packages/torch/nn/functional.py:2954: UserWarning: Mismatch dtype between input and weight: input dtype = c10::BFloat16, weight dtype = float, Cannot dispatch to fused implementation. (Triggered internally at /pytorch/aten/src/ATen/native/layer_norm.cpp:344.)
  return torch.rms_norm(input, normalized_shape, weight, eps)
/dss/dsshome1/0D/go76fuz2/.local/share/mamba/envs/windinet/lib/python3.10/site-packages/torch/nn/functional.py:2954: UserWarning: Mismatch dtype between input and weight: input dtype = c10::BFloat16, weight dtype = float, Cannot dispatch to fused implementation. (Triggered internally at /pytorch/aten/src/ATen/native/layer_norm.cpp:344.)
  return torch.rms_norm(input, normalized_shape, weight, eps)
/dss/dsshome1/0D/go76fuz2/.local/share/mamba/envs/windinet/lib/python3.10/site-packages/torch/nn/functional.py:2954: UserWarning: Mismatch dtype between input and weight: input dtype = c10::BFloat16, weight dtype = float, Cannot dispatch to fused implementation. (Triggered internally at /pytorch/aten/src/ATen/native/layer_norm.cpp:344.)
  return torch.rms_norm(input, normalized_shape, weight, eps)
/dss/dsshome1/0D/go76fuz2/.local/share/mamba/envs/windinet/lib/python3.10/site-packages/torch/nn/functional.py:2954: UserWarning: Mismatch dtype between input and weight: input dtype = c10::BFloat16, weight dtype = float, Cannot dispatch to fused implementation. (Triggered internally at /pytorch/aten/src/ATen/native/layer_norm.cpp:344.)
  return torch.rms_norm(input, normalized_shape, weight, eps)
srun: Job step aborted: Waiting up to 4 seconds for job step to finish.
slurmstepd: error: *** JOB 534727 ON i20r01c01s08 CANCELLED AT 2026-09-06T10:19:47 DUE TO TIME LIMIT ***
slurmstepd: error: *** STEP 534727.0 ON i20r01c01s08 CANCELLED AT 2026-09-06T10:19:47 DUE TO TIME LIMIT ***
W0906 10:19:47.042000 178830 site-packages/torch/distributed/elastic/agent/server/api.py:739] Received Signals.SIGTERM death signal, shutting down workers
W0906 10:19:47.043000 178830 site-packages/torch/distributed/elastic/multiprocessing/api.py:1010] Sending process 179001 closing signal SIGTERM
W0906 10:19:47.045000 178830 site-packages/torch/distributed/elastic/multiprocessing/api.py:1010] Sending process 179002 closing signal SIGTERM
W0906 10:19:47.046000 178830 site-packages/torch/distributed/elastic/multiprocessing/api.py:1010] Sending process 179003 closing signal SIGTERM
W0906 10:19:47.046000 178830 site-packages/torch/distributed/elastic/multiprocessing/api.py:1010] Sending process 179004 closing signal SIGTERM
W0906 10:19:47.047000 178830 site-packages/torch/distributed/elastic/multiprocessing/api.py:1010] Sending process 179005 closing signal SIGTERM
W0906 10:19:47.047000 178830 site-packages/torch/distributed/elastic/multiprocessing/api.py:1010] Sending process 179001 closing signal SIGTERM
W0906 10:19:47.048000 178830 site-packages/torch/distributed/elastic/multiprocessing/api.py:1010] Sending process 179002 closing signal SIGTERM
W0906 10:19:47.048000 178830 site-packages/torch/distributed/elastic/multiprocessing/api.py:1010] Sending process 179003 closing signal SIGTERM
W0906 10:19:47.048000 178830 site-packages/torch/distributed/elastic/multiprocessing/api.py:1010] Sending process 179004 closing signal SIGTERM
W0906 10:19:47.049000 178830 site-packages/torch/distributed/elastic/multiprocessing/api.py:1010] Sending process 179005 closing signal SIGTERM
W0906 10:19:47.049000 178830 site-packages/torch/distributed/elastic/multiprocessing/api.py:1010] Sending process 179006 closing signal SIGTERM
W0906 10:19:47.049000 178830 site-packages/torch/distributed/elastic/multiprocessing/api.py:1010] Sending process 179007 closing signal SIGTERM
W0906 10:19:47.050000 178830 site-packages/torch/distributed/elastic/multiprocessing/api.py:1010] Sending process 179008 closing signal SIGTERM
