START TIME: Tue 08 Sep 2026 09:39:00 AM CEST
job=535060 node=i20r06c03s06
+-----------+--------------------------------------------------------------------------------------+
| Device ID | Device Information                                                                   |
+-----------+--------------------------------------------------------------------------------------+
| 0         | Device Name: Intel(R) Data Center GPU Max 1550                                       |
|           | Vendor Name: Intel(R) Corporation                                                    |
|           | SOC UUID: 00000000-0000-003a-0000-002f0bd58086                                       |
|           | PCI BDF Address: 0000:3a:00.0                                                        |
|           | DRM Device: /dev/dri/card0                                                           |
|           | Function Type: physical                                                              |
+-----------+--------------------------------------------------------------------------------------+
| 1         | Device Name: Intel(R) Data Center GPU Max 1550                                       |
|           | Vendor Name: Intel(R) Corporation                                                    |
|           | SOC UUID: 00000000-0000-004b-0000-002f0bd58086                                       |
|           | PCI BDF Address: 0000:4b:00.0                                                        |
|           | DRM Device: /dev/dri/card1                                                           |
|           | Function Type: physical                                                              |
+-----------+--------------------------------------------------------------------------------------+
| 2         | Device Name: Intel(R) Data Center GPU Max 1550                                       |
|           | Vendor Name: Intel(R) Corporation                                                    |
|           | SOC UUID: 00000000-0000-00ca-0000-002f0bd58086                                       |
|           | PCI BDF Address: 0000:ca:00.0                                                        |
|           | DRM Device: /dev/dri/card2                                                           |
|           | Function Type: physical                                                              |
+-----------+--------------------------------------------------------------------------------------+
| 3         | Device Name: Intel(R) Data Center GPU Max 1550                                       |
|           | Vendor Name: Intel(R) Corporation                                                    |
|           | SOC UUID: 00000000-0000-00da-0000-002f0bd58086                                       |
|           | PCI BDF Address: 0000:da:00.0                                                        |
|           | DRM Device: /dev/dri/card3                                                           |
|           | Function Type: physical                                                              |
+-----------+--------------------------------------------------------------------------------------+
PREPROCESSED_NAME: finetune_vae_whole_structure_baseline_ep20_256res_cosine_kl1e7
BASE_CONFIG: configs/dit/train_dit_sng_pvc_cosine_kl1e7_resume.yaml
STEPS override: <none, using BASE_CONFIG default>
MASTER_ADDR: i20r06c03s06  MASTER_PORT: 58641
preprocessed_data_root=/hppfs/scratch/0D/go76fuz2/windinet/dit_preprocessed/finetune_vae_whole_structure_baseline_ep20_256res_cosine_kl1e7 output_dir=$SCRATCH/windinet/outputs/shockwave_dit_cosine_kl1e7 steps=8000
INFO     [rank 1] Failed to extract font properties from    font_manager.py:1107
         /usr/share/fonts/truetype/Cantarell-VF.otf: Can                        
         not load face (SFNT font table missing; error code                     
         0x8e)                                                                  
INFO     [rank 5] Failed to extract font properties from    font_manager.py:1107
         /usr/share/fonts/truetype/Cantarell-VF.otf: Can                        
         not load face (SFNT font table missing; error code                     
         0x8e)                                                                  
INFO     [rank 2] Failed to extract font properties from    font_manager.py:1107
         /usr/share/fonts/truetype/Cantarell-VF.otf: Can                        
         not load face (SFNT font table missing; error code                     
         0x8e)                                                                  
INFO     [rank 4] Failed to extract font properties from    font_manager.py:1107
         /usr/share/fonts/truetype/Cantarell-VF.otf: Can                        
         not load face (SFNT font table missing; error code                     
         0x8e)                                                                  
INFO     [rank 1] generated new fontManager                 font_manager.py:1639
INFO     [rank 6] Failed to extract font properties from    font_manager.py:1107
         /usr/share/fonts/truetype/Cantarell-VF.otf: Can                        
         not load face (SFNT font table missing; error code                     
         0x8e)                                                                  
INFO     [rank 7] Failed to extract font properties from    font_manager.py:1107
         /usr/share/fonts/truetype/Cantarell-VF.otf: Can                        
         not load face (SFNT font table missing; error code                     
         0x8e)                                                                  
INFO     [rank 0] Failed to extract font properties from    font_manager.py:1107
         /usr/share/fonts/truetype/Cantarell-VF.otf: Can                        
         not load face (SFNT font table missing; error code                     
         0x8e)                                                                  
INFO     [rank 3] Failed to extract font properties from    font_manager.py:1107
         /usr/share/fonts/truetype/Cantarell-VF.otf: Can                        
         not load face (SFNT font table missing; error code                     
         0x8e)                                                                  
INFO     [rank 6] generated new fontManager                 font_manager.py:1639
INFO     [rank 7] generated new fontManager                 font_manager.py:1639
INFO     [rank 2] generated new fontManager                 font_manager.py:1639
INFO     [rank 0] generated new fontManager                 font_manager.py:1639
INFO     [rank 5] generated new fontManager                 font_manager.py:1639
INFO     [rank 3] generated new fontManager                 font_manager.py:1639
INFO     [rank 4] generated new fontManager                 font_manager.py:1639
                             Training Configuration                             
┏━━━━━━━━━━━━━━━━━━━━━━━━━━━━━━━━━━━━━━┳━━━━━━━━━━━━━━━━━━━━━━━━━━━━━━━━━━━━━━━┓
┃ Parameter                            ┃ Value                                 ┃
┡━━━━━━━━━━━━━━━━━━━━━━━━━━━━━━━━━━━━━━╇━━━━━━━━━━━━━━━━━━━━━━━━━━━━━━━━━━━━━━━┩
│ model.model_source                   │ LTXV_2B_0.9.6_DEV                     │
│ model.load_checkpoint                │ /hppfs/scratch/0D/go76fuz2/windinet/… │
│ conditioning.first_frame_conditioni… │ 1.0                                   │
│ lora.enabled                         │ False                                 │
│ lora.rank                            │ 16                                    │
│ lora.alpha                           │ 16                                    │
│ lora.dropout                         │ 0.0                                   │
│ lora.target_modules                  │ to_q, to_k, to_v, to_out.0            │
│ scalar_conditioning.enabled          │ True                                  │
│ scalar_conditioning.scalar_names     │ gamma                                 │
│ scalar_conditioning.scalar_ranges    │ {'gamma': (1.0, 2.0)}                 │
│ scalar_conditioning.embedding_dim    │ 4096                                  │
│ scalar_conditioning.num_tokens_per_… │ 4                                     │
│ scalar_conditioning.fourier_features │ 64                                    │
│ scalar_conditioning.mlp_hidden_dim   │ 256                                   │
│ scalar_conditioning.dropout          │ 0.1                                   │
│ optimization.learning_rate           │ 1e-05                                 │
│ optimization.steps                   │ 8000                                  │
│ optimization.batch_size              │ 1                                     │
│ optimization.gradient_accumulation_… │ 4                                     │
│ optimization.max_grad_norm           │ 1.0                                   │
│ optimization.optimizer_type          │ adamw                                 │
│ optimization.scheduler_type          │ cosine                                │
│ optimization.scheduler_params        │ {'eta_min': 1e-08}                    │
│ optimization.enable_gradient_checkp… │ True                                  │
│ acceleration.mixed_precision_mode    │ bf16                                  │
│ acceleration.compile_with_inductor   │ False                                 │
│ acceleration.compilation_mode        │ reduce-overhead                       │
│ data.preprocessed_data_root          │ /hppfs/scratch/0D/go76fuz2/windinet/… │
│ data.num_dataloader_workers          │ 4                                     │
│ validation.data_root                 │ /hppfs/scratch/0D/go76fuz2/windinet/… │
│ validation.interval                  │ 600                                   │
│ validation.max_samples               │ 0                                     │
│ checkpoints.interval                 │ 120                                   │
│ checkpoints.keep_last_n              │ 2                                     │
│ checkpoints.save_best_only           │ False                                 │
│ checkpoints.best_metric              │ val_total_loss                        │
│ checkpoints.save_last_state          │ True                                  │
│ checkpoints.save_epochs              │                                       │
│ flow_matching.timestep_sampling_mode │ shifted_logit_normal                  │
│ flow_matching.timestep_sampling_par… │ {}                                    │
│ visualization.enabled                │ False                                 │
│ visualization.interval               │ 2000                                  │
│ visualization.num_samples            │ 3                                     │
│ visualization.frame_numbers          │ 25, 50, 75, 100                       │
│ visualization.num_inference_steps    │ 20                                    │
│ visualization.dpi                    │ 150                                   │
│ wandb.enabled                        │ False                                 │
│ wandb.project                        │ shockwavenet                          │
│ wandb.entity                         │ None                                  │
│ wandb.tags                           │ cfd, full, 2b, scalar-only, sng_pvc,  │
│                                      │ 256res, cosine-vae, kl1e7             │
│ seed                                 │ 42                                    │
│ output_dir                           │ /hppfs/scratch/0D/go76fuz2/windinet/… │
│ resume_weights_only                  │ False                                 │
└──────────────────────────────────────┴───────────────────────────────────────┘
INFO     [rank 0] Distributed training enabled with 8        dit_trainer.py:1433
         processes                                                              
INFO     [rank 0] Global batch size: 32                      dit_trainer.py:1439
INFO     [rank 0] Initializing scalar embeddings for:         dit_trainer.py:859
         ['gamma']                                                              
DEBUG    [rank 0] Scalar embedding params: 4,310,528          dit_trainer.py:886
DEBUG    [rank 0] Total trainable params count: 1,927,696,000 dit_trainer.py:890
INFO     [rank 0] Loading checkpoint from                     dit_trainer.py:907
         /hppfs/scratch/0D/go76fuz2/windinet/outputs/shockwav                   
         e_dit_cosine_kl1e7/checkpoints/model_weights_step_01                   
         920.safetensors                                                        
INFO     [rank 0] Loading scalar embedding from               dit_trainer.py:914
         /hppfs/scratch/0D/go76fuz2/windinet/outputs/shockwav                   
         e_dit_cosine_kl1e7/checkpoints/scalar_embedding_step                   
         _01920.safetensors                                                     
INFO     [rank 0] Loaded training state from                  dit_trainer.py:954
         /hppfs/scratch/0D/go76fuz2/windinet/outputs/shockwav                   
         e_dit_cosine_kl1e7/checkpoints/model_weights_step_01                   
         920.state.pt: resuming at global_step 1920                             
2026:09:08-10:25:20:20461 |CCL_WARN| value of CCL_ATL_TRANSPORT changed to be ofi (default:mpi)
2026:09:08-10:25:20:20461 |CCL_WARN| value of CCL_ALLREDUCE changed to be ring (default:)
2026:09:08-10:25:20:20465 |CCL_WARN| could not get local_idx/count from environment variables, trying to get them from ATL
2026:09:08-10:25:20:20466 |CCL_WARN| could not get local_idx/count from environment variables, trying to get them from ATL
2026:09:08-10:25:20:20469 |CCL_WARN| could not get local_idx/count from environment variables, trying to get them from ATL
2026:09:08-10:25:20:20461 |CCL_WARN| could not get local_idx/count from environment variables, trying to get them from ATL
2026:09:08-10:25:20:20470 |CCL_WARN| could not get local_idx/count from environment variables, trying to get them from ATL
2026:09:08-10:25:20:20462 |CCL_WARN| could not get local_idx/count from environment variables, trying to get them from ATL
2026:09:08-10:25:20:20463 |CCL_WARN| could not get local_idx/count from environment variables, trying to get them from ATL
2026:09:08-10:25:20:20464 |CCL_WARN| could not get local_idx/count from environment variables, trying to get them from ATL
DEBUG    [rank 0] Process 0 using seed: 42                    dit_trainer.py:389
DEBUG    [rank 0] Loaded dataset with 3,825 samples from     dit_trainer.py:1107
         sources: ['latents', 'scalars']                                        
INFO     [rank 0] Validation split: 675 samples from         dit_trainer.py:1190
         /hppfs/scratch/0D/go76fuz2/windinet/dit_preprocesse                    
         d/finetune_vae_whole_structure_baseline_ep20_256res                    
         _cosine_kl1e7/val                                                      
INFO     [rank 0] Training configuration saved to:           dit_trainer.py:1425
         training_config.yaml                                                   
INFO     [rank 0] Training on latents from VAE               dit_trainer.py:1151
         /hppfs/scratch/0D/go76fuz2/windinet/finetune_vae_ou                    
         tputs_sng_pvc/finetune_vae_whole_structure_baseline                    
         _ep20_256res_cosine_kl1e7/checkpoints/vae_shockwave                    
         _best.safetensors (fingerprint e93acb670440ff13);                      
         recorded in latent_provenance.json                                     
INFO     [rank 0] Starting training...                        dit_trainer.py:410
INFO     [rank 0] Resuming training at global_step 1920       dit_trainer.py:439
[train] step=1921 loss=0.172789 lr=8.646e-06
[train] step=1922 loss=0.181496 lr=8.645e-06
[train] step=1923 loss=0.112771 lr=8.644e-06
[train] step=1924 loss=0.143524 lr=8.642e-06
[train] step=1925 loss=0.119898 lr=8.641e-06
[train] step=1926 loss=0.218637 lr=8.639e-06
[train] step=1927 loss=0.125972 lr=8.638e-06
[train] step=1928 loss=0.135495 lr=8.637e-06
[train] step=1929 loss=0.127193 lr=8.635e-06
[train] step=1930 loss=0.201158 lr=8.634e-06
[train] step=1931 loss=0.121002 lr=8.633e-06
[train] step=1932 loss=0.184964 lr=8.631e-06
[train] step=1933 loss=0.309397 lr=8.630e-06
[train] step=1934 loss=0.161722 lr=8.629e-06
[train] step=1935 loss=0.109275 lr=8.627e-06
[train] step=1936 loss=0.141356 lr=8.626e-06
[train] step=1937 loss=0.201421 lr=8.625e-06
[train] step=1938 loss=0.152135 lr=8.623e-06
[train] step=1939 loss=0.176771 lr=8.622e-06
[train] step=1940 loss=0.149637 lr=8.621e-06
[train] step=1941 loss=0.151132 lr=8.619e-06
[train] step=1942 loss=0.125670 lr=8.618e-06
[train] step=1943 loss=0.127952 lr=8.617e-06
[train] step=1944 loss=0.125772 lr=8.615e-06
[train] step=1945 loss=0.099756 lr=8.614e-06
[train] step=1946 loss=0.112894 lr=8.612e-06
[train] step=1947 loss=0.121723 lr=8.611e-06
[train] step=1948 loss=0.198822 lr=8.610e-06
[train] step=1949 loss=0.125703 lr=8.608e-06
[train] step=1950 loss=0.177716 lr=8.607e-06
[train] step=1951 loss=0.295593 lr=8.606e-06
[train] step=1952 loss=0.181830 lr=8.604e-06
[train] step=1953 loss=0.082049 lr=8.603e-06
[train] step=1954 loss=0.147530 lr=8.602e-06
[train] step=1955 loss=0.122957 lr=8.600e-06
[train] step=1956 loss=0.140743 lr=8.599e-06
[train] step=1957 loss=0.151513 lr=8.597e-06
[train] step=1958 loss=0.126903 lr=8.596e-06
[train] step=1959 loss=0.217104 lr=8.595e-06
[train] step=1960 loss=0.151456 lr=8.593e-06
[train] step=1961 loss=0.113847 lr=8.592e-06
[train] step=1962 loss=0.149943 lr=8.591e-06
[train] step=1963 loss=0.329307 lr=8.589e-06
[train] step=1964 loss=0.134725 lr=8.588e-06
[train] step=1965 loss=0.168536 lr=8.587e-06
[train] step=1966 loss=0.201206 lr=8.585e-06
[train] step=1967 loss=0.141382 lr=8.584e-06
[train] step=1968 loss=0.146457 lr=8.582e-06
[train] step=1969 loss=0.089052 lr=8.581e-06
[train] step=1970 loss=0.208602 lr=8.580e-06
[train] step=1971 loss=0.177952 lr=8.578e-06
[train] step=1972 loss=0.207993 lr=8.577e-06
[train] step=1973 loss=0.195332 lr=8.576e-06
[train] step=1974 loss=0.111095 lr=8.574e-06
[train] step=1975 loss=0.188505 lr=8.573e-06
[train] step=1976 loss=0.105233 lr=8.572e-06
[train] step=1977 loss=0.131282 lr=8.570e-06
[train] step=1978 loss=0.139010 lr=8.569e-06
[train] step=1979 loss=0.126944 lr=8.567e-06
[train] step=1980 loss=0.196722 lr=8.566e-06
[train] step=1981 loss=0.139912 lr=8.565e-06
[train] step=1982 loss=0.158676 lr=8.563e-06
[train] step=1983 loss=0.187904 lr=8.562e-06
[train] step=1984 loss=0.328155 lr=8.560e-06
[train] step=1985 loss=0.184970 lr=8.559e-06
[train] step=1986 loss=0.183359 lr=8.558e-06
[train] step=1987 loss=0.154967 lr=8.556e-06
[train] step=1988 loss=0.166674 lr=8.555e-06
[train] step=1989 loss=0.077681 lr=8.554e-06
[train] step=1990 loss=0.164890 lr=8.552e-06
[train] step=1991 loss=0.074696 lr=8.551e-06
[train] step=1992 loss=0.195243 lr=8.549e-06
[train] step=1993 loss=0.157275 lr=8.548e-06
[train] step=1994 loss=0.148764 lr=8.547e-06
[train] step=1995 loss=0.109925 lr=8.545e-06
[train] step=1996 loss=0.121644 lr=8.544e-06
[train] step=1997 loss=0.286206 lr=8.543e-06
[train] step=1998 loss=0.123352 lr=8.541e-06
[train] step=1999 loss=0.164838 lr=8.540e-06
[train] step=2000 loss=0.127864 lr=8.538e-06
[train] step=2001 loss=0.127425 lr=8.537e-06
[train] step=2002 loss=0.201529 lr=8.536e-06
[train] step=2003 loss=0.128911 lr=8.534e-06
[train] step=2004 loss=0.178676 lr=8.533e-06
[train] step=2005 loss=0.156213 lr=8.531e-06
[train] step=2006 loss=0.217984 lr=8.530e-06
[train] step=2007 loss=0.181505 lr=8.529e-06
[train] step=2008 loss=0.152090 lr=8.527e-06
[train] step=2009 loss=0.114649 lr=8.526e-06
[train] step=2010 loss=0.278691 lr=8.524e-06
[train] step=2011 loss=0.330133 lr=8.523e-06
[train] step=2012 loss=0.131801 lr=8.522e-06
[train] step=2013 loss=0.130100 lr=8.520e-06
[train] step=2014 loss=0.115901 lr=8.519e-06
[train] step=2015 loss=0.136381 lr=8.518e-06
[train] step=2016 loss=0.081269 lr=8.516e-06
[train] step=2017 loss=0.277777 lr=8.515e-06
[train] step=2018 loss=0.170695 lr=8.513e-06
[train] step=2019 loss=0.136280 lr=8.512e-06
[train] step=2020 loss=0.155866 lr=8.511e-06
[train] step=2021 loss=0.144279 lr=8.509e-06
[train] step=2022 loss=0.123681 lr=8.508e-06
[train] step=2023 loss=0.143368 lr=8.506e-06
[train] step=2024 loss=0.143578 lr=8.505e-06
[train] step=2025 loss=0.119515 lr=8.504e-06
[train] step=2026 loss=0.231034 lr=8.502e-06
[train] step=2027 loss=0.210853 lr=8.501e-06
[train] step=2028 loss=0.104761 lr=8.499e-06
[train] step=2029 loss=0.187343 lr=8.498e-06
[train] step=2030 loss=0.220786 lr=8.497e-06
[train] step=2031 loss=0.116104 lr=8.495e-06
[train] step=2032 loss=0.130812 lr=8.494e-06
[train] step=2033 loss=0.150532 lr=8.492e-06
[train] step=2034 loss=0.106703 lr=8.491e-06
[train] step=2035 loss=0.183230 lr=8.490e-06
[train] step=2036 loss=0.165601 lr=8.488e-06
[train] step=2037 loss=0.148672 lr=8.487e-06
[train] step=2038 loss=0.224808 lr=8.485e-06
[train] step=2039 loss=0.165741 lr=8.484e-06
[train] step=2040 loss=0.145108 lr=8.482e-06
INFO     [rank 0] Model weights for step 2040 saved in       dit_trainer.py:1280
         checkpoints/model_weights_step_02040.safetensors                       
INFO     [rank 0] Scalar embedding weights for step 2040     dit_trainer.py:1289
         saved                                                                  
INFO     [rank 0] Training state saved:                      dit_trainer.py:1377
         checkpoints/model_weights_step_02040.state.pt                          
[epoch 17] step=2040 train_loss=0.161150
