The following values were not passed to `accelerate launch` and had defaults used instead:
		More than one GPU was found, enabling multi-GPU training.
		If this was unintended please pass in `--num_processes=1`.
	`--dynamo_backend` was set to a value of `'no'`
To avoid this warning pass in values for each of the problematic parameters or run `accelerate config`.
/dss/dsshome1/0D/go76fuz2/.local/share/mamba/envs/windinet/lib/python3.10/site-packages/huggingface_hub/utils/_validators.py:205: UserWarning: The `local_dir_use_symlinks` argument is deprecated and ignored in `hf_hub_download`. Downloading to a local directory does not use symlinks anymore.
  warnings.warn(
/dss/dsshome1/0D/go76fuz2/.local/share/mamba/envs/windinet/lib/python3.10/site-packages/huggingface_hub/utils/_validators.py:205: UserWarning: The `local_dir_use_symlinks` argument is deprecated and ignored in `hf_hub_download`. Downloading to a local directory does not use symlinks anymore.
  warnings.warn(
/dss/dsshome1/0D/go76fuz2/.local/share/mamba/envs/windinet/lib/python3.10/site-packages/huggingface_hub/utils/_validators.py:205: UserWarning: The `local_dir_use_symlinks` argument is deprecated and ignored in `hf_hub_download`. Downloading to a local directory does not use symlinks anymore.
  warnings.warn(
/dss/dsshome1/0D/go76fuz2/.local/share/mamba/envs/windinet/lib/python3.10/site-packages/huggingface_hub/utils/_validators.py:205: UserWarning: The `local_dir_use_symlinks` argument is deprecated and ignored in `hf_hub_download`. Downloading to a local directory does not use symlinks anymore.
  warnings.warn(
/dss/dsshome1/0D/go76fuz2/.local/share/mamba/envs/windinet/lib/python3.10/site-packages/huggingface_hub/utils/_validators.py:205: UserWarning: The `local_dir_use_symlinks` argument is deprecated and ignored in `hf_hub_download`. Downloading to a local directory does not use symlinks anymore.
  warnings.warn(
/dss/dsshome1/0D/go76fuz2/.local/share/mamba/envs/windinet/lib/python3.10/site-packages/huggingface_hub/utils/_validators.py:205: UserWarning: The `local_dir_use_symlinks` argument is deprecated and ignored in `hf_hub_download`. Downloading to a local directory does not use symlinks anymore.
  warnings.warn(
/dss/dsshome1/0D/go76fuz2/.local/share/mamba/envs/windinet/lib/python3.10/site-packages/huggingface_hub/utils/_validators.py:205: UserWarning: The `local_dir_use_symlinks` argument is deprecated and ignored in `hf_hub_download`. Downloading to a local directory does not use symlinks anymore.
  warnings.warn(
/dss/dsshome1/0D/go76fuz2/.local/share/mamba/envs/windinet/lib/python3.10/site-packages/huggingface_hub/utils/_validators.py:205: UserWarning: The `local_dir_use_symlinks` argument is deprecated and ignored in `hf_hub_download`. Downloading to a local directory does not use symlinks anymore.
  warnings.warn(
There are modules in LTXVideoTransformer3DModel that should be kept in float32: []. Casting directly with `to()` can lead to inconsistent results; set `torch_dtype` in `from_pretrained()` instead to keep these modules in float32.
/dss/dsshome1/0D/go76fuz2/.local/share/mamba/envs/windinet/lib/python3.10/site-packages/torch/nn/functional.py:2954: UserWarning: Mismatch dtype between input and weight: input dtype = c10::BFloat16, weight dtype = float, Cannot dispatch to fused implementation. (Triggered internally at /pytorch/aten/src/ATen/native/layer_norm.cpp:344.)
  return torch.rms_norm(input, normalized_shape, weight, eps)
/dss/dsshome1/0D/go76fuz2/.local/share/mamba/envs/windinet/lib/python3.10/site-packages/torch/nn/functional.py:2954: UserWarning: Mismatch dtype between input and weight: input dtype = c10::BFloat16, weight dtype = float, Cannot dispatch to fused implementation. (Triggered internally at /pytorch/aten/src/ATen/native/layer_norm.cpp:344.)
  return torch.rms_norm(input, normalized_shape, weight, eps)
/dss/dsshome1/0D/go76fuz2/.local/share/mamba/envs/windinet/lib/python3.10/site-packages/torch/nn/functional.py:2954: UserWarning: Mismatch dtype between input and weight: input dtype = c10::BFloat16, weight dtype = float, Cannot dispatch to fused implementation. (Triggered internally at /pytorch/aten/src/ATen/native/layer_norm.cpp:344.)
  return torch.rms_norm(input, normalized_shape, weight, eps)
/dss/dsshome1/0D/go76fuz2/.local/share/mamba/envs/windinet/lib/python3.10/site-packages/torch/nn/functional.py:2954: UserWarning: Mismatch dtype between input and weight: input dtype = c10::BFloat16, weight dtype = float, Cannot dispatch to fused implementation. (Triggered internally at /pytorch/aten/src/ATen/native/layer_norm.cpp:344.)
  return torch.rms_norm(input, normalized_shape, weight, eps)
/dss/dsshome1/0D/go76fuz2/.local/share/mamba/envs/windinet/lib/python3.10/site-packages/torch/nn/functional.py:2954: UserWarning: Mismatch dtype between input and weight: input dtype = c10::BFloat16, weight dtype = float, Cannot dispatch to fused implementation. (Triggered internally at /pytorch/aten/src/ATen/native/layer_norm.cpp:344.)
  return torch.rms_norm(input, normalized_shape, weight, eps)
/dss/dsshome1/0D/go76fuz2/.local/share/mamba/envs/windinet/lib/python3.10/site-packages/torch/nn/functional.py:2954: UserWarning: Mismatch dtype between input and weight: input dtype = c10::BFloat16, weight dtype = float, Cannot dispatch to fused implementation. (Triggered internally at /pytorch/aten/src/ATen/native/layer_norm.cpp:344.)
  return torch.rms_norm(input, normalized_shape, weight, eps)
/dss/dsshome1/0D/go76fuz2/.local/share/mamba/envs/windinet/lib/python3.10/site-packages/torch/nn/functional.py:2954: UserWarning: Mismatch dtype between input and weight: input dtype = c10::BFloat16, weight dtype = float, Cannot dispatch to fused implementation. (Triggered internally at /pytorch/aten/src/ATen/native/layer_norm.cpp:344.)
  return torch.rms_norm(input, normalized_shape, weight, eps)
/dss/dsshome1/0D/go76fuz2/.local/share/mamba/envs/windinet/lib/python3.10/site-packages/torch/nn/functional.py:2954: UserWarning: Mismatch dtype between input and weight: input dtype = c10::BFloat16, weight dtype = float, Cannot dispatch to fused implementation. (Triggered internally at /pytorch/aten/src/ATen/native/layer_norm.cpp:344.)
  return torch.rms_norm(input, normalized_shape, weight, eps)
There are modules in AutoencoderKLLTXVideo that should be kept in float32: []. Casting directly with `to()` can lead to inconsistent results; set `torch_dtype` in `from_pretrained()` instead to keep these modules in float32.
[rank3]: Traceback (most recent call last):
[rank3]:   File "/dss/dsshome1/0D/go76fuz2/windinet/scripts/train.py", line 53, in <module>
[rank3]:     app()
[rank3]:   File "/dss/dsshome1/0D/go76fuz2/.local/share/mamba/envs/windinet/lib/python3.10/site-packages/typer/main.py", line 1154, in __call__
[rank3]:     raise e
[rank3]:   File "/dss/dsshome1/0D/go76fuz2/.local/share/mamba/envs/windinet/lib/python3.10/site-packages/typer/main.py", line 1137, in __call__
[rank3]:     return get_command(self)(*args, **kwargs)
[rank3]:   File "/dss/dsshome1/0D/go76fuz2/.local/share/mamba/envs/windinet/lib/python3.10/site-packages/typer/_click/core.py", line 807, in __call__
[rank3]:     return self.main(*args, **kwargs)
[rank3]:   File "/dss/dsshome1/0D/go76fuz2/.local/share/mamba/envs/windinet/lib/python3.10/site-packages/typer/core.py", line 970, in main
[rank3]:     return _main(
[rank3]:   File "/dss/dsshome1/0D/go76fuz2/.local/share/mamba/envs/windinet/lib/python3.10/site-packages/typer/core.py", line 189, in _main
[rank3]:     rv = self.invoke(ctx)
[rank3]:   File "/dss/dsshome1/0D/go76fuz2/.local/share/mamba/envs/windinet/lib/python3.10/site-packages/typer/_click/core.py", line 746, in invoke
[rank3]:     return ctx.invoke(self.callback, **ctx.params)
[rank3]:   File "/dss/dsshome1/0D/go76fuz2/.local/share/mamba/envs/windinet/lib/python3.10/site-packages/typer/_click/core.py", line 489, in invoke
[rank3]:     return callback(*args, **kwargs)
[rank3]:   File "/dss/dsshome1/0D/go76fuz2/.local/share/mamba/envs/windinet/lib/python3.10/site-packages/typer/main.py", line 1524, in wrapper
[rank3]:     return callback(**use_params)
[rank3]:   File "/dss/dsshome1/0D/go76fuz2/windinet/scripts/train.py", line 49, in main
[rank3]:     trainer.train()
[rank3]:   File "/dss/dsshome1/0D/go76fuz2/windinet/windinet/training/dit_trainer.py", line 471, in train
[rank3]:     loss = self._training_step(batch)
[rank3]:   File "/dss/dsshome1/0D/go76fuz2/windinet/windinet/training/dit_trainer.py", line 711, in _training_step
[rank3]:     training_batch = self._embed_and_concat_scalars(training_batch)
[rank3]:   File "/dss/dsshome1/0D/go76fuz2/windinet/windinet/training/dit_trainer.py", line 771, in _embed_and_concat_scalars
[rank3]:     normalized = scalar_embedding.normalize(batch.scalars)
[rank3]:   File "/dss/dsshome1/0D/go76fuz2/.local/share/mamba/envs/windinet/lib/python3.10/site-packages/torch/nn/modules/module.py", line 1965, in __getattr__
[rank3]:     raise AttributeError(
[rank3]: AttributeError: 'DistributedDataParallel' object has no attribute 'normalize'
[rank4]: Traceback (most recent call last):
[rank4]:   File "/dss/dsshome1/0D/go76fuz2/windinet/scripts/train.py", line 53, in <module>
[rank4]:     app()
[rank4]:   File "/dss/dsshome1/0D/go76fuz2/.local/share/mamba/envs/windinet/lib/python3.10/site-packages/typer/main.py", line 1154, in __call__
[rank4]:     raise e
[rank4]:   File "/dss/dsshome1/0D/go76fuz2/.local/share/mamba/envs/windinet/lib/python3.10/site-packages/typer/main.py", line 1137, in __call__
[rank4]:     return get_command(self)(*args, **kwargs)
[rank4]:   File "/dss/dsshome1/0D/go76fuz2/.local/share/mamba/envs/windinet/lib/python3.10/site-packages/typer/_click/core.py", line 807, in __call__
[rank4]:     return self.main(*args, **kwargs)
[rank4]:   File "/dss/dsshome1/0D/go76fuz2/.local/share/mamba/envs/windinet/lib/python3.10/site-packages/typer/core.py", line 970, in main
[rank4]:     return _main(
[rank4]:   File "/dss/dsshome1/0D/go76fuz2/.local/share/mamba/envs/windinet/lib/python3.10/site-packages/typer/core.py", line 189, in _main
[rank4]:     rv = self.invoke(ctx)
[rank4]:   File "/dss/dsshome1/0D/go76fuz2/.local/share/mamba/envs/windinet/lib/python3.10/site-packages/typer/_click/core.py", line 746, in invoke
[rank4]:     return ctx.invoke(self.callback, **ctx.params)
[rank4]:   File "/dss/dsshome1/0D/go76fuz2/.local/share/mamba/envs/windinet/lib/python3.10/site-packages/typer/_click/core.py", line 489, in invoke
[rank4]:     return callback(*args, **kwargs)
[rank4]:   File "/dss/dsshome1/0D/go76fuz2/.local/share/mamba/envs/windinet/lib/python3.10/site-packages/typer/main.py", line 1524, in wrapper
[rank4]:     return callback(**use_params)
[rank4]:   File "/dss/dsshome1/0D/go76fuz2/windinet/scripts/train.py", line 49, in main
[rank4]:     trainer.train()
[rank4]:   File "/dss/dsshome1/0D/go76fuz2/windinet/windinet/training/dit_trainer.py", line 471, in train
[rank4]:     loss = self._training_step(batch)
[rank4]:   File "/dss/dsshome1/0D/go76fuz2/windinet/windinet/training/dit_trainer.py", line 711, in _training_step
[rank4]:     training_batch = self._embed_and_concat_scalars(training_batch)
[rank4]:   File "/dss/dsshome1/0D/go76fuz2/windinet/windinet/training/dit_trainer.py", line 771, in _embed_and_concat_scalars
[rank4]:     normalized = scalar_embedding.normalize(batch.scalars)
[rank4]:   File "/dss/dsshome1/0D/go76fuz2/.local/share/mamba/envs/windinet/lib/python3.10/site-packages/torch/nn/modules/module.py", line 1965, in __getattr__
[rank4]:     raise AttributeError(
[rank4]: AttributeError: 'DistributedDataParallel' object has no attribute 'normalize'
[rank2]: Traceback (most recent call last):
[rank2]:   File "/dss/dsshome1/0D/go76fuz2/windinet/scripts/train.py", line 53, in <module>
[rank2]:     app()
[rank2]:   File "/dss/dsshome1/0D/go76fuz2/.local/share/mamba/envs/windinet/lib/python3.10/site-packages/typer/main.py", line 1154, in __call__
[rank2]:     raise e
[rank2]:   File "/dss/dsshome1/0D/go76fuz2/.local/share/mamba/envs/windinet/lib/python3.10/site-packages/typer/main.py", line 1137, in __call__
[rank2]:     return get_command(self)(*args, **kwargs)
[rank2]:   File "/dss/dsshome1/0D/go76fuz2/.local/share/mamba/envs/windinet/lib/python3.10/site-packages/typer/_click/core.py", line 807, in __call__
[rank2]:     return self.main(*args, **kwargs)
[rank2]:   File "/dss/dsshome1/0D/go76fuz2/.local/share/mamba/envs/windinet/lib/python3.10/site-packages/typer/core.py", line 970, in main
[rank2]:     return _main(
[rank2]:   File "/dss/dsshome1/0D/go76fuz2/.local/share/mamba/envs/windinet/lib/python3.10/site-packages/typer/core.py", line 189, in _main
[rank2]:     rv = self.invoke(ctx)
[rank2]:   File "/dss/dsshome1/0D/go76fuz2/.local/share/mamba/envs/windinet/lib/python3.10/site-packages/typer/_click/core.py", line 746, in invoke
[rank2]:     return ctx.invoke(self.callback, **ctx.params)
[rank2]:   File "/dss/dsshome1/0D/go76fuz2/.local/share/mamba/envs/windinet/lib/python3.10/site-packages/typer/_click/core.py", line 489, in invoke
[rank2]:     return callback(*args, **kwargs)
[rank2]:   File "/dss/dsshome1/0D/go76fuz2/.local/share/mamba/envs/windinet/lib/python3.10/site-packages/typer/main.py", line 1524, in wrapper
[rank2]:     return callback(**use_params)
[rank2]:   File "/dss/dsshome1/0D/go76fuz2/windinet/scripts/train.py", line 49, in main
[rank2]:     trainer.train()
[rank2]:   File "/dss/dsshome1/0D/go76fuz2/windinet/windinet/training/dit_trainer.py", line 471, in train
[rank2]:     loss = self._training_step(batch)
[rank2]:   File "/dss/dsshome1/0D/go76fuz2/windinet/windinet/training/dit_trainer.py", line 711, in _training_step
[rank2]:     training_batch = self._embed_and_concat_scalars(training_batch)
[rank2]:   File "/dss/dsshome1/0D/go76fuz2/windinet/windinet/training/dit_trainer.py", line 771, in _embed_and_concat_scalars
[rank2]:     normalized = scalar_embedding.normalize(batch.scalars)
[rank2]:   File "/dss/dsshome1/0D/go76fuz2/.local/share/mamba/envs/windinet/lib/python3.10/site-packages/torch/nn/modules/module.py", line 1965, in __getattr__
[rank2]:     raise AttributeError(
[rank2]: AttributeError: 'DistributedDataParallel' object has no attribute 'normalize'
[rank5]: Traceback (most recent call last):
[rank5]:   File "/dss/dsshome1/0D/go76fuz2/windinet/scripts/train.py", line 53, in <module>
[rank5]:     app()
[rank5]:   File "/dss/dsshome1/0D/go76fuz2/.local/share/mamba/envs/windinet/lib/python3.10/site-packages/typer/main.py", line 1154, in __call__
[rank5]:     raise e
[rank5]:   File "/dss/dsshome1/0D/go76fuz2/.local/share/mamba/envs/windinet/lib/python3.10/site-packages/typer/main.py", line 1137, in __call__
[rank5]:     return get_command(self)(*args, **kwargs)
[rank5]:   File "/dss/dsshome1/0D/go76fuz2/.local/share/mamba/envs/windinet/lib/python3.10/site-packages/typer/_click/core.py", line 807, in __call__
[rank5]:     return self.main(*args, **kwargs)
[rank5]:   File "/dss/dsshome1/0D/go76fuz2/.local/share/mamba/envs/windinet/lib/python3.10/site-packages/typer/core.py", line 970, in main
[rank5]:     return _main(
[rank5]:   File "/dss/dsshome1/0D/go76fuz2/.local/share/mamba/envs/windinet/lib/python3.10/site-packages/typer/core.py", line 189, in _main
[rank5]:     rv = self.invoke(ctx)
[rank5]:   File "/dss/dsshome1/0D/go76fuz2/.local/share/mamba/envs/windinet/lib/python3.10/site-packages/typer/_click/core.py", line 746, in invoke
[rank5]:     return ctx.invoke(self.callback, **ctx.params)
[rank5]:   File "/dss/dsshome1/0D/go76fuz2/.local/share/mamba/envs/windinet/lib/python3.10/site-packages/typer/_click/core.py", line 489, in invoke
[rank5]:     return callback(*args, **kwargs)
[rank5]:   File "/dss/dsshome1/0D/go76fuz2/.local/share/mamba/envs/windinet/lib/python3.10/site-packages/typer/main.py", line 1524, in wrapper
[rank5]:     return callback(**use_params)
[rank5]:   File "/dss/dsshome1/0D/go76fuz2/windinet/scripts/train.py", line 49, in main
[rank5]:     trainer.train()
[rank5]:   File "/dss/dsshome1/0D/go76fuz2/windinet/windinet/training/dit_trainer.py", line 471, in train
[rank5]:     loss = self._training_step(batch)
[rank5]:   File "/dss/dsshome1/0D/go76fuz2/windinet/windinet/training/dit_trainer.py", line 711, in _training_step
[rank5]:     training_batch = self._embed_and_concat_scalars(training_batch)
[rank5]:   File "/dss/dsshome1/0D/go76fuz2/windinet/windinet/training/dit_trainer.py", line 771, in _embed_and_concat_scalars
[rank5]:     normalized = scalar_embedding.normalize(batch.scalars)
[rank5]:   File "/dss/dsshome1/0D/go76fuz2/.local/share/mamba/envs/windinet/lib/python3.10/site-packages/torch/nn/modules/module.py", line 1965, in __getattr__
[rank5]:     raise AttributeError(
[rank5]: AttributeError: 'DistributedDataParallel' object has no attribute 'normalize'
[rank7]: Traceback (most recent call last):
[rank7]:   File "/dss/dsshome1/0D/go76fuz2/windinet/scripts/train.py", line 53, in <module>
[rank7]:     app()
[rank7]:   File "/dss/dsshome1/0D/go76fuz2/.local/share/mamba/envs/windinet/lib/python3.10/site-packages/typer/main.py", line 1154, in __call__
[rank7]:     raise e
[rank7]:   File "/dss/dsshome1/0D/go76fuz2/.local/share/mamba/envs/windinet/lib/python3.10/site-packages/typer/main.py", line 1137, in __call__
[rank7]:     return get_command(self)(*args, **kwargs)
[rank7]:   File "/dss/dsshome1/0D/go76fuz2/.local/share/mamba/envs/windinet/lib/python3.10/site-packages/typer/_click/core.py", line 807, in __call__
[rank7]:     return self.main(*args, **kwargs)
[rank7]:   File "/dss/dsshome1/0D/go76fuz2/.local/share/mamba/envs/windinet/lib/python3.10/site-packages/typer/core.py", line 970, in main
[rank7]:     return _main(
[rank7]:   File "/dss/dsshome1/0D/go76fuz2/.local/share/mamba/envs/windinet/lib/python3.10/site-packages/typer/core.py", line 189, in _main
[rank7]:     rv = self.invoke(ctx)
[rank7]:   File "/dss/dsshome1/0D/go76fuz2/.local/share/mamba/envs/windinet/lib/python3.10/site-packages/typer/_click/core.py", line 746, in invoke
[rank7]:     return ctx.invoke(self.callback, **ctx.params)
[rank7]:   File "/dss/dsshome1/0D/go76fuz2/.local/share/mamba/envs/windinet/lib/python3.10/site-packages/typer/_click/core.py", line 489, in invoke
[rank7]:     return callback(*args, **kwargs)
[rank7]:   File "/dss/dsshome1/0D/go76fuz2/.local/share/mamba/envs/windinet/lib/python3.10/site-packages/typer/main.py", line 1524, in wrapper
[rank7]:     return callback(**use_params)
[rank7]:   File "/dss/dsshome1/0D/go76fuz2/windinet/scripts/train.py", line 49, in main
[rank7]:     trainer.train()
[rank7]:   File "/dss/dsshome1/0D/go76fuz2/windinet/windinet/training/dit_trainer.py", line 471, in train
[rank7]:     loss = self._training_step(batch)
[rank7]:   File "/dss/dsshome1/0D/go76fuz2/windinet/windinet/training/dit_trainer.py", line 711, in _training_step
[rank7]:     training_batch = self._embed_and_concat_scalars(training_batch)
[rank7]:   File "/dss/dsshome1/0D/go76fuz2/windinet/windinet/training/dit_trainer.py", line 771, in _embed_and_concat_scalars
[rank7]:     normalized = scalar_embedding.normalize(batch.scalars)
[rank7]:   File "/dss/dsshome1/0D/go76fuz2/.local/share/mamba/envs/windinet/lib/python3.10/site-packages/torch/nn/modules/module.py", line 1965, in __getattr__
[rank7]:     raise AttributeError(
[rank7]: AttributeError: 'DistributedDataParallel' object has no attribute 'normalize'
[rank6]: Traceback (most recent call last):
[rank6]:   File "/dss/dsshome1/0D/go76fuz2/windinet/scripts/train.py", line 53, in <module>
[rank6]:     app()
[rank6]:   File "/dss/dsshome1/0D/go76fuz2/.local/share/mamba/envs/windinet/lib/python3.10/site-packages/typer/main.py", line 1154, in __call__
[rank6]:     raise e
[rank6]:   File "/dss/dsshome1/0D/go76fuz2/.local/share/mamba/envs/windinet/lib/python3.10/site-packages/typer/main.py", line 1137, in __call__
[rank6]:     return get_command(self)(*args, **kwargs)
[rank6]:   File "/dss/dsshome1/0D/go76fuz2/.local/share/mamba/envs/windinet/lib/python3.10/site-packages/typer/_click/core.py", line 807, in __call__
[rank6]:     return self.main(*args, **kwargs)
[rank6]:   File "/dss/dsshome1/0D/go76fuz2/.local/share/mamba/envs/windinet/lib/python3.10/site-packages/typer/core.py", line 970, in main
[rank6]:     return _main(
[rank6]:   File "/dss/dsshome1/0D/go76fuz2/.local/share/mamba/envs/windinet/lib/python3.10/site-packages/typer/core.py", line 189, in _main
[rank6]:     rv = self.invoke(ctx)
[rank6]:   File "/dss/dsshome1/0D/go76fuz2/.local/share/mamba/envs/windinet/lib/python3.10/site-packages/typer/_click/core.py", line 746, in invoke
[rank6]:     return ctx.invoke(self.callback, **ctx.params)
[rank6]:   File "/dss/dsshome1/0D/go76fuz2/.local/share/mamba/envs/windinet/lib/python3.10/site-packages/typer/_click/core.py", line 489, in invoke
[rank6]:     return callback(*args, **kwargs)
[rank6]:   File "/dss/dsshome1/0D/go76fuz2/.local/share/mamba/envs/windinet/lib/python3.10/site-packages/typer/main.py", line 1524, in wrapper
[rank6]:     return callback(**use_params)
[rank6]:   File "/dss/dsshome1/0D/go76fuz2/windinet/scripts/train.py", line 49, in main
[rank6]:     trainer.train()
[rank6]:   File "/dss/dsshome1/0D/go76fuz2/windinet/windinet/training/dit_trainer.py", line 471, in train
[rank6]:     loss = self._training_step(batch)
[rank6]:   File "/dss/dsshome1/0D/go76fuz2/windinet/windinet/training/dit_trainer.py", line 711, in _training_step
[rank6]:     training_batch = self._embed_and_concat_scalars(training_batch)
[rank6]:   File "/dss/dsshome1/0D/go76fuz2/windinet/windinet/training/dit_trainer.py", line 771, in _embed_and_concat_scalars
[rank6]:     normalized = scalar_embedding.normalize(batch.scalars)
[rank6]:   File "/dss/dsshome1/0D/go76fuz2/.local/share/mamba/envs/windinet/lib/python3.10/site-packages/torch/nn/modules/module.py", line 1965, in __getattr__
[rank6]:     raise AttributeError(
[rank6]: AttributeError: 'DistributedDataParallel' object has no attribute 'normalize'
level_zero backend failed with error: level_zero backend failed with error: level_zero backend failed with error: level_zero backend failed with error: level_zero backend failed with error: level_zero backend failed with error: 20 (UR_RESULT_ERROR_DEVICE_LOST)20 (UR_RESULT_ERROR_DEVICE_LOST)

20 (UR_RESULT_ERROR_DEVICE_LOST)
20 (UR_RESULT_ERROR_DEVICE_LOST)
20 (UR_RESULT_ERROR_DEVICE_LOST)
20 (UR_RESULT_ERROR_DEVICE_LOST)
srun: Job step aborted: Waiting up to 4 seconds for job step to finish.
slurmstepd: error: *** JOB 535066 ON i20r06c03s04 CANCELLED AT 2026-09-09T05:49:32 DUE TO TIME LIMIT ***
slurmstepd: error: *** STEP 535066.0 ON i20r06c03s04 CANCELLED AT 2026-09-09T05:49:32 DUE TO TIME LIMIT ***
--- Logging error ---
Traceback (most recent call last):
  File "/dss/dsshome1/0D/go76fuz2/.local/share/mamba/envs/windinet/lib/python3.10/site-packages/torch/distributed/elastic/agent/server/api.py", line 731, in run
    result = self._invoke_run(role)
  File "/dss/dsshome1/0D/go76fuz2/.local/share/mamba/envs/windinet/lib/python3.10/site-packages/torch/distributed/elastic/agent/server/api.py", line 908, in _invoke_run
    time.sleep(monitor_interval)
  File "/dss/dsshome1/0D/go76fuz2/.local/share/mamba/envs/windinet/lib/python3.10/site-packages/torch/distributed/elastic/multiprocessing/api.py", line 86, in _terminate_process_handler
    raise SignalException(f"Process {os.getpid()} got signal: {sigval}", sigval=sigval)
torch.distributed.elastic.multiprocessing.api.SignalException: Process 4640 got signal: 15

During handling of the above exception, another exception occurred:

Traceback (most recent call last):
  File "/dss/dsshome1/0D/go76fuz2/.local/share/mamba/envs/windinet/lib/python3.10/logging/__init__.py", line 1100, in emit
    msg = self.format(record)
  File "/dss/dsshome1/0D/go76fuz2/.local/share/mamba/envs/windinet/lib/python3.10/logging/__init__.py", line 943, in format
    return fmt.format(record)
  File "/dss/dsshome1/0D/go76fuz2/.local/share/mamba/envs/windinet/lib/python3.10/site-packages/torch/_logging/_internal.py", line 937, in format
    filepath = make_module_path_relative(record.pathname)
  File "/dss/dsshome1/0D/go76fuz2/.local/share/mamba/envs/windinet/lib/python3.10/site-packages/torch/_logging/_internal.py", line 857, in make_module_path_relative
    abs_path = pathlib.Path(abs_path).resolve()
  File "/dss/dsshome1/0D/go76fuz2/.local/share/mamba/envs/windinet/lib/python3.10/pathlib.py", line 1077, in resolve
    s = self._accessor.realpath(self, strict=strict)
  File "/dss/dsshome1/0D/go76fuz2/.local/share/mamba/envs/windinet/lib/python3.10/posixpath.py", line 393, in realpath
    path, ok = _joinrealpath(filename[:0], filename, strict, {})
  File "/dss/dsshome1/0D/go76fuz2/.local/share/mamba/envs/windinet/lib/python3.10/posixpath.py", line 437, in _joinrealpath
    st = os.lstat(newpath)
  File "/dss/dsshome1/0D/go76fuz2/.local/share/mamba/envs/windinet/lib/python3.10/site-packages/torch/distributed/elastic/multiprocessing/api.py", line 86, in _terminate_process_handler
    raise SignalException(f"Process {os.getpid()} got signal: {sigval}", sigval=sigval)
torch.distributed.elastic.multiprocessing.api.SignalException: Process 4640 got signal: 15
Call stack:
  File "/dss/dsshome1/0D/go76fuz2/.local/share/mamba/envs/windinet/bin/accelerate", line 6, in <module>
    sys.exit(main())
  File "/dss/dsshome1/0D/go76fuz2/.local/share/mamba/envs/windinet/lib/python3.10/site-packages/accelerate/commands/accelerate_cli.py", line 50, in main
    args.func(args)
  File "/dss/dsshome1/0D/go76fuz2/.local/share/mamba/envs/windinet/lib/python3.10/site-packages/accelerate/commands/launch.py", line 1398, in launch_command
    multi_gpu_launcher(args)
  File "/dss/dsshome1/0D/go76fuz2/.local/share/mamba/envs/windinet/lib/python3.10/site-packages/accelerate/commands/launch.py", line 1023, in multi_gpu_launcher
    distrib_run.run(args)
  File "/dss/dsshome1/0D/go76fuz2/.local/share/mamba/envs/windinet/lib/python3.10/site-packages/torch/distributed/run.py", line 982, in run
    elastic_launch(
  File "/dss/dsshome1/0D/go76fuz2/.local/share/mamba/envs/windinet/lib/python3.10/site-packages/torch/distributed/launcher/api.py", line 170, in __call__
    return launch_agent(self._config, self._entrypoint, list(args))
  File "/dss/dsshome1/0D/go76fuz2/.local/share/mamba/envs/windinet/lib/python3.10/site-packages/torch/distributed/launcher/api.py", line 308, in launch_agent
    result = agent.run()
  File "/dss/dsshome1/0D/go76fuz2/.local/share/mamba/envs/windinet/lib/python3.10/site-packages/torch/distributed/elastic/metrics/api.py", line 134, in wrapper
    result = f(*args, **kwargs)
  File "/dss/dsshome1/0D/go76fuz2/.local/share/mamba/envs/windinet/lib/python3.10/site-packages/torch/distributed/elastic/agent/server/api.py", line 739, in run
    logger.warning("Received %s death signal, shutting down workers", e.sigval)
Message: 'Received %s death signal, shutting down workers'
Arguments: (<Signals.SIGTERM: 15>,)
W0909 05:49:32.364000 4640 site-packages/torch/distributed/elastic/multiprocessing/api.py:1010] Sending process 4805 closing signal SIGTERM
W0909 05:49:32.365000 4640 site-packages/torch/distributed/elastic/multiprocessing/api.py:1010] Sending process 4806 closing signal SIGTERM
W0909 05:49:32.366000 4640 site-packages/torch/distributed/elastic/multiprocessing/api.py:1010] Sending process 4807 closing signal SIGTERM
W0909 05:49:32.366000 4640 site-packages/torch/distributed/elastic/multiprocessing/api.py:1010] Sending process 4808 closing signal SIGTERM
W0909 05:49:32.367000 4640 site-packages/torch/distributed/elastic/multiprocessing/api.py:1010] Sending process 4809 closing signal SIGTERM
W0909 05:49:32.367000 4640 site-packages/torch/distributed/elastic/multiprocessing/api.py:1010] Sending process 4810 closing signal SIGTERM
W0909 05:49:32.367000 4640 site-packages/torch/distributed/elastic/multiprocessing/api.py:1010] Sending process 4811 closing signal SIGTERM
W0909 05:49:32.367000 4640 site-packages/torch/distributed/elastic/multiprocessing/api.py:1010] Sending process 4812 closing signal SIGTERM
