slurmstepd: error: Unable to create TMPDIR [/hppfs/scratch/0D/go76fuz2/tmp]: No such file or directory
slurmstepd: error: Setting TMPDIR to /tmp
The following values were not passed to `accelerate launch` and had defaults used instead:
		More than one GPU was found, enabling multi-GPU training.
		If this was unintended please pass in `--num_processes=1`.
	`--dynamo_backend` was set to a value of `'no'`
To avoid this warning pass in values for each of the problematic parameters or run `accelerate config`.
The following values were not passed to `accelerate launch` and had defaults used instead:
		More than one GPU was found, enabling multi-GPU training.
		If this was unintended please pass in `--num_processes=1`.
	`--dynamo_backend` was set to a value of `'no'`
To avoid this warning pass in values for each of the problematic parameters or run `accelerate config`.
[W805 01:44:10.679194846 socket.cpp:469] [c10d] waitForInput: poll for socket SocketImpl(fd=24, addr=[i20r02c04s06.sng.lrz.de]:39582, remote=[i20r02c04s04.sng.lrz.de]:45361) returned 0, likely a timeout
[W805 01:44:10.681406730 socket.cpp:494] [c10d] waitForInput: socket SocketImpl(fd=24, addr=[i20r02c04s06.sng.lrz.de]:39582, remote=[i20r02c04s04.sng.lrz.de]:45361) timed out after 900000ms
[W805 01:44:11.789418833 socket.cpp:469] [c10d] waitForInput: poll for socket SocketImpl(fd=24, addr=[i20r02c04s04.sng.lrz.de]:47330, remote=[i20r02c04s04.sng.lrz.de]:45361) returned 0, likely a timeout
[W805 01:44:11.790248087 socket.cpp:494] [c10d] waitForInput: socket SocketImpl(fd=24, addr=[i20r02c04s04.sng.lrz.de]:47330, remote=[i20r02c04s04.sng.lrz.de]:45361) timed out after 900000ms
Traceback (most recent call last):
  File "/dss/dsshome1/0D/go76fuz2/.local/share/mamba/envs/windinet/bin/accelerate", line 6, in <module>
    sys.exit(main())
  File "/dss/dsshome1/0D/go76fuz2/.local/share/mamba/envs/windinet/lib/python3.10/site-packages/accelerate/commands/accelerate_cli.py", line 50, in main
    args.func(args)
  File "/dss/dsshome1/0D/go76fuz2/.local/share/mamba/envs/windinet/lib/python3.10/site-packages/accelerate/commands/launch.py", line 1398, in launch_command
    multi_gpu_launcher(args)
  File "/dss/dsshome1/0D/go76fuz2/.local/share/mamba/envs/windinet/lib/python3.10/site-packages/accelerate/commands/launch.py", line 1023, in multi_gpu_launcher
    distrib_run.run(args)
  File "/dss/dsshome1/0D/go76fuz2/.local/share/mamba/envs/windinet/lib/python3.10/site-packages/torch/distributed/run.py", line 982, in run
    elastic_launch(
  File "/dss/dsshome1/0D/go76fuz2/.local/share/mamba/envs/windinet/lib/python3.10/site-packages/torch/distributed/launcher/api.py", line 170, in __call__
Traceback (most recent call last):
  File "/dss/dsshome1/0D/go76fuz2/.local/share/mamba/envs/windinet/bin/accelerate", line 6, in <module>
    sys.exit(main())
  File "/dss/dsshome1/0D/go76fuz2/.local/share/mamba/envs/windinet/lib/python3.10/site-packages/accelerate/commands/accelerate_cli.py", line 50, in main
    args.func(args)
  File "/dss/dsshome1/0D/go76fuz2/.local/share/mamba/envs/windinet/lib/python3.10/site-packages/accelerate/commands/launch.py", line 1398, in launch_command
    multi_gpu_launcher(args)
  File "/dss/dsshome1/0D/go76fuz2/.local/share/mamba/envs/windinet/lib/python3.10/site-packages/accelerate/commands/launch.py", line 1023, in multi_gpu_launcher
    distrib_run.run(args)
  File "/dss/dsshome1/0D/go76fuz2/.local/share/mamba/envs/windinet/lib/python3.10/site-packages/torch/distributed/run.py", line 982, in run
    elastic_launch(
  File "/dss/dsshome1/0D/go76fuz2/.local/share/mamba/envs/windinet/lib/python3.10/site-packages/torch/distributed/launcher/api.py", line 170, in __call__
    return launch_agent(self._config, self._entrypoint, list(args))
  File "/dss/dsshome1/0D/go76fuz2/.local/share/mamba/envs/windinet/lib/python3.10/site-packages/torch/distributed/launcher/api.py", line 308, in launch_agent
    result = agent.run()
  File "/dss/dsshome1/0D/go76fuz2/.local/share/mamba/envs/windinet/lib/python3.10/site-packages/torch/distributed/elastic/metrics/api.py", line 134, in wrapper
    result = f(*args, **kwargs)
  File "/dss/dsshome1/0D/go76fuz2/.local/share/mamba/envs/windinet/lib/python3.10/site-packages/torch/distributed/elastic/agent/server/api.py", line 731, in run
    result = self._invoke_run(role)
  File "/dss/dsshome1/0D/go76fuz2/.local/share/mamba/envs/windinet/lib/python3.10/site-packages/torch/distributed/elastic/agent/server/api.py", line 902, in _invoke_run
    self._initialize_workers(self._worker_group)
  File "/dss/dsshome1/0D/go76fuz2/.local/share/mamba/envs/windinet/lib/python3.10/site-packages/torch/distributed/elastic/metrics/api.py", line 134, in wrapper
    result = f(*args, **kwargs)
  File "/dss/dsshome1/0D/go76fuz2/.local/share/mamba/envs/windinet/lib/python3.10/site-packages/torch/distributed/elastic/agent/server/api.py", line 699, in _initialize_workers
    self._rendezvous(worker_group)
  File "/dss/dsshome1/0D/go76fuz2/.local/share/mamba/envs/windinet/lib/python3.10/site-packages/torch/distributed/elastic/metrics/api.py", line 134, in wrapper
    result = f(*args, **kwargs)
  File "/dss/dsshome1/0D/go76fuz2/.local/share/mamba/envs/windinet/lib/python3.10/site-packages/torch/distributed/elastic/agent/server/api.py", line 527, in _rendezvous
    workers = self._assign_worker_ranks(
  File "/dss/dsshome1/0D/go76fuz2/.local/share/mamba/envs/windinet/lib/python3.10/site-packages/torch/distributed/elastic/metrics/api.py", line 134, in wrapper
    result = f(*args, **kwargs)
  File "/dss/dsshome1/0D/go76fuz2/.local/share/mamba/envs/windinet/lib/python3.10/site-packages/torch/distributed/elastic/agent/server/api.py", line 621, in _assign_worker_ranks
    role_infos_bytes = store.multi_get(
torch.distributed.DistStoreError: wait timeout after 900000ms, keys: /none/torchelastic/role_info/0, /none/torchelastic/role_info/1
    return launch_agent(self._config, self._entrypoint, list(args))
  File "/dss/dsshome1/0D/go76fuz2/.local/share/mamba/envs/windinet/lib/python3.10/site-packages/torch/distributed/launcher/api.py", line 308, in launch_agent
    result = agent.run()
  File "/dss/dsshome1/0D/go76fuz2/.local/share/mamba/envs/windinet/lib/python3.10/site-packages/torch/distributed/elastic/metrics/api.py", line 134, in wrapper
    result = f(*args, **kwargs)
  File "/dss/dsshome1/0D/go76fuz2/.local/share/mamba/envs/windinet/lib/python3.10/site-packages/torch/distributed/elastic/agent/server/api.py", line 731, in run
    result = self._invoke_run(role)
  File "/dss/dsshome1/0D/go76fuz2/.local/share/mamba/envs/windinet/lib/python3.10/site-packages/torch/distributed/elastic/agent/server/api.py", line 902, in _invoke_run
    self._initialize_workers(self._worker_group)
  File "/dss/dsshome1/0D/go76fuz2/.local/share/mamba/envs/windinet/lib/python3.10/site-packages/torch/distributed/elastic/metrics/api.py", line 134, in wrapper
    result = f(*args, **kwargs)
  File "/dss/dsshome1/0D/go76fuz2/.local/share/mamba/envs/windinet/lib/python3.10/site-packages/torch/distributed/elastic/agent/server/api.py", line 699, in _initialize_workers
    self._rendezvous(worker_group)
  File "/dss/dsshome1/0D/go76fuz2/.local/share/mamba/envs/windinet/lib/python3.10/site-packages/torch/distributed/elastic/metrics/api.py", line 134, in wrapper
    result = f(*args, **kwargs)
  File "/dss/dsshome1/0D/go76fuz2/.local/share/mamba/envs/windinet/lib/python3.10/site-packages/torch/distributed/elastic/agent/server/api.py", line 527, in _rendezvous
    workers = self._assign_worker_ranks(
  File "/dss/dsshome1/0D/go76fuz2/.local/share/mamba/envs/windinet/lib/python3.10/site-packages/torch/distributed/elastic/metrics/api.py", line 134, in wrapper
    result = f(*args, **kwargs)
  File "/dss/dsshome1/0D/go76fuz2/.local/share/mamba/envs/windinet/lib/python3.10/site-packages/torch/distributed/elastic/agent/server/api.py", line 621, in _assign_worker_ranks
    role_infos_bytes = store.multi_get(
torch.distributed.DistStoreError: wait timeout after 900000ms, keys: /none/torchelastic/role_info/0, /none/torchelastic/role_info/1
srun: error: i20r02c04s04: task 0: Exited with exit code 1
srun: Terminating StepId=521396.0
srun: error: i20r02c04s06: task 1: Exited with exit code 1
