START TIME: Wed 05 Aug 2026 01:06:26 AM CEST
job=521389 node=i20r06c05s10
+-----------+--------------------------------------------------------------------------------------+
| Device ID | Device Information                                                                   |
+-----------+--------------------------------------------------------------------------------------+
| 0         | Device Name: Intel(R) Data Center GPU Max 1550                                       |
|           | Vendor Name: Intel(R) Corporation                                                    |
|           | SOC UUID: 00000000-0000-003a-0000-002f0bd58086                                       |
|           | PCI BDF Address: 0000:3a:00.0                                                        |
|           | DRM Device: /dev/dri/card0                                                           |
|           | Function Type: physical                                                              |
+-----------+--------------------------------------------------------------------------------------+
| 1         | Device Name: Intel(R) Data Center GPU Max 1550                                       |
|           | Vendor Name: Intel(R) Corporation                                                    |
|           | SOC UUID: 00000000-0000-004b-0000-002f0bd58086                                       |
|           | PCI BDF Address: 0000:4b:00.0                                                        |
|           | DRM Device: /dev/dri/card1                                                           |
|           | Function Type: physical                                                              |
+-----------+--------------------------------------------------------------------------------------+
| 2         | Device Name: Intel(R) Data Center GPU Max 1550                                       |
|           | Vendor Name: Intel(R) Corporation                                                    |
|           | SOC UUID: 00000000-0000-00ca-0000-002f0bd58086                                       |
|           | PCI BDF Address: 0000:ca:00.0                                                        |
|           | DRM Device: /dev/dri/card2                                                           |
|           | Function Type: physical                                                              |
+-----------+--------------------------------------------------------------------------------------+
| 3         | Device Name: Intel(R) Data Center GPU Max 1550                                       |
|           | Vendor Name: Intel(R) Corporation                                                    |
|           | SOC UUID: 00000000-0000-00da-0000-002f0bd58086                                       |
|           | PCI BDF Address: 0000:da:00.0                                                        |
|           | DRM Device: /dev/dri/card3                                                           |
|           | Function Type: physical                                                              |
+-----------+--------------------------------------------------------------------------------------+
MASTER_ADDR: i20r06c05s10  MASTER_PORT: 35975
8 XPU tiles x accum 4 -> effective batch 32; output_dir /hppfs/scratch/0D/go76fuz2/windinet/finetune_vae_outputs_sng_pvc/finetune_vae_baseline_fullenc
INFO     [rank 6] Failed to extract font properties from    font_manager.py:1107
         /usr/share/fonts/truetype/Cantarell-VF.otf: Can                        
         not load face (SFNT font table missing; error code                     
         0x8e)                                                                  
INFO     [rank 5] Failed to extract font properties from    font_manager.py:1107
         /usr/share/fonts/truetype/Cantarell-VF.otf: Can                        
         not load face (SFNT font table missing; error code                     
         0x8e)                                                                  
INFO     [rank 2] Failed to extract font properties from    font_manager.py:1107
         /usr/share/fonts/truetype/Cantarell-VF.otf: Can                        
         not load face (SFNT font table missing; error code                     
         0x8e)                                                                  
INFO     [rank 7] Failed to extract font properties from    font_manager.py:1107
         /usr/share/fonts/truetype/Cantarell-VF.otf: Can                        
         not load face (SFNT font table missing; error code                     
         0x8e)                                                                  
INFO     [rank 0] Failed to extract font properties from    font_manager.py:1107
         /usr/share/fonts/truetype/Cantarell-VF.otf: Can                        
         not load face (SFNT font table missing; error code                     
         0x8e)                                                                  
INFO     [rank 3] Failed to extract font properties from    font_manager.py:1107
         /usr/share/fonts/truetype/Cantarell-VF.otf: Can                        
         not load face (SFNT font table missing; error code                     
         0x8e)                                                                  
INFO     [rank 4] Failed to extract font properties from    font_manager.py:1107
         /usr/share/fonts/truetype/Cantarell-VF.otf: Can                        
         not load face (SFNT font table missing; error code                     
         0x8e)                                                                  
INFO     [rank 7] generated new fontManager                 font_manager.py:1639
INFO     [rank 5] generated new fontManager                 font_manager.py:1639
INFO     [rank 1] Failed to extract font properties from    font_manager.py:1107
         /usr/share/fonts/truetype/Cantarell-VF.otf: Can                        
         not load face (SFNT font table missing; error code                     
         0x8e)                                                                  
INFO     [rank 1] generated new fontManager                 font_manager.py:1639
INFO     [rank 2] generated new fontManager                 font_manager.py:1639
INFO     [rank 4] generated new fontManager                 font_manager.py:1639
INFO     [rank 3] generated new fontManager                 font_manager.py:1639
INFO     [rank 6] generated new fontManager                 font_manager.py:1639
INFO     [rank 0] generated new fontManager                 font_manager.py:1639
                          VAE Finetuning Configuration                          
┏━━━━━━━━━━━━━━━━━━━━━━━━━━━━━━━━━━━━━━┳━━━━━━━━━━━━━━━━━━━━━━━━━━━━━━━━━━━━━━━┓
┃ Parameter                            ┃ Value                                 ┃
┡━━━━━━━━━━━━━━━━━━━━━━━━━━━━━━━━━━━━━━╇━━━━━━━━━━━━━━━━━━━━━━━━━━━━━━━━━━━━━━━┩
│ model.model_source                   │ LTXV_2B_0.9.6_DEV                     │
│ model.load_checkpoint                │ None                                  │
│ adapter.enabled                      │ True                                  │
│ adapter.checkpoint                   │ None                                  │
│ adapter.channels                     │ ['density', 'momentum_x',             │
│                                      │ 'momentum_y', 'pressure']             │
│ adapter.mode                         │ inflate                               │
│ adapter.inflate_init                 │ mean                                  │
│ adapter.freeze_conv_in               │ False                                 │
│ adapter.hidden_channels              │ 32                                    │
│ adapter.activation                   │ gelu                                  │
│ adapter.identity_init                │ False                                 │
│ adapter.default_temb                 │ 0.0                                   │
│ adapter.unfreeze_encoder_tail        │ True                                  │
│ adapter.unfreeze_down_blocks         │ [0, 1, 2]                             │
│ data.data_root                       │ /hppfs/scratch/0D/go76fuz2/windinet/… │
│ data.eval_sims                       │ 675                                   │
│ data.num_dataloader_workers          │ 2                                     │
│ data.num_sim_frames                  │ None                                  │
│ data.overfit_sims                    │ None                                  │
│ data.overfit_repeat                  │ 1                                     │
│ data.channel_mean                    │ [0.905097647712509,                   │
│                                      │ 0.0040453659499771295,                │
│                                      │ -0.0019089379643528095, 0.9           │
│ data.channel_std                     │ [0.6607349375392083,                  │
│                                      │ 0.5328754120427532,                   │
│                                      │ 0.5262512462358824, 0.8050358         │
│ data.normalization_clip              │ 5.0                                   │
│ optimization.learning_rate           │ 5e-05                                 │
│ optimization.adapter_lr_multiplier   │ 1.0                                   │
│ optimization.min_learning_rate       │ 1e-06                                 │
│ optimization.encoder_tail_lr_multip… │ 0.1                                   │
│ optimization.scheduler_type          │ wsd                                   │
│ optimization.stable_fraction         │ 0.7                                   │
│ optimization.epochs                  │ 15                                    │
│ optimization.batch_size              │ 1                                     │
│ optimization.gradient_accumulation_… │ 4                                     │
│ optimization.max_grad_norm           │ 5.0                                   │
│ optimization.weight_decay            │ 0.0                                   │
│ optimization.warmup_steps            │ 200                                   │
│ optimization.warmup_start_factor     │ 0.01                                  │
│ optimization.enable_gradient_checkp… │ True                                  │
│ loss.wavelet                         │ db2                                   │
│ loss.spatial_level                   │ 2                                     │
│ loss.temporal_level                  │ 2                                     │
│ loss.mlw_beta                        │ 10.0                                  │
│ loss.mlw_eps                         │ 1e-06                                 │
│ loss_weighting.strategy              │ fixed                                 │
│ loss_weighting.weights               │ {'rmse': 1.0, 'h1': 50.0, 'ssim':     │
│                                      │ 0.15, 'mlw': 0.0}                     │
│ loss_weighting.loss_names            │ ['rmse', 'h1', 'ssim', 'mlw']         │
│ loss_weighting.alpha                 │ 1.5                                   │
│ loss_weighting.weight_lr             │ 0.025                                 │
│ loss_weighting.temperature           │ 0.1                                   │
│ visualization.enabled                │ True                                  │
│ visualization.interval_epochs        │ 1                                     │
│ visualization.num_samples            │ 2                                     │
│ visualization.frame_numbers          │ [25, 50, 75, 100]                     │
│ visualization.dpi                    │ 150                                   │
│ acceleration.mixed_precision_mode    │ bf16                                  │
│ acceleration.compile_with_inductor   │ False                                 │
│ acceleration.compilation_mode        │ reduce-overhead                       │
│ checkpoints.interval                 │ 1                                     │
│ checkpoints.keep_last_n              │ 1                                     │
│ checkpoints.save_best_only           │ True                                  │
│ checkpoints.best_metric              │ val_vrmse                             │
│ checkpoints.save_last_state          │ True                                  │
│ wandb.enabled                        │ False                                 │
│ wandb.project                        │ windinet                              │
│ wandb.entity                         │ None                                  │
│ wandb.tags                           │ ['vae', 'inflate', 'mean-init',       │
│                                      │ 'wsd', '15ep', 'h1x2', 'lr1x',        │
│                                      │ 'shockw                               │
│ seed                                 │ 42                                    │
│ output_dir                           │ /hppfs/scratch/0D/go76fuz2/windinet/… │
│ clean_output_dir                     │ True                                  │
│ resume_from                          │ None                                  │
│ resume_weights_only                  │ False                                 │
└──────────────────────────────────────┴───────────────────────────────────────┘
INFO     [rank 0] Distributed training: 8 processes          vae_trainer.py:1205
INFO     [rank 0] VAE inflated to 4 native channels           vae_trainer.py:154
         (init=mean); encoder.conv_in is trainable                              
INFO     [rank 0] Encoder extra modules UNFROZEN:             vae_trainer.py:219
         down_blocks[0, 1, 2] + tail                                            
         (down_blocks[-1]+mid_block+norm_out+conv_out)                          
INFO     [rank 0] VAE gradient checkpointing enabled          vae_trainer.py:225
INFO     [rank 0] VAE loaded. Decoder params: 552,869,953     vae_trainer.py:231
INFO     [rank 0] Trainable parameters:                       vae_trainer.py:304
         encoder_conv_in=221,312, encoder_extra=693,932,865,                    
         decoder=552,869,953, in_adapter=0, out_adapter=0                       
INFO     [rank 0] Dataset: 3825 train, 675 eval samples       vae_trainer.py:508
INFO     [rank 0] encoder.conv_in LR = 5.00e-05 (1x decoder   vae_trainer.py:532
         LR 5.00e-05)                                                           
INFO     [rank 0] encoder extra (down_blocks[0, 1, 2]+tail)   vae_trainer.py:550
         LR = 5.00e-06 (0.1x decoder LR 5.00e-05)                               
INFO     [rank 0] LR schedule 'wsd': 1800 steps (200 warmup,  vae_trainer.py:602
         1120 stable, 480 anneal), peak 5.00e-05 -> floor                       
         1.00e-06                                                               
2026:08:05-01:17:34:11707 |CCL_WARN| value of CCL_ATL_TRANSPORT changed to be ofi (default:mpi)
2026:08:05-01:17:34:11707 |CCL_WARN| value of CCL_ALLREDUCE changed to be ring (default:)
2026:08:05-01:17:34:11707 |CCL_WARN| could not get local_idx/count from environment variables, trying to get them from ATL
2026:08:05-01:17:34:11708 |CCL_WARN| could not get local_idx/count from environment variables, trying to get them from ATL
2026:08:05-01:17:34:11709 |CCL_WARN| could not get local_idx/count from environment variables, trying to get them from ATL
2026:08:05-01:17:34:11710 |CCL_WARN| could not get local_idx/count from environment variables, trying to get them from ATL
2026:08:05-01:17:34:11711 |CCL_WARN| could not get local_idx/count from environment variables, trying to get them from ATL
2026:08:05-01:17:35:11712 |CCL_WARN| could not get local_idx/count from environment variables, trying to get them from ATL
2026:08:05-01:17:35:11713 |CCL_WARN| could not get local_idx/count from environment variables, trying to get them from ATL
2026:08:05-01:17:35:11714 |CCL_WARN| could not get local_idx/count from environment variables, trying to get them from ATL
INFO     [rank 0] Config saved:                              vae_trainer.py:1229
         /hppfs/scratch/0D/go76fuz2/windinet/finetune_vae_ou                    
         tputs_sng_pvc/finetune_vae_baseline_fullenc/trainin                    
         g_config.yaml                                                          
INFO     [rank 0] Starting VAE decoder finetuning...          vae_trainer.py:650
epoch 1 step 10  loss=0.148458  lr=2.98e-06  [rmse=0.0545 h1=0.0002 ssim=0.3860 mlw=58.9412]
epoch 1 step 20  loss=0.139412  lr=5.45e-06  [rmse=0.0491 h1=0.0003 ssim=0.3324 mlw=74.6690]
epoch 1 step 30  loss=0.141003  lr=7.93e-06  [rmse=0.0429 h1=0.0005 ssim=0.2337 mlw=54.7964]
epoch 1 step 40  loss=0.141684  lr=1.04e-05  [rmse=0.1787 h1=0.0021 ssim=0.5754 mlw=58.8199]
epoch 1 step 50  loss=0.136328  lr=1.29e-05  [rmse=0.0562 h1=0.0004 ssim=0.3108 mlw=62.1508]
epoch 1 step 60  loss=0.134396  lr=1.54e-05  [rmse=0.0135 h1=0.0000 ssim=0.0304 mlw=118.8974]
epoch 1 step 70  loss=0.129633  lr=1.78e-05  [rmse=0.0373 h1=0.0005 ssim=0.3005 mlw=55.6052]
epoch 1 step 80  loss=0.123783  lr=2.03e-05  [rmse=0.0580 h1=0.0008 ssim=0.3288 mlw=63.0506]
epoch 1 step 90  loss=0.120541  lr=2.28e-05  [rmse=0.1384 h1=0.0020 ssim=0.2784 mlw=91.6890]
epoch 1 step 100  loss=0.115396  lr=2.53e-05  [rmse=0.0334 h1=0.0006 ssim=0.1225 mlw=93.4113]
epoch 1 step 110  loss=0.110677  lr=2.77e-05  [rmse=0.0247 h1=0.0003 ssim=0.2053 mlw=57.4119]
epoch 1 step 120  loss=0.107916  lr=3.02e-05  [rmse=0.0343 h1=0.0007 ssim=0.1958 mlw=57.9604]
INFO     [rank 0] Loss weights: rmse=1.0000, h1=50.0000,      vae_trainer.py:806
         ssim=0.1500, mlw=0.0000                                                
INFO     [rank 0] Epoch 1: train_loss=0.107916                vae_trainer.py:827
         val_loss=0.070677  val_VRMSE=0.183305  lr=3.02e-05                     
INFO     [rank 0] Metrics updated: metrics/metrics.csv,       vae_trainer.py:847
         metrics/loss_curves.png                                                
INFO     [rank 0] Saved 8 validation reconstruction PNGs for  vae_trainer.py:998
         epoch 1                                                                
INFO     [rank 0] New best checkpoint (epoch 1,              vae_trainer.py:1099
         val_vrmse=0.183305):                                                   
         checkpoints/vae_shockwave_best.safetensors                             
INFO     [rank 0] Training state saved:                      vae_trainer.py:1159
         checkpoints/vae_shockwave_last.state.pt                                
INFO     [rank 0] Epoch 1 timing: train=1257.6s eval=818.5s   vae_trainer.py:883
         viz=10.7s ckpt=8.3s total=2095.8s                                      
epoch 2 step 130  loss=0.068188  lr=3.27e-05  [rmse=0.0122 h1=0.0000 ssim=0.1267 mlw=101.2914]
epoch 2 step 140  loss=0.070075  lr=3.52e-05  [rmse=0.0289 h1=0.0006 ssim=0.2133 mlw=55.1042]
epoch 2 step 150  loss=0.070497  lr=3.76e-05  [rmse=0.0104 h1=0.0000 ssim=0.0445 mlw=106.6242]
epoch 2 step 160  loss=0.069067  lr=4.01e-05  [rmse=0.0182 h1=0.0003 ssim=0.1224 mlw=59.2665]
epoch 2 step 170  loss=0.066899  lr=4.26e-05  [rmse=0.0212 h1=0.0003 ssim=0.1340 mlw=59.3805]
epoch 2 step 180  loss=0.069308  lr=4.51e-05  [rmse=0.0145 h1=0.0001 ssim=0.0807 mlw=64.3206]
epoch 2 step 190  loss=0.069680  lr=4.75e-05  [rmse=0.0283 h1=0.0007 ssim=0.1553 mlw=64.5193]
epoch 2 step 200  loss=0.069397  lr=5.00e-05  [rmse=0.0210 h1=0.0004 ssim=0.1348 mlw=67.1692]
epoch 2 step 210  loss=0.069695  lr=5.00e-05  [rmse=0.0179 h1=0.0002 ssim=0.1154 mlw=67.6091]
epoch 2 step 220  loss=0.068717  lr=5.00e-05  [rmse=0.0369 h1=0.0013 ssim=0.1537 mlw=65.6108]
epoch 2 step 230  loss=0.068518  lr=5.00e-05  [rmse=0.0256 h1=0.0005 ssim=0.1268 mlw=53.7459]
epoch 2 step 240  loss=0.067297  lr=5.00e-05  [rmse=0.0159 h1=0.0001 ssim=0.0809 mlw=92.4346]
INFO     [rank 0] Loss weights: rmse=1.0000, h1=50.0000,      vae_trainer.py:806
         ssim=0.1500, mlw=0.0000                                                
INFO     [rank 0] Epoch 2: train_loss=0.067297                vae_trainer.py:827
         val_loss=0.062848  val_VRMSE=0.157606  lr=5.00e-05                     
INFO     [rank 0] Metrics updated: metrics/metrics.csv,       vae_trainer.py:847
         metrics/loss_curves.png                                                
INFO     [rank 0] Saved 8 validation reconstruction PNGs for  vae_trainer.py:998
         epoch 2                                                                
INFO     [rank 0] New best checkpoint (epoch 2,              vae_trainer.py:1099
         val_vrmse=0.157606):                                                   
         checkpoints/vae_shockwave_best.safetensors                             
INFO     [rank 0] Training state saved:                      vae_trainer.py:1159
         checkpoints/vae_shockwave_last.state.pt                                
INFO     [rank 0] Epoch 2 timing: train=1224.7s eval=815.1s   vae_trainer.py:883
         viz=10.2s ckpt=8.5s total=2059.0s                                      
epoch 3 step 250  loss=0.063613  lr=5.00e-05  [rmse=0.0255 h1=0.0006 ssim=0.1613 mlw=57.9680]
epoch 3 step 260  loss=0.066514  lr=5.00e-05  [rmse=0.0200 h1=0.0003 ssim=0.0945 mlw=58.9449]
epoch 3 step 270  loss=0.062537  lr=5.00e-05  [rmse=0.0156 h1=0.0002 ssim=0.0741 mlw=75.8537]
epoch 3 step 280  loss=0.062169  lr=5.00e-05  [rmse=0.0117 h1=0.0001 ssim=0.0356 mlw=96.0569]
epoch 3 step 290  loss=0.059459  lr=5.00e-05  [rmse=0.0080 h1=0.0000 ssim=0.0395 mlw=69.6328]
epoch 3 step 300  loss=0.058387  lr=5.00e-05  [rmse=0.0133 h1=0.0001 ssim=0.1284 mlw=73.3860]
epoch 3 step 310  loss=0.058476  lr=5.00e-05  [rmse=0.0236 h1=0.0005 ssim=0.1122 mlw=64.6230]
epoch 3 step 320  loss=0.058207  lr=5.00e-05  [rmse=0.0189 h1=0.0003 ssim=0.0862 mlw=63.6980]
epoch 3 step 330  loss=0.058515  lr=5.00e-05  [rmse=0.0337 h1=0.0013 ssim=0.1843 mlw=53.9180]
epoch 3 step 340  loss=0.057498  lr=5.00e-05  [rmse=0.0142 h1=0.0001 ssim=0.0821 mlw=67.8492]
epoch 3 step 350  loss=0.056551  lr=5.00e-05  [rmse=0.0507 h1=0.0020 ssim=0.1598 mlw=97.9075]
epoch 3 step 360  loss=0.057613  lr=5.00e-05  [rmse=0.0354 h1=0.0013 ssim=0.1344 mlw=77.2576]
INFO     [rank 0] Loss weights: rmse=1.0000, h1=50.0000,      vae_trainer.py:806
         ssim=0.1500, mlw=0.0000                                                
INFO     [rank 0] Epoch 3: train_loss=0.057613                vae_trainer.py:827
         val_loss=0.053599  val_VRMSE=0.127589  lr=5.00e-05                     
INFO     [rank 0] Metrics updated: metrics/metrics.csv,       vae_trainer.py:847
         metrics/loss_curves.png                                                
INFO     [rank 0] Saved 8 validation reconstruction PNGs for  vae_trainer.py:998
         epoch 3                                                                
INFO     [rank 0] New best checkpoint (epoch 3,              vae_trainer.py:1099
         val_vrmse=0.127589):                                                   
         checkpoints/vae_shockwave_best.safetensors                             
INFO     [rank 0] Training state saved:                      vae_trainer.py:1159
         checkpoints/vae_shockwave_last.state.pt                                
INFO     [rank 0] Epoch 3 timing: train=1225.8s eval=814.0s   vae_trainer.py:883
         viz=10.5s ckpt=8.2s total=2059.1s                                      
epoch 4 step 370  loss=0.044378  lr=5.00e-05  [rmse=0.0073 h1=0.0000 ssim=0.0481 mlw=73.0703]
epoch 4 step 380  loss=0.046685  lr=5.00e-05  [rmse=0.0126 h1=0.0002 ssim=0.0616 mlw=63.2687]
epoch 4 step 390  loss=0.049254  lr=5.00e-05  [rmse=0.0261 h1=0.0008 ssim=0.1676 mlw=54.4081]
epoch 4 step 400  loss=0.049713  lr=5.00e-05  [rmse=0.0068 h1=0.0000 ssim=0.0262 mlw=66.4346]
epoch 4 step 410  loss=0.050492  lr=5.00e-05  [rmse=0.0273 h1=0.0007 ssim=0.1761 mlw=60.1068]
epoch 4 step 420  loss=0.051457  lr=5.00e-05  [rmse=0.0068 h1=0.0000 ssim=0.0434 mlw=98.1662]
epoch 4 step 430  loss=0.051777  lr=5.00e-05  [rmse=0.0080 h1=0.0001 ssim=0.0307 mlw=76.5027]
epoch 4 step 440  loss=0.050387  lr=5.00e-05  [rmse=0.0098 h1=0.0000 ssim=0.0711 mlw=67.1241]
epoch 4 step 450  loss=0.050446  lr=5.00e-05  [rmse=0.0259 h1=0.0006 ssim=0.0924 mlw=81.7080]
epoch 4 step 460  loss=0.050987  lr=5.00e-05  [rmse=0.0150 h1=0.0002 ssim=0.1383 mlw=79.5608]
epoch 4 step 470  loss=0.051224  lr=5.00e-05  [rmse=0.0102 h1=0.0000 ssim=0.0464 mlw=91.7126]
epoch 4 step 480  loss=0.050974  lr=5.00e-05  [rmse=0.0113 h1=0.0001 ssim=0.0626 mlw=61.7324]
INFO     [rank 0] Loss weights: rmse=1.0000, h1=50.0000,      vae_trainer.py:806
         ssim=0.1500, mlw=0.0000                                                
INFO     [rank 0] Epoch 4: train_loss=0.050974                vae_trainer.py:827
         val_loss=0.054126  val_VRMSE=0.137247  lr=5.00e-05                     
INFO     [rank 0] Metrics updated: metrics/metrics.csv,       vae_trainer.py:847
         metrics/loss_curves.png                                                
INFO     [rank 0] Saved 8 validation reconstruction PNGs for  vae_trainer.py:998
         epoch 4                                                                
INFO     [rank 0] Training state saved:                      vae_trainer.py:1159
         checkpoints/vae_shockwave_last.state.pt                                
INFO     [rank 0] Epoch 4 timing: train=1227.1s eval=762.2s   vae_trainer.py:883
         viz=10.3s ckpt=7.2s total=2007.6s                                      
epoch 5 step 490  loss=0.051967  lr=5.00e-05  [rmse=0.0135 h1=0.0000 ssim=0.0368 mlw=85.9537]
epoch 5 step 500  loss=0.053674  lr=5.00e-05  [rmse=0.0140 h1=0.0001 ssim=0.0735 mlw=54.3634]
epoch 5 step 510  loss=0.050922  lr=5.00e-05  [rmse=0.0149 h1=0.0002 ssim=0.0916 mlw=54.8570]
epoch 5 step 520  loss=0.049438  lr=5.00e-05  [rmse=0.0144 h1=0.0002 ssim=0.0969 mlw=68.4804]
epoch 5 step 530  loss=0.049188  lr=5.00e-05  [rmse=0.0055 h1=0.0000 ssim=0.0167 mlw=97.1164]
epoch 5 step 540  loss=0.048802  lr=5.00e-05  [rmse=0.0211 h1=0.0004 ssim=0.0628 mlw=66.4183]
epoch 5 step 550  loss=0.049744  lr=5.00e-05  [rmse=0.0378 h1=0.0014 ssim=0.1631 mlw=70.0775]
epoch 5 step 560  loss=0.049173  lr=5.00e-05  [rmse=0.0098 h1=0.0001 ssim=0.0445 mlw=74.7715]
epoch 5 step 570  loss=0.050363  lr=5.00e-05  [rmse=0.0316 h1=0.0010 ssim=0.1862 mlw=64.6005]
epoch 5 step 580  loss=0.049496  lr=5.00e-05  [rmse=0.0217 h1=0.0005 ssim=0.0880 mlw=61.7541]
epoch 5 step 590  loss=0.049218  lr=5.00e-05  [rmse=0.0176 h1=0.0002 ssim=0.0367 mlw=81.8098]
epoch 5 step 600  loss=0.048868  lr=5.00e-05  [rmse=0.0053 h1=0.0000 ssim=0.0313 mlw=87.4562]
INFO     [rank 0] Loss weights: rmse=1.0000, h1=50.0000,      vae_trainer.py:806
         ssim=0.1500, mlw=0.0000                                                
INFO     [rank 0] Epoch 5: train_loss=0.048868                vae_trainer.py:827
         val_loss=0.046301  val_VRMSE=0.111874  lr=5.00e-05                     
INFO     [rank 0] Metrics updated: metrics/metrics.csv,       vae_trainer.py:847
         metrics/loss_curves.png                                                
INFO     [rank 0] Saved 8 validation reconstruction PNGs for  vae_trainer.py:998
         epoch 5                                                                
INFO     [rank 0] New best checkpoint (epoch 5,              vae_trainer.py:1099
         val_vrmse=0.111874):                                                   
         checkpoints/vae_shockwave_best.safetensors                             
INFO     [rank 0] Training state saved:                      vae_trainer.py:1159
         checkpoints/vae_shockwave_last.state.pt                                
INFO     [rank 0] Epoch 5 timing: train=1231.6s eval=816.5s   vae_trainer.py:883
         viz=10.3s ckpt=8.4s total=2067.4s                                      
epoch 6 step 610  loss=0.034540  lr=5.00e-05  [rmse=0.0220 h1=0.0005 ssim=0.0635 mlw=59.3883]
epoch 6 step 620  loss=0.038480  lr=5.00e-05  [rmse=0.0127 h1=0.0002 ssim=0.0589 mlw=52.9767]
epoch 6 step 630  loss=0.041125  lr=5.00e-05  [rmse=0.0121 h1=0.0002 ssim=0.0657 mlw=56.5856]
epoch 6 step 640  loss=0.041565  lr=5.00e-05  [rmse=0.0215 h1=0.0005 ssim=0.1029 mlw=56.3636]
epoch 6 step 650  loss=0.042997  lr=5.00e-05  [rmse=0.0309 h1=0.0012 ssim=0.1815 mlw=55.6157]
epoch 6 step 660  loss=0.043547  lr=5.00e-05  [rmse=0.0196 h1=0.0005 ssim=0.1180 mlw=52.9184]
epoch 6 step 670  loss=0.043037  lr=5.00e-05  [rmse=0.0090 h1=0.0001 ssim=0.0355 mlw=81.1205]
epoch 6 step 680  loss=0.044131  lr=5.00e-05  [rmse=0.0209 h1=0.0004 ssim=0.0981 mlw=55.3227]
epoch 6 step 690  loss=0.044630  lr=5.00e-05  [rmse=0.0089 h1=0.0000 ssim=0.0650 mlw=60.0166]
epoch 6 step 700  loss=0.046336  lr=5.00e-05  [rmse=0.0105 h1=0.0001 ssim=0.0300 mlw=84.7647]
epoch 6 step 710  loss=0.045956  lr=5.00e-05  [rmse=0.0200 h1=0.0004 ssim=0.0684 mlw=56.0238]
epoch 6 step 720  loss=0.045922  lr=5.00e-05  [rmse=0.0298 h1=0.0011 ssim=0.0987 mlw=57.3711]
INFO     [rank 0] Loss weights: rmse=1.0000, h1=50.0000,      vae_trainer.py:806
         ssim=0.1500, mlw=0.0000                                                
INFO     [rank 0] Epoch 6: train_loss=0.045922                vae_trainer.py:827
         val_loss=0.047513  val_VRMSE=0.119271  lr=5.00e-05                     
INFO     [rank 0] Metrics updated: metrics/metrics.csv,       vae_trainer.py:847
         metrics/loss_curves.png                                                
INFO     [rank 0] Saved 8 validation reconstruction PNGs for  vae_trainer.py:998
         epoch 6                                                                
INFO     [rank 0] Training state saved:                      vae_trainer.py:1159
         checkpoints/vae_shockwave_last.state.pt                                
INFO     [rank 0] Epoch 6 timing: train=1227.8s eval=823.1s   vae_trainer.py:883
         viz=10.2s ckpt=6.7s total=2068.3s                                      
epoch 7 step 730  loss=0.038306  lr=5.00e-05  [rmse=0.0162 h1=0.0003 ssim=0.0716 mlw=64.0219]
epoch 7 step 740  loss=0.041101  lr=5.00e-05  [rmse=0.0086 h1=0.0000 ssim=0.0303 mlw=62.3129]
epoch 7 step 750  loss=0.042331  lr=5.00e-05  [rmse=0.0151 h1=0.0003 ssim=0.0600 mlw=67.5898]
epoch 7 step 760  loss=0.040692  lr=5.00e-05  [rmse=0.0051 h1=0.0000 ssim=0.0205 mlw=71.2347]
epoch 7 step 770  loss=0.040300  lr=5.00e-05  [rmse=0.0353 h1=0.0011 ssim=0.1008 mlw=56.2943]
epoch 7 step 780  loss=0.042177  lr=5.00e-05  [rmse=0.0103 h1=0.0002 ssim=0.0446 mlw=74.1900]
epoch 7 step 790  loss=0.041575  lr=5.00e-05  [rmse=0.0524 h1=0.0031 ssim=0.1597 mlw=63.4542]
epoch 7 step 800  loss=0.040462  lr=5.00e-05  [rmse=0.0077 h1=0.0001 ssim=0.0292 mlw=66.1755]
epoch 7 step 810  loss=0.041070  lr=5.00e-05  [rmse=0.0040 h1=0.0000 ssim=0.0110 mlw=103.4167]
epoch 7 step 820  loss=0.040959  lr=5.00e-05  [rmse=0.0199 h1=0.0005 ssim=0.1292 mlw=52.1599]
epoch 7 step 830  loss=0.041720  lr=5.00e-05  [rmse=0.0205 h1=0.0004 ssim=0.0618 mlw=97.0295]
epoch 7 step 840  loss=0.042528  lr=5.00e-05  [rmse=0.0256 h1=0.0006 ssim=0.0612 mlw=62.3850]
INFO     [rank 0] Loss weights: rmse=1.0000, h1=50.0000,      vae_trainer.py:806
         ssim=0.1500, mlw=0.0000                                                
INFO     [rank 0] Epoch 7: train_loss=0.042528                vae_trainer.py:827
         val_loss=0.048551  val_VRMSE=0.119046  lr=5.00e-05                     
INFO     [rank 0] Metrics updated: metrics/metrics.csv,       vae_trainer.py:847
         metrics/loss_curves.png                                                
INFO     [rank 0] Saved 8 validation reconstruction PNGs for  vae_trainer.py:998
         epoch 7                                                                
INFO     [rank 0] Training state saved:                      vae_trainer.py:1159
         checkpoints/vae_shockwave_last.state.pt                                
INFO     [rank 0] Epoch 7 timing: train=1232.0s eval=817.0s   vae_trainer.py:883
         viz=10.5s ckpt=7.4s total=2067.4s                                      
epoch 8 step 850  loss=0.042279  lr=5.00e-05  [rmse=0.0044 h1=0.0000 ssim=0.0220 mlw=107.8410]
epoch 8 step 860  loss=0.048059  lr=5.00e-05  [rmse=0.0275 h1=0.0008 ssim=0.0830 mlw=59.8229]
epoch 8 step 870  loss=0.044808  lr=5.00e-05  [rmse=0.0065 h1=0.0000 ssim=0.0184 mlw=88.7167]
epoch 8 step 880  loss=0.046206  lr=5.00e-05  [rmse=0.0286 h1=0.0009 ssim=0.0811 mlw=60.8463]
epoch 8 step 890  loss=0.047187  lr=5.00e-05  [rmse=0.0334 h1=0.0014 ssim=0.1157 mlw=82.5148]
epoch 8 step 900  loss=0.046446  lr=5.00e-05  [rmse=0.0072 h1=0.0000 ssim=0.0257 mlw=62.9906]
epoch 8 step 910  loss=0.045454  lr=5.00e-05  [rmse=0.0611 h1=0.0030 ssim=0.1531 mlw=70.1166]
epoch 8 step 920  loss=0.046224  lr=5.00e-05  [rmse=0.0149 h1=0.0003 ssim=0.0778 mlw=54.8388]
epoch 8 step 930  loss=0.047212  lr=5.00e-05  [rmse=0.0102 h1=0.0001 ssim=0.0592 mlw=64.0006]
epoch 8 step 940  loss=0.046986  lr=5.00e-05  [rmse=0.0107 h1=0.0001 ssim=0.0682 mlw=50.7468]
epoch 8 step 950  loss=0.046293  lr=5.00e-05  [rmse=0.0122 h1=0.0002 ssim=0.0479 mlw=60.0789]
epoch 8 step 960  loss=0.046589  lr=5.00e-05  [rmse=0.0327 h1=0.0014 ssim=0.1209 mlw=78.3044]
INFO     [rank 0] Loss weights: rmse=1.0000, h1=50.0000,      vae_trainer.py:806
         ssim=0.1500, mlw=0.0000                                                
INFO     [rank 0] Epoch 8: train_loss=0.046589                vae_trainer.py:827
         val_loss=0.043743  val_VRMSE=0.105103  lr=5.00e-05                     
INFO     [rank 0] Metrics updated: metrics/metrics.csv,       vae_trainer.py:847
         metrics/loss_curves.png                                                
INFO     [rank 0] Saved 8 validation reconstruction PNGs for  vae_trainer.py:998
         epoch 8                                                                
INFO     [rank 0] New best checkpoint (epoch 8,              vae_trainer.py:1099
         val_vrmse=0.105103):                                                   
         checkpoints/vae_shockwave_best.safetensors                             
INFO     [rank 0] Training state saved:                      vae_trainer.py:1159
         checkpoints/vae_shockwave_last.state.pt                                
INFO     [rank 0] Epoch 8 timing: train=1224.6s eval=811.0s   vae_trainer.py:883
         viz=10.3s ckpt=8.3s total=2054.9s                                      
epoch 9 step 970  loss=0.047074  lr=5.00e-05  [rmse=0.0081 h1=0.0001 ssim=0.0338 mlw=57.3340]
epoch 9 step 980  loss=0.047767  lr=5.00e-05  [rmse=0.0227 h1=0.0007 ssim=0.0969 mlw=51.1973]
epoch 9 step 990  loss=0.046023  lr=5.00e-05  [rmse=0.0104 h1=0.0001 ssim=0.0467 mlw=69.9863]
epoch 9 step 1000  loss=0.043845  lr=5.00e-05  [rmse=0.0031 h1=0.0000 ssim=0.0248 mlw=93.1417]
epoch 9 step 1010  loss=0.043153  lr=5.00e-05  [rmse=0.0281 h1=0.0010 ssim=0.1243 mlw=51.4702]
epoch 9 step 1020  loss=0.042282  lr=5.00e-05  [rmse=0.0348 h1=0.0016 ssim=0.1211 mlw=61.8145]
epoch 9 step 1030  loss=0.043032  lr=5.00e-05  [rmse=0.0256 h1=0.0009 ssim=0.0998 mlw=60.9256]
epoch 9 step 1040  loss=0.043041  lr=5.00e-05  [rmse=0.0103 h1=0.0001 ssim=0.0448 mlw=68.9102]
epoch 9 step 1050  loss=0.043295  lr=5.00e-05  [rmse=0.0099 h1=0.0001 ssim=0.0596 mlw=74.8120]
epoch 9 step 1060  loss=0.043264  lr=5.00e-05  [rmse=0.0093 h1=0.0001 ssim=0.0581 mlw=60.6647]
epoch 9 step 1070  loss=0.043539  lr=5.00e-05  [rmse=0.0134 h1=0.0003 ssim=0.0660 mlw=63.7149]
epoch 9 step 1080  loss=0.043762  lr=5.00e-05  [rmse=0.0126 h1=0.0002 ssim=0.0495 mlw=57.7108]
INFO     [rank 0] Loss weights: rmse=1.0000, h1=50.0000,      vae_trainer.py:806
         ssim=0.1500, mlw=0.0000                                                
INFO     [rank 0] Epoch 9: train_loss=0.043762                vae_trainer.py:827
         val_loss=0.042491  val_VRMSE=0.102444  lr=5.00e-05                     
INFO     [rank 0] Metrics updated: metrics/metrics.csv,       vae_trainer.py:847
         metrics/loss_curves.png                                                
INFO     [rank 0] Saved 8 validation reconstruction PNGs for  vae_trainer.py:998
         epoch 9                                                                
INFO     [rank 0] New best checkpoint (epoch 9,              vae_trainer.py:1099
         val_vrmse=0.102444):                                                   
         checkpoints/vae_shockwave_best.safetensors                             
INFO     [rank 0] Training state saved:                      vae_trainer.py:1159
         checkpoints/vae_shockwave_last.state.pt                                
INFO     [rank 0] Epoch 9 timing: train=1227.0s eval=820.8s   vae_trainer.py:883
         viz=10.1s ckpt=7.9s total=2066.5s                                      
epoch 10 step 1090  loss=0.042293  lr=5.00e-05  [rmse=0.0114 h1=0.0002 ssim=0.0627 mlw=62.1168]
epoch 10 step 1100  loss=0.042874  lr=5.00e-05  [rmse=0.0092 h1=0.0001 ssim=0.0352 mlw=69.7240]
epoch 10 step 1110  loss=0.041713  lr=5.00e-05  [rmse=0.0077 h1=0.0001 ssim=0.0376 mlw=68.1707]
epoch 10 step 1120  loss=0.040152  lr=5.00e-05  [rmse=0.0057 h1=0.0000 ssim=0.0081 mlw=109.6808]
epoch 10 step 1130  loss=0.040792  lr=5.00e-05  [rmse=0.0147 h1=0.0001 ssim=0.0452 mlw=93.9238]
epoch 10 step 1140  loss=0.040674  lr=5.00e-05  [rmse=0.0075 h1=0.0000 ssim=0.0309 mlw=65.1932]
epoch 10 step 1150  loss=0.041283  lr=5.00e-05  [rmse=0.0138 h1=0.0003 ssim=0.0680 mlw=54.4382]
epoch 10 step 1160  loss=0.040607  lr=5.00e-05  [rmse=0.0038 h1=0.0000 ssim=0.0243 mlw=92.7150]
epoch 10 step 1170  loss=0.041046  lr=5.00e-05  [rmse=0.0158 h1=0.0003 ssim=0.0807 mlw=52.3543]
epoch 10 step 1180  loss=0.040856  lr=5.00e-05  [rmse=0.0109 h1=0.0002 ssim=0.0496 mlw=53.2901]
epoch 10 step 1190  loss=0.040544  lr=5.00e-05  [rmse=0.0168 h1=0.0004 ssim=0.1043 mlw=54.9660]
epoch 10 step 1200  loss=0.040095  lr=5.00e-05  [rmse=0.0051 h1=0.0000 ssim=0.0751 mlw=112.2355]
INFO     [rank 0] Loss weights: rmse=1.0000, h1=50.0000,      vae_trainer.py:806
         ssim=0.1500, mlw=0.0000                                                
INFO     [rank 0] Epoch 10: train_loss=0.040095               vae_trainer.py:827
         val_loss=0.046351  val_VRMSE=0.115230  lr=5.00e-05                     
INFO     [rank 0] Metrics updated: metrics/metrics.csv,       vae_trainer.py:847
         metrics/loss_curves.png                                                
INFO     [rank 0] Saved 8 validation reconstruction PNGs for  vae_trainer.py:998
         epoch 10                                                               
INFO     [rank 0] Training state saved:                      vae_trainer.py:1159
         checkpoints/vae_shockwave_last.state.pt                                
INFO     [rank 0] Epoch 10 timing: train=1224.0s eval=817.0s  vae_trainer.py:883
         viz=10.1s ckpt=6.8s total=2058.5s                                      
epoch 11 step 1210  loss=0.045718  lr=5.00e-05  [rmse=0.0091 h1=0.0001 ssim=0.0492 mlw=65.6900]
epoch 11 step 1220  loss=0.039979  lr=5.00e-05  [rmse=0.0173 h1=0.0003 ssim=0.0598 mlw=76.3441]
epoch 11 step 1230  loss=0.041808  lr=5.00e-05  [rmse=0.0089 h1=0.0001 ssim=0.0377 mlw=52.2531]
epoch 11 step 1240  loss=0.039075  lr=5.00e-05  [rmse=0.0045 h1=0.0000 ssim=0.0119 mlw=66.4562]
epoch 11 step 1250  loss=0.038310  lr=5.00e-05  [rmse=0.0190 h1=0.0005 ssim=0.0977 mlw=53.3719]
epoch 11 step 1260  loss=0.037563  lr=5.00e-05  [rmse=0.0090 h1=0.0001 ssim=0.0413 mlw=52.0803]
epoch 11 step 1270  loss=0.039672  lr=5.00e-05  [rmse=0.0379 h1=0.0019 ssim=0.1283 mlw=53.2757]
epoch 11 step 1280  loss=0.039149  lr=5.00e-05  [rmse=0.0090 h1=0.0000 ssim=0.0392 mlw=73.3049]
epoch 11 step 1290  loss=0.039163  lr=5.00e-05  [rmse=0.0109 h1=0.0001 ssim=0.0499 mlw=53.4902]
epoch 11 step 1300  loss=0.039440  lr=5.00e-05  [rmse=0.0078 h1=0.0001 ssim=0.0316 mlw=56.0738]
epoch 11 step 1310  loss=0.039011  lr=5.00e-05  [rmse=0.0171 h1=0.0003 ssim=0.0657 mlw=51.5985]
epoch 11 step 1320  loss=0.039640  lr=5.00e-05  [rmse=0.0036 h1=0.0000 ssim=0.0123 mlw=92.8400]
INFO     [rank 0] Loss weights: rmse=1.0000, h1=50.0000,      vae_trainer.py:806
         ssim=0.1500, mlw=0.0000                                                
INFO     [rank 0] Epoch 11: train_loss=0.039640               vae_trainer.py:827
         val_loss=0.041240  val_VRMSE=0.100108  lr=5.00e-05                     
INFO     [rank 0] Metrics updated: metrics/metrics.csv,       vae_trainer.py:847
         metrics/loss_curves.png                                                
INFO     [rank 0] Saved 8 validation reconstruction PNGs for  vae_trainer.py:998
         epoch 11                                                               
INFO     [rank 0] New best checkpoint (epoch 11,             vae_trainer.py:1099
         val_vrmse=0.100108):                                                   
         checkpoints/vae_shockwave_best.safetensors                             
INFO     [rank 0] Training state saved:                      vae_trainer.py:1159
         checkpoints/vae_shockwave_last.state.pt                                
INFO     [rank 0] Epoch 11 timing: train=1225.3s eval=815.6s  vae_trainer.py:883
         viz=10.3s ckpt=8.1s total=2059.7s                                      
epoch 12 step 1330  loss=0.043101  lr=4.99e-05  [rmse=0.0101 h1=0.0001 ssim=0.0414 mlw=62.5700]
epoch 12 step 1340  loss=0.041828  lr=4.98e-05  [rmse=0.0279 h1=0.0011 ssim=0.0985 mlw=131.6862]
epoch 12 step 1350  loss=0.040159  lr=4.95e-05  [rmse=0.0203 h1=0.0005 ssim=0.0901 mlw=59.3917]
epoch 12 step 1360  loss=0.041150  lr=4.92e-05  [rmse=0.0155 h1=0.0003 ssim=0.0874 mlw=51.7453]
epoch 12 step 1370  loss=0.040312  lr=4.87e-05  [rmse=0.0213 h1=0.0006 ssim=0.0814 mlw=54.4683]
epoch 12 step 1380  loss=0.042614  lr=4.81e-05  [rmse=0.0094 h1=0.0001 ssim=0.0778 mlw=69.9229]
epoch 12 step 1390  loss=0.042918  lr=4.75e-05  [rmse=0.0324 h1=0.0014 ssim=0.1198 mlw=63.4909]
epoch 12 step 1400  loss=0.042188  lr=4.67e-05  [rmse=0.0261 h1=0.0004 ssim=0.1172 mlw=71.9907]
epoch 12 step 1410  loss=0.041827  lr=4.59e-05  [rmse=0.0318 h1=0.0004 ssim=0.0447 mlw=84.7426]
epoch 12 step 1420  loss=0.041569  lr=4.49e-05  [rmse=0.0127 h1=0.0002 ssim=0.0554 mlw=52.9449]
epoch 12 step 1430  loss=0.041094  lr=4.39e-05  [rmse=0.0081 h1=0.0001 ssim=0.0252 mlw=72.6583]
epoch 12 step 1440  loss=0.041961  lr=4.28e-05  [rmse=0.0203 h1=0.0005 ssim=0.0895 mlw=49.8822]
INFO     [rank 0] Loss weights: rmse=1.0000, h1=50.0000,      vae_trainer.py:806
         ssim=0.1500, mlw=0.0000                                                
INFO     [rank 0] Epoch 12: train_loss=0.041961               vae_trainer.py:827
         val_loss=0.039686  val_VRMSE=0.095216  lr=4.28e-05                     
INFO     [rank 0] Metrics updated: metrics/metrics.csv,       vae_trainer.py:847
         metrics/loss_curves.png                                                
INFO     [rank 0] Saved 8 validation reconstruction PNGs for  vae_trainer.py:998
         epoch 12                                                               
INFO     [rank 0] New best checkpoint (epoch 12,             vae_trainer.py:1099
         val_vrmse=0.095216):                                                   
         checkpoints/vae_shockwave_best.safetensors                             
INFO     [rank 0] Training state saved:                      vae_trainer.py:1159
         checkpoints/vae_shockwave_last.state.pt                                
INFO     [rank 0] Epoch 12 timing: train=1223.8s eval=856.3s  vae_trainer.py:883
         viz=10.9s ckpt=8.1s total=2099.6s                                      
epoch 13 step 1450  loss=0.031396  lr=4.17e-05  [rmse=0.0209 h1=0.0005 ssim=0.0722 mlw=57.1286]
epoch 13 step 1460  loss=0.036072  lr=4.04e-05  [rmse=0.0385 h1=0.0013 ssim=0.1002 mlw=57.9024]
epoch 13 step 1470  loss=0.039215  lr=3.91e-05  [rmse=0.0452 h1=0.0033 ssim=0.0801 mlw=75.0831]
epoch 13 step 1480  loss=0.038072  lr=3.78e-05  [rmse=0.0069 h1=0.0001 ssim=0.0386 mlw=63.3805]
epoch 13 step 1490  loss=0.038000  lr=3.63e-05  [rmse=0.0186 h1=0.0005 ssim=0.0926 mlw=48.8953]
epoch 13 step 1500  loss=0.037222  lr=3.49e-05  [rmse=0.0061 h1=0.0001 ssim=0.0244 mlw=57.9309]
epoch 13 step 1510  loss=0.037907  lr=3.34e-05  [rmse=0.0108 h1=0.0002 ssim=0.0547 mlw=59.1011]
epoch 13 step 1520  loss=0.038007  lr=3.18e-05  [rmse=0.0031 h1=0.0000 ssim=0.0236 mlw=104.7376]
epoch 13 step 1530  loss=0.037438  lr=3.03e-05  [rmse=0.0100 h1=0.0001 ssim=0.0386 mlw=58.9426]
epoch 13 step 1540  loss=0.037942  lr=2.87e-05  [rmse=0.0253 h1=0.0009 ssim=0.0781 mlw=86.2575]
epoch 13 step 1550  loss=0.037144  lr=2.71e-05  [rmse=0.0056 h1=0.0000 ssim=0.0225 mlw=60.9942]
epoch 13 step 1560  loss=0.037207  lr=2.55e-05  [rmse=0.0050 h1=0.0000 ssim=0.0255 mlw=62.4704]
INFO     [rank 0] Loss weights: rmse=1.0000, h1=50.0000,      vae_trainer.py:806
         ssim=0.1500, mlw=0.0000                                                
INFO     [rank 0] Epoch 13: train_loss=0.037207               vae_trainer.py:827
         val_loss=0.037480  val_VRMSE=0.089073  lr=2.55e-05                     
INFO     [rank 0] Metrics updated: metrics/metrics.csv,       vae_trainer.py:847
         metrics/loss_curves.png                                                
INFO     [rank 0] Saved 8 validation reconstruction PNGs for  vae_trainer.py:998
         epoch 13                                                               
INFO     [rank 0] New best checkpoint (epoch 13,             vae_trainer.py:1099
         val_vrmse=0.089073):                                                   
         checkpoints/vae_shockwave_best.safetensors                             
INFO     [rank 0] Training state saved:                      vae_trainer.py:1159
         checkpoints/vae_shockwave_last.state.pt                                
INFO     [rank 0] Epoch 13 timing: train=1223.1s eval=832.9s  vae_trainer.py:883
         viz=10.8s ckpt=8.2s total=2075.5s                                      
epoch 14 step 1570  loss=0.034411  lr=2.39e-05  [rmse=0.0275 h1=0.0012 ssim=0.0740 mlw=71.5196]
epoch 14 step 1580  loss=0.033079  lr=2.23e-05  [rmse=0.0042 h1=0.0000 ssim=0.0195 mlw=96.6167]
epoch 14 step 1590  loss=0.033290  lr=2.07e-05  [rmse=0.0047 h1=0.0000 ssim=0.0169 mlw=60.0184]
epoch 14 step 1600  loss=0.032654  lr=1.92e-05  [rmse=0.0247 h1=0.0009 ssim=0.0594 mlw=68.4576]
epoch 14 step 1610  loss=0.032604  lr=1.76e-05  [rmse=0.0092 h1=0.0001 ssim=0.0379 mlw=51.7427]
epoch 14 step 1620  loss=0.032666  lr=1.61e-05  [rmse=0.0074 h1=0.0001 ssim=0.0267 mlw=63.8026]
epoch 14 step 1630  loss=0.034163  lr=1.47e-05  [rmse=0.0149 h1=0.0003 ssim=0.0759 mlw=50.2878]
epoch 14 step 1640  loss=0.034748  lr=1.33e-05  [rmse=0.0074 h1=0.0001 ssim=0.0356 mlw=61.2006]
epoch 14 step 1650  loss=0.034545  lr=1.19e-05  [rmse=0.0100 h1=0.0002 ssim=0.0384 mlw=61.6911]
epoch 14 step 1660  loss=0.034435  lr=1.06e-05  [rmse=0.0081 h1=0.0001 ssim=0.0308 mlw=59.0663]
epoch 14 step 1670  loss=0.034002  lr=9.35e-06  [rmse=0.0017 h1=0.0000 ssim=0.0074 mlw=97.8249]
epoch 14 step 1680  loss=0.033794  lr=8.18e-06  [rmse=0.0041 h1=0.0000 ssim=0.0157 mlw=94.6215]
INFO     [rank 0] Loss weights: rmse=1.0000, h1=50.0000,      vae_trainer.py:806
         ssim=0.1500, mlw=0.0000                                                
INFO     [rank 0] Epoch 14: train_loss=0.033794               vae_trainer.py:827
         val_loss=0.036769  val_VRMSE=0.087088  lr=8.18e-06                     
INFO     [rank 0] Metrics updated: metrics/metrics.csv,       vae_trainer.py:847
         metrics/loss_curves.png                                                
INFO     [rank 0] Saved 8 validation reconstruction PNGs for  vae_trainer.py:998
         epoch 14                                                               
INFO     [rank 0] New best checkpoint (epoch 14,             vae_trainer.py:1099
         val_vrmse=0.087088):                                                   
         checkpoints/vae_shockwave_best.safetensors                             
INFO     [rank 0] Training state saved:                      vae_trainer.py:1159
         checkpoints/vae_shockwave_last.state.pt                                
INFO     [rank 0] Epoch 14 timing: train=1223.4s eval=1015.3s vae_trainer.py:883
         viz=11.2s ckpt=8.3s total=2258.7s                                      
epoch 15 step 1690  loss=0.029750  lr=7.08e-06  [rmse=0.0070 h1=0.0001 ssim=0.0273 mlw=58.6851]
epoch 15 step 1700  loss=0.031185  lr=6.06e-06  [rmse=0.0268 h1=0.0010 ssim=0.0518 mlw=59.7693]
epoch 15 step 1710  loss=0.033730  lr=5.13e-06  [rmse=0.0024 h1=0.0000 ssim=0.0084 mlw=88.6339]
epoch 15 step 1720  loss=0.032185  lr=4.28e-06  [rmse=0.0040 h1=0.0000 ssim=0.0154 mlw=77.5237]
epoch 15 step 1730  loss=0.032662  lr=3.53e-06  [rmse=0.0180 h1=0.0005 ssim=0.0872 mlw=48.5536]
epoch 15 step 1740  loss=0.033139  lr=2.86e-06  [rmse=0.0072 h1=0.0001 ssim=0.0311 mlw=59.0637]
epoch 15 step 1750  loss=0.033122  lr=2.30e-06  [rmse=0.0212 h1=0.0006 ssim=0.0798 mlw=48.4253]
epoch 15 step 1760  loss=0.033736  lr=1.83e-06  [rmse=0.0047 h1=0.0000 ssim=0.0221 mlw=56.7923]
epoch 15 step 1770  loss=0.033970  lr=1.47e-06  [rmse=0.0151 h1=0.0004 ssim=0.0658 mlw=57.6273]
epoch 15 step 1780  loss=0.034796  lr=1.21e-06  [rmse=0.0017 h1=0.0000 ssim=0.0155 mlw=88.4485]
epoch 15 step 1790  loss=0.034295  lr=1.05e-06  [rmse=0.0099 h1=0.0002 ssim=0.0462 mlw=58.0190]
epoch 15 step 1800  loss=0.033742  lr=1.00e-06  [rmse=0.0028 h1=0.0000 ssim=0.0132 mlw=64.0381]
INFO     [rank 0] Loss weights: rmse=1.0000, h1=50.0000,      vae_trainer.py:806
         ssim=0.1500, mlw=0.0000                                                
INFO     [rank 0] Epoch 15: train_loss=0.033742               vae_trainer.py:827
         val_loss=0.036624  val_VRMSE=0.086731  lr=1.00e-06                     
INFO     [rank 0] Metrics updated: metrics/metrics.csv,       vae_trainer.py:847
         metrics/loss_curves.png                                                
INFO     [rank 0] Saved 8 validation reconstruction PNGs for  vae_trainer.py:998
         epoch 15                                                               
INFO     [rank 0] New best checkpoint (epoch 15,             vae_trainer.py:1099
         val_vrmse=0.086731):                                                   
         checkpoints/vae_shockwave_best.safetensors                             
INFO     [rank 0] Training state saved:                      vae_trainer.py:1159
         checkpoints/vae_shockwave_last.state.pt                                
INFO     [rank 0] Epoch 15 timing: train=1223.8s eval=1041.1s vae_trainer.py:883
         viz=11.4s ckpt=8.1s total=2285.0s                                      
╭──────────────────────────────────────────────────────────────────────────────╮
╰──────────────────────────────────────────────────────────────────────────────╯INFO     [rank 0] Training state saved:                      vae_trainer.py:1159
         checkpoints/vae_shockwave_last.state.pt                                
INFO     [rank 0] Best epoch: 15 (val_vrmse=0.086731)         vae_trainer.py:901

Training complete. Checkpoint: 
/hppfs/scratch/0D/go76fuz2/windinet/finetune_vae_outputs_sng_pvc/finetune_vae_ba
seline_fullenc/checkpoints/vae_shockwave_best.safetensors
Mirrored (excl. checkpoints/) to finetune_vae_outputs_sng_pvc/finetune_vae_baseline_fullenc
END TIME: Wed 05 Aug 2026 10:00:55 AM CEST
