START TIME: Thu 06 Aug 2026 10:34:55 AM CEST
job=521888 node=i20r06c02s02
+-----------+--------------------------------------------------------------------------------------+
| Device ID | Device Information                                                                   |
+-----------+--------------------------------------------------------------------------------------+
| 0         | Device Name: Intel(R) Data Center GPU Max 1550                                       |
|           | Vendor Name: Intel(R) Corporation                                                    |
|           | SOC UUID: 00000000-0000-003a-0000-002f0bd58086                                       |
|           | PCI BDF Address: 0000:3a:00.0                                                        |
|           | DRM Device: /dev/dri/card0                                                           |
|           | Function Type: physical                                                              |
+-----------+--------------------------------------------------------------------------------------+
| 1         | Device Name: Intel(R) Data Center GPU Max 1550                                       |
|           | Vendor Name: Intel(R) Corporation                                                    |
|           | SOC UUID: 00000000-0000-004b-0000-002f0bd58086                                       |
|           | PCI BDF Address: 0000:4b:00.0                                                        |
|           | DRM Device: /dev/dri/card1                                                           |
|           | Function Type: physical                                                              |
+-----------+--------------------------------------------------------------------------------------+
| 2         | Device Name: Intel(R) Data Center GPU Max 1550                                       |
|           | Vendor Name: Intel(R) Corporation                                                    |
|           | SOC UUID: 00000000-0000-00ca-0000-002f0bd58086                                       |
|           | PCI BDF Address: 0000:ca:00.0                                                        |
|           | DRM Device: /dev/dri/card2                                                           |
|           | Function Type: physical                                                              |
+-----------+--------------------------------------------------------------------------------------+
| 3         | Device Name: Intel(R) Data Center GPU Max 1550                                       |
|           | Vendor Name: Intel(R) Corporation                                                    |
|           | SOC UUID: 00000000-0000-00da-0000-002f0bd58086                                       |
|           | PCI BDF Address: 0000:da:00.0                                                        |
|           | DRM Device: /dev/dri/card3                                                           |
|           | Function Type: physical                                                              |
+-----------+--------------------------------------------------------------------------------------+
MASTER_ADDR: i20r06c02s02  MASTER_PORT: 60693
8 XPU tiles x accum 4 -> effective batch 32; output_dir /hppfs/scratch/0D/go76fuz2/windinet/finetune_vae_outputs_sng_pvc/finetune_vae_whole_structure_baseline_enclr1x
INFO     [rank 6] Failed to extract font properties from    font_manager.py:1107
         /usr/share/fonts/truetype/Cantarell-VF.otf: Can                        
         not load face (SFNT font table missing; error code                     
         0x8e)                                                                  
INFO     [rank 4] Failed to extract font properties from    font_manager.py:1107
         /usr/share/fonts/truetype/Cantarell-VF.otf: Can                        
         not load face (SFNT font table missing; error code                     
         0x8e)                                                                  
INFO     [rank 5] Failed to extract font properties from    font_manager.py:1107
         /usr/share/fonts/truetype/Cantarell-VF.otf: Can                        
         not load face (SFNT font table missing; error code                     
         0x8e)                                                                  
INFO     [rank 5] generated new fontManager                 font_manager.py:1639
INFO     [rank 7] Failed to extract font properties from    font_manager.py:1107
         /usr/share/fonts/truetype/Cantarell-VF.otf: Can                        
         not load face (SFNT font table missing; error code                     
         0x8e)                                                                  
INFO     [rank 0] Failed to extract font properties from    font_manager.py:1107
         /usr/share/fonts/truetype/Cantarell-VF.otf: Can                        
         not load face (SFNT font table missing; error code                     
         0x8e)                                                                  
INFO     [rank 1] Failed to extract font properties from    font_manager.py:1107
         /usr/share/fonts/truetype/Cantarell-VF.otf: Can                        
         not load face (SFNT font table missing; error code                     
         0x8e)                                                                  
INFO     [rank 3] Failed to extract font properties from    font_manager.py:1107
         /usr/share/fonts/truetype/Cantarell-VF.otf: Can                        
         not load face (SFNT font table missing; error code                     
         0x8e)                                                                  
INFO     [rank 4] generated new fontManager                 font_manager.py:1639
INFO     [rank 2] Failed to extract font properties from    font_manager.py:1107
         /usr/share/fonts/truetype/Cantarell-VF.otf: Can                        
         not load face (SFNT font table missing; error code                     
         0x8e)                                                                  
INFO     [rank 7] generated new fontManager                 font_manager.py:1639
INFO     [rank 6] generated new fontManager                 font_manager.py:1639
INFO     [rank 0] generated new fontManager                 font_manager.py:1639
INFO     [rank 2] generated new fontManager                 font_manager.py:1639
INFO     [rank 3] generated new fontManager                 font_manager.py:1639
INFO     [rank 1] generated new fontManager                 font_manager.py:1639
                          VAE Finetuning Configuration                          
┏━━━━━━━━━━━━━━━━━━━━━━━━━━━━━━━━━━━━━━┳━━━━━━━━━━━━━━━━━━━━━━━━━━━━━━━━━━━━━━━┓
┃ Parameter                            ┃ Value                                 ┃
┡━━━━━━━━━━━━━━━━━━━━━━━━━━━━━━━━━━━━━━╇━━━━━━━━━━━━━━━━━━━━━━━━━━━━━━━━━━━━━━━┩
│ model.model_source                   │ LTXV_2B_0.9.6_DEV                     │
│ model.load_checkpoint                │ None                                  │
│ adapter.enabled                      │ True                                  │
│ adapter.checkpoint                   │ None                                  │
│ adapter.channels                     │ ['density', 'momentum_x',             │
│                                      │ 'momentum_y', 'pressure']             │
│ adapter.mode                         │ inflate                               │
│ adapter.inflate_init                 │ mean                                  │
│ adapter.freeze_conv_in               │ False                                 │
│ adapter.hidden_channels              │ 32                                    │
│ adapter.activation                   │ gelu                                  │
│ adapter.identity_init                │ False                                 │
│ adapter.default_temb                 │ 0.0                                   │
│ adapter.unfreeze_encoder_tail        │ True                                  │
│ adapter.unfreeze_down_blocks         │ [0, 1, 2]                             │
│ data.data_root                       │ /hppfs/scratch/0D/go76fuz2/windinet/… │
│ data.eval_sims                       │ 675                                   │
│ data.num_dataloader_workers          │ 2                                     │
│ data.num_sim_frames                  │ None                                  │
│ data.overfit_sims                    │ None                                  │
│ data.overfit_repeat                  │ 1                                     │
│ data.channel_mean                    │ [0.905097647712509,                   │
│                                      │ 0.0040453659499771295,                │
│                                      │ -0.0019089379643528095, 0.9           │
│ data.channel_std                     │ [0.6607349375392083,                  │
│                                      │ 0.5328754120427532,                   │
│                                      │ 0.5262512462358824, 0.8050358         │
│ data.normalization_clip              │ 5.0                                   │
│ optimization.learning_rate           │ 5e-05                                 │
│ optimization.adapter_lr_multiplier   │ 1.0                                   │
│ optimization.min_learning_rate       │ 1e-06                                 │
│ optimization.encoder_tail_lr_multip… │ 1.0                                   │
│ optimization.scheduler_type          │ wsd                                   │
│ optimization.stable_fraction         │ 0.7                                   │
│ optimization.epochs                  │ 15                                    │
│ optimization.batch_size              │ 1                                     │
│ optimization.gradient_accumulation_… │ 4                                     │
│ optimization.max_grad_norm           │ 5.0                                   │
│ optimization.weight_decay            │ 0.0                                   │
│ optimization.warmup_steps            │ 200                                   │
│ optimization.warmup_start_factor     │ 0.01                                  │
│ optimization.enable_gradient_checkp… │ True                                  │
│ loss.wavelet                         │ db2                                   │
│ loss.spatial_level                   │ 2                                     │
│ loss.temporal_level                  │ 2                                     │
│ loss.mlw_beta                        │ 10.0                                  │
│ loss.mlw_eps                         │ 1e-06                                 │
│ loss_weighting.strategy              │ fixed                                 │
│ loss_weighting.weights               │ {'rmse': 1.0, 'h1': 50.0, 'ssim':     │
│                                      │ 0.15, 'mlw': 0.0}                     │
│ loss_weighting.loss_names            │ ['rmse', 'h1', 'ssim', 'mlw']         │
│ loss_weighting.alpha                 │ 1.5                                   │
│ loss_weighting.weight_lr             │ 0.025                                 │
│ loss_weighting.temperature           │ 0.1                                   │
│ visualization.enabled                │ True                                  │
│ visualization.interval_epochs        │ 1                                     │
│ visualization.num_samples            │ 2                                     │
│ visualization.frame_numbers          │ [25, 50, 75, 100]                     │
│ visualization.dpi                    │ 150                                   │
│ acceleration.mixed_precision_mode    │ bf16                                  │
│ acceleration.compile_with_inductor   │ False                                 │
│ acceleration.compilation_mode        │ reduce-overhead                       │
│ checkpoints.interval                 │ 1                                     │
│ checkpoints.keep_last_n              │ 1                                     │
│ checkpoints.save_best_only           │ True                                  │
│ checkpoints.best_metric              │ val_vrmse                             │
│ checkpoints.save_last_state          │ True                                  │
│ wandb.enabled                        │ False                                 │
│ wandb.project                        │ windinet                              │
│ wandb.entity                         │ None                                  │
│ wandb.tags                           │ ['vae', 'inflate', 'mean-init',       │
│                                      │ 'wsd', '15ep', 'h1x2', 'lr1x',        │
│                                      │ 'shockw                               │
│ seed                                 │ 42                                    │
│ output_dir                           │ /hppfs/scratch/0D/go76fuz2/windinet/… │
│ clean_output_dir                     │ True                                  │
│ resume_from                          │ None                                  │
│ resume_weights_only                  │ False                                 │
└──────────────────────────────────────┴───────────────────────────────────────┘
INFO     [rank 0] Distributed training: 8 processes          vae_trainer.py:1205
INFO     [rank 0] VAE inflated to 4 native channels           vae_trainer.py:154
         (init=mean); encoder.conv_in is trainable                              
INFO     [rank 0] Encoder extra modules UNFROZEN:             vae_trainer.py:219
         down_blocks[0, 1, 2] + tail                                            
         (down_blocks[-1]+mid_block+norm_out+conv_out)                          
INFO     [rank 0] VAE gradient checkpointing enabled          vae_trainer.py:225
INFO     [rank 0] VAE loaded. Decoder params: 552,869,953     vae_trainer.py:231
INFO     [rank 0] Trainable parameters:                       vae_trainer.py:304
         encoder_conv_in=221,312, encoder_extra=693,932,865,                    
         decoder=552,869,953, in_adapter=0, out_adapter=0                       
INFO     [rank 0] Dataset: 3825 train, 675 eval samples       vae_trainer.py:508
INFO     [rank 0] encoder.conv_in LR = 5.00e-05 (1x decoder   vae_trainer.py:532
         LR 5.00e-05)                                                           
INFO     [rank 0] encoder extra (down_blocks[0, 1, 2]+tail)   vae_trainer.py:550
         LR = 5.00e-05 (1x decoder LR 5.00e-05)                                 
INFO     [rank 0] LR schedule 'wsd': 1800 steps (200 warmup,  vae_trainer.py:602
         1120 stable, 480 anneal), peak 5.00e-05 -> floor                       
         1.00e-06                                                               
2026:08:06-10:46:52:199403 |CCL_WARN| value of CCL_ATL_TRANSPORT changed to be ofi (default:mpi)
2026:08:06-10:46:52:199403 |CCL_WARN| value of CCL_ALLREDUCE changed to be ring (default:)
2026:08:06-10:46:52:199403 |CCL_WARN| could not get local_idx/count from environment variables, trying to get them from ATL
2026:08:06-10:46:52:199404 |CCL_WARN| could not get local_idx/count from environment variables, trying to get them from ATL
2026:08:06-10:46:52:199405 |CCL_WARN| could not get local_idx/count from environment variables, trying to get them from ATL
2026:08:06-10:46:52:199406 |CCL_WARN| could not get local_idx/count from environment variables, trying to get them from ATL
2026:08:06-10:46:52:199407 |CCL_WARN| could not get local_idx/count from environment variables, trying to get them from ATL
2026:08:06-10:46:53:199408 |CCL_WARN| could not get local_idx/count from environment variables, trying to get them from ATL
2026:08:06-10:46:53:199409 |CCL_WARN| could not get local_idx/count from environment variables, trying to get them from ATL
2026:08:06-10:46:53:199410 |CCL_WARN| could not get local_idx/count from environment variables, trying to get them from ATL
INFO     [rank 0] Config saved:                              vae_trainer.py:1229
         /hppfs/scratch/0D/go76fuz2/windinet/finetune_vae_ou                    
         tputs_sng_pvc/finetune_vae_whole_structure_baseline                    
         _enclr1x/training_config.yaml                                          
INFO     [rank 0] Starting VAE decoder finetuning...          vae_trainer.py:650
epoch 1 step 10  loss=0.147669  lr=2.98e-06  [rmse=0.0538 h1=0.0002 ssim=0.4000 mlw=59.9844]
epoch 1 step 20  loss=0.138428  lr=5.45e-06  [rmse=0.0499 h1=0.0003 ssim=0.3287 mlw=74.3537]
epoch 1 step 30  loss=0.140261  lr=7.93e-06  [rmse=0.0422 h1=0.0005 ssim=0.2806 mlw=56.0020]
epoch 1 step 40  loss=0.141170  lr=1.04e-05  [rmse=0.1773 h1=0.0021 ssim=0.5879 mlw=61.6550]
epoch 1 step 50  loss=0.135632  lr=1.29e-05  [rmse=0.0538 h1=0.0004 ssim=0.2949 mlw=63.4342]
epoch 1 step 60  loss=0.132449  lr=1.54e-05  [rmse=0.0150 h1=0.0000 ssim=0.0716 mlw=126.7954]
epoch 1 step 70  loss=0.127367  lr=1.78e-05  [rmse=0.0416 h1=0.0006 ssim=0.3999 mlw=58.9651]
epoch 1 step 80  loss=0.122198  lr=2.03e-05  [rmse=0.0661 h1=0.0007 ssim=0.3388 mlw=61.7636]
epoch 1 step 90  loss=0.120060  lr=2.28e-05  [rmse=0.1367 h1=0.0022 ssim=0.3226 mlw=92.6383]
epoch 1 step 100  loss=0.116008  lr=2.53e-05  [rmse=0.0310 h1=0.0006 ssim=0.1373 mlw=95.4151]
epoch 1 step 110  loss=0.112270  lr=2.77e-05  [rmse=0.0256 h1=0.0003 ssim=0.1946 mlw=59.9126]
epoch 1 step 120  loss=0.110684  lr=3.02e-05  [rmse=0.0487 h1=0.0007 ssim=0.2196 mlw=59.9156]
INFO     [rank 0] Loss weights: rmse=1.0000, h1=50.0000,      vae_trainer.py:806
         ssim=0.1500, mlw=0.0000                                                
INFO     [rank 0] Epoch 1: train_loss=0.110684                vae_trainer.py:827
         val_loss=0.094404  val_VRMSE=0.288628  lr=3.02e-05                     
INFO     [rank 0] Metrics updated: metrics/metrics.csv,       vae_trainer.py:847
         metrics/loss_curves.png                                                
INFO     [rank 0] Saved 8 validation reconstruction PNGs for  vae_trainer.py:998
         epoch 1                                                                
INFO     [rank 0] New best checkpoint (epoch 1,              vae_trainer.py:1099
         val_vrmse=0.288628):                                                   
         checkpoints/vae_shockwave_best.safetensors                             
INFO     [rank 0] Training state saved:                      vae_trainer.py:1159
         checkpoints/vae_shockwave_last.state.pt                                
INFO     [rank 0] Epoch 1 timing: train=1250.6s eval=1043.3s  vae_trainer.py:883
         viz=11.4s ckpt=8.7s total=2315.8s                                      
epoch 2 step 130  loss=0.101429  lr=3.27e-05  [rmse=0.0332 h1=0.0001 ssim=0.4017 mlw=102.1458]
epoch 2 step 140  loss=0.096184  lr=3.52e-05  [rmse=0.0394 h1=0.0007 ssim=0.3125 mlw=57.8604]
epoch 2 step 150  loss=0.096292  lr=3.76e-05  [rmse=0.0156 h1=0.0001 ssim=0.0885 mlw=109.1732]
epoch 2 step 160  loss=0.093271  lr=4.01e-05  [rmse=0.0287 h1=0.0003 ssim=0.2133 mlw=60.6524]
epoch 2 step 170  loss=0.092786  lr=4.26e-05  [rmse=0.0302 h1=0.0004 ssim=0.2144 mlw=61.6204]
epoch 2 step 180  loss=0.094695  lr=4.51e-05  [rmse=0.0192 h1=0.0002 ssim=0.1169 mlw=66.4091]
epoch 2 step 190  loss=0.094831  lr=4.75e-05  [rmse=0.0422 h1=0.0008 ssim=0.2218 mlw=67.1811]
epoch 2 step 200  loss=0.094133  lr=5.00e-05  [rmse=0.0245 h1=0.0004 ssim=0.1422 mlw=69.5498]
epoch 2 step 210  loss=0.094169  lr=5.00e-05  [rmse=0.0260 h1=0.0002 ssim=0.2347 mlw=71.1040]
epoch 2 step 220  loss=0.092527  lr=5.00e-05  [rmse=0.0451 h1=0.0015 ssim=0.1764 mlw=67.3797]
epoch 2 step 230  loss=0.091718  lr=5.00e-05  [rmse=0.0291 h1=0.0006 ssim=0.1471 mlw=55.5339]
epoch 2 step 240  loss=0.088896  lr=5.00e-05  [rmse=0.0149 h1=0.0001 ssim=0.0908 mlw=94.2732]
INFO     [rank 0] Loss weights: rmse=1.0000, h1=50.0000,      vae_trainer.py:806
         ssim=0.1500, mlw=0.0000                                                
INFO     [rank 0] Epoch 2: train_loss=0.088896                vae_trainer.py:827
         val_loss=0.068453  val_VRMSE=0.173373  lr=5.00e-05                     
INFO     [rank 0] Metrics updated: metrics/metrics.csv,       vae_trainer.py:847
         metrics/loss_curves.png                                                
INFO     [rank 0] Saved 8 validation reconstruction PNGs for  vae_trainer.py:998
         epoch 2                                                                
INFO     [rank 0] New best checkpoint (epoch 2,              vae_trainer.py:1099
         val_vrmse=0.173373):                                                   
         checkpoints/vae_shockwave_best.safetensors                             
INFO     [rank 0] Training state saved:                      vae_trainer.py:1159
         checkpoints/vae_shockwave_last.state.pt                                
INFO     [rank 0] Epoch 2 timing: train=1219.3s eval=918.9s   vae_trainer.py:883
         viz=10.7s ckpt=13.3s total=2162.8s                                     
epoch 3 step 250  loss=0.072694  lr=5.00e-05  [rmse=0.0320 h1=0.0007 ssim=0.2214 mlw=59.3417]
epoch 3 step 260  loss=0.074260  lr=5.00e-05  [rmse=0.0218 h1=0.0004 ssim=0.0969 mlw=60.4073]
epoch 3 step 270  loss=0.068642  lr=5.00e-05  [rmse=0.0171 h1=0.0002 ssim=0.0777 mlw=78.4796]
epoch 3 step 280  loss=0.066471  lr=5.00e-05  [rmse=0.0186 h1=0.0001 ssim=0.0446 mlw=95.2615]
epoch 3 step 290  loss=0.063383  lr=5.00e-05  [rmse=0.0107 h1=0.0000 ssim=0.0567 mlw=69.3790]
epoch 3 step 300  loss=0.061546  lr=5.00e-05  [rmse=0.0117 h1=0.0001 ssim=0.0911 mlw=74.0825]
epoch 3 step 310  loss=0.061334  lr=5.00e-05  [rmse=0.0233 h1=0.0005 ssim=0.1120 mlw=64.8217]
epoch 3 step 320  loss=0.061153  lr=5.00e-05  [rmse=0.0201 h1=0.0003 ssim=0.1130 mlw=62.3306]
epoch 3 step 330  loss=0.061516  lr=5.00e-05  [rmse=0.0361 h1=0.0013 ssim=0.2015 mlw=54.0908]
epoch 3 step 340  loss=0.060947  lr=5.00e-05  [rmse=0.0161 h1=0.0001 ssim=0.1003 mlw=66.4544]
epoch 3 step 350  loss=0.060230  lr=5.00e-05  [rmse=0.0538 h1=0.0019 ssim=0.1542 mlw=97.5940]
epoch 3 step 360  loss=0.061191  lr=5.00e-05  [rmse=0.0381 h1=0.0013 ssim=0.1351 mlw=77.4334]
INFO     [rank 0] Loss weights: rmse=1.0000, h1=50.0000,      vae_trainer.py:806
         ssim=0.1500, mlw=0.0000                                                
INFO     [rank 0] Epoch 3: train_loss=0.061191                vae_trainer.py:827
         val_loss=0.060388  val_VRMSE=0.147635  lr=5.00e-05                     
INFO     [rank 0] Metrics updated: metrics/metrics.csv,       vae_trainer.py:847
         metrics/loss_curves.png                                                
INFO     [rank 0] Saved 8 validation reconstruction PNGs for  vae_trainer.py:998
         epoch 3                                                                
INFO     [rank 0] New best checkpoint (epoch 3,              vae_trainer.py:1099
         val_vrmse=0.147635):                                                   
         checkpoints/vae_shockwave_best.safetensors                             
INFO     [rank 0] Training state saved:                      vae_trainer.py:1159
         checkpoints/vae_shockwave_last.state.pt                                
INFO     [rank 0] Epoch 3 timing: train=1217.7s eval=1002.4s  vae_trainer.py:883
         viz=10.7s ckpt=8.1s total=2239.5s                                      
epoch 4 step 370  loss=0.049564  lr=5.00e-05  [rmse=0.0078 h1=0.0000 ssim=0.0472 mlw=72.5064]
epoch 4 step 380  loss=0.051915  lr=5.00e-05  [rmse=0.0126 h1=0.0002 ssim=0.0668 mlw=63.7752]
epoch 4 step 390  loss=0.054458  lr=5.00e-05  [rmse=0.0272 h1=0.0008 ssim=0.1879 mlw=54.3370]
epoch 4 step 400  loss=0.055363  lr=5.00e-05  [rmse=0.0110 h1=0.0000 ssim=0.0471 mlw=66.9776]
epoch 4 step 410  loss=0.056601  lr=5.00e-05  [rmse=0.0274 h1=0.0007 ssim=0.1595 mlw=61.4140]
epoch 4 step 420  loss=0.058025  lr=5.00e-05  [rmse=0.0125 h1=0.0000 ssim=0.0935 mlw=100.8982]
epoch 4 step 430  loss=0.058351  lr=5.00e-05  [rmse=0.0132 h1=0.0001 ssim=0.0483 mlw=77.7281]
epoch 4 step 440  loss=0.056857  lr=5.00e-05  [rmse=0.0103 h1=0.0001 ssim=0.0798 mlw=67.6155]
epoch 4 step 450  loss=0.057185  lr=5.00e-05  [rmse=0.0298 h1=0.0007 ssim=0.1084 mlw=81.9697]
epoch 4 step 460  loss=0.057847  lr=5.00e-05  [rmse=0.0160 h1=0.0002 ssim=0.1686 mlw=80.4716]
epoch 4 step 470  loss=0.057556  lr=5.00e-05  [rmse=0.0096 h1=0.0000 ssim=0.0381 mlw=92.0778]
epoch 4 step 480  loss=0.056806  lr=5.00e-05  [rmse=0.0105 h1=0.0001 ssim=0.0564 mlw=62.0210]
INFO     [rank 0] Loss weights: rmse=1.0000, h1=50.0000,      vae_trainer.py:806
         ssim=0.1500, mlw=0.0000                                                
INFO     [rank 0] Epoch 4: train_loss=0.056806                vae_trainer.py:827
         val_loss=0.052229  val_VRMSE=0.126831  lr=5.00e-05                     
INFO     [rank 0] Metrics updated: metrics/metrics.csv,       vae_trainer.py:847
         metrics/loss_curves.png                                                
INFO     [rank 0] Saved 8 validation reconstruction PNGs for  vae_trainer.py:998
         epoch 4                                                                
INFO     [rank 0] New best checkpoint (epoch 4,              vae_trainer.py:1099
         val_vrmse=0.126831):                                                   
         checkpoints/vae_shockwave_best.safetensors                             
INFO     [rank 0] Training state saved:                      vae_trainer.py:1159
         checkpoints/vae_shockwave_last.state.pt                                
INFO     [rank 0] Epoch 4 timing: train=1219.2s eval=1001.2s  vae_trainer.py:883
         viz=10.9s ckpt=8.2s total=2240.1s                                      
epoch 5 step 490  loss=0.050845  lr=5.00e-05  [rmse=0.0059 h1=0.0000 ssim=0.0176 mlw=85.5399]
epoch 5 step 500  loss=0.051040  lr=5.00e-05  [rmse=0.0142 h1=0.0001 ssim=0.0814 mlw=54.3410]
epoch 5 step 510  loss=0.049777  lr=5.00e-05  [rmse=0.0158 h1=0.0002 ssim=0.1001 mlw=55.1046]
epoch 5 step 520  loss=0.049680  lr=5.00e-05  [rmse=0.0168 h1=0.0002 ssim=0.1461 mlw=68.7448]
epoch 5 step 530  loss=0.050276  lr=5.00e-05  [rmse=0.0072 h1=0.0000 ssim=0.0176 mlw=98.4704]
epoch 5 step 540  loss=0.050225  lr=5.00e-05  [rmse=0.0263 h1=0.0004 ssim=0.1068 mlw=66.9279]
epoch 5 step 550  loss=0.051609  lr=5.00e-05  [rmse=0.0376 h1=0.0015 ssim=0.1634 mlw=71.2469]
epoch 5 step 560  loss=0.050765  lr=5.00e-05  [rmse=0.0083 h1=0.0001 ssim=0.0317 mlw=75.0198]
epoch 5 step 570  loss=0.051763  lr=5.00e-05  [rmse=0.0307 h1=0.0010 ssim=0.1278 mlw=63.9867]
epoch 5 step 580  loss=0.051069  lr=5.00e-05  [rmse=0.0242 h1=0.0005 ssim=0.1068 mlw=61.7567]
epoch 5 step 590  loss=0.051154  lr=5.00e-05  [rmse=0.0189 h1=0.0002 ssim=0.0433 mlw=82.0588]
epoch 5 step 600  loss=0.051119  lr=5.00e-05  [rmse=0.0072 h1=0.0000 ssim=0.0463 mlw=87.8515]
INFO     [rank 0] Loss weights: rmse=1.0000, h1=50.0000,      vae_trainer.py:806
         ssim=0.1500, mlw=0.0000                                                
INFO     [rank 0] Epoch 5: train_loss=0.051119                vae_trainer.py:827
         val_loss=0.050978  val_VRMSE=0.123148  lr=5.00e-05                     
INFO     [rank 0] Metrics updated: metrics/metrics.csv,       vae_trainer.py:847
         metrics/loss_curves.png                                                
INFO     [rank 0] Saved 8 validation reconstruction PNGs for  vae_trainer.py:998
         epoch 5                                                                
INFO     [rank 0] New best checkpoint (epoch 5,              vae_trainer.py:1099
         val_vrmse=0.123148):                                                   
         checkpoints/vae_shockwave_best.safetensors                             
INFO     [rank 0] Training state saved:                      vae_trainer.py:1159
         checkpoints/vae_shockwave_last.state.pt                                
INFO     [rank 0] Epoch 5 timing: train=1217.8s eval=1002.0s  vae_trainer.py:883
         viz=10.7s ckpt=8.2s total=2239.2s                                      
epoch 6 step 610  loss=0.043005  lr=5.00e-05  [rmse=0.0270 h1=0.0004 ssim=0.0672 mlw=60.4487]
epoch 6 step 620  loss=0.045840  lr=5.00e-05  [rmse=0.0139 h1=0.0002 ssim=0.0732 mlw=52.9957]
epoch 6 step 630  loss=0.047367  lr=5.00e-05  [rmse=0.0117 h1=0.0002 ssim=0.0602 mlw=56.4547]
epoch 6 step 640  loss=0.046926  lr=5.00e-05  [rmse=0.0223 h1=0.0005 ssim=0.1017 mlw=56.5038]
epoch 6 step 650  loss=0.047668  lr=5.00e-05  [rmse=0.0314 h1=0.0013 ssim=0.1865 mlw=55.4203]
epoch 6 step 660  loss=0.047951  lr=5.00e-05  [rmse=0.0200 h1=0.0005 ssim=0.1235 mlw=53.0404]
epoch 6 step 670  loss=0.047497  lr=5.00e-05  [rmse=0.0096 h1=0.0001 ssim=0.0372 mlw=81.6082]
epoch 6 step 680  loss=0.048425  lr=5.00e-05  [rmse=0.0211 h1=0.0005 ssim=0.0990 mlw=55.6589]
epoch 6 step 690  loss=0.048492  lr=5.00e-05  [rmse=0.0086 h1=0.0001 ssim=0.0610 mlw=60.0355]
epoch 6 step 700  loss=0.050096  lr=5.00e-05  [rmse=0.0129 h1=0.0001 ssim=0.0298 mlw=85.3837]
epoch 6 step 710  loss=0.049584  lr=5.00e-05  [rmse=0.0204 h1=0.0004 ssim=0.0703 mlw=56.4026]
epoch 6 step 720  loss=0.049483  lr=5.00e-05  [rmse=0.0325 h1=0.0012 ssim=0.1118 mlw=57.9082]
INFO     [rank 0] Loss weights: rmse=1.0000, h1=50.0000,      vae_trainer.py:806
         ssim=0.1500, mlw=0.0000                                                
