START TIME: Thu 06 Aug 2026 10:00:13 PM CEST
job=522477 node=i20r06c06s04
+-----------+--------------------------------------------------------------------------------------+
| Device ID | Device Information                                                                   |
+-----------+--------------------------------------------------------------------------------------+
| 0         | Device Name: Intel(R) Data Center GPU Max 1550                                       |
|           | Vendor Name: Intel(R) Corporation                                                    |
|           | SOC UUID: 00000000-0000-003a-0000-002f0bd58086                                       |
|           | PCI BDF Address: 0000:3a:00.0                                                        |
|           | DRM Device: /dev/dri/card0                                                           |
|           | Function Type: physical                                                              |
+-----------+--------------------------------------------------------------------------------------+
| 1         | Device Name: Intel(R) Data Center GPU Max 1550                                       |
|           | Vendor Name: Intel(R) Corporation                                                    |
|           | SOC UUID: 00000000-0000-004b-0000-002f0bd58086                                       |
|           | PCI BDF Address: 0000:4b:00.0                                                        |
|           | DRM Device: /dev/dri/card1                                                           |
|           | Function Type: physical                                                              |
+-----------+--------------------------------------------------------------------------------------+
| 2         | Device Name: Intel(R) Data Center GPU Max 1550                                       |
|           | Vendor Name: Intel(R) Corporation                                                    |
|           | SOC UUID: 00000000-0000-00ca-0000-002f0bd58086                                       |
|           | PCI BDF Address: 0000:ca:00.0                                                        |
|           | DRM Device: /dev/dri/card2                                                           |
|           | Function Type: physical                                                              |
+-----------+--------------------------------------------------------------------------------------+
| 3         | Device Name: Intel(R) Data Center GPU Max 1550                                       |
|           | Vendor Name: Intel(R) Corporation                                                    |
|           | SOC UUID: 00000000-0000-00da-0000-002f0bd58086                                       |
|           | PCI BDF Address: 0000:da:00.0                                                        |
|           | DRM Device: /dev/dri/card3                                                           |
|           | Function Type: physical                                                              |
+-----------+--------------------------------------------------------------------------------------+
MASTER_ADDR: i20r06c06s04  MASTER_PORT: 55317
8 XPU tiles x accum 4 -> effective batch 32; output_dir /hppfs/scratch/0D/go76fuz2/windinet/finetune_vae_outputs_sng_pvc/finetune_vae_baseline_seed1
INFO     [rank 6] Failed to extract font properties from    font_manager.py:1107
         /usr/share/fonts/truetype/Cantarell-VF.otf: Can                        
         not load face (SFNT font table missing; error code                     
         0x8e)                                                                  
INFO     [rank 1] Failed to extract font properties from    font_manager.py:1107
         /usr/share/fonts/truetype/Cantarell-VF.otf: Can                        
         not load face (SFNT font table missing; error code                     
         0x8e)                                                                  
INFO     [rank 5] Failed to extract font properties from    font_manager.py:1107
         /usr/share/fonts/truetype/Cantarell-VF.otf: Can                        
         not load face (SFNT font table missing; error code                     
         0x8e)                                                                  
INFO     [rank 5] generated new fontManager                 font_manager.py:1639
INFO     [rank 2] Failed to extract font properties from    font_manager.py:1107
         /usr/share/fonts/truetype/Cantarell-VF.otf: Can                        
         not load face (SFNT font table missing; error code                     
         0x8e)                                                                  
INFO     [rank 0] Failed to extract font properties from    font_manager.py:1107
         /usr/share/fonts/truetype/Cantarell-VF.otf: Can                        
         not load face (SFNT font table missing; error code                     
         0x8e)                                                                  
INFO     [rank 3] Failed to extract font properties from    font_manager.py:1107
         /usr/share/fonts/truetype/Cantarell-VF.otf: Can                        
         not load face (SFNT font table missing; error code                     
         0x8e)                                                                  
INFO     [rank 7] Failed to extract font properties from    font_manager.py:1107
         /usr/share/fonts/truetype/Cantarell-VF.otf: Can                        
         not load face (SFNT font table missing; error code                     
         0x8e)                                                                  
INFO     [rank 1] generated new fontManager                 font_manager.py:1639
INFO     [rank 4] Failed to extract font properties from    font_manager.py:1107
         /usr/share/fonts/truetype/Cantarell-VF.otf: Can                        
         not load face (SFNT font table missing; error code                     
         0x8e)                                                                  
INFO     [rank 7] generated new fontManager                 font_manager.py:1639
INFO     [rank 4] generated new fontManager                 font_manager.py:1639
INFO     [rank 6] generated new fontManager                 font_manager.py:1639
INFO     [rank 2] generated new fontManager                 font_manager.py:1639
INFO     [rank 0] generated new fontManager                 font_manager.py:1639
INFO     [rank 3] generated new fontManager                 font_manager.py:1639
                          VAE Finetuning Configuration                          
┏━━━━━━━━━━━━━━━━━━━━━━━━━━━━━━━━━━━━━━┳━━━━━━━━━━━━━━━━━━━━━━━━━━━━━━━━━━━━━━━┓
┃ Parameter                            ┃ Value                                 ┃
┡━━━━━━━━━━━━━━━━━━━━━━━━━━━━━━━━━━━━━━╇━━━━━━━━━━━━━━━━━━━━━━━━━━━━━━━━━━━━━━━┩
│ model.model_source                   │ LTXV_2B_0.9.6_DEV                     │
│ model.load_checkpoint                │ None                                  │
│ adapter.enabled                      │ True                                  │
│ adapter.checkpoint                   │ None                                  │
│ adapter.channels                     │ ['density', 'momentum_x',             │
│                                      │ 'momentum_y', 'pressure']             │
│ adapter.mode                         │ inflate                               │
│ adapter.inflate_init                 │ mean                                  │
│ adapter.freeze_conv_in               │ False                                 │
│ adapter.hidden_channels              │ 32                                    │
│ adapter.activation                   │ gelu                                  │
│ adapter.identity_init                │ False                                 │
│ adapter.default_temb                 │ 0.0                                   │
│ adapter.unfreeze_encoder_tail        │ False                                 │
│ adapter.unfreeze_down_blocks         │ []                                    │
│ data.data_root                       │ /hppfs/scratch/0D/go76fuz2/windinet/… │
│ data.eval_sims                       │ 675                                   │
│ data.num_dataloader_workers          │ 4                                     │
│ data.num_sim_frames                  │ None                                  │
│ data.overfit_sims                    │ None                                  │
│ data.overfit_repeat                  │ 1                                     │
│ data.channel_mean                    │ [0.905097647712509,                   │
│                                      │ 0.0040453659499771295,                │
│                                      │ -0.0019089379643528095, 0.9           │
│ data.channel_std                     │ [0.6607349375392083,                  │
│                                      │ 0.5328754120427532,                   │
│                                      │ 0.5262512462358824, 0.8050358         │
│ data.normalization_clip              │ 5.0                                   │
│ data.channel_order                   │ ['density', 'momentum_x',             │
│                                      │ 'momentum_y', 'pressure']             │
│ optimization.learning_rate           │ 5e-05                                 │
│ optimization.adapter_lr_multiplier   │ 1.0                                   │
│ optimization.min_learning_rate       │ 1e-06                                 │
│ optimization.encoder_tail_lr_multip… │ 0.1                                   │
│ optimization.scheduler_type          │ wsd                                   │
│ optimization.stable_fraction         │ 0.7                                   │
│ optimization.epochs                  │ 15                                    │
│ optimization.batch_size              │ 1                                     │
│ optimization.gradient_accumulation_… │ 4                                     │
│ optimization.max_grad_norm           │ 5.0                                   │
│ optimization.weight_decay            │ 0.0                                   │
│ optimization.warmup_steps            │ 200                                   │
│ optimization.warmup_start_factor     │ 0.01                                  │
│ optimization.enable_gradient_checkp… │ True                                  │
│ loss.wavelet                         │ db2                                   │
│ loss.spatial_level                   │ 2                                     │
│ loss.temporal_level                  │ 2                                     │
│ loss.mlw_beta                        │ 10.0                                  │
│ loss.mlw_eps                         │ 1e-06                                 │
│ loss_weighting.strategy              │ fixed                                 │
│ loss_weighting.weights               │ {'rmse': 1.0, 'h1': 50.0, 'ssim':     │
│                                      │ 0.15, 'mlw': 0.0}                     │
│ loss_weighting.loss_names            │ ['rmse', 'h1', 'ssim', 'mlw']         │
│ loss_weighting.alpha                 │ 1.5                                   │
│ loss_weighting.weight_lr             │ 0.025                                 │
│ loss_weighting.temperature           │ 0.1                                   │
│ visualization.enabled                │ True                                  │
│ visualization.interval_epochs        │ 1                                     │
│ visualization.num_samples            │ 2                                     │
│ visualization.frame_numbers          │ [25, 50, 75, 100]                     │
│ visualization.dpi                    │ 150                                   │
│ acceleration.mixed_precision_mode    │ bf16                                  │
│ acceleration.compile_with_inductor   │ False                                 │
│ acceleration.compilation_mode        │ reduce-overhead                       │
│ checkpoints.interval                 │ 1                                     │
│ checkpoints.keep_last_n              │ 1                                     │
│ checkpoints.save_best_only           │ True                                  │
│ checkpoints.best_metric              │ val_vrmse                             │
│ checkpoints.save_last_state          │ True                                  │
│ wandb.enabled                        │ False                                 │
│ wandb.project                        │ windinet                              │
│ wandb.entity                         │ None                                  │
│ wandb.tags                           │ ['vae', 'inflate', 'mean-init',       │
│                                      │ 'wsd', '15ep', 'h1x2', 'lr1x',        │
│                                      │ 'shockw                               │
│ seed                                 │ 1                                     │
│ output_dir                           │ /hppfs/scratch/0D/go76fuz2/windinet/… │
│ clean_output_dir                     │ True                                  │
│ resume_from                          │ None                                  │
│ resume_weights_only                  │ False                                 │
└──────────────────────────────────────┴───────────────────────────────────────┘
INFO     [rank 0] Distributed training: 8 processes          vae_trainer.py:1294
INFO     [rank 0] VAE inflated to 4 native channels           vae_trainer.py:159
         (init=mean); encoder.conv_in is trainable                              
INFO     [rank 0] VAE gradient checkpointing enabled          vae_trainer.py:230
INFO     [rank 0] VAE loaded. Decoder params: 552,869,953     vae_trainer.py:236
INFO     [rank 0] Trainable parameters:                       vae_trainer.py:309
         encoder_conv_in=221,312, encoder_extra=0,                              
         decoder=552,869,953, in_adapter=0, out_adapter=0                       
INFO     [rank 0] Dataset: 3825 train, 675 eval samples       vae_trainer.py:550
INFO     [rank 0] encoder.conv_in LR = 5.00e-05 (1x decoder   vae_trainer.py:574
         LR 5.00e-05)                                                           
INFO     [rank 0] LR schedule 'wsd': 1800 steps (200 warmup,  vae_trainer.py:644
         1120 stable, 480 anneal), peak 5.00e-05 -> floor                       
         1.00e-06                                                               
2026:08:06-22:12:26:30634 |CCL_WARN| value of CCL_ATL_TRANSPORT changed to be ofi (default:mpi)
2026:08:06-22:12:26:30634 |CCL_WARN| value of CCL_ALLREDUCE changed to be ring (default:)
2026:08:06-22:12:26:30637 |CCL_WARN| could not get local_idx/count from environment variables, trying to get them from ATL
2026:08:06-22:12:26:30636 |CCL_WARN| could not get local_idx/count from environment variables, trying to get them from ATL
2026:08:06-22:12:26:30634 |CCL_WARN| could not get local_idx/count from environment variables, trying to get them from ATL
2026:08:06-22:12:26:30635 |CCL_WARN| could not get local_idx/count from environment variables, trying to get them from ATL
2026:08:06-22:12:26:30638 |CCL_WARN| could not get local_idx/count from environment variables, trying to get them from ATL
2026:08:06-22:12:26:30639 |CCL_WARN| could not get local_idx/count from environment variables, trying to get them from ATL
2026:08:06-22:12:27:30640 |CCL_WARN| could not get local_idx/count from environment variables, trying to get them from ATL
2026:08:06-22:12:27:30641 |CCL_WARN| could not get local_idx/count from environment variables, trying to get them from ATL
INFO     [rank 0] Config saved:                              vae_trainer.py:1318
         /hppfs/scratch/0D/go76fuz2/windinet/finetune_vae_ou                    
         tputs_sng_pvc/finetune_vae_baseline_seed1/training_                    
         config.yaml                                                            
INFO     [rank 0] Starting VAE decoder finetuning...          vae_trainer.py:692
epoch 1 step 10  loss=0.121376  lr=2.98e-06  [rmse=0.0731 h1=0.0001 ssim=0.3395 mlw=77.5999]
epoch 1 step 20  loss=0.128699  lr=5.45e-06  [rmse=0.0401 h1=0.0002 ssim=0.3785 mlw=63.7397]
epoch 1 step 30  loss=0.132758  lr=7.93e-06  [rmse=0.0340 h1=0.0004 ssim=0.2571 mlw=62.6229]
epoch 1 step 40  loss=0.135366  lr=1.04e-05  [rmse=0.0254 h1=0.0001 ssim=0.1333 mlw=60.1920]
epoch 1 step 50  loss=0.132550  lr=1.29e-05  [rmse=0.0353 h1=0.0004 ssim=0.3040 mlw=57.5950]
epoch 1 step 60  loss=0.133627  lr=1.54e-05  [rmse=0.0647 h1=0.0006 ssim=0.4640 mlw=60.4613]
epoch 1 step 70  loss=0.128288  lr=1.78e-05  [rmse=0.2992 h1=0.0004 ssim=0.6146 mlw=89.2618]
epoch 1 step 80  loss=0.126093  lr=2.03e-05  [rmse=0.0375 h1=0.0001 ssim=0.1978 mlw=88.6589]
epoch 1 step 90  loss=0.122387  lr=2.28e-05  [rmse=0.0387 h1=0.0006 ssim=0.3048 mlw=58.6381]
epoch 1 step 100  loss=0.118354  lr=2.53e-05  [rmse=0.0202 h1=0.0001 ssim=0.1073 mlw=55.4927]
epoch 1 step 110  loss=0.115850  lr=2.77e-05  [rmse=0.0218 h1=0.0001 ssim=0.2245 mlw=87.1617]
epoch 1 step 120  loss=0.112176  lr=3.02e-05  [rmse=0.0207 h1=0.0002 ssim=0.1110 mlw=65.4797]
INFO     [rank 0] Loss weights: rmse=1.0000, h1=50.0000,      vae_trainer.py:852
         ssim=0.1500, mlw=0.0000                                                
INFO     [rank 0] Epoch 1: train_loss=0.112176                vae_trainer.py:878
         val_loss=0.084541  val_VRMSE=0.223424  lr=3.02e-05                     
INFO     [rank 0] Metrics updated: metrics/metrics.csv,       vae_trainer.py:904
         metrics/loss_curves.png                                                
INFO     [rank 0] Saved 8 validation reconstruction PNGs for vae_trainer.py:1087
         epoch 1                                                                
INFO     [rank 0] New best checkpoint (epoch 1,              vae_trainer.py:1188
         val_vrmse=0.223424):                                                   
         checkpoints/vae_shockwave_best.safetensors                             
INFO     [rank 0] Training state saved:                      vae_trainer.py:1248
         checkpoints/vae_shockwave_last.state.pt                                
INFO     [rank 0] Epoch 1 timing: train=888.3s eval=37.4s     vae_trainer.py:940
         viz=10.8s ckpt=4.4s total=942.7s                                       
epoch 2 step 130  loss=0.082380  lr=3.27e-05  [rmse=0.0230 h1=0.0002 ssim=0.1440 mlw=93.5730]
epoch 2 step 140  loss=0.077251  lr=3.52e-05  [rmse=0.0109 h1=0.0001 ssim=0.0752 mlw=79.0608]
epoch 2 step 150  loss=0.077424  lr=3.76e-05  [rmse=0.0516 h1=0.0018 ssim=0.1528 mlw=72.5057]
epoch 2 step 160  loss=0.073711  lr=4.01e-05  [rmse=0.0410 h1=0.0013 ssim=0.2567 mlw=54.0085]
epoch 2 step 170  loss=0.072106  lr=4.26e-05  [rmse=0.0110 h1=0.0001 ssim=0.0534 mlw=64.4204]
epoch 2 step 180  loss=0.072801  lr=4.51e-05  [rmse=0.0362 h1=0.0010 ssim=0.1188 mlw=74.8257]
epoch 2 step 190  loss=0.071514  lr=4.75e-05  [rmse=0.0274 h1=0.0007 ssim=0.1331 mlw=70.5712]
epoch 2 step 200  loss=0.070887  lr=5.00e-05  [rmse=0.0433 h1=0.0016 ssim=0.2135 mlw=73.4352]
epoch 2 step 210  loss=0.069585  lr=5.00e-05  [rmse=0.0148 h1=0.0002 ssim=0.1213 mlw=66.6486]
epoch 2 step 220  loss=0.068796  lr=5.00e-05  [rmse=0.0105 h1=0.0000 ssim=0.0751 mlw=68.8073]
epoch 2 step 230  loss=0.067651  lr=5.00e-05  [rmse=0.0563 h1=0.0026 ssim=0.2199 mlw=61.2376]
epoch 2 step 240  loss=0.067929  lr=5.00e-05  [rmse=0.0358 h1=0.0011 ssim=0.1240 mlw=63.6290]
INFO     [rank 0] Loss weights: rmse=1.0000, h1=50.0000,      vae_trainer.py:852
         ssim=0.1500, mlw=0.0000                                                
INFO     [rank 0] Epoch 2: train_loss=0.067929                vae_trainer.py:878
         val_loss=0.069273  val_VRMSE=0.172034  lr=5.00e-05                     
INFO     [rank 0] Metrics updated: metrics/metrics.csv,       vae_trainer.py:904
         metrics/loss_curves.png                                                
INFO     [rank 0] Saved 8 validation reconstruction PNGs for vae_trainer.py:1087
         epoch 2                                                                
INFO     [rank 0] New best checkpoint (epoch 2,              vae_trainer.py:1188
         val_vrmse=0.172034):                                                   
         checkpoints/vae_shockwave_best.safetensors                             
INFO     [rank 0] Training state saved:                      vae_trainer.py:1248
         checkpoints/vae_shockwave_last.state.pt                                
INFO     [rank 0] Epoch 2 timing: train=859.4s eval=37.7s     vae_trainer.py:940
         viz=10.9s ckpt=4.2s total=912.8s                                       
epoch 3 step 250  loss=0.050889  lr=5.00e-05  [rmse=0.0157 h1=0.0002 ssim=0.1066 mlw=56.5893]
epoch 3 step 260  loss=0.055083  lr=5.00e-05  [rmse=0.0137 h1=0.0000 ssim=0.0640 mlw=76.3271]
epoch 3 step 270  loss=0.057965  lr=5.00e-05  [rmse=0.0403 h1=0.0010 ssim=0.1170 mlw=103.1401]
epoch 3 step 280  loss=0.055676  lr=5.00e-05  [rmse=0.0110 h1=0.0001 ssim=0.0578 mlw=63.9550]
epoch 3 step 290  loss=0.055304  lr=5.00e-05  [rmse=0.0180 h1=0.0003 ssim=0.1296 mlw=55.1594]
epoch 3 step 300  loss=0.054186  lr=5.00e-05  [rmse=0.0120 h1=0.0001 ssim=0.0624 mlw=76.9852]
epoch 3 step 310  loss=0.054556  lr=5.00e-05  [rmse=0.0141 h1=0.0002 ssim=0.0712 mlw=67.6223]
epoch 3 step 320  loss=0.055169  lr=5.00e-05  [rmse=0.0369 h1=0.0013 ssim=0.1407 mlw=65.2915]
epoch 3 step 330  loss=0.055208  lr=5.00e-05  [rmse=0.0174 h1=0.0003 ssim=0.0870 mlw=55.5221]
epoch 3 step 340  loss=0.054915  lr=5.00e-05  [rmse=0.0137 h1=0.0001 ssim=0.1267 mlw=61.6770]
epoch 3 step 350  loss=0.056103  lr=5.00e-05  [rmse=0.0176 h1=0.0003 ssim=0.0689 mlw=70.1177]
epoch 3 step 360  loss=0.057499  lr=5.00e-05  [rmse=0.0107 h1=0.0001 ssim=0.0713 mlw=68.7600]
INFO     [rank 0] Loss weights: rmse=1.0000, h1=50.0000,      vae_trainer.py:852
         ssim=0.1500, mlw=0.0000                                                
INFO     [rank 0] Epoch 3: train_loss=0.057499                vae_trainer.py:878
         val_loss=0.055588  val_VRMSE=0.129838  lr=5.00e-05                     
INFO     [rank 0] Metrics updated: metrics/metrics.csv,       vae_trainer.py:904
         metrics/loss_curves.png                                                
INFO     [rank 0] Saved 8 validation reconstruction PNGs for vae_trainer.py:1087
         epoch 3                                                                
INFO     [rank 0] New best checkpoint (epoch 3,              vae_trainer.py:1188
         val_vrmse=0.129838):                                                   
         checkpoints/vae_shockwave_best.safetensors                             
INFO     [rank 0] Training state saved:                      vae_trainer.py:1248
         checkpoints/vae_shockwave_last.state.pt                                
INFO     [rank 0] Epoch 3 timing: train=859.2s eval=38.0s     vae_trainer.py:940
         viz=10.5s ckpt=4.3s total=912.7s                                       
epoch 4 step 370  loss=0.052906  lr=5.00e-05  [rmse=0.0234 h1=0.0003 ssim=0.0572 mlw=76.2089]
epoch 4 step 380  loss=0.052209  lr=5.00e-05  [rmse=0.0150 h1=0.0002 ssim=0.0753 mlw=63.8474]
epoch 4 step 390  loss=0.054308  lr=5.00e-05  [rmse=0.0064 h1=0.0000 ssim=0.0249 mlw=107.8918]
epoch 4 step 400  loss=0.053106  lr=5.00e-05  [rmse=0.0085 h1=0.0001 ssim=0.0677 mlw=100.1262]
epoch 4 step 410  loss=0.050394  lr=5.00e-05  [rmse=0.0197 h1=0.0003 ssim=0.1293 mlw=64.4250]
epoch 4 step 420  loss=0.051334  lr=5.00e-05  [rmse=0.0218 h1=0.0004 ssim=0.1073 mlw=60.3551]
epoch 4 step 430  loss=0.051589  lr=5.00e-05  [rmse=0.0079 h1=0.0000 ssim=0.0271 mlw=73.2069]
epoch 4 step 440  loss=0.051497  lr=5.00e-05  [rmse=0.0149 h1=0.0002 ssim=0.0750 mlw=62.5205]
epoch 4 step 450  loss=0.051644  lr=5.00e-05  [rmse=0.0131 h1=0.0002 ssim=0.0688 mlw=62.1840]
epoch 4 step 460  loss=0.051831  lr=5.00e-05  [rmse=0.0148 h1=0.0002 ssim=0.0910 mlw=54.8402]
epoch 4 step 470  loss=0.051495  lr=5.00e-05  [rmse=0.0081 h1=0.0001 ssim=0.0433 mlw=80.4039]
epoch 4 step 480  loss=0.052775  lr=5.00e-05  [rmse=0.0423 h1=0.0021 ssim=0.1619 mlw=86.8551]
INFO     [rank 0] Loss weights: rmse=1.0000, h1=50.0000,      vae_trainer.py:852
         ssim=0.1500, mlw=0.0000                                                
INFO     [rank 0] Epoch 4: train_loss=0.052775                vae_trainer.py:878
         val_loss=0.051937  val_VRMSE=0.120173  lr=5.00e-05                     
INFO     [rank 0] Metrics updated: metrics/metrics.csv,       vae_trainer.py:904
         metrics/loss_curves.png                                                
INFO     [rank 0] Saved 8 validation reconstruction PNGs for vae_trainer.py:1087
         epoch 4                                                                
INFO     [rank 0] New best checkpoint (epoch 4,              vae_trainer.py:1188
         val_vrmse=0.120173):                                                   
         checkpoints/vae_shockwave_best.safetensors                             
INFO     [rank 0] Training state saved:                      vae_trainer.py:1248
         checkpoints/vae_shockwave_last.state.pt                                
INFO     [rank 0] Epoch 4 timing: train=856.8s eval=38.0s     vae_trainer.py:940
         viz=10.5s ckpt=4.1s total=910.0s                                       
epoch 5 step 490  loss=0.049024  lr=5.00e-05  [rmse=0.0126 h1=0.0001 ssim=0.0549 mlw=64.1701]
epoch 5 step 500  loss=0.050919  lr=5.00e-05  [rmse=0.0272 h1=0.0006 ssim=0.1913 mlw=55.8208]
epoch 5 step 510  loss=0.053622  lr=5.00e-05  [rmse=0.0239 h1=0.0005 ssim=0.1980 mlw=55.1638]
epoch 5 step 520  loss=0.057602  lr=5.00e-05  [rmse=0.0487 h1=0.0029 ssim=0.1660 mlw=62.5012]
epoch 5 step 530  loss=0.053744  lr=5.00e-05  [rmse=0.0079 h1=0.0000 ssim=0.0390 mlw=73.4360]
epoch 5 step 540  loss=0.052649  lr=5.00e-05  [rmse=0.0137 h1=0.0002 ssim=0.0709 mlw=51.6597]
epoch 5 step 550  loss=0.052218  lr=5.00e-05  [rmse=0.0046 h1=0.0000 ssim=0.0624 mlw=121.4699]
epoch 5 step 560  loss=0.051935  lr=5.00e-05  [rmse=0.0233 h1=0.0006 ssim=0.1436 mlw=55.5058]
epoch 5 step 570  loss=0.050505  lr=5.00e-05  [rmse=0.0063 h1=0.0000 ssim=0.0223 mlw=73.7898]
epoch 5 step 580  loss=0.049095  lr=5.00e-05  [rmse=0.0078 h1=0.0001 ssim=0.0256 mlw=74.5308]
epoch 5 step 590  loss=0.049613  lr=5.00e-05  [rmse=0.0309 h1=0.0011 ssim=0.1587 mlw=66.2164]
epoch 5 step 600  loss=0.050042  lr=5.00e-05  [rmse=0.0074 h1=0.0000 ssim=0.0322 mlw=71.2206]
INFO     [rank 0] Loss weights: rmse=1.0000, h1=50.0000,      vae_trainer.py:852
         ssim=0.1500, mlw=0.0000                                                
INFO     [rank 0] Epoch 5: train_loss=0.050042                vae_trainer.py:878
         val_loss=0.052348  val_VRMSE=0.121625  lr=5.00e-05                     
INFO     [rank 0] Metrics updated: metrics/metrics.csv,       vae_trainer.py:904
         metrics/loss_curves.png                                                
INFO     [rank 0] Saved 8 validation reconstruction PNGs for vae_trainer.py:1087
         epoch 5                                                                
INFO     [rank 0] Training state saved:                      vae_trainer.py:1248
         checkpoints/vae_shockwave_last.state.pt                                
INFO     [rank 0] Epoch 5 timing: train=857.6s eval=37.6s     vae_trainer.py:940
         viz=10.6s ckpt=3.6s total=910.0s                                       
epoch 6 step 610  loss=0.043471  lr=5.00e-05  [rmse=0.0095 h1=0.0001 ssim=0.0496 mlw=65.6649]
epoch 6 step 620  loss=0.045597  lr=5.00e-05  [rmse=0.0267 h1=0.0008 ssim=0.0625 mlw=67.0634]
epoch 6 step 630  loss=0.055929  lr=5.00e-05  [rmse=0.0477 h1=0.0024 ssim=0.1376 mlw=65.5740]
epoch 6 step 640  loss=0.053964  lr=5.00e-05  [rmse=0.0291 h1=0.0009 ssim=0.1308 mlw=59.4092]
epoch 6 step 650  loss=0.053157  lr=5.00e-05  [rmse=0.0311 h1=0.0004 ssim=0.0821 mlw=134.7550]
epoch 6 step 660  loss=0.053483  lr=5.00e-05  [rmse=0.0440 h1=0.0021 ssim=0.1742 mlw=83.1032]
epoch 6 step 670  loss=0.053546  lr=5.00e-05  [rmse=0.0244 h1=0.0006 ssim=0.1112 mlw=54.9667]
epoch 6 step 680  loss=0.052221  lr=5.00e-05  [rmse=0.0106 h1=0.0001 ssim=0.0526 mlw=60.9299]
epoch 6 step 690  loss=0.052077  lr=5.00e-05  [rmse=0.0115 h1=0.0001 ssim=0.0528 mlw=61.9066]
epoch 6 step 700  loss=0.051979  lr=5.00e-05  [rmse=0.0332 h1=0.0008 ssim=0.0812 mlw=75.3737]
epoch 6 step 710  loss=0.051992  lr=5.00e-05  [rmse=0.0473 h1=0.0020 ssim=0.1689 mlw=69.1776]
epoch 6 step 720  loss=0.051904  lr=5.00e-05  [rmse=0.0044 h1=0.0000 ssim=0.0296 mlw=94.1143]
INFO     [rank 0] Loss weights: rmse=1.0000, h1=50.0000,      vae_trainer.py:852
         ssim=0.1500, mlw=0.0000                                                
INFO     [rank 0] Epoch 6: train_loss=0.051904                vae_trainer.py:878
         val_loss=0.050109  val_VRMSE=0.118221  lr=5.00e-05                     
INFO     [rank 0] Metrics updated: metrics/metrics.csv,       vae_trainer.py:904
         metrics/loss_curves.png                                                
INFO     [rank 0] Saved 8 validation reconstruction PNGs for vae_trainer.py:1087
         epoch 6                                                                
INFO     [rank 0] New best checkpoint (epoch 6,              vae_trainer.py:1188
         val_vrmse=0.118221):                                                   
         checkpoints/vae_shockwave_best.safetensors                             
INFO     [rank 0] Training state saved:                      vae_trainer.py:1248
         checkpoints/vae_shockwave_last.state.pt                                
INFO     [rank 0] Epoch 6 timing: train=856.5s eval=37.9s     vae_trainer.py:940
         viz=10.8s ckpt=4.1s total=909.9s                                       
epoch 7 step 730  loss=0.045410  lr=5.00e-05  [rmse=0.0263 h1=0.0007 ssim=0.0819 mlw=62.3163]
epoch 7 step 740  loss=0.038883  lr=5.00e-05  [rmse=0.0114 h1=0.0002 ssim=0.0571 mlw=57.9364]
epoch 7 step 750  loss=0.036743  lr=5.00e-05  [rmse=0.0086 h1=0.0001 ssim=0.0490 mlw=56.0297]
epoch 7 step 760  loss=0.039079  lr=5.00e-05  [rmse=0.0342 h1=0.0014 ssim=0.0877 mlw=57.8247]
epoch 7 step 770  loss=0.041646  lr=5.00e-05  [rmse=0.0092 h1=0.0001 ssim=0.0370 mlw=54.4246]
epoch 7 step 780  loss=0.044530  lr=5.00e-05  [rmse=0.0496 h1=0.0024 ssim=0.1443 mlw=67.1045]
epoch 7 step 790  loss=0.043712  lr=5.00e-05  [rmse=0.0093 h1=0.0001 ssim=0.0972 mlw=79.0796]
epoch 7 step 800  loss=0.043546  lr=5.00e-05  [rmse=0.0156 h1=0.0001 ssim=0.0447 mlw=110.9021]
epoch 7 step 810  loss=0.045710  lr=5.00e-05  [rmse=0.0215 h1=0.0004 ssim=0.1597 mlw=58.9296]
epoch 7 step 820  loss=0.045625  lr=5.00e-05  [rmse=0.0080 h1=0.0000 ssim=0.0337 mlw=63.8926]
epoch 7 step 830  loss=0.045876  lr=5.00e-05  [rmse=0.0200 h1=0.0004 ssim=0.0969 mlw=74.7263]
epoch 7 step 840  loss=0.045601  lr=5.00e-05  [rmse=0.0141 h1=0.0002 ssim=0.0808 mlw=59.4192]
INFO     [rank 0] Loss weights: rmse=1.0000, h1=50.0000,      vae_trainer.py:852
         ssim=0.1500, mlw=0.0000                                                
INFO     [rank 0] Epoch 7: train_loss=0.045601                vae_trainer.py:878
         val_loss=0.050491  val_VRMSE=0.119064  lr=5.00e-05                     
INFO     [rank 0] Metrics updated: metrics/metrics.csv,       vae_trainer.py:904
         metrics/loss_curves.png                                                
INFO     [rank 0] Saved 8 validation reconstruction PNGs for vae_trainer.py:1087
         epoch 7                                                                
INFO     [rank 0] Training state saved:                      vae_trainer.py:1248
         checkpoints/vae_shockwave_last.state.pt                                
INFO     [rank 0] Epoch 7 timing: train=857.5s eval=38.0s     vae_trainer.py:940
         viz=10.7s ckpt=3.4s total=910.2s                                       
epoch 8 step 850  loss=0.046084  lr=5.00e-05  [rmse=0.0067 h1=0.0000 ssim=0.0219 mlw=116.4371]
epoch 8 step 860  loss=0.041929  lr=5.00e-05  [rmse=0.0382 h1=0.0016 ssim=0.1332 mlw=59.4580]
epoch 8 step 870  loss=0.043973  lr=5.00e-05  [rmse=0.0135 h1=0.0001 ssim=0.0843 mlw=50.5987]
epoch 8 step 880  loss=0.042116  lr=5.00e-05  [rmse=0.0099 h1=0.0001 ssim=0.0292 mlw=85.5818]
epoch 8 step 890  loss=0.044001  lr=5.00e-05  [rmse=0.0165 h1=0.0003 ssim=0.0531 mlw=68.9950]
epoch 8 step 900  loss=0.043747  lr=5.00e-05  [rmse=0.0159 h1=0.0003 ssim=0.0657 mlw=58.4026]
epoch 8 step 910  loss=0.043301  lr=5.00e-05  [rmse=0.0247 h1=0.0007 ssim=0.1135 mlw=60.8247]
epoch 8 step 920  loss=0.042715  lr=5.00e-05  [rmse=0.0058 h1=0.0000 ssim=0.0235 mlw=68.2463]
epoch 8 step 930  loss=0.042485  lr=5.00e-05  [rmse=0.0166 h1=0.0003 ssim=0.0982 mlw=62.1044]
epoch 8 step 940  loss=0.043372  lr=5.00e-05  [rmse=0.0141 h1=0.0002 ssim=0.0841 mlw=52.4257]
epoch 8 step 950  loss=0.043678  lr=5.00e-05  [rmse=0.0079 h1=0.0000 ssim=0.0247 mlw=65.7601]
epoch 8 step 960  loss=0.043771  lr=5.00e-05  [rmse=0.0137 h1=0.0002 ssim=0.0713 mlw=53.3077]
INFO     [rank 0] Loss weights: rmse=1.0000, h1=50.0000,      vae_trainer.py:852
         ssim=0.1500, mlw=0.0000                                                
INFO     [rank 0] Epoch 8: train_loss=0.043771                vae_trainer.py:878
         val_loss=0.047474  val_VRMSE=0.110951  lr=5.00e-05                     
INFO     [rank 0] Metrics updated: metrics/metrics.csv,       vae_trainer.py:904
         metrics/loss_curves.png                                                
INFO     [rank 0] Saved 8 validation reconstruction PNGs for vae_trainer.py:1087
         epoch 8                                                                
INFO     [rank 0] New best checkpoint (epoch 8,              vae_trainer.py:1188
         val_vrmse=0.110951):                                                   
         checkpoints/vae_shockwave_best.safetensors                             
INFO     [rank 0] Training state saved:                      vae_trainer.py:1248
         checkpoints/vae_shockwave_last.state.pt                                
INFO     [rank 0] Epoch 8 timing: train=864.1s eval=37.7s     vae_trainer.py:940
         viz=10.6s ckpt=4.2s total=917.4s                                       
epoch 9 step 970  loss=0.040280  lr=5.00e-05  [rmse=0.0280 h1=0.0004 ssim=0.0894 mlw=77.2740]
epoch 9 step 980  loss=0.046800  lr=5.00e-05  [rmse=0.0232 h1=0.0007 ssim=0.1409 mlw=53.0450]
epoch 9 step 990  loss=0.046542  lr=5.00e-05  [rmse=0.0072 h1=0.0000 ssim=0.0466 mlw=63.6052]
epoch 9 step 1000  loss=0.049844  lr=5.00e-05  [rmse=0.0250 h1=0.0006 ssim=0.0781 mlw=57.5747]
epoch 9 step 1010  loss=0.048265  lr=5.00e-05  [rmse=0.0153 h1=0.0002 ssim=0.1199 mlw=61.9400]
epoch 9 step 1020  loss=0.048274  lr=5.00e-05  [rmse=0.0305 h1=0.0010 ssim=0.1298 mlw=55.4571]
epoch 9 step 1030  loss=0.046734  lr=5.00e-05  [rmse=0.0125 h1=0.0000 ssim=0.0380 mlw=92.6265]
epoch 9 step 1040  loss=0.046109  lr=5.00e-05  [rmse=0.0103 h1=0.0001 ssim=0.0242 mlw=80.2417]
epoch 9 step 1050  loss=0.046374  lr=5.00e-05  [rmse=0.0047 h1=0.0000 ssim=0.0514 mlw=78.4520]
epoch 9 step 1060  loss=0.045709  lr=5.00e-05  [rmse=0.0311 h1=0.0012 ssim=0.1258 mlw=56.1330]
epoch 9 step 1070  loss=0.045514  lr=5.00e-05  [rmse=0.0105 h1=0.0001 ssim=0.0467 mlw=62.8237]
epoch 9 step 1080  loss=0.045746  lr=5.00e-05  [rmse=0.0283 h1=0.0010 ssim=0.1354 mlw=65.4871]
INFO     [rank 0] Loss weights: rmse=1.0000, h1=50.0000,      vae_trainer.py:852
         ssim=0.1500, mlw=0.0000                                                
INFO     [rank 0] Epoch 9: train_loss=0.045746                vae_trainer.py:878
         val_loss=0.050945  val_VRMSE=0.114869  lr=5.00e-05                     
INFO     [rank 0] Metrics updated: metrics/metrics.csv,       vae_trainer.py:904
         metrics/loss_curves.png                                                
INFO     [rank 0] Saved 8 validation reconstruction PNGs for vae_trainer.py:1087
         epoch 9                                                                
INFO     [rank 0] Training state saved:                      vae_trainer.py:1248
         checkpoints/vae_shockwave_last.state.pt                                
INFO     [rank 0] Epoch 9 timing: train=856.5s eval=37.8s     vae_trainer.py:940
         viz=11.7s ckpt=4.1s total=910.9s                                       
epoch 10 step 1090  loss=0.044325  lr=5.00e-05  [rmse=0.0073 h1=0.0001 ssim=0.0373 mlw=57.2752]
epoch 10 step 1100  loss=0.044291  lr=5.00e-05  [rmse=0.0237 h1=0.0006 ssim=0.1085 mlw=55.5651]
epoch 10 step 1110  loss=0.048202  lr=5.00e-05  [rmse=0.0234 h1=0.0005 ssim=0.1554 mlw=65.1720]
epoch 10 step 1120  loss=0.047036  lr=5.00e-05  [rmse=0.0219 h1=0.0004 ssim=0.0738 mlw=67.8529]
epoch 10 step 1130  loss=0.045915  lr=5.00e-05  [rmse=0.0171 h1=0.0004 ssim=0.0730 mlw=55.0977]
epoch 10 step 1140  loss=0.046075  lr=5.00e-05  [rmse=0.0108 h1=0.0001 ssim=0.0590 mlw=56.9989]
epoch 10 step 1150  loss=0.046874  lr=5.00e-05  [rmse=0.0321 h1=0.0010 ssim=0.0996 mlw=56.4633]
epoch 10 step 1160  loss=0.047311  lr=5.00e-05  [rmse=0.0258 h1=0.0007 ssim=0.1306 mlw=59.4750]
epoch 10 step 1170  loss=0.046568  lr=5.00e-05  [rmse=0.0122 h1=0.0002 ssim=0.0572 mlw=53.6526]
epoch 10 step 1180  loss=0.046556  lr=5.00e-05  [rmse=0.0156 h1=0.0003 ssim=0.0824 mlw=53.6692]
epoch 10 step 1190  loss=0.046653  lr=5.00e-05  [rmse=0.0210 h1=0.0004 ssim=0.0680 mlw=63.0546]
epoch 10 step 1200  loss=0.046165  lr=5.00e-05  [rmse=0.0137 h1=0.0002 ssim=0.0554 mlw=79.0904]
INFO     [rank 0] Loss weights: rmse=1.0000, h1=50.0000,      vae_trainer.py:852
         ssim=0.1500, mlw=0.0000                                                
INFO     [rank 0] Epoch 10: train_loss=0.046165               vae_trainer.py:878
         val_loss=0.046553  val_VRMSE=0.109773  lr=5.00e-05                     
INFO     [rank 0] Metrics updated: metrics/metrics.csv,       vae_trainer.py:904
         metrics/loss_curves.png                                                
INFO     [rank 0] Saved 8 validation reconstruction PNGs for vae_trainer.py:1087
         epoch 10                                                               
INFO     [rank 0] New best checkpoint (epoch 10,             vae_trainer.py:1188
         val_vrmse=0.109773):                                                   
         checkpoints/vae_shockwave_best.safetensors                             
INFO     [rank 0] Training state saved:                      vae_trainer.py:1248
         checkpoints/vae_shockwave_last.state.pt                                
INFO     [rank 0] Epoch 10 timing: train=863.4s eval=38.1s    vae_trainer.py:940
         viz=10.5s ckpt=4.2s total=916.8s                                       
epoch 11 step 1210  loss=0.040290  lr=5.00e-05  [rmse=0.0052 h1=0.0000 ssim=0.0154 mlw=68.1157]
epoch 11 step 1220  loss=0.039097  lr=5.00e-05  [rmse=0.0096 h1=0.0001 ssim=0.0574 mlw=68.5666]
epoch 11 step 1230  loss=0.042651  lr=5.00e-05  [rmse=0.0304 h1=0.0008 ssim=0.0851 mlw=72.8715]
epoch 11 step 1240  loss=0.044958  lr=5.00e-05  [rmse=0.0182 h1=0.0004 ssim=0.0972 mlw=52.3172]
epoch 11 step 1250  loss=0.043863  lr=5.00e-05  [rmse=0.0081 h1=0.0001 ssim=0.0352 mlw=72.2497]
epoch 11 step 1260  loss=0.042917  lr=5.00e-05  [rmse=0.0105 h1=0.0002 ssim=0.0651 mlw=79.4015]
epoch 11 step 1270  loss=0.043884  lr=5.00e-05  [rmse=0.0074 h1=0.0000 ssim=0.0425 mlw=59.7153]
epoch 11 step 1280  loss=0.046288  lr=5.00e-05  [rmse=0.0194 h1=0.0004 ssim=0.0997 mlw=53.1380]
epoch 11 step 1290  loss=0.046275  lr=5.00e-05  [rmse=0.0101 h1=0.0001 ssim=0.0724 mlw=71.2530]
epoch 11 step 1300  loss=0.046398  lr=5.00e-05  [rmse=0.0241 h1=0.0006 ssim=0.1317 mlw=57.1458]
epoch 11 step 1310  loss=0.046472  lr=5.00e-05  [rmse=0.0228 h1=0.0005 ssim=0.0778 mlw=62.1692]
epoch 11 step 1320  loss=0.045910  lr=5.00e-05  [rmse=0.0295 h1=0.0010 ssim=0.1043 mlw=59.8297]
INFO     [rank 0] Loss weights: rmse=1.0000, h1=50.0000,      vae_trainer.py:852
         ssim=0.1500, mlw=0.0000                                                
INFO     [rank 0] Epoch 11: train_loss=0.045910               vae_trainer.py:878
         val_loss=0.045572  val_VRMSE=0.106413  lr=5.00e-05                     
INFO     [rank 0] Metrics updated: metrics/metrics.csv,       vae_trainer.py:904
         metrics/loss_curves.png                                                
INFO     [rank 0] Saved 8 validation reconstruction PNGs for vae_trainer.py:1087
         epoch 11                                                               
INFO     [rank 0] New best checkpoint (epoch 11,             vae_trainer.py:1188
         val_vrmse=0.106413):                                                   
         checkpoints/vae_shockwave_best.safetensors                             
INFO     [rank 0] Training state saved:                      vae_trainer.py:1248
         checkpoints/vae_shockwave_last.state.pt                                
INFO     [rank 0] Epoch 11 timing: train=864.0s eval=38.2s    vae_trainer.py:940
         viz=10.7s ckpt=4.2s total=917.6s                                       
epoch 12 step 1330  loss=0.049501  lr=4.99e-05  [rmse=0.0288 h1=0.0008 ssim=0.0832 mlw=61.5047]
epoch 12 step 1340  loss=0.044519  lr=4.98e-05  [rmse=0.0067 h1=0.0000 ssim=0.0190 mlw=70.4763]
epoch 12 step 1350  loss=0.042883  lr=4.95e-05  [rmse=0.0078 h1=0.0001 ssim=0.0332 mlw=73.0941]
epoch 12 step 1360  loss=0.042719  lr=4.92e-05  [rmse=0.0095 h1=0.0001 ssim=0.0451 mlw=55.1233]
epoch 12 step 1370  loss=0.042012  lr=4.87e-05  [rmse=0.0080 h1=0.0001 ssim=0.0415 mlw=74.9504]
epoch 12 step 1380  loss=0.042469  lr=4.81e-05  [rmse=0.0130 h1=0.0002 ssim=0.0609 mlw=57.1745]
epoch 12 step 1390  loss=0.041914  lr=4.75e-05  [rmse=0.0288 h1=0.0010 ssim=0.1201 mlw=50.4641]
epoch 12 step 1400  loss=0.043886  lr=4.67e-05  [rmse=0.0213 h1=0.0005 ssim=0.1092 mlw=60.1581]
epoch 12 step 1410  loss=0.044581  lr=4.59e-05  [rmse=0.0141 h1=0.0003 ssim=0.0658 mlw=72.5572]
epoch 12 step 1420  loss=0.045262  lr=4.49e-05  [rmse=0.0354 h1=0.0014 ssim=0.1218 mlw=56.9043]
epoch 12 step 1430  loss=0.044759  lr=4.39e-05  [rmse=0.0211 h1=0.0005 ssim=0.0858 mlw=53.1511]
epoch 12 step 1440  loss=0.044451  lr=4.28e-05  [rmse=0.0099 h1=0.0001 ssim=0.0467 mlw=56.2449]
INFO     [rank 0] Loss weights: rmse=1.0000, h1=50.0000,      vae_trainer.py:852
         ssim=0.1500, mlw=0.0000                                                
INFO     [rank 0] Epoch 12: train_loss=0.044451               vae_trainer.py:878
         val_loss=0.045886  val_VRMSE=0.107227  lr=4.28e-05                     
INFO     [rank 0] Metrics updated: metrics/metrics.csv,       vae_trainer.py:904
         metrics/loss_curves.png                                                
INFO     [rank 0] Saved 8 validation reconstruction PNGs for vae_trainer.py:1087
         epoch 12                                                               
INFO     [rank 0] Training state saved:                      vae_trainer.py:1248
         checkpoints/vae_shockwave_last.state.pt                                
INFO     [rank 0] Epoch 12 timing: train=867.3s eval=38.1s    vae_trainer.py:940
         viz=10.9s ckpt=3.7s total=920.7s                                       
epoch 13 step 1450  loss=0.044287  lr=4.17e-05  [rmse=0.0062 h1=0.0000 ssim=0.0274 mlw=75.1154]
epoch 13 step 1460  loss=0.042016  lr=4.04e-05  [rmse=0.0208 h1=0.0005 ssim=0.0879 mlw=54.8045]
epoch 13 step 1470  loss=0.047639  lr=3.91e-05  [rmse=0.0074 h1=0.0001 ssim=0.0342 mlw=57.0992]
epoch 13 step 1480  loss=0.048455  lr=3.78e-05  [rmse=0.0512 h1=0.0026 ssim=0.1267 mlw=139.1501]
epoch 13 step 1490  loss=0.045471  lr=3.63e-05  [rmse=0.0064 h1=0.0001 ssim=0.0254 mlw=69.6625]
epoch 13 step 1500  loss=0.045085  lr=3.49e-05  [rmse=0.0136 h1=0.0002 ssim=0.0628 mlw=59.3403]
epoch 13 step 1510  loss=0.044356  lr=3.34e-05  [rmse=0.0043 h1=0.0000 ssim=0.0213 mlw=66.5040]
epoch 13 step 1520  loss=0.044620  lr=3.18e-05  [rmse=0.0093 h1=0.0001 ssim=0.0419 mlw=49.8049]
epoch 13 step 1530  loss=0.044150  lr=3.03e-05  [rmse=0.0101 h1=0.0001 ssim=0.0476 mlw=58.9307]
epoch 13 step 1540  loss=0.042729  lr=2.87e-05  [rmse=0.0093 h1=0.0001 ssim=0.0397 mlw=53.7833]
epoch 13 step 1550  loss=0.042696  lr=2.71e-05  [rmse=0.0072 h1=0.0001 ssim=0.0216 mlw=71.0179]
epoch 13 step 1560  loss=0.043108  lr=2.55e-05  [rmse=0.0101 h1=0.0001 ssim=0.0384 mlw=55.3386]
INFO     [rank 0] Loss weights: rmse=1.0000, h1=50.0000,      vae_trainer.py:852
         ssim=0.1500, mlw=0.0000                                                
INFO     [rank 0] Epoch 13: train_loss=0.043108               vae_trainer.py:878
         val_loss=0.042561  val_VRMSE=0.098166  lr=2.55e-05                     
INFO     [rank 0] Metrics updated: metrics/metrics.csv,       vae_trainer.py:904
         metrics/loss_curves.png                                                
INFO     [rank 0] Saved 8 validation reconstruction PNGs for vae_trainer.py:1087
         epoch 13                                                               
INFO     [rank 0] New best checkpoint (epoch 13,             vae_trainer.py:1188
         val_vrmse=0.098166):                                                   
         checkpoints/vae_shockwave_best.safetensors                             
INFO     [rank 0] Training state saved:                      vae_trainer.py:1248
         checkpoints/vae_shockwave_last.state.pt                                
INFO     [rank 0] Epoch 13 timing: train=861.7s eval=37.9s    vae_trainer.py:940
         viz=10.5s ckpt=4.2s total=915.0s                                       
epoch 14 step 1570  loss=0.029125  lr=2.39e-05  [rmse=0.0033 h1=0.0000 ssim=0.0300 mlw=106.9412]
epoch 14 step 1580  loss=0.033122  lr=2.23e-05  [rmse=0.0073 h1=0.0001 ssim=0.0287 mlw=59.7349]
epoch 14 step 1590  loss=0.034597  lr=2.07e-05  [rmse=0.0085 h1=0.0001 ssim=0.0439 mlw=63.1973]
epoch 14 step 1600  loss=0.036167  lr=1.92e-05  [rmse=0.0109 h1=0.0002 ssim=0.0415 mlw=56.1121]
epoch 14 step 1610  loss=0.036621  lr=1.76e-05  [rmse=0.0048 h1=0.0000 ssim=0.0230 mlw=62.8786]
epoch 14 step 1620  loss=0.035815  lr=1.61e-05  [rmse=0.0145 h1=0.0003 ssim=0.0832 mlw=51.8431]
epoch 14 step 1630  loss=0.036965  lr=1.47e-05  [rmse=0.0273 h1=0.0009 ssim=0.0677 mlw=63.9090]
epoch 14 step 1640  loss=0.037332  lr=1.33e-05  [rmse=0.0480 h1=0.0031 ssim=0.1330 mlw=106.1439]
epoch 14 step 1650  loss=0.037669  lr=1.19e-05  [rmse=0.0035 h1=0.0000 ssim=0.0187 mlw=84.9765]
epoch 14 step 1660  loss=0.036881  lr=1.06e-05  [rmse=0.0186 h1=0.0005 ssim=0.0961 mlw=55.5515]
epoch 14 step 1670  loss=0.036641  lr=9.35e-06  [rmse=0.0051 h1=0.0000 ssim=0.0205 mlw=58.4345]
epoch 14 step 1680  loss=0.036369  lr=8.18e-06  [rmse=0.0042 h1=0.0000 ssim=0.0202 mlw=67.8524]
INFO     [rank 0] Loss weights: rmse=1.0000, h1=50.0000,      vae_trainer.py:852
         ssim=0.1500, mlw=0.0000                                                
INFO     [rank 0] Epoch 14: train_loss=0.036369               vae_trainer.py:878
         val_loss=0.041584  val_VRMSE=0.095731  lr=8.18e-06                     
INFO     [rank 0] Metrics updated: metrics/metrics.csv,       vae_trainer.py:904
         metrics/loss_curves.png                                                
INFO     [rank 0] Saved 8 validation reconstruction PNGs for vae_trainer.py:1087
         epoch 14                                                               
INFO     [rank 0] New best checkpoint (epoch 14,             vae_trainer.py:1188
         val_vrmse=0.095731):                                                   
         checkpoints/vae_shockwave_best.safetensors                             
INFO     [rank 0] Training state saved:                      vae_trainer.py:1248
         checkpoints/vae_shockwave_last.state.pt                                
INFO     [rank 0] Epoch 14 timing: train=866.6s eval=37.8s    vae_trainer.py:940
         viz=10.5s ckpt=4.2s total=919.6s                                       
epoch 15 step 1690  loss=0.045854  lr=7.08e-06  [rmse=0.0249 h1=0.0008 ssim=0.1367 mlw=52.7703]
epoch 15 step 1700  loss=0.043351  lr=6.06e-06  [rmse=0.0191 h1=0.0005 ssim=0.0705 mlw=52.2385]
epoch 15 step 1710  loss=0.039335  lr=5.13e-06  [rmse=0.0053 h1=0.0000 ssim=0.0226 mlw=98.6121]
epoch 15 step 1720  loss=0.036258  lr=4.28e-06  [rmse=0.0119 h1=0.0002 ssim=0.0257 mlw=67.2122]
epoch 15 step 1730  loss=0.036488  lr=3.53e-06  [rmse=0.0298 h1=0.0012 ssim=0.1272 mlw=59.0330]
epoch 15 step 1740  loss=0.035981  lr=2.86e-06  [rmse=0.0152 h1=0.0003 ssim=0.0679 mlw=53.6471]
epoch 15 step 1750  loss=0.035888  lr=2.30e-06  [rmse=0.0062 h1=0.0001 ssim=0.0255 mlw=58.7357]
epoch 15 step 1760  loss=0.035752  lr=1.83e-06  [rmse=0.0220 h1=0.0007 ssim=0.0697 mlw=65.0046]
epoch 15 step 1770  loss=0.036347  lr=1.47e-06  [rmse=0.0096 h1=0.0001 ssim=0.0613 mlw=56.7873]
epoch 15 step 1780  loss=0.036636  lr=1.21e-06  [rmse=0.0229 h1=0.0005 ssim=0.0466 mlw=77.8899]
epoch 15 step 1790  loss=0.036118  lr=1.05e-06  [rmse=0.0055 h1=0.0000 ssim=0.0271 mlw=61.9444]
epoch 15 step 1800  loss=0.036172  lr=1.00e-06  [rmse=0.0265 h1=0.0011 ssim=0.1152 mlw=55.6763]
INFO     [rank 0] Loss weights: rmse=1.0000, h1=50.0000,      vae_trainer.py:852
         ssim=0.1500, mlw=0.0000                                                
INFO     [rank 0] Epoch 15: train_loss=0.036172               vae_trainer.py:878
         val_loss=0.041348  val_VRMSE=0.095186  lr=1.00e-06                     
INFO     [rank 0] Metrics updated: metrics/metrics.csv,       vae_trainer.py:904
         metrics/loss_curves.png                                                
INFO     [rank 0] Saved 8 validation reconstruction PNGs for vae_trainer.py:1087
         epoch 15                                                               
INFO     [rank 0] New best checkpoint (epoch 15,             vae_trainer.py:1188
         val_vrmse=0.095186):                                                   
         checkpoints/vae_shockwave_best.safetensors                             
INFO     [rank 0] Training state saved:                      vae_trainer.py:1248
         checkpoints/vae_shockwave_last.state.pt                                
INFO     [rank 0] Epoch 15 timing: train=874.5s eval=37.6s    vae_trainer.py:940
         viz=10.7s ckpt=4.0s total=927.3s                                       
╭──────────────────────────────────────────────────────────────────────────────╮
╰──────────────────────────────────────────────────────────────────────────────╯INFO     [rank 0] Training state saved:                      vae_trainer.py:1248
         checkpoints/vae_shockwave_last.state.pt                                
INFO     [rank 0] Best epoch: 15 (val_vrmse=0.095186)         vae_trainer.py:958

Training complete. Checkpoint: 
/hppfs/scratch/0D/go76fuz2/windinet/finetune_vae_outputs_sng_pvc/finetune_vae_ba
seline_seed1/checkpoints/vae_shockwave_best.safetensors
Mirrored (excl. checkpoints/) to finetune_vae_outputs_sng_pvc/finetune_vae_baseline_seed1
END TIME: Fri 07 Aug 2026 02:01:55 AM CEST
