START TIME: Sat 08 Aug 2026 12:54:00 PM CEST
job=523495 node=i20r03c05s02
+-----------+--------------------------------------------------------------------------------------+
| Device ID | Device Information                                                                   |
+-----------+--------------------------------------------------------------------------------------+
| 0         | Device Name: Intel(R) Data Center GPU Max 1550                                       |
|           | Vendor Name: Intel(R) Corporation                                                    |
|           | SOC UUID: 00000000-0000-003a-0000-002f0bd58086                                       |
|           | PCI BDF Address: 0000:3a:00.0                                                        |
|           | DRM Device: /dev/dri/card0                                                           |
|           | Function Type: physical                                                              |
+-----------+--------------------------------------------------------------------------------------+
| 1         | Device Name: Intel(R) Data Center GPU Max 1550                                       |
|           | Vendor Name: Intel(R) Corporation                                                    |
|           | SOC UUID: 00000000-0000-004b-0000-002f0bd58086                                       |
|           | PCI BDF Address: 0000:4b:00.0                                                        |
|           | DRM Device: /dev/dri/card1                                                           |
|           | Function Type: physical                                                              |
+-----------+--------------------------------------------------------------------------------------+
| 2         | Device Name: Intel(R) Data Center GPU Max 1550                                       |
|           | Vendor Name: Intel(R) Corporation                                                    |
|           | SOC UUID: 00000000-0000-00ca-0000-002f0bd58086                                       |
|           | PCI BDF Address: 0000:ca:00.0                                                        |
|           | DRM Device: /dev/dri/card2                                                           |
|           | Function Type: physical                                                              |
+-----------+--------------------------------------------------------------------------------------+
| 3         | Device Name: Intel(R) Data Center GPU Max 1550                                       |
|           | Vendor Name: Intel(R) Corporation                                                    |
|           | SOC UUID: 00000000-0000-00da-0000-002f0bd58086                                       |
|           | PCI BDF Address: 0000:da:00.0                                                        |
|           | DRM Device: /dev/dri/card3                                                           |
|           | Function Type: physical                                                              |
+-----------+--------------------------------------------------------------------------------------+
MASTER_ADDR: i20r03c05s02  MASTER_PORT: 36025
8 XPU tiles x accum 4 -> effective batch 32; output_dir /hppfs/scratch/0D/go76fuz2/windinet/finetune_vae_outputs_sng_pvc/finetune_vae_baseline_chorder_pr_my_mx_copyinit
INFO     [rank 4] Failed to extract font properties from    font_manager.py:1107
         /usr/share/fonts/truetype/Cantarell-VF.otf: Can                        
         not load face (SFNT font table missing; error code                     
         0x8e)                                                                  
INFO     [rank 2] Failed to extract font properties from    font_manager.py:1107
         /usr/share/fonts/truetype/Cantarell-VF.otf: Can                        
         not load face (SFNT font table missing; error code                     
         0x8e)                                                                  
INFO     [rank 5] Failed to extract font properties from    font_manager.py:1107
         /usr/share/fonts/truetype/Cantarell-VF.otf: Can                        
         not load face (SFNT font table missing; error code                     
         0x8e)                                                                  
INFO     [rank 7] Failed to extract font properties from    font_manager.py:1107
         /usr/share/fonts/truetype/Cantarell-VF.otf: Can                        
         not load face (SFNT font table missing; error code                     
         0x8e)                                                                  
INFO     [rank 6] Failed to extract font properties from    font_manager.py:1107
         /usr/share/fonts/truetype/Cantarell-VF.otf: Can                        
         not load face (SFNT font table missing; error code                     
         0x8e)                                                                  
INFO     [rank 1] Failed to extract font properties from    font_manager.py:1107
         /usr/share/fonts/truetype/Cantarell-VF.otf: Can                        
         not load face (SFNT font table missing; error code                     
         0x8e)                                                                  
INFO     [rank 4] generated new fontManager                 font_manager.py:1639
INFO     [rank 3] Failed to extract font properties from    font_manager.py:1107
         /usr/share/fonts/truetype/Cantarell-VF.otf: Can                        
         not load face (SFNT font table missing; error code                     
         0x8e)                                                                  
INFO     [rank 0] Failed to extract font properties from    font_manager.py:1107
         /usr/share/fonts/truetype/Cantarell-VF.otf: Can                        
         not load face (SFNT font table missing; error code                     
         0x8e)                                                                  
INFO     [rank 7] generated new fontManager                 font_manager.py:1639
INFO     [rank 0] generated new fontManager                 font_manager.py:1639
INFO     [rank 5] generated new fontManager                 font_manager.py:1639
INFO     [rank 3] generated new fontManager                 font_manager.py:1639
INFO     [rank 1] generated new fontManager                 font_manager.py:1639
INFO     [rank 2] generated new fontManager                 font_manager.py:1639
INFO     [rank 6] generated new fontManager                 font_manager.py:1639
                          VAE Finetuning Configuration                          
┏━━━━━━━━━━━━━━━━━━━━━━━━━━━━━━━━━━━━━━┳━━━━━━━━━━━━━━━━━━━━━━━━━━━━━━━━━━━━━━━┓
┃ Parameter                            ┃ Value                                 ┃
┡━━━━━━━━━━━━━━━━━━━━━━━━━━━━━━━━━━━━━━╇━━━━━━━━━━━━━━━━━━━━━━━━━━━━━━━━━━━━━━━┩
│ model.model_source                   │ LTXV_2B_0.9.6_DEV                     │
│ model.load_checkpoint                │ None                                  │
│ adapter.enabled                      │ True                                  │
│ adapter.checkpoint                   │ None                                  │
│ adapter.channels                     │ ['density', 'pressure', 'momentum_y', │
│                                      │ 'momentum_x']                         │
│ adapter.mode                         │ inflate                               │
│ adapter.inflate_init                 │ copy                                  │
│ adapter.inflate_copy_channel         │ momentum_y                            │
│ adapter.freeze_conv_in               │ False                                 │
│ adapter.hidden_channels              │ 32                                    │
│ adapter.activation                   │ gelu                                  │
│ adapter.identity_init                │ False                                 │
│ adapter.default_temb                 │ 0.0                                   │
│ adapter.unfreeze_encoder_tail        │ False                                 │
│ adapter.unfreeze_down_blocks         │ []                                    │
│ data.data_root                       │ /hppfs/scratch/0D/go76fuz2/windinet/… │
│ data.eval_sims                       │ 675                                   │
│ data.num_dataloader_workers          │ 4                                     │
│ data.num_sim_frames                  │ None                                  │
│ data.overfit_sims                    │ None                                  │
│ data.overfit_repeat                  │ 1                                     │
│ data.channel_mean                    │ [0.905097647712509,                   │
│                                      │ 0.9031908053899714,                   │
│                                      │ -0.0019089379643528095, 0.0040        │
│ data.channel_std                     │ [0.6607349375392083,                  │
│                                      │ 0.8050358917795326,                   │
│                                      │ 0.5262512462358824, 0.5328754         │
│ data.normalization_clip              │ 5.0                                   │
│ data.channel_order                   │ ['density', 'pressure', 'momentum_y', │
│                                      │ 'momentum_x']                         │
│ optimization.learning_rate           │ 5e-05                                 │
│ optimization.adapter_lr_multiplier   │ 1.0                                   │
│ optimization.min_learning_rate       │ 1e-06                                 │
│ optimization.encoder_tail_lr_multip… │ 0.1                                   │
│ optimization.scheduler_type          │ wsd                                   │
│ optimization.stable_fraction         │ 0.7                                   │
│ optimization.epochs                  │ 15                                    │
│ optimization.batch_size              │ 1                                     │
│ optimization.gradient_accumulation_… │ 4                                     │
│ optimization.max_grad_norm           │ 5.0                                   │
│ optimization.weight_decay            │ 0.0                                   │
│ optimization.warmup_steps            │ 200                                   │
│ optimization.warmup_start_factor     │ 0.01                                  │
│ optimization.enable_gradient_checkp… │ True                                  │
│ loss.wavelet                         │ db2                                   │
│ loss.spatial_level                   │ 2                                     │
│ loss.temporal_level                  │ 2                                     │
│ loss.mlw_beta                        │ 10.0                                  │
│ loss.mlw_eps                         │ 1e-06                                 │
│ loss_weighting.strategy              │ fixed                                 │
│ loss_weighting.weights               │ {'rmse': 1.0, 'h1': 50.0, 'ssim':     │
│                                      │ 0.15, 'mlw': 0.0}                     │
│ loss_weighting.loss_names            │ ['rmse', 'h1', 'ssim', 'mlw']         │
│ loss_weighting.alpha                 │ 1.5                                   │
│ loss_weighting.weight_lr             │ 0.025                                 │
│ loss_weighting.temperature           │ 0.1                                   │
│ visualization.enabled                │ True                                  │
│ visualization.interval_epochs        │ 1                                     │
│ visualization.num_samples            │ 2                                     │
│ visualization.frame_numbers          │ [25, 50, 75, 100]                     │
│ visualization.dpi                    │ 150                                   │
│ acceleration.mixed_precision_mode    │ bf16                                  │
│ acceleration.compile_with_inductor   │ False                                 │
│ acceleration.compilation_mode        │ reduce-overhead                       │
│ checkpoints.interval                 │ 1                                     │
│ checkpoints.keep_last_n              │ 1                                     │
│ checkpoints.save_best_only           │ True                                  │
│ checkpoints.best_metric              │ val_vrmse                             │
│ checkpoints.save_last_state          │ True                                  │
│ wandb.enabled                        │ False                                 │
│ wandb.project                        │ windinet                              │
│ wandb.entity                         │ None                                  │
│ wandb.tags                           │ ['vae', 'inflate', 'copy-init',       │
│                                      │ 'wsd', '15ep', 'h1x2', 'lr1x',        │
│                                      │ 'shockw                               │
│ seed                                 │ 42                                    │
│ output_dir                           │ /hppfs/scratch/0D/go76fuz2/windinet/… │
│ clean_output_dir                     │ True                                  │
│ resume_from                          │ None                                  │
│ resume_weights_only                  │ False                                 │
└──────────────────────────────────────┴───────────────────────────────────────┘
INFO     [rank 0] Distributed training: 8 processes          vae_trainer.py:1322
INFO     [rank 0] VAE inflated to 4 native channels           vae_trainer.py:180
         (init=copy, copy_from='momentum_y'); encoder.conv_in                   
         is trainable                                                           
INFO     [rank 0] VAE gradient checkpointing enabled          vae_trainer.py:251
INFO     [rank 0] VAE loaded. Decoder params: 552,869,953     vae_trainer.py:257
INFO     [rank 0] Trainable parameters:                       vae_trainer.py:330
         encoder_conv_in=221,312, encoder_extra=0,                              
         decoder=552,869,953, in_adapter=0, out_adapter=0                       
INFO     [rank 0] Dataset: 3825 train, 675 eval samples       vae_trainer.py:571
INFO     [rank 0] encoder.conv_in LR = 5.00e-05 (1x decoder   vae_trainer.py:595
         LR 5.00e-05)                                                           
INFO     [rank 0] LR schedule 'wsd': 1800 steps (200 warmup,  vae_trainer.py:665
         1120 stable, 480 anneal), peak 5.00e-05 -> floor                       
         1.00e-06                                                               
2026:08:08-13:06:52:228792 |CCL_WARN| value of CCL_ATL_TRANSPORT changed to be ofi (default:mpi)
2026:08:08-13:06:52:228792 |CCL_WARN| value of CCL_ALLREDUCE changed to be ring (default:)
2026:08:08-13:06:52:228793 |CCL_WARN| could not get local_idx/count from environment variables, trying to get them from ATL
2026:08:08-13:06:52:228795 |CCL_WARN| could not get local_idx/count from environment variables, trying to get them from ATL
2026:08:08-13:06:52:228792 |CCL_WARN| could not get local_idx/count from environment variables, trying to get them from ATL
2026:08:08-13:06:52:228794 |CCL_WARN| could not get local_idx/count from environment variables, trying to get them from ATL
2026:08:08-13:06:52:228796 |CCL_WARN| could not get local_idx/count from environment variables, trying to get them from ATL
2026:08:08-13:06:52:228797 |CCL_WARN| could not get local_idx/count from environment variables, trying to get them from ATL
2026:08:08-13:06:52:228798 |CCL_WARN| could not get local_idx/count from environment variables, trying to get them from ATL
2026:08:08-13:06:53:228799 |CCL_WARN| could not get local_idx/count from environment variables, trying to get them from ATL
INFO     [rank 0] Config saved:                              vae_trainer.py:1346
         /hppfs/scratch/0D/go76fuz2/windinet/finetune_vae_ou                    
         tputs_sng_pvc/finetune_vae_baseline_chorder_pr_my_m                    
         x_copyinit/training_config.yaml                                        
INFO     [rank 0] Starting VAE decoder finetuning...          vae_trainer.py:713
epoch 1 step 10  loss=0.211769  lr=2.98e-06  [rmse=0.0669 h1=0.0002 ssim=0.3409 mlw=58.8289]
epoch 1 step 20  loss=0.186310  lr=5.45e-06  [rmse=0.0867 h1=0.0004 ssim=0.3679 mlw=75.9115]
epoch 1 step 30  loss=0.183101  lr=7.93e-06  [rmse=0.0625 h1=0.0006 ssim=0.3846 mlw=55.6968]
epoch 1 step 40  loss=0.179820  lr=1.04e-05  [rmse=0.2282 h1=0.0024 ssim=0.5516 mlw=55.5256]
epoch 1 step 50  loss=0.172921  lr=1.29e-05  [rmse=0.1335 h1=0.0005 ssim=0.4811 mlw=61.4742]
epoch 1 step 60  loss=0.171471  lr=1.54e-05  [rmse=0.0238 h1=0.0000 ssim=0.0671 mlw=118.6861]
epoch 1 step 70  loss=0.167944  lr=1.78e-05  [rmse=0.0748 h1=0.0006 ssim=0.3633 mlw=54.8111]
epoch 1 step 80  loss=0.164045  lr=2.03e-05  [rmse=0.0774 h1=0.0007 ssim=0.2324 mlw=59.2239]
epoch 1 step 90  loss=0.164532  lr=2.28e-05  [rmse=0.0833 h1=0.0017 ssim=0.1067 mlw=74.7170]
epoch 1 step 100  loss=0.161991  lr=2.53e-05  [rmse=0.0628 h1=0.0006 ssim=0.1199 mlw=88.3566]
epoch 1 step 110  loss=0.159309  lr=2.77e-05  [rmse=0.0342 h1=0.0003 ssim=0.2433 mlw=59.1169]
epoch 1 step 120  loss=0.155330  lr=3.02e-05  [rmse=0.0804 h1=0.0010 ssim=0.2939 mlw=63.1482]
INFO     [rank 0] Loss weights: rmse=1.0000, h1=50.0000,      vae_trainer.py:873
         ssim=0.1500, mlw=0.0000                                                
INFO     [rank 0] Epoch 1: train_loss=0.155330                vae_trainer.py:899
         val_loss=0.099086  val_VRMSE=0.272945  lr=3.02e-05                     
INFO     [rank 0] Metrics updated: metrics/metrics.csv,       vae_trainer.py:925
         metrics/loss_curves.png                                                
INFO     [rank 0] Saved 8 validation reconstruction PNGs for vae_trainer.py:1114
         epoch 1                                                                
INFO     [rank 0] New best checkpoint (epoch 1,              vae_trainer.py:1216
         val_vrmse=0.272945):                                                   
         checkpoints/vae_shockwave_best.safetensors                             
INFO     [rank 0] Training state saved:                      vae_trainer.py:1276
         checkpoints/vae_shockwave_last.state.pt                                
INFO     [rank 0] Epoch 1 timing: train=885.2s eval=38.0s     vae_trainer.py:961
         viz=11.0s ckpt=4.4s total=939.9s                                       
epoch 2 step 130  loss=0.091901  lr=3.27e-05  [rmse=0.0157 h1=0.0001 ssim=0.1318 mlw=108.5161]
epoch 2 step 140  loss=0.092465  lr=3.52e-05  [rmse=0.0379 h1=0.0008 ssim=0.2734 mlw=57.7895]
epoch 2 step 150  loss=0.090549  lr=3.76e-05  [rmse=0.0117 h1=0.0001 ssim=0.0677 mlw=113.4564]
epoch 2 step 160  loss=0.087170  lr=4.01e-05  [rmse=0.0342 h1=0.0003 ssim=0.2305 mlw=60.7328]
epoch 2 step 170  loss=0.085435  lr=4.26e-05  [rmse=0.0261 h1=0.0004 ssim=0.1768 mlw=60.7690]
epoch 2 step 180  loss=0.087020  lr=4.51e-05  [rmse=0.0168 h1=0.0002 ssim=0.0971 mlw=67.4543]
epoch 2 step 190  loss=0.086778  lr=4.75e-05  [rmse=0.0410 h1=0.0009 ssim=0.1878 mlw=66.9198]
epoch 2 step 200  loss=0.084982  lr=5.00e-05  [rmse=0.0259 h1=0.0005 ssim=0.1646 mlw=71.2005]
epoch 2 step 210  loss=0.084167  lr=5.00e-05  [rmse=0.0171 h1=0.0002 ssim=0.1101 mlw=69.8228]
epoch 2 step 220  loss=0.082798  lr=5.00e-05  [rmse=0.0518 h1=0.0018 ssim=0.2044 mlw=71.0764]
epoch 2 step 230  loss=0.081949  lr=5.00e-05  [rmse=0.0289 h1=0.0006 ssim=0.1653 mlw=54.3253]
epoch 2 step 240  loss=0.080074  lr=5.00e-05  [rmse=0.0132 h1=0.0001 ssim=0.0637 mlw=96.5400]
INFO     [rank 0] Loss weights: rmse=1.0000, h1=50.0000,      vae_trainer.py:873
         ssim=0.1500, mlw=0.0000                                                
INFO     [rank 0] Epoch 2: train_loss=0.080074                vae_trainer.py:899
         val_loss=0.064200  val_VRMSE=0.161034  lr=5.00e-05                     
INFO     [rank 0] Metrics updated: metrics/metrics.csv,       vae_trainer.py:925
         metrics/loss_curves.png                                                
INFO     [rank 0] Saved 8 validation reconstruction PNGs for vae_trainer.py:1114
         epoch 2                                                                
INFO     [rank 0] New best checkpoint (epoch 2,              vae_trainer.py:1216
         val_vrmse=0.161034):                                                   
         checkpoints/vae_shockwave_best.safetensors                             
INFO     [rank 0] Training state saved:                      vae_trainer.py:1276
         checkpoints/vae_shockwave_last.state.pt                                
INFO     [rank 0] Epoch 2 timing: train=854.5s eval=38.2s     vae_trainer.py:961
         viz=10.7s ckpt=4.3s total=908.2s                                       
epoch 3 step 250  loss=0.067051  lr=5.00e-05  [rmse=0.0279 h1=0.0007 ssim=0.1669 mlw=58.6267]
epoch 3 step 260  loss=0.069461  lr=5.00e-05  [rmse=0.0207 h1=0.0004 ssim=0.0971 mlw=59.8651]
epoch 3 step 270  loss=0.065886  lr=5.00e-05  [rmse=0.0210 h1=0.0003 ssim=0.0918 mlw=79.5761]
epoch 3 step 280  loss=0.065794  lr=5.00e-05  [rmse=0.0141 h1=0.0001 ssim=0.0621 mlw=97.8243]
epoch 3 step 290  loss=0.064258  lr=5.00e-05  [rmse=0.0117 h1=0.0000 ssim=0.0846 mlw=71.5450]
epoch 3 step 300  loss=0.062519  lr=5.00e-05  [rmse=0.0110 h1=0.0001 ssim=0.0713 mlw=74.4976]
epoch 3 step 310  loss=0.062748  lr=5.00e-05  [rmse=0.0242 h1=0.0005 ssim=0.1069 mlw=64.0475]
epoch 3 step 320  loss=0.062530  lr=5.00e-05  [rmse=0.0215 h1=0.0003 ssim=0.1017 mlw=59.8978]
epoch 3 step 330  loss=0.062648  lr=5.00e-05  [rmse=0.0360 h1=0.0013 ssim=0.1870 mlw=53.3590]
epoch 3 step 340  loss=0.061618  lr=5.00e-05  [rmse=0.0140 h1=0.0002 ssim=0.0740 mlw=67.8744]
epoch 3 step 350  loss=0.060319  lr=5.00e-05  [rmse=0.0569 h1=0.0022 ssim=0.1448 mlw=99.8377]
epoch 3 step 360  loss=0.061068  lr=5.00e-05  [rmse=0.0406 h1=0.0015 ssim=0.1230 mlw=77.4203]
INFO     [rank 0] Loss weights: rmse=1.0000, h1=50.0000,      vae_trainer.py:873
         ssim=0.1500, mlw=0.0000                                                
INFO     [rank 0] Epoch 3: train_loss=0.061068                vae_trainer.py:899
         val_loss=0.057378  val_VRMSE=0.140020  lr=5.00e-05                     
INFO     [rank 0] Metrics updated: metrics/metrics.csv,       vae_trainer.py:925
         metrics/loss_curves.png                                                
INFO     [rank 0] Saved 8 validation reconstruction PNGs for vae_trainer.py:1114
         epoch 3                                                                
INFO     [rank 0] New best checkpoint (epoch 3,              vae_trainer.py:1216
         val_vrmse=0.140020):                                                   
         checkpoints/vae_shockwave_best.safetensors                             
INFO     [rank 0] Training state saved:                      vae_trainer.py:1276
         checkpoints/vae_shockwave_last.state.pt                                
INFO     [rank 0] Epoch 3 timing: train=854.8s eval=37.6s     vae_trainer.py:961
         viz=10.6s ckpt=4.2s total=908.0s                                       
epoch 4 step 370  loss=0.047966  lr=5.00e-05  [rmse=0.0084 h1=0.0000 ssim=0.0460 mlw=71.8454]
epoch 4 step 380  loss=0.050393  lr=5.00e-05  [rmse=0.0142 h1=0.0002 ssim=0.0784 mlw=63.2801]
epoch 4 step 390  loss=0.053127  lr=5.00e-05  [rmse=0.0291 h1=0.0008 ssim=0.1709 mlw=54.2051]
epoch 4 step 400  loss=0.053523  lr=5.00e-05  [rmse=0.0086 h1=0.0001 ssim=0.0430 mlw=66.8036]
epoch 4 step 410  loss=0.054607  lr=5.00e-05  [rmse=0.0266 h1=0.0007 ssim=0.1281 mlw=58.4536]
epoch 4 step 420  loss=0.055713  lr=5.00e-05  [rmse=0.0075 h1=0.0000 ssim=0.0450 mlw=103.1482]
epoch 4 step 430  loss=0.056637  lr=5.00e-05  [rmse=0.0147 h1=0.0001 ssim=0.0680 mlw=77.6900]
epoch 4 step 440  loss=0.055998  lr=5.00e-05  [rmse=0.0124 h1=0.0001 ssim=0.1211 mlw=69.5636]
epoch 4 step 450  loss=0.056470  lr=5.00e-05  [rmse=0.0313 h1=0.0007 ssim=0.0967 mlw=83.0764]
epoch 4 step 460  loss=0.057017  lr=5.00e-05  [rmse=0.0159 h1=0.0002 ssim=0.1087 mlw=85.8863]
epoch 4 step 470  loss=0.056840  lr=5.00e-05  [rmse=0.0100 h1=0.0000 ssim=0.0510 mlw=96.2710]
epoch 4 step 480  loss=0.056559  lr=5.00e-05  [rmse=0.0135 h1=0.0001 ssim=0.0808 mlw=63.9776]
INFO     [rank 0] Loss weights: rmse=1.0000, h1=50.0000,      vae_trainer.py:873
         ssim=0.1500, mlw=0.0000                                                
INFO     [rank 0] Epoch 4: train_loss=0.056559                vae_trainer.py:899
         val_loss=0.057997  val_VRMSE=0.140024  lr=5.00e-05                     
INFO     [rank 0] Metrics updated: metrics/metrics.csv,       vae_trainer.py:925
         metrics/loss_curves.png                                                
INFO     [rank 0] Saved 8 validation reconstruction PNGs for vae_trainer.py:1114
         epoch 4                                                                
INFO     [rank 0] Training state saved:                      vae_trainer.py:1276
         checkpoints/vae_shockwave_last.state.pt                                
INFO     [rank 0] Epoch 4 timing: train=854.8s eval=37.6s     vae_trainer.py:961
         viz=11.3s ckpt=3.5s total=907.7s                                       
epoch 5 step 490  loss=0.058102  lr=5.00e-05  [rmse=0.0066 h1=0.0000 ssim=0.0295 mlw=89.9532]
epoch 5 step 500  loss=0.057453  lr=5.00e-05  [rmse=0.0162 h1=0.0001 ssim=0.1126 mlw=56.5373]
epoch 5 step 510  loss=0.055747  lr=5.00e-05  [rmse=0.0181 h1=0.0002 ssim=0.1113 mlw=56.0801]
epoch 5 step 520  loss=0.054749  lr=5.00e-05  [rmse=0.0151 h1=0.0002 ssim=0.0869 mlw=71.1781]
epoch 5 step 530  loss=0.054278  lr=5.00e-05  [rmse=0.0054 h1=0.0000 ssim=0.0146 mlw=101.8533]
epoch 5 step 540  loss=0.054073  lr=5.00e-05  [rmse=0.0214 h1=0.0004 ssim=0.0718 mlw=63.8742]
epoch 5 step 550  loss=0.054915  lr=5.00e-05  [rmse=0.0400 h1=0.0015 ssim=0.1749 mlw=71.6825]
epoch 5 step 560  loss=0.053913  lr=5.00e-05  [rmse=0.0088 h1=0.0001 ssim=0.0376 mlw=77.7951]
epoch 5 step 570  loss=0.054858  lr=5.00e-05  [rmse=0.0305 h1=0.0010 ssim=0.1014 mlw=61.3385]
epoch 5 step 580  loss=0.053830  lr=5.00e-05  [rmse=0.0252 h1=0.0006 ssim=0.0972 mlw=63.4937]
epoch 5 step 590  loss=0.053391  lr=5.00e-05  [rmse=0.0196 h1=0.0002 ssim=0.0407 mlw=77.5969]
epoch 5 step 600  loss=0.053095  lr=5.00e-05  [rmse=0.0075 h1=0.0000 ssim=0.0782 mlw=88.9609]
INFO     [rank 0] Loss weights: rmse=1.0000, h1=50.0000,      vae_trainer.py:873
         ssim=0.1500, mlw=0.0000                                                
INFO     [rank 0] Epoch 5: train_loss=0.053095                vae_trainer.py:899
         val_loss=0.054659  val_VRMSE=0.137691  lr=5.00e-05                     
INFO     [rank 0] Metrics updated: metrics/metrics.csv,       vae_trainer.py:925
         metrics/loss_curves.png                                                
INFO     [rank 0] Saved 8 validation reconstruction PNGs for vae_trainer.py:1114
         epoch 5                                                                
INFO     [rank 0] New best checkpoint (epoch 5,              vae_trainer.py:1216
         val_vrmse=0.137691):                                                   
         checkpoints/vae_shockwave_best.safetensors                             
INFO     [rank 0] Training state saved:                      vae_trainer.py:1276
         checkpoints/vae_shockwave_last.state.pt                                
INFO     [rank 0] Epoch 5 timing: train=854.2s eval=37.6s     vae_trainer.py:961
         viz=10.9s ckpt=4.2s total=907.4s                                       
epoch 6 step 610  loss=0.042111  lr=5.00e-05  [rmse=0.0245 h1=0.0005 ssim=0.0723 mlw=57.2985]
epoch 6 step 620  loss=0.046584  lr=5.00e-05  [rmse=0.0148 h1=0.0002 ssim=0.0743 mlw=52.9200]
epoch 6 step 630  loss=0.048300  lr=5.00e-05  [rmse=0.0132 h1=0.0002 ssim=0.0770 mlw=57.1968]
epoch 6 step 640  loss=0.048757  lr=5.00e-05  [rmse=0.0248 h1=0.0006 ssim=0.1139 mlw=58.8423]
epoch 6 step 650  loss=0.050107  lr=5.00e-05  [rmse=0.0341 h1=0.0013 ssim=0.1999 mlw=56.5310]
epoch 6 step 660  loss=0.050423  lr=5.00e-05  [rmse=0.0226 h1=0.0005 ssim=0.1350 mlw=53.8144]
epoch 6 step 670  loss=0.049852  lr=5.00e-05  [rmse=0.0128 h1=0.0001 ssim=0.0535 mlw=84.5131]
epoch 6 step 680  loss=0.050470  lr=5.00e-05  [rmse=0.0215 h1=0.0005 ssim=0.0938 mlw=56.3499]
epoch 6 step 690  loss=0.050486  lr=5.00e-05  [rmse=0.0091 h1=0.0001 ssim=0.0777 mlw=60.6471]
epoch 6 step 700  loss=0.052140  lr=5.00e-05  [rmse=0.0145 h1=0.0002 ssim=0.0343 mlw=89.4205]
epoch 6 step 710  loss=0.051573  lr=5.00e-05  [rmse=0.0227 h1=0.0005 ssim=0.0805 mlw=57.1650]
epoch 6 step 720  loss=0.051485  lr=5.00e-05  [rmse=0.0335 h1=0.0013 ssim=0.1127 mlw=58.2432]
INFO     [rank 0] Loss weights: rmse=1.0000, h1=50.0000,      vae_trainer.py:873
         ssim=0.1500, mlw=0.0000                                                
INFO     [rank 0] Epoch 6: train_loss=0.051485                vae_trainer.py:899
         val_loss=0.051172  val_VRMSE=0.125579  lr=5.00e-05                     
INFO     [rank 0] Metrics updated: metrics/metrics.csv,       vae_trainer.py:925
         metrics/loss_curves.png                                                
INFO     [rank 0] Saved 8 validation reconstruction PNGs for vae_trainer.py:1114
         epoch 6                                                                
INFO     [rank 0] New best checkpoint (epoch 6,              vae_trainer.py:1216
         val_vrmse=0.125579):                                                   
         checkpoints/vae_shockwave_best.safetensors                             
INFO     [rank 0] Training state saved:                      vae_trainer.py:1276
         checkpoints/vae_shockwave_last.state.pt                                
INFO     [rank 0] Epoch 6 timing: train=853.2s eval=37.7s     vae_trainer.py:961
         viz=11.5s ckpt=4.1s total=907.1s                                       
epoch 7 step 730  loss=0.040763  lr=5.00e-05  [rmse=0.0180 h1=0.0003 ssim=0.0829 mlw=66.2713]
epoch 7 step 740  loss=0.044511  lr=5.00e-05  [rmse=0.0089 h1=0.0001 ssim=0.0381 mlw=64.4223]
epoch 7 step 750  loss=0.045728  lr=5.00e-05  [rmse=0.0173 h1=0.0003 ssim=0.0637 mlw=68.1066]
epoch 7 step 760  loss=0.044216  lr=5.00e-05  [rmse=0.0072 h1=0.0000 ssim=0.0348 mlw=72.8758]
epoch 7 step 770  loss=0.044287  lr=5.00e-05  [rmse=0.0340 h1=0.0012 ssim=0.1017 mlw=56.7317]
epoch 7 step 780  loss=0.046923  lr=5.00e-05  [rmse=0.0147 h1=0.0002 ssim=0.0879 mlw=75.3254]
epoch 7 step 790  loss=0.046570  lr=5.00e-05  [rmse=0.0584 h1=0.0034 ssim=0.1764 mlw=63.8124]
epoch 7 step 800  loss=0.045480  lr=5.00e-05  [rmse=0.0099 h1=0.0001 ssim=0.0441 mlw=70.5941]
epoch 7 step 810  loss=0.046130  lr=5.00e-05  [rmse=0.0044 h1=0.0000 ssim=0.0178 mlw=108.4114]
epoch 7 step 820  loss=0.045967  lr=5.00e-05  [rmse=0.0204 h1=0.0005 ssim=0.1429 mlw=51.9157]
epoch 7 step 830  loss=0.046684  lr=5.00e-05  [rmse=0.0227 h1=0.0005 ssim=0.0691 mlw=103.4500]
epoch 7 step 840  loss=0.047286  lr=5.00e-05  [rmse=0.0263 h1=0.0006 ssim=0.0650 mlw=65.8365]
INFO     [rank 0] Loss weights: rmse=1.0000, h1=50.0000,      vae_trainer.py:873
         ssim=0.1500, mlw=0.0000                                                
INFO     [rank 0] Epoch 7: train_loss=0.047286                vae_trainer.py:899
         val_loss=0.050054  val_VRMSE=0.124289  lr=5.00e-05                     
INFO     [rank 0] Metrics updated: metrics/metrics.csv,       vae_trainer.py:925
         metrics/loss_curves.png                                                
INFO     [rank 0] Saved 8 validation reconstruction PNGs for vae_trainer.py:1114
         epoch 7                                                                
INFO     [rank 0] New best checkpoint (epoch 7,              vae_trainer.py:1216
         val_vrmse=0.124289):                                                   
         checkpoints/vae_shockwave_best.safetensors                             
INFO     [rank 0] Training state saved:                      vae_trainer.py:1276
         checkpoints/vae_shockwave_last.state.pt                                
INFO     [rank 0] Epoch 7 timing: train=853.4s eval=37.6s     vae_trainer.py:961
         viz=11.7s ckpt=4.3s total=907.5s                                       
epoch 8 step 850  loss=0.043789  lr=5.00e-05  [rmse=0.0053 h1=0.0000 ssim=0.0187 mlw=105.0673]
epoch 8 step 860  loss=0.050050  lr=5.00e-05  [rmse=0.0280 h1=0.0009 ssim=0.0831 mlw=59.0547]
epoch 8 step 870  loss=0.046287  lr=5.00e-05  [rmse=0.0043 h1=0.0000 ssim=0.0112 mlw=89.9247]
epoch 8 step 880  loss=0.048257  lr=5.00e-05  [rmse=0.0292 h1=0.0009 ssim=0.0893 mlw=59.5960]
epoch 8 step 890  loss=0.049556  lr=5.00e-05  [rmse=0.0381 h1=0.0014 ssim=0.1163 mlw=83.0996]
epoch 8 step 900  loss=0.049007  lr=5.00e-05  [rmse=0.0068 h1=0.0000 ssim=0.0274 mlw=63.8662]
epoch 8 step 910  loss=0.047897  lr=5.00e-05  [rmse=0.0519 h1=0.0027 ssim=0.1063 mlw=57.4630]
epoch 8 step 920  loss=0.048441  lr=5.00e-05  [rmse=0.0159 h1=0.0003 ssim=0.0809 mlw=55.6581]
epoch 8 step 930  loss=0.049251  lr=5.00e-05  [rmse=0.0107 h1=0.0001 ssim=0.0655 mlw=64.5292]
epoch 8 step 940  loss=0.049265  lr=5.00e-05  [rmse=0.0110 h1=0.0001 ssim=0.0606 mlw=51.0771]
epoch 8 step 950  loss=0.048770  lr=5.00e-05  [rmse=0.0137 h1=0.0002 ssim=0.0548 mlw=60.5472]
epoch 8 step 960  loss=0.049373  lr=5.00e-05  [rmse=0.0380 h1=0.0015 ssim=0.1372 mlw=83.6948]
INFO     [rank 0] Loss weights: rmse=1.0000, h1=50.0000,      vae_trainer.py:873
         ssim=0.1500, mlw=0.0000                                                
INFO     [rank 0] Epoch 8: train_loss=0.049373                vae_trainer.py:899
         val_loss=0.051330  val_VRMSE=0.127569  lr=5.00e-05                     
INFO     [rank 0] Metrics updated: metrics/metrics.csv,       vae_trainer.py:925
         metrics/loss_curves.png                                                
INFO     [rank 0] Saved 8 validation reconstruction PNGs for vae_trainer.py:1114
         epoch 8                                                                
INFO     [rank 0] Training state saved:                      vae_trainer.py:1276
         checkpoints/vae_shockwave_last.state.pt                                
INFO     [rank 0] Epoch 8 timing: train=854.0s eval=38.0s     vae_trainer.py:961
         viz=10.9s ckpt=3.8s total=907.3s                                       
epoch 9 step 970  loss=0.053889  lr=5.00e-05  [rmse=0.0096 h1=0.0001 ssim=0.0438 mlw=57.9098]
epoch 9 step 980  loss=0.053894  lr=5.00e-05  [rmse=0.0248 h1=0.0007 ssim=0.1110 mlw=52.1702]
epoch 9 step 990  loss=0.051187  lr=5.00e-05  [rmse=0.0119 h1=0.0002 ssim=0.0557 mlw=71.6789]
epoch 9 step 1000  loss=0.048688  lr=5.00e-05  [rmse=0.0043 h1=0.0000 ssim=0.0367 mlw=95.6245]
epoch 9 step 1010  loss=0.047910  lr=5.00e-05  [rmse=0.0305 h1=0.0010 ssim=0.1406 mlw=52.2675]
epoch 9 step 1020  loss=0.047418  lr=5.00e-05  [rmse=0.0429 h1=0.0018 ssim=0.1334 mlw=62.3367]
epoch 9 step 1030  loss=0.048223  lr=5.00e-05  [rmse=0.0307 h1=0.0009 ssim=0.1154 mlw=62.5364]
epoch 9 step 1040  loss=0.048225  lr=5.00e-05  [rmse=0.0130 h1=0.0001 ssim=0.0645 mlw=68.9749]
epoch 9 step 1050  loss=0.048431  lr=5.00e-05  [rmse=0.0136 h1=0.0001 ssim=0.0550 mlw=77.2343]
epoch 9 step 1060  loss=0.048280  lr=5.00e-05  [rmse=0.0100 h1=0.0001 ssim=0.0570 mlw=60.6991]
epoch 9 step 1070  loss=0.048425  lr=5.00e-05  [rmse=0.0146 h1=0.0003 ssim=0.0701 mlw=63.6409]
epoch 9 step 1080  loss=0.048725  lr=5.00e-05  [rmse=0.0138 h1=0.0002 ssim=0.0564 mlw=59.1700]
INFO     [rank 0] Loss weights: rmse=1.0000, h1=50.0000,      vae_trainer.py:873
         ssim=0.1500, mlw=0.0000                                                
INFO     [rank 0] Epoch 9: train_loss=0.048725                vae_trainer.py:899
         val_loss=0.046173  val_VRMSE=0.111334  lr=5.00e-05                     
INFO     [rank 0] Metrics updated: metrics/metrics.csv,       vae_trainer.py:925
         metrics/loss_curves.png                                                
INFO     [rank 0] Saved 8 validation reconstruction PNGs for vae_trainer.py:1114
         epoch 9                                                                
INFO     [rank 0] New best checkpoint (epoch 9,              vae_trainer.py:1216
         val_vrmse=0.111334):                                                   
         checkpoints/vae_shockwave_best.safetensors                             
INFO     [rank 0] Training state saved:                      vae_trainer.py:1276
         checkpoints/vae_shockwave_last.state.pt                                
INFO     [rank 0] Epoch 9 timing: train=853.0s eval=37.8s     vae_trainer.py:961
         viz=10.5s ckpt=4.4s total=906.1s                                       
epoch 10 step 1090  loss=0.046578  lr=5.00e-05  [rmse=0.0141 h1=0.0002 ssim=0.0980 mlw=62.4680]
epoch 10 step 1100  loss=0.047062  lr=5.00e-05  [rmse=0.0108 h1=0.0001 ssim=0.0400 mlw=71.1965]
epoch 10 step 1110  loss=0.046120  lr=5.00e-05  [rmse=0.0093 h1=0.0001 ssim=0.0590 mlw=68.9390]
epoch 10 step 1120  loss=0.044667  lr=5.00e-05  [rmse=0.0045 h1=0.0000 ssim=0.0140 mlw=110.3257]
epoch 10 step 1130  loss=0.045771  lr=5.00e-05  [rmse=0.0187 h1=0.0001 ssim=0.1601 mlw=97.9890]
epoch 10 step 1140  loss=0.045887  lr=5.00e-05  [rmse=0.0068 h1=0.0000 ssim=0.0360 mlw=68.1450]
epoch 10 step 1150  loss=0.046388  lr=5.00e-05  [rmse=0.0151 h1=0.0003 ssim=0.0763 mlw=55.5672]
epoch 10 step 1160  loss=0.045727  lr=5.00e-05  [rmse=0.0048 h1=0.0000 ssim=0.0387 mlw=95.7237]
epoch 10 step 1170  loss=0.046330  lr=5.00e-05  [rmse=0.0183 h1=0.0004 ssim=0.1071 mlw=53.4470]
epoch 10 step 1180  loss=0.046214  lr=5.00e-05  [rmse=0.0133 h1=0.0002 ssim=0.0872 mlw=53.9525]
epoch 10 step 1190  loss=0.046335  lr=5.00e-05  [rmse=0.0200 h1=0.0004 ssim=0.1397 mlw=56.5274]
epoch 10 step 1200  loss=0.045935  lr=5.00e-05  [rmse=0.0054 h1=0.0000 ssim=0.0610 mlw=118.4263]
INFO     [rank 0] Loss weights: rmse=1.0000, h1=50.0000,      vae_trainer.py:873
         ssim=0.1500, mlw=0.0000                                                
INFO     [rank 0] Epoch 10: train_loss=0.045935               vae_trainer.py:899
         val_loss=0.049671  val_VRMSE=0.125202  lr=5.00e-05                     
INFO     [rank 0] Metrics updated: metrics/metrics.csv,       vae_trainer.py:925
         metrics/loss_curves.png                                                
INFO     [rank 0] Saved 8 validation reconstruction PNGs for vae_trainer.py:1114
         epoch 10                                                               
INFO     [rank 0] Training state saved:                      vae_trainer.py:1276
         checkpoints/vae_shockwave_last.state.pt                                
INFO     [rank 0] Epoch 10 timing: train=854.9s eval=38.8s    vae_trainer.py:961
         viz=10.9s ckpt=3.5s total=908.7s                                       
epoch 11 step 1210  loss=0.047741  lr=5.00e-05  [rmse=0.0094 h1=0.0001 ssim=0.0667 mlw=68.9187]
epoch 11 step 1220  loss=0.042292  lr=5.00e-05  [rmse=0.0188 h1=0.0004 ssim=0.0741 mlw=76.4334]
epoch 11 step 1230  loss=0.044870  lr=5.00e-05  [rmse=0.0102 h1=0.0001 ssim=0.0473 mlw=53.9510]
epoch 11 step 1240  loss=0.042357  lr=5.00e-05  [rmse=0.0050 h1=0.0000 ssim=0.0143 mlw=68.5059]
epoch 11 step 1250  loss=0.041711  lr=5.00e-05  [rmse=0.0218 h1=0.0005 ssim=0.1183 mlw=54.8169]
epoch 11 step 1260  loss=0.041159  lr=5.00e-05  [rmse=0.0097 h1=0.0001 ssim=0.0601 mlw=54.2463]
epoch 11 step 1270  loss=0.043409  lr=5.00e-05  [rmse=0.0411 h1=0.0020 ssim=0.1328 mlw=52.8225]
epoch 11 step 1280  loss=0.043008  lr=5.00e-05  [rmse=0.0073 h1=0.0001 ssim=0.0326 mlw=70.8847]
epoch 11 step 1290  loss=0.043189  lr=5.00e-05  [rmse=0.0140 h1=0.0002 ssim=0.0625 mlw=54.2101]
epoch 11 step 1300  loss=0.043604  lr=5.00e-05  [rmse=0.0088 h1=0.0001 ssim=0.0472 mlw=58.9072]
epoch 11 step 1310  loss=0.043078  lr=5.00e-05  [rmse=0.0186 h1=0.0004 ssim=0.0762 mlw=52.2427]
epoch 11 step 1320  loss=0.043816  lr=5.00e-05  [rmse=0.0036 h1=0.0000 ssim=0.0137 mlw=97.1505]
INFO     [rank 0] Loss weights: rmse=1.0000, h1=50.0000,      vae_trainer.py:873
         ssim=0.1500, mlw=0.0000                                                
INFO     [rank 0] Epoch 11: train_loss=0.043816               vae_trainer.py:899
         val_loss=0.045816  val_VRMSE=0.111692  lr=5.00e-05                     
INFO     [rank 0] Metrics updated: metrics/metrics.csv,       vae_trainer.py:925
         metrics/loss_curves.png                                                
INFO     [rank 0] Saved 8 validation reconstruction PNGs for vae_trainer.py:1114
         epoch 11                                                               
INFO     [rank 0] Training state saved:                      vae_trainer.py:1276
         checkpoints/vae_shockwave_last.state.pt                                
INFO     [rank 0] Epoch 11 timing: train=855.3s eval=37.5s    vae_trainer.py:961
         viz=10.4s ckpt=3.6s total=907.3s                                       
epoch 12 step 1330  loss=0.048439  lr=4.99e-05  [rmse=0.0121 h1=0.0001 ssim=0.0553 mlw=64.5982]
epoch 12 step 1340  loss=0.046745  lr=4.98e-05  [rmse=0.0337 h1=0.0012 ssim=0.1293 mlw=146.4811]
epoch 12 step 1350  loss=0.044352  lr=4.95e-05  [rmse=0.0221 h1=0.0006 ssim=0.0946 mlw=61.3150]
epoch 12 step 1360  loss=0.045559  lr=4.92e-05  [rmse=0.0171 h1=0.0003 ssim=0.1003 mlw=53.7264]
epoch 12 step 1370  loss=0.044924  lr=4.87e-05  [rmse=0.0239 h1=0.0006 ssim=0.0976 mlw=55.7284]
epoch 12 step 1380  loss=0.047140  lr=4.81e-05  [rmse=0.0105 h1=0.0001 ssim=0.0829 mlw=71.4943]
epoch 12 step 1390  loss=0.047349  lr=4.75e-05  [rmse=0.0366 h1=0.0016 ssim=0.1283 mlw=64.6084]
epoch 12 step 1400  loss=0.046614  lr=4.67e-05  [rmse=0.0289 h1=0.0005 ssim=0.1385 mlw=70.3839]
epoch 12 step 1410  loss=0.046436  lr=4.59e-05  [rmse=0.0407 h1=0.0004 ssim=0.0624 mlw=83.0475]
epoch 12 step 1420  loss=0.046142  lr=4.49e-05  [rmse=0.0144 h1=0.0002 ssim=0.0669 mlw=53.6934]
epoch 12 step 1430  loss=0.045583  lr=4.39e-05  [rmse=0.0095 h1=0.0001 ssim=0.0348 mlw=78.9433]
epoch 12 step 1440  loss=0.046589  lr=4.28e-05  [rmse=0.0231 h1=0.0006 ssim=0.1075 mlw=51.8509]
INFO     [rank 0] Loss weights: rmse=1.0000, h1=50.0000,      vae_trainer.py:873
         ssim=0.1500, mlw=0.0000                                                
INFO     [rank 0] Epoch 12: train_loss=0.046589               vae_trainer.py:899
         val_loss=0.044704  val_VRMSE=0.108373  lr=4.28e-05                     
INFO     [rank 0] Metrics updated: metrics/metrics.csv,       vae_trainer.py:925
         metrics/loss_curves.png                                                
INFO     [rank 0] Saved 8 validation reconstruction PNGs for vae_trainer.py:1114
         epoch 12                                                               
INFO     [rank 0] New best checkpoint (epoch 12,             vae_trainer.py:1216
         val_vrmse=0.108373):                                                   
         checkpoints/vae_shockwave_best.safetensors                             
INFO     [rank 0] Training state saved:                      vae_trainer.py:1276
         checkpoints/vae_shockwave_last.state.pt                                
INFO     [rank 0] Epoch 12 timing: train=854.1s eval=37.6s    vae_trainer.py:961
         viz=10.4s ckpt=4.3s total=906.9s                                       
epoch 13 step 1450  loss=0.035460  lr=4.17e-05  [rmse=0.0222 h1=0.0005 ssim=0.0880 mlw=58.5720]
epoch 13 step 1460  loss=0.040807  lr=4.04e-05  [rmse=0.0354 h1=0.0013 ssim=0.1069 mlw=62.3639]
epoch 13 step 1470  loss=0.043756  lr=3.91e-05  [rmse=0.0504 h1=0.0033 ssim=0.0927 mlw=71.7284]
epoch 13 step 1480  loss=0.042303  lr=3.78e-05  [rmse=0.0080 h1=0.0001 ssim=0.0392 mlw=64.5654]
epoch 13 step 1490  loss=0.042380  lr=3.63e-05  [rmse=0.0213 h1=0.0005 ssim=0.1129 mlw=50.4218]
epoch 13 step 1500  loss=0.041578  lr=3.49e-05  [rmse=0.0069 h1=0.0001 ssim=0.0306 mlw=59.3674]
epoch 13 step 1510  loss=0.042305  lr=3.34e-05  [rmse=0.0121 h1=0.0002 ssim=0.0592 mlw=60.9552]
epoch 13 step 1520  loss=0.042371  lr=3.18e-05  [rmse=0.0039 h1=0.0000 ssim=0.0301 mlw=108.6740]
epoch 13 step 1530  loss=0.041752  lr=3.03e-05  [rmse=0.0114 h1=0.0001 ssim=0.0471 mlw=59.3213]
epoch 13 step 1540  loss=0.042322  lr=2.87e-05  [rmse=0.0290 h1=0.0009 ssim=0.0840 mlw=86.8210]
epoch 13 step 1550  loss=0.041532  lr=2.71e-05  [rmse=0.0066 h1=0.0001 ssim=0.0286 mlw=62.5870]
epoch 13 step 1560  loss=0.041649  lr=2.55e-05  [rmse=0.0059 h1=0.0000 ssim=0.0325 mlw=64.2448]
INFO     [rank 0] Loss weights: rmse=1.0000, h1=50.0000,      vae_trainer.py:873
         ssim=0.1500, mlw=0.0000                                                
INFO     [rank 0] Epoch 13: train_loss=0.041649               vae_trainer.py:899
         val_loss=0.042606  val_VRMSE=0.102745  lr=2.55e-05                     
INFO     [rank 0] Metrics updated: metrics/metrics.csv,       vae_trainer.py:925
         metrics/loss_curves.png                                                
INFO     [rank 0] Saved 8 validation reconstruction PNGs for vae_trainer.py:1114
         epoch 13                                                               
INFO     [rank 0] New best checkpoint (epoch 13,             vae_trainer.py:1216
         val_vrmse=0.102745):                                                   
         checkpoints/vae_shockwave_best.safetensors                             
INFO     [rank 0] Training state saved:                      vae_trainer.py:1276
         checkpoints/vae_shockwave_last.state.pt                                
INFO     [rank 0] Epoch 13 timing: train=853.6s eval=37.5s    vae_trainer.py:961
         viz=10.4s ckpt=4.3s total=906.3s                                       
epoch 14 step 1570  loss=0.038791  lr=2.39e-05  [rmse=0.0315 h1=0.0013 ssim=0.0893 mlw=74.4696]
epoch 14 step 1580  loss=0.037159  lr=2.23e-05  [rmse=0.0053 h1=0.0000 ssim=0.0242 mlw=100.2482]
epoch 14 step 1590  loss=0.037239  lr=2.07e-05  [rmse=0.0054 h1=0.0000 ssim=0.0210 mlw=61.5788]
epoch 14 step 1600  loss=0.036581  lr=1.92e-05  [rmse=0.0289 h1=0.0009 ssim=0.0636 mlw=68.8102]
epoch 14 step 1610  loss=0.036529  lr=1.76e-05  [rmse=0.0102 h1=0.0001 ssim=0.0460 mlw=52.7893]
epoch 14 step 1620  loss=0.036609  lr=1.61e-05  [rmse=0.0087 h1=0.0001 ssim=0.0345 mlw=66.2255]
epoch 14 step 1630  loss=0.038259  lr=1.47e-05  [rmse=0.0169 h1=0.0004 ssim=0.0944 mlw=51.6678]
epoch 14 step 1640  loss=0.038895  lr=1.33e-05  [rmse=0.0084 h1=0.0001 ssim=0.0407 mlw=62.4346]
epoch 14 step 1650  loss=0.038653  lr=1.19e-05  [rmse=0.0115 h1=0.0002 ssim=0.0453 mlw=63.1461]
epoch 14 step 1660  loss=0.038512  lr=1.06e-05  [rmse=0.0096 h1=0.0001 ssim=0.0406 mlw=61.3751]
epoch 14 step 1670  loss=0.037996  lr=9.35e-06  [rmse=0.0025 h1=0.0000 ssim=0.0086 mlw=102.9276]
epoch 14 step 1680  loss=0.037757  lr=8.18e-06  [rmse=0.0048 h1=0.0000 ssim=0.0193 mlw=98.1873]
INFO     [rank 0] Loss weights: rmse=1.0000, h1=50.0000,      vae_trainer.py:873
         ssim=0.1500, mlw=0.0000                                                
INFO     [rank 0] Epoch 14: train_loss=0.037757               vae_trainer.py:899
         val_loss=0.041243  val_VRMSE=0.098841  lr=8.18e-06                     
INFO     [rank 0] Metrics updated: metrics/metrics.csv,       vae_trainer.py:925
         metrics/loss_curves.png                                                
INFO     [rank 0] Saved 8 validation reconstruction PNGs for vae_trainer.py:1114
         epoch 14                                                               
INFO     [rank 0] New best checkpoint (epoch 14,             vae_trainer.py:1216
         val_vrmse=0.098841):                                                   
         checkpoints/vae_shockwave_best.safetensors                             
INFO     [rank 0] Training state saved:                      vae_trainer.py:1276
         checkpoints/vae_shockwave_last.state.pt                                
INFO     [rank 0] Epoch 14 timing: train=855.3s eval=37.7s    vae_trainer.py:961
         viz=10.6s ckpt=4.3s total=908.5s                                       
epoch 15 step 1690  loss=0.033605  lr=7.08e-06  [rmse=0.0081 h1=0.0001 ssim=0.0339 mlw=60.5226]
epoch 15 step 1700  loss=0.034802  lr=6.06e-06  [rmse=0.0282 h1=0.0011 ssim=0.0558 mlw=62.0049]
epoch 15 step 1710  loss=0.037427  lr=5.13e-06  [rmse=0.0029 h1=0.0000 ssim=0.0095 mlw=93.4989]
epoch 15 step 1720  loss=0.035779  lr=4.28e-06  [rmse=0.0047 h1=0.0000 ssim=0.0198 mlw=79.6574]
epoch 15 step 1730  loss=0.036181  lr=3.53e-06  [rmse=0.0199 h1=0.0005 ssim=0.1033 mlw=49.8140]
epoch 15 step 1740  loss=0.036674  lr=2.86e-06  [rmse=0.0081 h1=0.0001 ssim=0.0390 mlw=60.3182]
epoch 15 step 1750  loss=0.036709  lr=2.30e-06  [rmse=0.0228 h1=0.0006 ssim=0.0925 mlw=50.2053]
epoch 15 step 1760  loss=0.037369  lr=1.83e-06  [rmse=0.0055 h1=0.0000 ssim=0.0280 mlw=58.2525]
epoch 15 step 1770  loss=0.037607  lr=1.47e-06  [rmse=0.0171 h1=0.0004 ssim=0.0760 mlw=59.3246]
epoch 15 step 1780  loss=0.038542  lr=1.21e-06  [rmse=0.0021 h1=0.0000 ssim=0.0174 mlw=91.9885]
epoch 15 step 1790  loss=0.038011  lr=1.05e-06  [rmse=0.0110 h1=0.0002 ssim=0.0538 mlw=58.3057]
epoch 15 step 1800  loss=0.037389  lr=1.00e-06  [rmse=0.0034 h1=0.0000 ssim=0.0162 mlw=66.3901]
INFO     [rank 0] Loss weights: rmse=1.0000, h1=50.0000,      vae_trainer.py:873
         ssim=0.1500, mlw=0.0000                                                
INFO     [rank 0] Epoch 15: train_loss=0.037389               vae_trainer.py:899
         val_loss=0.041038  val_VRMSE=0.098312  lr=1.00e-06                     
INFO     [rank 0] Metrics updated: metrics/metrics.csv,       vae_trainer.py:925
         metrics/loss_curves.png                                                
INFO     [rank 0] Saved 8 validation reconstruction PNGs for vae_trainer.py:1114
         epoch 15                                                               
INFO     [rank 0] New best checkpoint (epoch 15,             vae_trainer.py:1216
         val_vrmse=0.098312):                                                   
         checkpoints/vae_shockwave_best.safetensors                             
INFO     [rank 0] Training state saved:                      vae_trainer.py:1276
         checkpoints/vae_shockwave_last.state.pt                                
INFO     [rank 0] Epoch 15 timing: train=854.5s eval=37.9s    vae_trainer.py:961
         viz=10.6s ckpt=4.1s total=907.6s                                       
╭──────────────────────────────────────────────────────────────────────────────╮
╰──────────────────────────────────────────────────────────────────────────────╯INFO     [rank 0] Training state saved:                      vae_trainer.py:1276
         checkpoints/vae_shockwave_last.state.pt                                
INFO     [rank 0] Best epoch: 15 (val_vrmse=0.098312)         vae_trainer.py:979

Training complete. Checkpoint: 
/hppfs/scratch/0D/go76fuz2/windinet/finetune_vae_outputs_sng_pvc/finetune_vae_ba
seline_chorder_pr_my_mx_copyinit/checkpoints/vae_shockwave_best.safetensors
Mirrored (excl. checkpoints/) to finetune_vae_outputs_sng_pvc/finetune_vae_baseline_chorder_pr_my_mx_copyinit
END TIME: Sat 08 Aug 2026 04:54:28 PM CEST
