START TIME: Sat 08 Aug 2026 10:43:41 AM CEST
job=523490 node=i20r03c04s10
+-----------+--------------------------------------------------------------------------------------+
| Device ID | Device Information                                                                   |
+-----------+--------------------------------------------------------------------------------------+
| 0         | Device Name: Intel(R) Data Center GPU Max 1550                                       |
|           | Vendor Name: Intel(R) Corporation                                                    |
|           | SOC UUID: 00000000-0000-003a-0000-002f0bd58086                                       |
|           | PCI BDF Address: 0000:3a:00.0                                                        |
|           | DRM Device: /dev/dri/card0                                                           |
|           | Function Type: physical                                                              |
+-----------+--------------------------------------------------------------------------------------+
| 1         | Device Name: Intel(R) Data Center GPU Max 1550                                       |
|           | Vendor Name: Intel(R) Corporation                                                    |
|           | SOC UUID: 00000000-0000-004b-0000-002f0bd58086                                       |
|           | PCI BDF Address: 0000:4b:00.0                                                        |
|           | DRM Device: /dev/dri/card1                                                           |
|           | Function Type: physical                                                              |
+-----------+--------------------------------------------------------------------------------------+
| 2         | Device Name: Intel(R) Data Center GPU Max 1550                                       |
|           | Vendor Name: Intel(R) Corporation                                                    |
|           | SOC UUID: 00000000-0000-00ca-0000-002f0bd58086                                       |
|           | PCI BDF Address: 0000:ca:00.0                                                        |
|           | DRM Device: /dev/dri/card2                                                           |
|           | Function Type: physical                                                              |
+-----------+--------------------------------------------------------------------------------------+
| 3         | Device Name: Intel(R) Data Center GPU Max 1550                                       |
|           | Vendor Name: Intel(R) Corporation                                                    |
|           | SOC UUID: 00000000-0000-00da-0000-002f0bd58086                                       |
|           | PCI BDF Address: 0000:da:00.0                                                        |
|           | DRM Device: /dev/dri/card3                                                           |
|           | Function Type: physical                                                              |
+-----------+--------------------------------------------------------------------------------------+
MASTER_ADDR: i20r03c04s10  MASTER_PORT: 45877
8 XPU tiles x accum 4 -> effective batch 32; output_dir /hppfs/scratch/0D/go76fuz2/windinet/finetune_vae_outputs_sng_pvc/finetune_vae_whole_structure_baseline_adapterlr3x
INFO     [rank 1] Failed to extract font properties from    font_manager.py:1107
         /usr/share/fonts/truetype/Cantarell-VF.otf: Can                        
         not load face (SFNT font table missing; error code                     
         0x8e)                                                                  
INFO     [rank 7] Failed to extract font properties from    font_manager.py:1107
         /usr/share/fonts/truetype/Cantarell-VF.otf: Can                        
         not load face (SFNT font table missing; error code                     
         0x8e)                                                                  
INFO     [rank 6] Failed to extract font properties from    font_manager.py:1107
         /usr/share/fonts/truetype/Cantarell-VF.otf: Can                        
         not load face (SFNT font table missing; error code                     
         0x8e)                                                                  
INFO     [rank 2] Failed to extract font properties from    font_manager.py:1107
         /usr/share/fonts/truetype/Cantarell-VF.otf: Can                        
         not load face (SFNT font table missing; error code                     
         0x8e)                                                                  
INFO     [rank 4] Failed to extract font properties from    font_manager.py:1107
         /usr/share/fonts/truetype/Cantarell-VF.otf: Can                        
         not load face (SFNT font table missing; error code                     
         0x8e)                                                                  
INFO     [rank 2] generated new fontManager                 font_manager.py:1639
INFO     [rank 0] Failed to extract font properties from    font_manager.py:1107
         /usr/share/fonts/truetype/Cantarell-VF.otf: Can                        
         not load face (SFNT font table missing; error code                     
         0x8e)                                                                  
INFO     [rank 5] Failed to extract font properties from    font_manager.py:1107
         /usr/share/fonts/truetype/Cantarell-VF.otf: Can                        
         not load face (SFNT font table missing; error code                     
         0x8e)                                                                  
INFO     [rank 7] generated new fontManager                 font_manager.py:1639
INFO     [rank 3] Failed to extract font properties from    font_manager.py:1107
         /usr/share/fonts/truetype/Cantarell-VF.otf: Can                        
         not load face (SFNT font table missing; error code                     
         0x8e)                                                                  
INFO     [rank 0] generated new fontManager                 font_manager.py:1639
INFO     [rank 6] generated new fontManager                 font_manager.py:1639
INFO     [rank 1] generated new fontManager                 font_manager.py:1639
INFO     [rank 5] generated new fontManager                 font_manager.py:1639
INFO     [rank 4] generated new fontManager                 font_manager.py:1639
INFO     [rank 3] generated new fontManager                 font_manager.py:1639
                          VAE Finetuning Configuration                          
┏━━━━━━━━━━━━━━━━━━━━━━━━━━━━━━━━━━━━━━┳━━━━━━━━━━━━━━━━━━━━━━━━━━━━━━━━━━━━━━━┓
┃ Parameter                            ┃ Value                                 ┃
┡━━━━━━━━━━━━━━━━━━━━━━━━━━━━━━━━━━━━━━╇━━━━━━━━━━━━━━━━━━━━━━━━━━━━━━━━━━━━━━━┩
│ model.model_source                   │ LTXV_2B_0.9.6_DEV                     │
│ model.load_checkpoint                │ None                                  │
│ adapter.enabled                      │ True                                  │
│ adapter.checkpoint                   │ None                                  │
│ adapter.channels                     │ ['density', 'momentum_x',             │
│                                      │ 'momentum_y', 'pressure']             │
│ adapter.mode                         │ inflate                               │
│ adapter.inflate_init                 │ mean                                  │
│ adapter.freeze_conv_in               │ False                                 │
│ adapter.hidden_channels              │ 32                                    │
│ adapter.activation                   │ gelu                                  │
│ adapter.identity_init                │ False                                 │
│ adapter.default_temb                 │ 0.0                                   │
│ adapter.unfreeze_encoder_tail        │ True                                  │
│ adapter.unfreeze_down_blocks         │ [0, 1, 2]                             │
│ data.data_root                       │ /hppfs/scratch/0D/go76fuz2/windinet/… │
│ data.eval_sims                       │ 675                                   │
│ data.num_dataloader_workers          │ 4                                     │
│ data.num_sim_frames                  │ None                                  │
│ data.overfit_sims                    │ None                                  │
│ data.overfit_repeat                  │ 1                                     │
│ data.channel_mean                    │ [0.905097647712509,                   │
│                                      │ 0.0040453659499771295,                │
│                                      │ -0.0019089379643528095, 0.9           │
│ data.channel_std                     │ [0.6607349375392083,                  │
│                                      │ 0.5328754120427532,                   │
│                                      │ 0.5262512462358824, 0.8050358         │
│ data.normalization_clip              │ 5.0                                   │
│ data.channel_order                   │ ['density', 'momentum_x',             │
│                                      │ 'momentum_y', 'pressure']             │
│ optimization.learning_rate           │ 5e-05                                 │
│ optimization.adapter_lr_multiplier   │ 3.0                                   │
│ optimization.min_learning_rate       │ 1e-06                                 │
│ optimization.encoder_tail_lr_multip… │ 0.3                                   │
│ optimization.scheduler_type          │ wsd                                   │
│ optimization.stable_fraction         │ 0.7                                   │
│ optimization.epochs                  │ 15                                    │
│ optimization.batch_size              │ 1                                     │
│ optimization.gradient_accumulation_… │ 4                                     │
│ optimization.max_grad_norm           │ 5.0                                   │
│ optimization.weight_decay            │ 0.0                                   │
│ optimization.warmup_steps            │ 200                                   │
│ optimization.warmup_start_factor     │ 0.01                                  │
│ optimization.enable_gradient_checkp… │ True                                  │
│ loss.wavelet                         │ db2                                   │
│ loss.spatial_level                   │ 2                                     │
│ loss.temporal_level                  │ 2                                     │
│ loss.mlw_beta                        │ 10.0                                  │
│ loss.mlw_eps                         │ 1e-06                                 │
│ loss_weighting.strategy              │ fixed                                 │
│ loss_weighting.weights               │ {'rmse': 1.0, 'h1': 50.0, 'ssim':     │
│                                      │ 0.15, 'mlw': 0.0}                     │
│ loss_weighting.loss_names            │ ['rmse', 'h1', 'ssim', 'mlw']         │
│ loss_weighting.alpha                 │ 1.5                                   │
│ loss_weighting.weight_lr             │ 0.025                                 │
│ loss_weighting.temperature           │ 0.1                                   │
│ visualization.enabled                │ True                                  │
│ visualization.interval_epochs        │ 1                                     │
│ visualization.num_samples            │ 2                                     │
│ visualization.frame_numbers          │ [25, 50, 75, 100]                     │
│ visualization.dpi                    │ 150                                   │
│ acceleration.mixed_precision_mode    │ bf16                                  │
│ acceleration.compile_with_inductor   │ False                                 │
│ acceleration.compilation_mode        │ reduce-overhead                       │
│ checkpoints.interval                 │ 1                                     │
│ checkpoints.keep_last_n              │ 1                                     │
│ checkpoints.save_best_only           │ True                                  │
│ checkpoints.best_metric              │ val_vrmse                             │
│ checkpoints.save_last_state          │ True                                  │
│ wandb.enabled                        │ False                                 │
│ wandb.project                        │ windinet                              │
│ wandb.entity                         │ None                                  │
│ wandb.tags                           │ ['vae', 'inflate', 'mean-init',       │
│                                      │ 'wsd', '15ep', 'h1x2',                │
│                                      │ 'shockwave-cfd'                       │
│ seed                                 │ 42                                    │
│ output_dir                           │ /hppfs/scratch/0D/go76fuz2/windinet/… │
│ clean_output_dir                     │ True                                  │
│ resume_from                          │ None                                  │
│ resume_weights_only                  │ False                                 │
└──────────────────────────────────────┴───────────────────────────────────────┘
INFO     [rank 0] Distributed training: 8 processes          vae_trainer.py:1294
INFO     [rank 0] VAE inflated to 4 native channels           vae_trainer.py:159
         (init=mean); encoder.conv_in is trainable                              
INFO     [rank 0] Encoder extra modules UNFROZEN:             vae_trainer.py:224
         down_blocks[0, 1, 2] + tail                                            
         (down_blocks[-1]+mid_block+norm_out+conv_out)                          
INFO     [rank 0] VAE gradient checkpointing enabled          vae_trainer.py:230
INFO     [rank 0] VAE loaded. Decoder params: 552,869,953     vae_trainer.py:236
INFO     [rank 0] Trainable parameters:                       vae_trainer.py:309
         encoder_conv_in=221,312, encoder_extra=693,932,865,                    
         decoder=552,869,953, in_adapter=0, out_adapter=0                       
INFO     [rank 0] Dataset: 3825 train, 675 eval samples       vae_trainer.py:550
INFO     [rank 0] encoder.conv_in LR = 1.50e-04 (3x decoder   vae_trainer.py:574
         LR 5.00e-05)                                                           
INFO     [rank 0] encoder extra (down_blocks[0, 1, 2]+tail)   vae_trainer.py:592
         LR = 1.50e-05 (0.3x decoder LR 5.00e-05)                               
INFO     [rank 0] LR schedule 'wsd': 1800 steps (200 warmup,  vae_trainer.py:644
         1120 stable, 480 anneal), peak 5.00e-05 -> floor                       
         1.00e-06                                                               
2026:08:08-10:55:29:17095 |CCL_WARN| value of CCL_ATL_TRANSPORT changed to be ofi (default:mpi)
2026:08:08-10:55:30:17095 |CCL_WARN| value of CCL_ALLREDUCE changed to be ring (default:)
2026:08:08-10:55:30:17095 |CCL_WARN| could not get local_idx/count from environment variables, trying to get them from ATL
2026:08:08-10:55:30:17097 |CCL_WARN| could not get local_idx/count from environment variables, trying to get them from ATL
2026:08:08-10:55:30:17096 |CCL_WARN| could not get local_idx/count from environment variables, trying to get them from ATL
2026:08:08-10:55:30:17098 |CCL_WARN| could not get local_idx/count from environment variables, trying to get them from ATL
2026:08:08-10:55:30:17099 |CCL_WARN| could not get local_idx/count from environment variables, trying to get them from ATL
2026:08:08-10:55:30:17100 |CCL_WARN| could not get local_idx/count from environment variables, trying to get them from ATL
2026:08:08-10:55:31:17101 |CCL_WARN| could not get local_idx/count from environment variables, trying to get them from ATL
2026:08:08-10:55:31:17102 |CCL_WARN| could not get local_idx/count from environment variables, trying to get them from ATL
INFO     [rank 0] Config saved:                              vae_trainer.py:1318
         /hppfs/scratch/0D/go76fuz2/windinet/finetune_vae_ou                    
         tputs_sng_pvc/finetune_vae_whole_structure_baseline                    
         _adapterlr3x/training_config.yaml                                      
INFO     [rank 0] Starting VAE decoder finetuning...          vae_trainer.py:692
epoch 1 step 10  loss=0.147346  lr=2.98e-06  [rmse=0.0543 h1=0.0002 ssim=0.3894 mlw=59.0224]
epoch 1 step 20  loss=0.138007  lr=5.45e-06  [rmse=0.0493 h1=0.0003 ssim=0.3326 mlw=74.4956]
epoch 1 step 30  loss=0.139697  lr=7.93e-06  [rmse=0.0424 h1=0.0005 ssim=0.2354 mlw=55.0489]
epoch 1 step 40  loss=0.140313  lr=1.04e-05  [rmse=0.1797 h1=0.0021 ssim=0.5669 mlw=60.0511]
epoch 1 step 50  loss=0.134558  lr=1.29e-05  [rmse=0.0571 h1=0.0004 ssim=0.3053 mlw=62.5399]
epoch 1 step 60  loss=0.131558  lr=1.54e-05  [rmse=0.0265 h1=0.0000 ssim=0.0419 mlw=135.0204]
epoch 1 step 70  loss=0.125928  lr=1.78e-05  [rmse=0.0333 h1=0.0005 ssim=0.3098 mlw=58.2065]
epoch 1 step 80  loss=0.119331  lr=2.03e-05  [rmse=0.0534 h1=0.0008 ssim=0.3178 mlw=62.3165]
epoch 1 step 90  loss=0.115795  lr=2.28e-05  [rmse=0.0916 h1=0.0021 ssim=0.2035 mlw=92.8130]
epoch 1 step 100  loss=0.110916  lr=2.53e-05  [rmse=0.0339 h1=0.0006 ssim=0.1179 mlw=94.5094]
epoch 1 step 110  loss=0.106644  lr=2.77e-05  [rmse=0.0202 h1=0.0003 ssim=0.1318 mlw=58.2915]
epoch 1 step 120  loss=0.104001  lr=3.02e-05  [rmse=0.0380 h1=0.0007 ssim=0.1782 mlw=58.6822]
INFO     [rank 0] Loss weights: rmse=1.0000, h1=50.0000,      vae_trainer.py:852
         ssim=0.1500, mlw=0.0000                                                
INFO     [rank 0] Epoch 1: train_loss=0.104001                vae_trainer.py:878
         val_loss=0.069695  val_VRMSE=0.176249  lr=3.02e-05                     
INFO     [rank 0] Metrics updated: metrics/metrics.csv,       vae_trainer.py:904
         metrics/loss_curves.png                                                
INFO     [rank 0] Saved 8 validation reconstruction PNGs for vae_trainer.py:1087
         epoch 1                                                                
INFO     [rank 0] New best checkpoint (epoch 1,              vae_trainer.py:1188
         val_vrmse=0.176249):                                                   
         checkpoints/vae_shockwave_best.safetensors                             
INFO     [rank 0] Training state saved:                      vae_trainer.py:1248
         checkpoints/vae_shockwave_last.state.pt                                
INFO     [rank 0] Epoch 1 timing: train=1241.5s eval=37.8s    vae_trainer.py:940
         viz=10.6s ckpt=8.2s total=1298.8s                                      
epoch 2 step 130  loss=0.072069  lr=3.27e-05  [rmse=0.0145 h1=0.0000 ssim=0.1554 mlw=102.0530]
epoch 2 step 140  loss=0.075610  lr=3.52e-05  [rmse=0.0316 h1=0.0007 ssim=0.2582 mlw=56.6254]
epoch 2 step 150  loss=0.080688  lr=3.76e-05  [rmse=0.0205 h1=0.0001 ssim=0.1356 mlw=111.6057]
epoch 2 step 160  loss=0.079016  lr=4.01e-05  [rmse=0.0216 h1=0.0003 ssim=0.1470 mlw=60.2738]
epoch 2 step 170  loss=0.075049  lr=4.26e-05  [rmse=0.0207 h1=0.0003 ssim=0.1345 mlw=59.6826]
epoch 2 step 180  loss=0.076685  lr=4.51e-05  [rmse=0.0191 h1=0.0001 ssim=0.1196 mlw=65.1394]
epoch 2 step 190  loss=0.076471  lr=4.75e-05  [rmse=0.0313 h1=0.0007 ssim=0.1801 mlw=64.3631]
epoch 2 step 200  loss=0.074836  lr=5.00e-05  [rmse=0.0212 h1=0.0004 ssim=0.1321 mlw=67.6842]
epoch 2 step 210  loss=0.074372  lr=5.00e-05  [rmse=0.0174 h1=0.0002 ssim=0.1104 mlw=67.7529]
epoch 2 step 220  loss=0.073858  lr=5.00e-05  [rmse=0.0398 h1=0.0013 ssim=0.1856 mlw=66.6157]
epoch 2 step 230  loss=0.073617  lr=5.00e-05  [rmse=0.0267 h1=0.0005 ssim=0.1327 mlw=54.7539]
epoch 2 step 240  loss=0.071892  lr=5.00e-05  [rmse=0.0188 h1=0.0001 ssim=0.1220 mlw=94.7900]
INFO     [rank 0] Loss weights: rmse=1.0000, h1=50.0000,      vae_trainer.py:852
         ssim=0.1500, mlw=0.0000                                                
INFO     [rank 0] Epoch 2: train_loss=0.071892                vae_trainer.py:878
         val_loss=0.064157  val_VRMSE=0.161925  lr=5.00e-05                     
INFO     [rank 0] Metrics updated: metrics/metrics.csv,       vae_trainer.py:904
         metrics/loss_curves.png                                                
INFO     [rank 0] Saved 8 validation reconstruction PNGs for vae_trainer.py:1087
         epoch 2                                                                
INFO     [rank 0] New best checkpoint (epoch 2,              vae_trainer.py:1188
         val_vrmse=0.161925):                                                   
         checkpoints/vae_shockwave_best.safetensors                             
INFO     [rank 0] Training state saved:                      vae_trainer.py:1248
         checkpoints/vae_shockwave_last.state.pt                                
INFO     [rank 0] Epoch 2 timing: train=1212.1s eval=38.1s    vae_trainer.py:940
         viz=10.6s ckpt=8.4s total=1269.7s                                      
epoch 3 step 250  loss=0.066251  lr=5.00e-05  [rmse=0.0277 h1=0.0006 ssim=0.1954 mlw=58.4386]
epoch 3 step 260  loss=0.070492  lr=5.00e-05  [rmse=0.0208 h1=0.0003 ssim=0.1006 mlw=59.2203]
epoch 3 step 270  loss=0.065185  lr=5.00e-05  [rmse=0.0166 h1=0.0002 ssim=0.0808 mlw=76.8387]
epoch 3 step 280  loss=0.062970  lr=5.00e-05  [rmse=0.0127 h1=0.0001 ssim=0.0414 mlw=94.9260]
epoch 3 step 290  loss=0.060620  lr=5.00e-05  [rmse=0.0094 h1=0.0000 ssim=0.0494 mlw=69.3730]
epoch 3 step 300  loss=0.058511  lr=5.00e-05  [rmse=0.0116 h1=0.0001 ssim=0.1012 mlw=74.0957]
epoch 3 step 310  loss=0.058289  lr=5.00e-05  [rmse=0.0239 h1=0.0006 ssim=0.1154 mlw=64.3433]
epoch 3 step 320  loss=0.058025  lr=5.00e-05  [rmse=0.0195 h1=0.0003 ssim=0.0779 mlw=62.1929]
epoch 3 step 330  loss=0.058290  lr=5.00e-05  [rmse=0.0337 h1=0.0012 ssim=0.1855 mlw=53.6281]
epoch 3 step 340  loss=0.057214  lr=5.00e-05  [rmse=0.0111 h1=0.0001 ssim=0.0533 mlw=66.2550]
epoch 3 step 350  loss=0.056037  lr=5.00e-05  [rmse=0.0499 h1=0.0019 ssim=0.1378 mlw=96.2380]
epoch 3 step 360  loss=0.057066  lr=5.00e-05  [rmse=0.0350 h1=0.0013 ssim=0.1238 mlw=76.9128]
INFO     [rank 0] Loss weights: rmse=1.0000, h1=50.0000,      vae_trainer.py:852
         ssim=0.1500, mlw=0.0000                                                
INFO     [rank 0] Epoch 3: train_loss=0.057066                vae_trainer.py:878
         val_loss=0.055724  val_VRMSE=0.137689  lr=5.00e-05                     
INFO     [rank 0] Metrics updated: metrics/metrics.csv,       vae_trainer.py:904
         metrics/loss_curves.png                                                
INFO     [rank 0] Saved 8 validation reconstruction PNGs for vae_trainer.py:1087
         epoch 3                                                                
INFO     [rank 0] New best checkpoint (epoch 3,              vae_trainer.py:1188
         val_vrmse=0.137689):                                                   
         checkpoints/vae_shockwave_best.safetensors                             
INFO     [rank 0] Training state saved:                      vae_trainer.py:1248
         checkpoints/vae_shockwave_last.state.pt                                
INFO     [rank 0] Epoch 3 timing: train=1212.2s eval=38.0s    vae_trainer.py:940
         viz=10.6s ckpt=8.6s total=1270.1s                                      
epoch 4 step 370  loss=0.046706  lr=5.00e-05  [rmse=0.0082 h1=0.0000 ssim=0.0566 mlw=72.1932]
epoch 4 step 380  loss=0.047880  lr=5.00e-05  [rmse=0.0121 h1=0.0002 ssim=0.0639 mlw=62.4599]
epoch 4 step 390  loss=0.049707  lr=5.00e-05  [rmse=0.0255 h1=0.0008 ssim=0.1609 mlw=54.4585]
epoch 4 step 400  loss=0.050092  lr=5.00e-05  [rmse=0.0066 h1=0.0000 ssim=0.0260 mlw=65.8282]
epoch 4 step 410  loss=0.051211  lr=5.00e-05  [rmse=0.0268 h1=0.0007 ssim=0.1312 mlw=60.4548]
epoch 4 step 420  loss=0.052230  lr=5.00e-05  [rmse=0.0061 h1=0.0000 ssim=0.0411 mlw=99.2130]
epoch 4 step 430  loss=0.052262  lr=5.00e-05  [rmse=0.0097 h1=0.0001 ssim=0.0397 mlw=76.2933]
epoch 4 step 440  loss=0.050637  lr=5.00e-05  [rmse=0.0075 h1=0.0001 ssim=0.0415 mlw=66.8158]
epoch 4 step 450  loss=0.050630  lr=5.00e-05  [rmse=0.0237 h1=0.0006 ssim=0.0799 mlw=81.7752]
epoch 4 step 460  loss=0.050901  lr=5.00e-05  [rmse=0.0129 h1=0.0002 ssim=0.0924 mlw=79.9139]
epoch 4 step 470  loss=0.050667  lr=5.00e-05  [rmse=0.0064 h1=0.0000 ssim=0.0206 mlw=91.6070]
epoch 4 step 480  loss=0.050039  lr=5.00e-05  [rmse=0.0101 h1=0.0001 ssim=0.0437 mlw=61.2566]
INFO     [rank 0] Loss weights: rmse=1.0000, h1=50.0000,      vae_trainer.py:852
         ssim=0.1500, mlw=0.0000                                                
INFO     [rank 0] Epoch 4: train_loss=0.050039                vae_trainer.py:878
         val_loss=0.049955  val_VRMSE=0.119688  lr=5.00e-05                     
INFO     [rank 0] Metrics updated: metrics/metrics.csv,       vae_trainer.py:904
         metrics/loss_curves.png                                                
INFO     [rank 0] Saved 8 validation reconstruction PNGs for vae_trainer.py:1087
         epoch 4                                                                
INFO     [rank 0] New best checkpoint (epoch 4,              vae_trainer.py:1188
         val_vrmse=0.119688):                                                   
         checkpoints/vae_shockwave_best.safetensors                             
INFO     [rank 0] Training state saved:                      vae_trainer.py:1248
         checkpoints/vae_shockwave_last.state.pt                                
INFO     [rank 0] Epoch 4 timing: train=1211.0s eval=37.9s    vae_trainer.py:940
         viz=10.4s ckpt=8.3s total=1268.2s                                      
epoch 5 step 490  loss=0.050927  lr=5.00e-05  [rmse=0.0100 h1=0.0000 ssim=0.0251 mlw=86.0767]
epoch 5 step 500  loss=0.052901  lr=5.00e-05  [rmse=0.0127 h1=0.0001 ssim=0.0623 mlw=54.7063]
epoch 5 step 510  loss=0.050840  lr=5.00e-05  [rmse=0.0146 h1=0.0002 ssim=0.0823 mlw=54.8984]
epoch 5 step 520  loss=0.049281  lr=5.00e-05  [rmse=0.0147 h1=0.0002 ssim=0.1131 mlw=68.1737]
epoch 5 step 530  loss=0.049391  lr=5.00e-05  [rmse=0.0061 h1=0.0000 ssim=0.0113 mlw=97.0808]
epoch 5 step 540  loss=0.049413  lr=5.00e-05  [rmse=0.0225 h1=0.0004 ssim=0.1022 mlw=67.5705]
epoch 5 step 550  loss=0.051193  lr=5.00e-05  [rmse=0.0387 h1=0.0014 ssim=0.1609 mlw=70.3198]
epoch 5 step 560  loss=0.050530  lr=5.00e-05  [rmse=0.0083 h1=0.0001 ssim=0.0342 mlw=75.2881]
epoch 5 step 570  loss=0.051327  lr=5.00e-05  [rmse=0.0306 h1=0.0010 ssim=0.1001 mlw=64.5064]
epoch 5 step 580  loss=0.050264  lr=5.00e-05  [rmse=0.0214 h1=0.0005 ssim=0.0857 mlw=61.5253]
epoch 5 step 590  loss=0.049918  lr=5.00e-05  [rmse=0.0171 h1=0.0002 ssim=0.0368 mlw=80.5318]
epoch 5 step 600  loss=0.049547  lr=5.00e-05  [rmse=0.0055 h1=0.0000 ssim=0.0375 mlw=87.1062]
INFO     [rank 0] Loss weights: rmse=1.0000, h1=50.0000,      vae_trainer.py:852
         ssim=0.1500, mlw=0.0000                                                
INFO     [rank 0] Epoch 5: train_loss=0.049547                vae_trainer.py:878
         val_loss=0.047720  val_VRMSE=0.115775  lr=5.00e-05                     
INFO     [rank 0] Metrics updated: metrics/metrics.csv,       vae_trainer.py:904
         metrics/loss_curves.png                                                
INFO     [rank 0] Saved 8 validation reconstruction PNGs for vae_trainer.py:1087
         epoch 5                                                                
INFO     [rank 0] New best checkpoint (epoch 5,              vae_trainer.py:1188
         val_vrmse=0.115775):                                                   
         checkpoints/vae_shockwave_best.safetensors                             
INFO     [rank 0] Training state saved:                      vae_trainer.py:1248
         checkpoints/vae_shockwave_last.state.pt                                
INFO     [rank 0] Epoch 5 timing: train=1214.9s eval=37.9s    vae_trainer.py:940
         viz=10.5s ckpt=8.3s total=1272.2s                                      
epoch 6 step 610  loss=0.034391  lr=5.00e-05  [rmse=0.0210 h1=0.0004 ssim=0.0692 mlw=59.5288]
epoch 6 step 620  loss=0.038876  lr=5.00e-05  [rmse=0.0136 h1=0.0002 ssim=0.0671 mlw=52.7003]
epoch 6 step 630  loss=0.041430  lr=5.00e-05  [rmse=0.0120 h1=0.0002 ssim=0.0625 mlw=55.9301]
epoch 6 step 640  loss=0.042608  lr=5.00e-05  [rmse=0.0241 h1=0.0005 ssim=0.1152 mlw=56.8110]
epoch 6 step 650  loss=0.044416  lr=5.00e-05  [rmse=0.0314 h1=0.0013 ssim=0.1875 mlw=55.5233]
epoch 6 step 660  loss=0.045142  lr=5.00e-05  [rmse=0.0204 h1=0.0005 ssim=0.1277 mlw=53.1889]
epoch 6 step 670  loss=0.044600  lr=5.00e-05  [rmse=0.0112 h1=0.0001 ssim=0.0456 mlw=81.3694]
epoch 6 step 680  loss=0.045311  lr=5.00e-05  [rmse=0.0191 h1=0.0004 ssim=0.0771 mlw=55.0744]
epoch 6 step 690  loss=0.045495  lr=5.00e-05  [rmse=0.0087 h1=0.0000 ssim=0.0484 mlw=59.6466]
epoch 6 step 700  loss=0.046955  lr=5.00e-05  [rmse=0.0109 h1=0.0001 ssim=0.0306 mlw=84.8833]
epoch 6 step 710  loss=0.046621  lr=5.00e-05  [rmse=0.0211 h1=0.0005 ssim=0.0718 mlw=56.0357]
epoch 6 step 720  loss=0.046594  lr=5.00e-05  [rmse=0.0303 h1=0.0011 ssim=0.1011 mlw=57.6761]
INFO     [rank 0] Loss weights: rmse=1.0000, h1=50.0000,      vae_trainer.py:852
         ssim=0.1500, mlw=0.0000                                                
INFO     [rank 0] Epoch 6: train_loss=0.046594                vae_trainer.py:878
         val_loss=0.048030  val_VRMSE=0.119211  lr=5.00e-05                     
INFO     [rank 0] Metrics updated: metrics/metrics.csv,       vae_trainer.py:904
         metrics/loss_curves.png                                                
INFO     [rank 0] Saved 8 validation reconstruction PNGs for vae_trainer.py:1087
         epoch 6                                                                
INFO     [rank 0] Training state saved:                      vae_trainer.py:1248
         checkpoints/vae_shockwave_last.state.pt                                
INFO     [rank 0] Epoch 6 timing: train=1210.3s eval=37.9s    vae_trainer.py:940
         viz=10.6s ckpt=14.8s total=1274.1s                                     
epoch 7 step 730  loss=0.037785  lr=5.00e-05  [rmse=0.0161 h1=0.0003 ssim=0.0703 mlw=64.3541]
epoch 7 step 740  loss=0.040341  lr=5.00e-05  [rmse=0.0078 h1=0.0000 ssim=0.0249 mlw=61.6806]
epoch 7 step 750  loss=0.041596  lr=5.00e-05  [rmse=0.0161 h1=0.0003 ssim=0.0630 mlw=67.5348]
epoch 7 step 760  loss=0.040616  lr=5.00e-05  [rmse=0.0060 h1=0.0000 ssim=0.0255 mlw=71.0215]
epoch 7 step 770  loss=0.040240  lr=5.00e-05  [rmse=0.0329 h1=0.0011 ssim=0.0974 mlw=56.3872]
epoch 7 step 780  loss=0.042359  lr=5.00e-05  [rmse=0.0118 h1=0.0002 ssim=0.0657 mlw=74.0592]
epoch 7 step 790  loss=0.041984  lr=5.00e-05  [rmse=0.0538 h1=0.0031 ssim=0.1668 mlw=63.5278]
epoch 7 step 800  loss=0.041110  lr=5.00e-05  [rmse=0.0095 h1=0.0001 ssim=0.0393 mlw=65.9769]
epoch 7 step 810  loss=0.041862  lr=5.00e-05  [rmse=0.0038 h1=0.0000 ssim=0.0119 mlw=103.8200]
epoch 7 step 820  loss=0.041855  lr=5.00e-05  [rmse=0.0201 h1=0.0005 ssim=0.1343 mlw=51.5530]
epoch 7 step 830  loss=0.042697  lr=5.00e-05  [rmse=0.0263 h1=0.0004 ssim=0.0796 mlw=96.2551]
epoch 7 step 840  loss=0.043640  lr=5.00e-05  [rmse=0.0268 h1=0.0006 ssim=0.0626 mlw=63.6148]
INFO     [rank 0] Loss weights: rmse=1.0000, h1=50.0000,      vae_trainer.py:852
         ssim=0.1500, mlw=0.0000                                                
INFO     [rank 0] Epoch 7: train_loss=0.043640                vae_trainer.py:878
         val_loss=0.047275  val_VRMSE=0.116404  lr=5.00e-05                     
INFO     [rank 0] Metrics updated: metrics/metrics.csv,       vae_trainer.py:904
         metrics/loss_curves.png                                                
INFO     [rank 0] Saved 8 validation reconstruction PNGs for vae_trainer.py:1087
         epoch 7                                                                
INFO     [rank 0] Training state saved:                      vae_trainer.py:1248
         checkpoints/vae_shockwave_last.state.pt                                
INFO     [rank 0] Epoch 7 timing: train=1209.6s eval=38.0s    vae_trainer.py:940
         viz=10.7s ckpt=7.6s total=1266.5s                                      
epoch 8 step 850  loss=0.040125  lr=5.00e-05  [rmse=0.0060 h1=0.0000 ssim=0.0123 mlw=107.4825]
epoch 8 step 860  loss=0.045557  lr=5.00e-05  [rmse=0.0255 h1=0.0008 ssim=0.0738 mlw=59.9993]
epoch 8 step 870  loss=0.042533  lr=5.00e-05  [rmse=0.0043 h1=0.0000 ssim=0.0136 mlw=87.7282]
epoch 8 step 880  loss=0.044777  lr=5.00e-05  [rmse=0.0276 h1=0.0008 ssim=0.0923 mlw=60.4318]
epoch 8 step 890  loss=0.046005  lr=5.00e-05  [rmse=0.0334 h1=0.0014 ssim=0.1145 mlw=82.0476]
epoch 8 step 900  loss=0.045370  lr=5.00e-05  [rmse=0.0053 h1=0.0000 ssim=0.0211 mlw=62.3233]
epoch 8 step 910  loss=0.044506  lr=5.00e-05  [rmse=0.0546 h1=0.0028 ssim=0.1299 mlw=68.1250]
epoch 8 step 920  loss=0.045163  lr=5.00e-05  [rmse=0.0149 h1=0.0002 ssim=0.0742 mlw=53.9828]
epoch 8 step 930  loss=0.046139  lr=5.00e-05  [rmse=0.0091 h1=0.0001 ssim=0.0456 mlw=63.4480]
epoch 8 step 940  loss=0.045926  lr=5.00e-05  [rmse=0.0095 h1=0.0001 ssim=0.0476 mlw=50.3796]
epoch 8 step 950  loss=0.045368  lr=5.00e-05  [rmse=0.0124 h1=0.0002 ssim=0.0459 mlw=59.2905]
epoch 8 step 960  loss=0.045893  lr=5.00e-05  [rmse=0.0326 h1=0.0014 ssim=0.1173 mlw=78.0966]
INFO     [rank 0] Loss weights: rmse=1.0000, h1=50.0000,      vae_trainer.py:852
         ssim=0.1500, mlw=0.0000                                                
INFO     [rank 0] Epoch 8: train_loss=0.045893                vae_trainer.py:878
         val_loss=0.046401  val_VRMSE=0.114291  lr=5.00e-05                     
INFO     [rank 0] Metrics updated: metrics/metrics.csv,       vae_trainer.py:904
         metrics/loss_curves.png                                                
INFO     [rank 0] Saved 8 validation reconstruction PNGs for vae_trainer.py:1087
         epoch 8                                                                
INFO     [rank 0] New best checkpoint (epoch 8,              vae_trainer.py:1188
         val_vrmse=0.114291):                                                   
         checkpoints/vae_shockwave_best.safetensors                             
INFO     [rank 0] Training state saved:                      vae_trainer.py:1248
         checkpoints/vae_shockwave_last.state.pt                                
INFO     [rank 0] Epoch 8 timing: train=1211.3s eval=38.5s    vae_trainer.py:940
         viz=10.5s ckpt=8.3s total=1269.3s                                      
epoch 9 step 970  loss=0.048051  lr=5.00e-05  [rmse=0.0090 h1=0.0001 ssim=0.0399 mlw=57.0498]
epoch 9 step 980  loss=0.048393  lr=5.00e-05  [rmse=0.0226 h1=0.0006 ssim=0.0964 mlw=50.6098]
epoch 9 step 990  loss=0.046169  lr=5.00e-05  [rmse=0.0100 h1=0.0001 ssim=0.0418 mlw=69.6416]
epoch 9 step 1000  loss=0.043793  lr=5.00e-05  [rmse=0.0040 h1=0.0000 ssim=0.0255 mlw=94.3249]
epoch 9 step 1010  loss=0.042999  lr=5.00e-05  [rmse=0.0276 h1=0.0010 ssim=0.1203 mlw=51.2362]
epoch 9 step 1020  loss=0.042214  lr=5.00e-05  [rmse=0.0363 h1=0.0016 ssim=0.1294 mlw=61.1962]
epoch 9 step 1030  loss=0.042903  lr=5.00e-05  [rmse=0.0253 h1=0.0009 ssim=0.0986 mlw=60.8860]
epoch 9 step 1040  loss=0.042904  lr=5.00e-05  [rmse=0.0111 h1=0.0001 ssim=0.0537 mlw=69.0494]
epoch 9 step 1050  loss=0.043042  lr=5.00e-05  [rmse=0.0092 h1=0.0001 ssim=0.0420 mlw=75.1063]
epoch 9 step 1060  loss=0.042958  lr=5.00e-05  [rmse=0.0094 h1=0.0001 ssim=0.0580 mlw=60.1406]
epoch 9 step 1070  loss=0.043413  lr=5.00e-05  [rmse=0.0134 h1=0.0003 ssim=0.0656 mlw=63.5076]
epoch 9 step 1080  loss=0.043740  lr=5.00e-05  [rmse=0.0124 h1=0.0002 ssim=0.0489 mlw=57.1228]
INFO     [rank 0] Loss weights: rmse=1.0000, h1=50.0000,      vae_trainer.py:852
         ssim=0.1500, mlw=0.0000                                                
INFO     [rank 0] Epoch 9: train_loss=0.043740                vae_trainer.py:878
         val_loss=0.041681  val_VRMSE=0.100220  lr=5.00e-05                     
INFO     [rank 0] Metrics updated: metrics/metrics.csv,       vae_trainer.py:904
         metrics/loss_curves.png                                                
INFO     [rank 0] Saved 8 validation reconstruction PNGs for vae_trainer.py:1087
         epoch 9                                                                
INFO     [rank 0] New best checkpoint (epoch 9,              vae_trainer.py:1188
         val_vrmse=0.100220):                                                   
         checkpoints/vae_shockwave_best.safetensors                             
INFO     [rank 0] Training state saved:                      vae_trainer.py:1248
         checkpoints/vae_shockwave_last.state.pt                                
INFO     [rank 0] Epoch 9 timing: train=1211.3s eval=37.9s    vae_trainer.py:940
         viz=10.4s ckpt=8.6s total=1268.9s                                      
epoch 10 step 1090  loss=0.042438  lr=5.00e-05  [rmse=0.0117 h1=0.0002 ssim=0.0751 mlw=61.5894]
epoch 10 step 1100  loss=0.042597  lr=5.00e-05  [rmse=0.0092 h1=0.0001 ssim=0.0398 mlw=69.9480]
epoch 10 step 1110  loss=0.041677  lr=5.00e-05  [rmse=0.0087 h1=0.0001 ssim=0.0348 mlw=68.7128]
epoch 10 step 1120  loss=0.040584  lr=5.00e-05  [rmse=0.0039 h1=0.0000 ssim=0.0093 mlw=110.5405]
epoch 10 step 1130  loss=0.041576  lr=5.00e-05  [rmse=0.0175 h1=0.0001 ssim=0.0427 mlw=96.0148]
epoch 10 step 1140  loss=0.041865  lr=5.00e-05  [rmse=0.0067 h1=0.0000 ssim=0.0361 mlw=65.5498]
epoch 10 step 1150  loss=0.042550  lr=5.00e-05  [rmse=0.0140 h1=0.0003 ssim=0.0662 mlw=54.2060]
epoch 10 step 1160  loss=0.042109  lr=5.00e-05  [rmse=0.0070 h1=0.0000 ssim=0.0556 mlw=92.4545]
epoch 10 step 1170  loss=0.042771  lr=5.00e-05  [rmse=0.0163 h1=0.0003 ssim=0.0881 mlw=52.2095]
epoch 10 step 1180  loss=0.042645  lr=5.00e-05  [rmse=0.0118 h1=0.0002 ssim=0.0548 mlw=53.1152]
epoch 10 step 1190  loss=0.042267  lr=5.00e-05  [rmse=0.0167 h1=0.0004 ssim=0.1039 mlw=54.4340]
epoch 10 step 1200  loss=0.041714  lr=5.00e-05  [rmse=0.0057 h1=0.0000 ssim=0.0441 mlw=111.8751]
INFO     [rank 0] Loss weights: rmse=1.0000, h1=50.0000,      vae_trainer.py:852
         ssim=0.1500, mlw=0.0000                                                
INFO     [rank 0] Epoch 10: train_loss=0.041714               vae_trainer.py:878
         val_loss=0.042415  val_VRMSE=0.104297  lr=5.00e-05                     
INFO     [rank 0] Metrics updated: metrics/metrics.csv,       vae_trainer.py:904
         metrics/loss_curves.png                                                
INFO     [rank 0] Saved 8 validation reconstruction PNGs for vae_trainer.py:1087
         epoch 10                                                               
INFO     [rank 0] Training state saved:                      vae_trainer.py:1248
         checkpoints/vae_shockwave_last.state.pt                                
INFO     [rank 0] Epoch 10 timing: train=1209.7s eval=38.0s   vae_trainer.py:940
         viz=10.4s ckpt=7.1s total=1265.7s                                      
epoch 11 step 1210  loss=0.042273  lr=5.00e-05  [rmse=0.0069 h1=0.0001 ssim=0.0313 mlw=65.5274]
epoch 11 step 1220  loss=0.037344  lr=5.00e-05  [rmse=0.0157 h1=0.0003 ssim=0.0548 mlw=75.6282]
epoch 11 step 1230  loss=0.039976  lr=5.00e-05  [rmse=0.0092 h1=0.0001 ssim=0.0407 mlw=52.0654]
epoch 11 step 1240  loss=0.037703  lr=5.00e-05  [rmse=0.0046 h1=0.0000 ssim=0.0121 mlw=66.1488]
epoch 11 step 1250  loss=0.037230  lr=5.00e-05  [rmse=0.0186 h1=0.0005 ssim=0.0950 mlw=53.1416]
epoch 11 step 1260  loss=0.036894  lr=5.00e-05  [rmse=0.0091 h1=0.0001 ssim=0.0443 mlw=52.2878]
epoch 11 step 1270  loss=0.039230  lr=5.00e-05  [rmse=0.0378 h1=0.0019 ssim=0.1246 mlw=53.1405]
epoch 11 step 1280  loss=0.039039  lr=5.00e-05  [rmse=0.0069 h1=0.0000 ssim=0.0303 mlw=73.0983]
epoch 11 step 1290  loss=0.039210  lr=5.00e-05  [rmse=0.0122 h1=0.0001 ssim=0.0584 mlw=53.4799]
epoch 11 step 1300  loss=0.039648  lr=5.00e-05  [rmse=0.0084 h1=0.0001 ssim=0.0395 mlw=55.7748]
epoch 11 step 1310  loss=0.039114  lr=5.00e-05  [rmse=0.0167 h1=0.0003 ssim=0.0649 mlw=51.4214]
epoch 11 step 1320  loss=0.039743  lr=5.00e-05  [rmse=0.0042 h1=0.0000 ssim=0.0132 mlw=92.3683]
INFO     [rank 0] Loss weights: rmse=1.0000, h1=50.0000,      vae_trainer.py:852
         ssim=0.1500, mlw=0.0000                                                
INFO     [rank 0] Epoch 11: train_loss=0.039743               vae_trainer.py:878
         val_loss=0.041488  val_VRMSE=0.101215  lr=5.00e-05                     
INFO     [rank 0] Metrics updated: metrics/metrics.csv,       vae_trainer.py:904
         metrics/loss_curves.png                                                
INFO     [rank 0] Saved 8 validation reconstruction PNGs for vae_trainer.py:1087
         epoch 11                                                               
INFO     [rank 0] Training state saved:                      vae_trainer.py:1248
         checkpoints/vae_shockwave_last.state.pt                                
INFO     [rank 0] Epoch 11 timing: train=1211.4s eval=38.1s   vae_trainer.py:940
         viz=10.8s ckpt=7.2s total=1268.0s                                      
epoch 12 step 1330  loss=0.045100  lr=4.99e-05  [rmse=0.0107 h1=0.0001 ssim=0.0458 mlw=62.6101]
epoch 12 step 1340  loss=0.044653  lr=4.98e-05  [rmse=0.0329 h1=0.0012 ssim=0.2041 mlw=135.7010]
epoch 12 step 1350  loss=0.043034  lr=4.95e-05  [rmse=0.0235 h1=0.0006 ssim=0.1076 mlw=59.1365]
epoch 12 step 1360  loss=0.045241  lr=4.92e-05  [rmse=0.0164 h1=0.0003 ssim=0.1148 mlw=52.3074]
epoch 12 step 1370  loss=0.043926  lr=4.87e-05  [rmse=0.0214 h1=0.0006 ssim=0.0841 mlw=54.4902]
epoch 12 step 1380  loss=0.045632  lr=4.81e-05  [rmse=0.0093 h1=0.0001 ssim=0.0779 mlw=69.9078]
epoch 12 step 1390  loss=0.045295  lr=4.75e-05  [rmse=0.0324 h1=0.0014 ssim=0.1243 mlw=63.6088]
epoch 12 step 1400  loss=0.044177  lr=4.67e-05  [rmse=0.0225 h1=0.0005 ssim=0.0810 mlw=71.7642]
epoch 12 step 1410  loss=0.043584  lr=4.59e-05  [rmse=0.0318 h1=0.0004 ssim=0.0416 mlw=84.0209]
epoch 12 step 1420  loss=0.043078  lr=4.49e-05  [rmse=0.0130 h1=0.0002 ssim=0.0532 mlw=52.6074]
epoch 12 step 1430  loss=0.042398  lr=4.39e-05  [rmse=0.0076 h1=0.0001 ssim=0.0240 mlw=72.8730]
epoch 12 step 1440  loss=0.043185  lr=4.28e-05  [rmse=0.0206 h1=0.0005 ssim=0.0906 mlw=50.1350]
INFO     [rank 0] Loss weights: rmse=1.0000, h1=50.0000,      vae_trainer.py:852
         ssim=0.1500, mlw=0.0000                                                
INFO     [rank 0] Epoch 12: train_loss=0.043185               vae_trainer.py:878
         val_loss=0.040776  val_VRMSE=0.098952  lr=4.28e-05                     
INFO     [rank 0] Metrics updated: metrics/metrics.csv,       vae_trainer.py:904
         metrics/loss_curves.png                                                
INFO     [rank 0] Saved 8 validation reconstruction PNGs for vae_trainer.py:1087
         epoch 12                                                               
INFO     [rank 0] New best checkpoint (epoch 12,             vae_trainer.py:1188
         val_vrmse=0.098952):                                                   
         checkpoints/vae_shockwave_best.safetensors                             
INFO     [rank 0] Training state saved:                      vae_trainer.py:1248
         checkpoints/vae_shockwave_last.state.pt                                
INFO     [rank 0] Epoch 12 timing: train=1210.0s eval=38.0s   vae_trainer.py:940
         viz=10.4s ckpt=8.3s total=1267.4s                                      
epoch 13 step 1450  loss=0.032267  lr=4.17e-05  [rmse=0.0208 h1=0.0005 ssim=0.0811 mlw=57.6097]
epoch 13 step 1460  loss=0.036724  lr=4.04e-05  [rmse=0.0327 h1=0.0013 ssim=0.0957 mlw=57.3185]
epoch 13 step 1470  loss=0.039581  lr=3.91e-05  [rmse=0.0479 h1=0.0035 ssim=0.0859 mlw=75.4029]
epoch 13 step 1480  loss=0.038288  lr=3.78e-05  [rmse=0.0073 h1=0.0001 ssim=0.0348 mlw=63.3586]
epoch 13 step 1490  loss=0.038245  lr=3.63e-05  [rmse=0.0186 h1=0.0005 ssim=0.0918 mlw=48.2826]
epoch 13 step 1500  loss=0.037448  lr=3.49e-05  [rmse=0.0063 h1=0.0001 ssim=0.0244 mlw=57.6046]
epoch 13 step 1510  loss=0.038124  lr=3.34e-05  [rmse=0.0108 h1=0.0002 ssim=0.0514 mlw=59.7312]
epoch 13 step 1520  loss=0.038203  lr=3.18e-05  [rmse=0.0038 h1=0.0000 ssim=0.0197 mlw=104.4941]
epoch 13 step 1530  loss=0.037594  lr=3.03e-05  [rmse=0.0101 h1=0.0001 ssim=0.0389 mlw=58.6702]
epoch 13 step 1540  loss=0.038064  lr=2.87e-05  [rmse=0.0254 h1=0.0008 ssim=0.0784 mlw=85.6697]
epoch 13 step 1550  loss=0.037272  lr=2.71e-05  [rmse=0.0057 h1=0.0000 ssim=0.0224 mlw=60.8864]
epoch 13 step 1560  loss=0.037301  lr=2.55e-05  [rmse=0.0049 h1=0.0000 ssim=0.0249 mlw=62.4094]
INFO     [rank 0] Loss weights: rmse=1.0000, h1=50.0000,      vae_trainer.py:852
         ssim=0.1500, mlw=0.0000                                                
INFO     [rank 0] Epoch 13: train_loss=0.037301               vae_trainer.py:878
         val_loss=0.037616  val_VRMSE=0.090345  lr=2.55e-05                     
INFO     [rank 0] Metrics updated: metrics/metrics.csv,       vae_trainer.py:904
         metrics/loss_curves.png                                                
INFO     [rank 0] Saved 8 validation reconstruction PNGs for vae_trainer.py:1087
         epoch 13                                                               
INFO     [rank 0] New best checkpoint (epoch 13,             vae_trainer.py:1188
         val_vrmse=0.090345):                                                   
         checkpoints/vae_shockwave_best.safetensors                             
INFO     [rank 0] Training state saved:                      vae_trainer.py:1248
         checkpoints/vae_shockwave_last.state.pt                                
INFO     [rank 0] Epoch 13 timing: train=1208.8s eval=38.0s   vae_trainer.py:940
         viz=10.8s ckpt=8.5s total=1266.7s                                      
epoch 14 step 1570  loss=0.034462  lr=2.39e-05  [rmse=0.0275 h1=0.0012 ssim=0.0741 mlw=71.9588]
epoch 14 step 1580  loss=0.033068  lr=2.23e-05  [rmse=0.0042 h1=0.0000 ssim=0.0189 mlw=96.3593]
epoch 14 step 1590  loss=0.033167  lr=2.07e-05  [rmse=0.0048 h1=0.0000 ssim=0.0165 mlw=59.7742]
epoch 14 step 1600  loss=0.032640  lr=1.92e-05  [rmse=0.0247 h1=0.0009 ssim=0.0579 mlw=68.1885]
epoch 14 step 1610  loss=0.032627  lr=1.76e-05  [rmse=0.0093 h1=0.0001 ssim=0.0377 mlw=51.6032]
epoch 14 step 1620  loss=0.032674  lr=1.61e-05  [rmse=0.0074 h1=0.0001 ssim=0.0262 mlw=63.7215]
epoch 14 step 1630  loss=0.034188  lr=1.47e-05  [rmse=0.0148 h1=0.0003 ssim=0.0751 mlw=49.9969]
epoch 14 step 1640  loss=0.034780  lr=1.33e-05  [rmse=0.0074 h1=0.0001 ssim=0.0356 mlw=60.9253]
epoch 14 step 1650  loss=0.034588  lr=1.19e-05  [rmse=0.0100 h1=0.0002 ssim=0.0407 mlw=61.4967]
epoch 14 step 1660  loss=0.034445  lr=1.06e-05  [rmse=0.0080 h1=0.0001 ssim=0.0303 mlw=58.9167]
epoch 14 step 1670  loss=0.033997  lr=9.35e-06  [rmse=0.0020 h1=0.0000 ssim=0.0077 mlw=97.4979]
epoch 14 step 1680  loss=0.033770  lr=8.18e-06  [rmse=0.0041 h1=0.0000 ssim=0.0157 mlw=94.1523]
INFO     [rank 0] Loss weights: rmse=1.0000, h1=50.0000,      vae_trainer.py:852
         ssim=0.1500, mlw=0.0000                                                
INFO     [rank 0] Epoch 14: train_loss=0.033770               vae_trainer.py:878
         val_loss=0.036289  val_VRMSE=0.085989  lr=8.18e-06                     
INFO     [rank 0] Metrics updated: metrics/metrics.csv,       vae_trainer.py:904
         metrics/loss_curves.png                                                
INFO     [rank 0] Saved 8 validation reconstruction PNGs for vae_trainer.py:1087
         epoch 14                                                               
INFO     [rank 0] New best checkpoint (epoch 14,             vae_trainer.py:1188
         val_vrmse=0.085989):                                                   
         checkpoints/vae_shockwave_best.safetensors                             
INFO     [rank 0] Training state saved:                      vae_trainer.py:1248
         checkpoints/vae_shockwave_last.state.pt                                
INFO     [rank 0] Epoch 14 timing: train=1211.2s eval=38.0s   vae_trainer.py:940
         viz=10.6s ckpt=8.2s total=1268.6s                                      
epoch 15 step 1690  loss=0.029417  lr=7.08e-06  [rmse=0.0070 h1=0.0001 ssim=0.0269 mlw=58.4543]
epoch 15 step 1700  loss=0.030880  lr=6.06e-06  [rmse=0.0266 h1=0.0010 ssim=0.0508 mlw=59.2083]
epoch 15 step 1710  loss=0.033425  lr=5.13e-06  [rmse=0.0025 h1=0.0000 ssim=0.0084 mlw=88.7109]
epoch 15 step 1720  loss=0.031877  lr=4.28e-06  [rmse=0.0039 h1=0.0000 ssim=0.0154 mlw=77.2375]
epoch 15 step 1730  loss=0.032327  lr=3.53e-06  [rmse=0.0177 h1=0.0005 ssim=0.0846 mlw=48.1173]
epoch 15 step 1740  loss=0.032783  lr=2.86e-06  [rmse=0.0071 h1=0.0001 ssim=0.0301 mlw=58.6318]
epoch 15 step 1750  loss=0.032758  lr=2.30e-06  [rmse=0.0209 h1=0.0006 ssim=0.0776 mlw=48.1228]
epoch 15 step 1760  loss=0.033370  lr=1.83e-06  [rmse=0.0046 h1=0.0000 ssim=0.0215 mlw=56.4852]
epoch 15 step 1770  loss=0.033609  lr=1.47e-06  [rmse=0.0149 h1=0.0004 ssim=0.0643 mlw=57.2671]
epoch 15 step 1780  loss=0.034423  lr=1.21e-06  [rmse=0.0017 h1=0.0000 ssim=0.0155 mlw=88.0709]
epoch 15 step 1790  loss=0.033914  lr=1.05e-06  [rmse=0.0097 h1=0.0002 ssim=0.0449 mlw=57.6178]
epoch 15 step 1800  loss=0.033361  lr=1.00e-06  [rmse=0.0027 h1=0.0000 ssim=0.0130 mlw=63.7819]
INFO     [rank 0] Loss weights: rmse=1.0000, h1=50.0000,      vae_trainer.py:852
         ssim=0.1500, mlw=0.0000                                                
INFO     [rank 0] Epoch 15: train_loss=0.033361               vae_trainer.py:878
         val_loss=0.036052  val_VRMSE=0.085259  lr=1.00e-06                     
INFO     [rank 0] Metrics updated: metrics/metrics.csv,       vae_trainer.py:904
         metrics/loss_curves.png                                                
INFO     [rank 0] Saved 8 validation reconstruction PNGs for vae_trainer.py:1087
         epoch 15                                                               
INFO     [rank 0] New best checkpoint (epoch 15,             vae_trainer.py:1188
         val_vrmse=0.085259):                                                   
         checkpoints/vae_shockwave_best.safetensors                             
INFO     [rank 0] Training state saved:                      vae_trainer.py:1248
         checkpoints/vae_shockwave_last.state.pt                                
INFO     [rank 0] Epoch 15 timing: train=1210.3s eval=38.0s   vae_trainer.py:940
         viz=10.5s ckpt=8.1s total=1267.4s                                      
╭──────────────────────────────────────────────────────────────────────────────╮
╰──────────────────────────────────────────────────────────────────────────────╯INFO     [rank 0] Training state saved:                      vae_trainer.py:1248
         checkpoints/vae_shockwave_last.state.pt                                
INFO     [rank 0] Best epoch: 15 (val_vrmse=0.085259)         vae_trainer.py:958

Training complete. Checkpoint: 
/hppfs/scratch/0D/go76fuz2/windinet/finetune_vae_outputs_sng_pvc/finetune_vae_wh
ole_structure_baseline_adapterlr3x/checkpoints/vae_shockwave_best.safetensors
Mirrored (excl. checkpoints/) to finetune_vae_outputs_sng_pvc/finetune_vae_whole_structure_baseline_adapterlr3x
END TIME: Sat 08 Aug 2026 04:13:27 PM CEST
