START TIME: Wed 12 Aug 2026 05:44:54 AM CEST
job=523903 node=i20r02c04s08
+-----------+--------------------------------------------------------------------------------------+
| Device ID | Device Information                                                                   |
+-----------+--------------------------------------------------------------------------------------+
| 0         | Device Name: Intel(R) Data Center GPU Max 1550                                       |
|           | Vendor Name: Intel(R) Corporation                                                    |
|           | SOC UUID: 00000000-0000-003a-0000-002f0bd58086                                       |
|           | PCI BDF Address: 0000:3a:00.0                                                        |
|           | DRM Device: /dev/dri/card0                                                           |
|           | Function Type: physical                                                              |
+-----------+--------------------------------------------------------------------------------------+
| 1         | Device Name: Intel(R) Data Center GPU Max 1550                                       |
|           | Vendor Name: Intel(R) Corporation                                                    |
|           | SOC UUID: 00000000-0000-004b-0000-002f0bd58086                                       |
|           | PCI BDF Address: 0000:4b:00.0                                                        |
|           | DRM Device: /dev/dri/card1                                                           |
|           | Function Type: physical                                                              |
+-----------+--------------------------------------------------------------------------------------+
| 2         | Device Name: Intel(R) Data Center GPU Max 1550                                       |
|           | Vendor Name: Intel(R) Corporation                                                    |
|           | SOC UUID: 00000000-0000-00ca-0000-002f0bd58086                                       |
|           | PCI BDF Address: 0000:ca:00.0                                                        |
|           | DRM Device: /dev/dri/card2                                                           |
|           | Function Type: physical                                                              |
+-----------+--------------------------------------------------------------------------------------+
| 3         | Device Name: Intel(R) Data Center GPU Max 1550                                       |
|           | Vendor Name: Intel(R) Corporation                                                    |
|           | SOC UUID: 00000000-0000-00da-0000-002f0bd58086                                       |
|           | PCI BDF Address: 0000:da:00.0                                                        |
|           | DRM Device: /dev/dri/card3                                                           |
|           | Function Type: physical                                                              |
+-----------+--------------------------------------------------------------------------------------+
MASTER_ADDR: i20r02c04s08  MASTER_PORT: 57135
8 XPU tiles x accum 4 -> effective batch 32; output_dir /hppfs/scratch/0D/go76fuz2/windinet/finetune_vae_outputs_sng_pvc/finetune_vae_whole_structure_baseline_ep30_slowdecay
INFO     [rank 0] Failed to extract font properties from    font_manager.py:1107
         /usr/share/fonts/truetype/Cantarell-VF.otf: Can                        
         not load face (SFNT font table missing; error code                     
         0x8e)                                                                  
INFO     [rank 7] Failed to extract font properties from    font_manager.py:1107
         /usr/share/fonts/truetype/Cantarell-VF.otf: Can                        
         not load face (SFNT font table missing; error code                     
         0x8e)                                                                  
INFO     [rank 2] Failed to extract font properties from    font_manager.py:1107
         /usr/share/fonts/truetype/Cantarell-VF.otf: Can                        
         not load face (SFNT font table missing; error code                     
         0x8e)                                                                  
INFO     [rank 4] Failed to extract font properties from    font_manager.py:1107
         /usr/share/fonts/truetype/Cantarell-VF.otf: Can                        
         not load face (SFNT font table missing; error code                     
         0x8e)                                                                  
INFO     [rank 3] Failed to extract font properties from    font_manager.py:1107
         /usr/share/fonts/truetype/Cantarell-VF.otf: Can                        
         not load face (SFNT font table missing; error code                     
         0x8e)                                                                  
INFO     [rank 4] generated new fontManager                 font_manager.py:1639
INFO     [rank 6] Failed to extract font properties from    font_manager.py:1107
         /usr/share/fonts/truetype/Cantarell-VF.otf: Can                        
         not load face (SFNT font table missing; error code                     
         0x8e)                                                                  
INFO     [rank 2] generated new fontManager                 font_manager.py:1639
INFO     [rank 1] Failed to extract font properties from    font_manager.py:1107
         /usr/share/fonts/truetype/Cantarell-VF.otf: Can                        
         not load face (SFNT font table missing; error code                     
         0x8e)                                                                  
INFO     [rank 5] Failed to extract font properties from    font_manager.py:1107
         /usr/share/fonts/truetype/Cantarell-VF.otf: Can                        
         not load face (SFNT font table missing; error code                     
         0x8e)                                                                  
INFO     [rank 3] generated new fontManager                 font_manager.py:1639
INFO     [rank 1] generated new fontManager                 font_manager.py:1639
INFO     [rank 0] generated new fontManager                 font_manager.py:1639
INFO     [rank 6] generated new fontManager                 font_manager.py:1639
INFO     [rank 5] generated new fontManager                 font_manager.py:1639
INFO     [rank 7] generated new fontManager                 font_manager.py:1639
                          VAE Finetuning Configuration                          
┏━━━━━━━━━━━━━━━━━━━━━━━━━━━━━━━━━━━━━━┳━━━━━━━━━━━━━━━━━━━━━━━━━━━━━━━━━━━━━━━┓
┃ Parameter                            ┃ Value                                 ┃
┡━━━━━━━━━━━━━━━━━━━━━━━━━━━━━━━━━━━━━━╇━━━━━━━━━━━━━━━━━━━━━━━━━━━━━━━━━━━━━━━┩
│ model.model_source                   │ LTXV_2B_0.9.6_DEV                     │
│ model.load_checkpoint                │ None                                  │
│ adapter.enabled                      │ True                                  │
│ adapter.checkpoint                   │ None                                  │
│ adapter.channels                     │ ['density', 'momentum_x',             │
│                                      │ 'momentum_y', 'pressure']             │
│ adapter.mode                         │ inflate                               │
│ adapter.inflate_init                 │ mean                                  │
│ adapter.inflate_copy_channel         │ None                                  │
│ adapter.freeze_conv_in               │ False                                 │
│ adapter.hidden_channels              │ 32                                    │
│ adapter.activation                   │ gelu                                  │
│ adapter.identity_init                │ False                                 │
│ adapter.default_temb                 │ 0.0                                   │
│ adapter.unfreeze_encoder_tail        │ True                                  │
│ adapter.unfreeze_down_blocks         │ [0, 1, 2]                             │
│ data.data_root                       │ /hppfs/scratch/0D/go76fuz2/windinet/… │
│ data.eval_sims                       │ 675                                   │
│ data.num_dataloader_workers          │ 4                                     │
│ data.num_sim_frames                  │ None                                  │
│ data.overfit_sims                    │ None                                  │
│ data.overfit_repeat                  │ 1                                     │
│ data.channel_mean                    │ [0.905097647712509,                   │
│                                      │ 0.0040453659499771295,                │
│                                      │ -0.0019089379643528095, 0.9           │
│ data.channel_std                     │ [0.6607349375392083,                  │
│                                      │ 0.5328754120427532,                   │
│                                      │ 0.5262512462358824, 0.8050358         │
│ data.normalization_stats_file        │ configs/finetune_vae/euler_mq_128_on… │
│ data.normalization_clip              │ 5.0                                   │
│ data.channel_order                   │ ['density', 'momentum_x',             │
│                                      │ 'momentum_y', 'pressure']             │
│ data.log_transform_channels          │ []                                    │
│ optimization.learning_rate           │ 5e-05                                 │
│ optimization.adapter_lr_multiplier   │ 1.0                                   │
│ optimization.min_learning_rate       │ 1e-06                                 │
│ optimization.encoder_tail_lr_multip… │ 0.3                                   │
│ optimization.scheduler_type          │ wsd                                   │
│ optimization.stable_fraction         │ 0.5                                   │
│ optimization.epochs                  │ 30                                    │
│ optimization.batch_size              │ 1                                     │
│ optimization.gradient_accumulation_… │ 4                                     │
│ optimization.max_grad_norm           │ 5.0                                   │
│ optimization.weight_decay            │ 0.0                                   │
│ optimization.warmup_steps            │ 200                                   │
│ optimization.warmup_start_factor     │ 0.01                                  │
│ optimization.enable_gradient_checkp… │ True                                  │
│ loss.wavelet                         │ db2                                   │
│ loss.spatial_level                   │ 2                                     │
│ loss.temporal_level                  │ 2                                     │
│ loss.mlw_beta                        │ 10.0                                  │
│ loss.mlw_eps                         │ 1e-06                                 │
│ loss_weighting.strategy              │ fixed                                 │
│ loss_weighting.weights               │ {'rmse': 1.0, 'h1': 50.0, 'ssim':     │
│                                      │ 0.15, 'mlw': 0.0}                     │
│ loss_weighting.loss_names            │ ['rmse', 'h1', 'ssim', 'mlw']         │
│ loss_weighting.alpha                 │ 1.5                                   │
│ loss_weighting.weight_lr             │ 0.025                                 │
│ loss_weighting.temperature           │ 0.1                                   │
│ visualization.enabled                │ True                                  │
│ visualization.interval_epochs        │ 1                                     │
│ visualization.num_samples            │ 2                                     │
│ visualization.frame_numbers          │ [25, 50, 75, 100]                     │
│ visualization.dpi                    │ 150                                   │
│ acceleration.mixed_precision_mode    │ bf16                                  │
│ acceleration.compile_with_inductor   │ False                                 │
│ acceleration.compilation_mode        │ reduce-overhead                       │
│ checkpoints.interval                 │ 1                                     │
│ checkpoints.keep_last_n              │ 1                                     │
│ checkpoints.save_best_only           │ True                                  │
│ checkpoints.best_metric              │ val_vrmse                             │
│ checkpoints.save_last_state          │ True                                  │
│ wandb.enabled                        │ False                                 │
│ wandb.project                        │ windinet                              │
│ wandb.entity                         │ None                                  │
│ wandb.tags                           │ ['vae', 'inflate', 'mean-init',       │
│                                      │ 'wsd', '30ep', 'lr1x',                │
│                                      │ 'shockwave-cfd'                       │
│ seed                                 │ 42                                    │
│ output_dir                           │ /hppfs/scratch/0D/go76fuz2/windinet/… │
│ clean_output_dir                     │ True                                  │
│ resume_from                          │ None                                  │
│ resume_weights_only                  │ False                                 │
└──────────────────────────────────────┴───────────────────────────────────────┘
INFO     [rank 0] Distributed training: 8 processes          vae_trainer.py:1329
INFO     [rank 0] VAE inflated to 4 native channels           vae_trainer.py:180
         (init=mean); encoder.conv_in is trainable                              
INFO     [rank 0] Encoder extra modules UNFROZEN:             vae_trainer.py:245
         down_blocks[0, 1, 2] + tail                                            
         (down_blocks[-1]+mid_block+norm_out+conv_out)                          
INFO     [rank 0] VAE gradient checkpointing enabled          vae_trainer.py:251
INFO     [rank 0] VAE loaded. Decoder params: 552,869,953     vae_trainer.py:257
INFO     [rank 0] Trainable parameters:                       vae_trainer.py:330
         encoder_conv_in=221,312, encoder_extra=693,932,865,                    
         decoder=552,869,953, in_adapter=0, out_adapter=0                       
INFO     [rank 0] Dataset: 3825 train, 675 eval samples       vae_trainer.py:571
INFO     [rank 0] encoder.conv_in LR = 5.00e-05 (1x decoder   vae_trainer.py:595
         LR 5.00e-05)                                                           
INFO     [rank 0] encoder extra (down_blocks[0, 1, 2]+tail)   vae_trainer.py:613
         LR = 1.50e-05 (0.3x decoder LR 5.00e-05)                               
INFO     [rank 0] LR schedule 'wsd': 3600 steps (200 warmup,  vae_trainer.py:665
         1700 stable, 1700 anneal), peak 5.00e-05 -> floor                      
         1.00e-06                                                               
2026:08:12-05:56:43:125771 |CCL_WARN| value of CCL_ATL_TRANSPORT changed to be ofi (default:mpi)
2026:08:12-05:56:43:125771 |CCL_WARN| value of CCL_ALLREDUCE changed to be ring (default:)
2026:08:12-05:56:43:125772 |CCL_WARN| could not get local_idx/count from environment variables, trying to get them from ATL
2026:08:12-05:56:43:125771 |CCL_WARN| could not get local_idx/count from environment variables, trying to get them from ATL
2026:08:12-05:56:43:125773 |CCL_WARN| could not get local_idx/count from environment variables, trying to get them from ATL
2026:08:12-05:56:44:125774 |CCL_WARN| could not get local_idx/count from environment variables, trying to get them from ATL
2026:08:12-05:56:44:125775 |CCL_WARN| could not get local_idx/count from environment variables, trying to get them from ATL
2026:08:12-05:56:44:125776 |CCL_WARN| could not get local_idx/count from environment variables, trying to get them from ATL
2026:08:12-05:56:44:125777 |CCL_WARN| could not get local_idx/count from environment variables, trying to get them from ATL
2026:08:12-05:56:45:125778 |CCL_WARN| could not get local_idx/count from environment variables, trying to get them from ATL
INFO     [rank 0] Config saved:                              vae_trainer.py:1353
         /hppfs/scratch/0D/go76fuz2/windinet/finetune_vae_ou                    
         tputs_sng_pvc/finetune_vae_whole_structure_baseline                    
         _ep30_slowdecay/training_config.yaml                                   
INFO     [rank 0] Starting VAE decoder finetuning...          vae_trainer.py:713
epoch 1 step 10  loss=0.148292  lr=2.98e-06  [rmse=0.0546 h1=0.0002 ssim=0.3901 mlw=59.0393]
epoch 1 step 20  loss=0.139154  lr=5.45e-06  [rmse=0.0493 h1=0.0003 ssim=0.3333 mlw=74.6240]
epoch 1 step 30  loss=0.140623  lr=7.93e-06  [rmse=0.0423 h1=0.0005 ssim=0.2359 mlw=54.8870]
epoch 1 step 40  loss=0.141150  lr=1.04e-05  [rmse=0.1785 h1=0.0021 ssim=0.5919 mlw=59.7314]
epoch 1 step 50  loss=0.135594  lr=1.29e-05  [rmse=0.0571 h1=0.0004 ssim=0.3100 mlw=62.2207]
epoch 1 step 60  loss=0.133020  lr=1.54e-05  [rmse=0.0264 h1=0.0000 ssim=0.0715 mlw=138.7901]
epoch 1 step 70  loss=0.126755  lr=1.78e-05  [rmse=0.0326 h1=0.0005 ssim=0.2809 mlw=57.4793]
epoch 1 step 80  loss=0.120452  lr=2.03e-05  [rmse=0.0537 h1=0.0007 ssim=0.3191 mlw=62.7738]
epoch 1 step 90  loss=0.117295  lr=2.28e-05  [rmse=0.1295 h1=0.0020 ssim=0.2755 mlw=91.3110]
epoch 1 step 100  loss=0.111907  lr=2.53e-05  [rmse=0.0379 h1=0.0006 ssim=0.1308 mlw=93.7916]
epoch 1 step 110  loss=0.107429  lr=2.77e-05  [rmse=0.0208 h1=0.0003 ssim=0.1470 mlw=58.2230]
epoch 1 step 120  loss=0.104748  lr=3.02e-05  [rmse=0.0328 h1=0.0007 ssim=0.1614 mlw=59.1417]
INFO     [rank 0] Loss weights: rmse=1.0000, h1=50.0000,      vae_trainer.py:874
         ssim=0.1500, mlw=0.0000                                                
INFO     [rank 0] Epoch 1: train_loss=0.104748                vae_trainer.py:900
         val_loss=0.069339  val_VRMSE=0.175470  lr=3.02e-05                     
INFO     [rank 0] Metrics updated: metrics/metrics.csv,       vae_trainer.py:926
         metrics/loss_curves.png                                                
INFO     [rank 0] Saved 8 validation reconstruction PNGs for vae_trainer.py:1121
         epoch 1                                                                
INFO     [rank 0] New best checkpoint (epoch 1,              vae_trainer.py:1223
         val_vrmse=0.175470):                                                   
         checkpoints/vae_shockwave_best.safetensors                             
INFO     [rank 0] Training state saved:                      vae_trainer.py:1283
         checkpoints/vae_shockwave_last.state.pt                                
INFO     [rank 0] Epoch 1 timing: train=1255.4s eval=37.1s    vae_trainer.py:962
         viz=10.8s ckpt=9.5s total=1313.6s                                      
epoch 2 step 130  loss=0.068620  lr=3.27e-05  [rmse=0.0124 h1=0.0000 ssim=0.1347 mlw=98.5817]
epoch 2 step 140  loss=0.070528  lr=3.52e-05  [rmse=0.0362 h1=0.0007 ssim=0.2749 mlw=55.6241]
epoch 2 step 150  loss=0.070420  lr=3.76e-05  [rmse=0.0153 h1=0.0000 ssim=0.0675 mlw=107.5550]
epoch 2 step 160  loss=0.070402  lr=4.01e-05  [rmse=0.0211 h1=0.0003 ssim=0.1474 mlw=59.5881]
epoch 2 step 170  loss=0.069771  lr=4.26e-05  [rmse=0.0239 h1=0.0003 ssim=0.1546 mlw=58.5856]
epoch 2 step 180  loss=0.073209  lr=4.51e-05  [rmse=0.0290 h1=0.0001 ssim=0.2116 mlw=64.8880]
epoch 2 step 190  loss=0.074424  lr=4.75e-05  [rmse=0.0359 h1=0.0007 ssim=0.2075 mlw=64.5455]
epoch 2 step 200  loss=0.074383  lr=5.00e-05  [rmse=0.0236 h1=0.0004 ssim=0.1520 mlw=68.6725]
epoch 2 step 210  loss=0.075039  lr=5.00e-05  [rmse=0.0305 h1=0.0002 ssim=0.1356 mlw=71.4566]
epoch 2 step 220  loss=0.074387  lr=5.00e-05  [rmse=0.0426 h1=0.0014 ssim=0.1694 mlw=67.2584]
epoch 2 step 230  loss=0.074363  lr=5.00e-05  [rmse=0.0277 h1=0.0006 ssim=0.1351 mlw=54.5005]
epoch 2 step 240  loss=0.073574  lr=5.00e-05  [rmse=0.0195 h1=0.0001 ssim=0.0934 mlw=94.1129]
INFO     [rank 0] Loss weights: rmse=1.0000, h1=50.0000,      vae_trainer.py:874
         ssim=0.1500, mlw=0.0000                                                
INFO     [rank 0] Epoch 2: train_loss=0.073574                vae_trainer.py:900
         val_loss=0.067457  val_VRMSE=0.169497  lr=5.00e-05                     
INFO     [rank 0] Metrics updated: metrics/metrics.csv,       vae_trainer.py:926
         metrics/loss_curves.png                                                
INFO     [rank 0] Saved 8 validation reconstruction PNGs for vae_trainer.py:1121
         epoch 2                                                                
INFO     [rank 0] New best checkpoint (epoch 2,              vae_trainer.py:1223
         val_vrmse=0.169497):                                                   
         checkpoints/vae_shockwave_best.safetensors                             
INFO     [rank 0] Training state saved:                      vae_trainer.py:1283
         checkpoints/vae_shockwave_last.state.pt                                
INFO     [rank 0] Epoch 2 timing: train=1217.6s eval=37.3s    vae_trainer.py:962
         viz=11.4s ckpt=8.1s total=1274.9s                                      
epoch 3 step 250  loss=0.071435  lr=5.00e-05  [rmse=0.0257 h1=0.0006 ssim=0.1691 mlw=59.0085]
epoch 3 step 260  loss=0.073459  lr=5.00e-05  [rmse=0.0236 h1=0.0003 ssim=0.1290 mlw=59.7965]
epoch 3 step 270  loss=0.068029  lr=5.00e-05  [rmse=0.0185 h1=0.0002 ssim=0.0994 mlw=76.8965]
epoch 3 step 280  loss=0.067284  lr=5.00e-05  [rmse=0.0229 h1=0.0001 ssim=0.0637 mlw=95.1883]
epoch 3 step 290  loss=0.065275  lr=5.00e-05  [rmse=0.0124 h1=0.0000 ssim=0.0660 mlw=69.9787]
