START TIME: Wed 12 Aug 2026 05:44:55 AM CEST
job=523907 node=i20r04c03s10
+-----------+--------------------------------------------------------------------------------------+
| Device ID | Device Information                                                                   |
+-----------+--------------------------------------------------------------------------------------+
| 0         | Device Name: Intel(R) Data Center GPU Max 1550                                       |
|           | Vendor Name: Intel(R) Corporation                                                    |
|           | SOC UUID: 00000000-0000-003a-0000-002f0bd58086                                       |
|           | PCI BDF Address: 0000:3a:00.0                                                        |
|           | DRM Device: /dev/dri/card0                                                           |
|           | Function Type: physical                                                              |
+-----------+--------------------------------------------------------------------------------------+
| 1         | Device Name: Intel(R) Data Center GPU Max 1550                                       |
|           | Vendor Name: Intel(R) Corporation                                                    |
|           | SOC UUID: 00000000-0000-004b-0000-002f0bd58086                                       |
|           | PCI BDF Address: 0000:4b:00.0                                                        |
|           | DRM Device: /dev/dri/card1                                                           |
|           | Function Type: physical                                                              |
+-----------+--------------------------------------------------------------------------------------+
| 2         | Device Name: Intel(R) Data Center GPU Max 1550                                       |
|           | Vendor Name: Intel(R) Corporation                                                    |
|           | SOC UUID: 00000000-0000-00ca-0000-002f0bd58086                                       |
|           | PCI BDF Address: 0000:ca:00.0                                                        |
|           | DRM Device: /dev/dri/card2                                                           |
|           | Function Type: physical                                                              |
+-----------+--------------------------------------------------------------------------------------+
| 3         | Device Name: Intel(R) Data Center GPU Max 1550                                       |
|           | Vendor Name: Intel(R) Corporation                                                    |
|           | SOC UUID: 00000000-0000-00da-0000-002f0bd58086                                       |
|           | PCI BDF Address: 0000:da:00.0                                                        |
|           | DRM Device: /dev/dri/card3                                                           |
|           | Function Type: physical                                                              |
+-----------+--------------------------------------------------------------------------------------+
MASTER_ADDR: i20r04c03s10  MASTER_PORT: 33635
8 XPU tiles x accum 4 -> effective batch 32; output_dir /hppfs/scratch/0D/go76fuz2/windinet/finetune_vae_outputs_sng_pvc/finetune_vae_whole_structure_baseline_ep30_zerosinit
INFO     [rank 0] Failed to extract font properties from    font_manager.py:1107
         /usr/share/fonts/truetype/Cantarell-VF.otf: Can                        
         not load face (SFNT font table missing; error code                     
         0x8e)                                                                  
INFO     [rank 3] Failed to extract font properties from    font_manager.py:1107
         /usr/share/fonts/truetype/Cantarell-VF.otf: Can                        
         not load face (SFNT font table missing; error code                     
         0x8e)                                                                  
INFO     [rank 6] Failed to extract font properties from    font_manager.py:1107
         /usr/share/fonts/truetype/Cantarell-VF.otf: Can                        
         not load face (SFNT font table missing; error code                     
         0x8e)                                                                  
INFO     [rank 4] Failed to extract font properties from    font_manager.py:1107
         /usr/share/fonts/truetype/Cantarell-VF.otf: Can                        
         not load face (SFNT font table missing; error code                     
         0x8e)                                                                  
INFO     [rank 1] Failed to extract font properties from    font_manager.py:1107
         /usr/share/fonts/truetype/Cantarell-VF.otf: Can                        
         not load face (SFNT font table missing; error code                     
         0x8e)                                                                  
INFO     [rank 5] Failed to extract font properties from    font_manager.py:1107
         /usr/share/fonts/truetype/Cantarell-VF.otf: Can                        
         not load face (SFNT font table missing; error code                     
         0x8e)                                                                  
INFO     [rank 2] Failed to extract font properties from    font_manager.py:1107
         /usr/share/fonts/truetype/Cantarell-VF.otf: Can                        
         not load face (SFNT font table missing; error code                     
         0x8e)                                                                  
INFO     [rank 3] generated new fontManager                 font_manager.py:1639
INFO     [rank 2] generated new fontManager                 font_manager.py:1639
INFO     [rank 7] Failed to extract font properties from    font_manager.py:1107
         /usr/share/fonts/truetype/Cantarell-VF.otf: Can                        
         not load face (SFNT font table missing; error code                     
         0x8e)                                                                  
INFO     [rank 7] generated new fontManager                 font_manager.py:1639
INFO     [rank 6] generated new fontManager                 font_manager.py:1639
INFO     [rank 1] generated new fontManager                 font_manager.py:1639
INFO     [rank 4] generated new fontManager                 font_manager.py:1639
INFO     [rank 0] generated new fontManager                 font_manager.py:1639
INFO     [rank 5] generated new fontManager                 font_manager.py:1639
                          VAE Finetuning Configuration                          
┏━━━━━━━━━━━━━━━━━━━━━━━━━━━━━━━━━━━━━━┳━━━━━━━━━━━━━━━━━━━━━━━━━━━━━━━━━━━━━━━┓
┃ Parameter                            ┃ Value                                 ┃
┡━━━━━━━━━━━━━━━━━━━━━━━━━━━━━━━━━━━━━━╇━━━━━━━━━━━━━━━━━━━━━━━━━━━━━━━━━━━━━━━┩
│ model.model_source                   │ LTXV_2B_0.9.6_DEV                     │
│ model.load_checkpoint                │ None                                  │
│ adapter.enabled                      │ True                                  │
│ adapter.checkpoint                   │ None                                  │
│ adapter.channels                     │ ['density', 'momentum_x',             │
│                                      │ 'momentum_y', 'pressure']             │
│ adapter.mode                         │ inflate                               │
│ adapter.inflate_init                 │ zeros                                 │
│ adapter.inflate_copy_channel         │ None                                  │
│ adapter.freeze_conv_in               │ False                                 │
│ adapter.hidden_channels              │ 32                                    │
│ adapter.activation                   │ gelu                                  │
│ adapter.identity_init                │ False                                 │
│ adapter.default_temb                 │ 0.0                                   │
│ adapter.unfreeze_encoder_tail        │ True                                  │
│ adapter.unfreeze_down_blocks         │ [0, 1, 2]                             │
│ data.data_root                       │ /hppfs/scratch/0D/go76fuz2/windinet/… │
│ data.eval_sims                       │ 675                                   │
│ data.num_dataloader_workers          │ 4                                     │
│ data.num_sim_frames                  │ None                                  │
│ data.overfit_sims                    │ None                                  │
│ data.overfit_repeat                  │ 1                                     │
│ data.channel_mean                    │ [0.905097647712509,                   │
│                                      │ 0.0040453659499771295,                │
│                                      │ -0.0019089379643528095, 0.9           │
│ data.channel_std                     │ [0.6607349375392083,                  │
│                                      │ 0.5328754120427532,                   │
│                                      │ 0.5262512462358824, 0.8050358         │
│ data.normalization_stats_file        │ configs/finetune_vae/euler_mq_128_on… │
│ data.normalization_clip              │ 5.0                                   │
│ data.channel_order                   │ ['density', 'momentum_x',             │
│                                      │ 'momentum_y', 'pressure']             │
│ data.log_transform_channels          │ []                                    │
│ optimization.learning_rate           │ 5e-05                                 │
│ optimization.adapter_lr_multiplier   │ 1.0                                   │
│ optimization.min_learning_rate       │ 1e-06                                 │
│ optimization.encoder_tail_lr_multip… │ 0.3                                   │
│ optimization.scheduler_type          │ wsd                                   │
│ optimization.stable_fraction         │ 0.7                                   │
│ optimization.epochs                  │ 30                                    │
│ optimization.batch_size              │ 1                                     │
│ optimization.gradient_accumulation_… │ 4                                     │
│ optimization.max_grad_norm           │ 5.0                                   │
│ optimization.weight_decay            │ 0.0                                   │
│ optimization.warmup_steps            │ 200                                   │
│ optimization.warmup_start_factor     │ 0.01                                  │
│ optimization.enable_gradient_checkp… │ True                                  │
│ loss.wavelet                         │ db2                                   │
│ loss.spatial_level                   │ 2                                     │
│ loss.temporal_level                  │ 2                                     │
│ loss.mlw_beta                        │ 10.0                                  │
│ loss.mlw_eps                         │ 1e-06                                 │
│ loss_weighting.strategy              │ fixed                                 │
│ loss_weighting.weights               │ {'rmse': 1.0, 'h1': 50.0, 'ssim':     │
│                                      │ 0.15, 'mlw': 0.0}                     │
│ loss_weighting.loss_names            │ ['rmse', 'h1', 'ssim', 'mlw']         │
│ loss_weighting.alpha                 │ 1.5                                   │
│ loss_weighting.weight_lr             │ 0.025                                 │
│ loss_weighting.temperature           │ 0.1                                   │
│ visualization.enabled                │ True                                  │
│ visualization.interval_epochs        │ 1                                     │
│ visualization.num_samples            │ 2                                     │
│ visualization.frame_numbers          │ [25, 50, 75, 100]                     │
│ visualization.dpi                    │ 150                                   │
│ acceleration.mixed_precision_mode    │ bf16                                  │
│ acceleration.compile_with_inductor   │ False                                 │
│ acceleration.compilation_mode        │ reduce-overhead                       │
│ checkpoints.interval                 │ 1                                     │
│ checkpoints.keep_last_n              │ 1                                     │
│ checkpoints.save_best_only           │ True                                  │
│ checkpoints.best_metric              │ val_vrmse                             │
│ checkpoints.save_last_state          │ True                                  │
│ wandb.enabled                        │ False                                 │
│ wandb.project                        │ windinet                              │
│ wandb.entity                         │ None                                  │
│ wandb.tags                           │ ['vae', 'inflate', 'zeros-init',      │
│                                      │ 'wsd', '30ep', 'lr1x', 'shockwave-cfd │
│ seed                                 │ 42                                    │
│ output_dir                           │ /hppfs/scratch/0D/go76fuz2/windinet/… │
│ clean_output_dir                     │ True                                  │
│ resume_from                          │ None                                  │
│ resume_weights_only                  │ False                                 │
└──────────────────────────────────────┴───────────────────────────────────────┘
INFO     [rank 0] Distributed training: 8 processes          vae_trainer.py:1329
INFO     [rank 0] VAE inflated to 4 native channels           vae_trainer.py:180
         (init=zeros); encoder.conv_in is trainable                             
INFO     [rank 0] Encoder extra modules UNFROZEN:             vae_trainer.py:245
         down_blocks[0, 1, 2] + tail                                            
         (down_blocks[-1]+mid_block+norm_out+conv_out)                          
INFO     [rank 0] VAE gradient checkpointing enabled          vae_trainer.py:251
INFO     [rank 0] VAE loaded. Decoder params: 552,869,953     vae_trainer.py:257
INFO     [rank 0] Trainable parameters:                       vae_trainer.py:330
         encoder_conv_in=221,312, encoder_extra=693,932,865,                    
         decoder=552,869,953, in_adapter=0, out_adapter=0                       
INFO     [rank 0] Dataset: 3825 train, 675 eval samples       vae_trainer.py:571
INFO     [rank 0] encoder.conv_in LR = 5.00e-05 (1x decoder   vae_trainer.py:595
         LR 5.00e-05)                                                           
INFO     [rank 0] encoder extra (down_blocks[0, 1, 2]+tail)   vae_trainer.py:613
         LR = 1.50e-05 (0.3x decoder LR 5.00e-05)                               
INFO     [rank 0] LR schedule 'wsd': 3600 steps (200 warmup,  vae_trainer.py:665
         2380 stable, 1020 anneal), peak 5.00e-05 -> floor                      
         1.00e-06                                                               
2026:08:12-05:56:43:67885 |CCL_WARN| value of CCL_ATL_TRANSPORT changed to be ofi (default:mpi)
2026:08:12-05:56:43:67885 |CCL_WARN| value of CCL_ALLREDUCE changed to be ring (default:)
2026:08:12-05:56:43:67886 |CCL_WARN| could not get local_idx/count from environment variables, trying to get them from ATL
2026:08:12-05:56:43:67885 |CCL_WARN| could not get local_idx/count from environment variables, trying to get them from ATL
2026:08:12-05:56:43:67887 |CCL_WARN| could not get local_idx/count from environment variables, trying to get them from ATL
2026:08:12-05:56:44:67888 |CCL_WARN| could not get local_idx/count from environment variables, trying to get them from ATL
2026:08:12-05:56:44:67889 |CCL_WARN| could not get local_idx/count from environment variables, trying to get them from ATL
2026:08:12-05:56:44:67890 |CCL_WARN| could not get local_idx/count from environment variables, trying to get them from ATL
2026:08:12-05:56:44:67891 |CCL_WARN| could not get local_idx/count from environment variables, trying to get them from ATL
2026:08:12-05:56:45:67892 |CCL_WARN| could not get local_idx/count from environment variables, trying to get them from ATL
INFO     [rank 0] Config saved:                              vae_trainer.py:1353
         /hppfs/scratch/0D/go76fuz2/windinet/finetune_vae_ou                    
         tputs_sng_pvc/finetune_vae_whole_structure_baseline                    
         _ep30_zerosinit/training_config.yaml                                   
INFO     [rank 0] Starting VAE decoder finetuning...          vae_trainer.py:713
epoch 1 step 10  loss=0.134964  lr=2.98e-06  [rmse=0.0474 h1=0.0002 ssim=0.2799 mlw=83.5730]
epoch 1 step 20  loss=0.125819  lr=5.45e-06  [rmse=0.0299 h1=0.0002 ssim=0.2368 mlw=83.1730]
epoch 1 step 30  loss=0.131903  lr=7.93e-06  [rmse=0.0566 h1=0.0005 ssim=0.2808 mlw=67.8377]
epoch 1 step 40  loss=0.132682  lr=1.04e-05  [rmse=0.1852 h1=0.0020 ssim=0.3684 mlw=67.5026]
epoch 1 step 50  loss=0.126398  lr=1.29e-05  [rmse=0.0549 h1=0.0004 ssim=0.3248 mlw=66.1815]
epoch 1 step 60  loss=0.125958  lr=1.54e-05  [rmse=0.0463 h1=0.0000 ssim=0.0850 mlw=114.6733]
epoch 1 step 70  loss=0.119199  lr=1.78e-05  [rmse=0.0362 h1=0.0005 ssim=0.3304 mlw=60.2592]
epoch 1 step 80  loss=0.112335  lr=2.03e-05  [rmse=0.0294 h1=0.0006 ssim=0.1829 mlw=61.1474]
epoch 1 step 90  loss=0.108812  lr=2.28e-05  [rmse=0.0928 h1=0.0019 ssim=0.1583 mlw=91.0744]
epoch 1 step 100  loss=0.103833  lr=2.53e-05  [rmse=0.0265 h1=0.0006 ssim=0.0987 mlw=91.7066]
epoch 1 step 110  loss=0.099624  lr=2.77e-05  [rmse=0.0181 h1=0.0003 ssim=0.1168 mlw=58.3732]
epoch 1 step 120  loss=0.097540  lr=3.02e-05  [rmse=0.0311 h1=0.0006 ssim=0.1881 mlw=59.8597]
INFO     [rank 0] Loss weights: rmse=1.0000, h1=50.0000,      vae_trainer.py:874
         ssim=0.1500, mlw=0.0000                                                
INFO     [rank 0] Epoch 1: train_loss=0.097540                vae_trainer.py:900
         val_loss=0.067534  val_VRMSE=0.175224  lr=3.02e-05                     
INFO     [rank 0] Metrics updated: metrics/metrics.csv,       vae_trainer.py:926
         metrics/loss_curves.png                                                
INFO     [rank 0] Saved 8 validation reconstruction PNGs for vae_trainer.py:1121
         epoch 1                                                                
INFO     [rank 0] New best checkpoint (epoch 1,              vae_trainer.py:1223
         val_vrmse=0.175224):                                                   
         checkpoints/vae_shockwave_best.safetensors                             
INFO     [rank 0] Training state saved:                      vae_trainer.py:1283
         checkpoints/vae_shockwave_last.state.pt                                
INFO     [rank 0] Epoch 1 timing: train=1255.6s eval=38.8s    vae_trainer.py:962
         viz=10.6s ckpt=9.4s total=1315.1s                                      
epoch 2 step 130  loss=0.068755  lr=3.27e-05  [rmse=0.0193 h1=0.0000 ssim=0.2260 mlw=101.4362]
epoch 2 step 140  loss=0.077259  lr=3.52e-05  [rmse=0.0330 h1=0.0006 ssim=0.2526 mlw=59.0284]
epoch 2 step 150  loss=0.076512  lr=3.76e-05  [rmse=0.0107 h1=0.0000 ssim=0.0609 mlw=105.7253]
epoch 2 step 160  loss=0.072988  lr=4.01e-05  [rmse=0.0212 h1=0.0002 ssim=0.1447 mlw=59.8413]
epoch 2 step 170  loss=0.069737  lr=4.26e-05  [rmse=0.0208 h1=0.0003 ssim=0.1351 mlw=59.5319]
epoch 2 step 180  loss=0.071995  lr=4.51e-05  [rmse=0.0172 h1=0.0001 ssim=0.0958 mlw=64.9789]
epoch 2 step 190  loss=0.071751  lr=4.75e-05  [rmse=0.0274 h1=0.0007 ssim=0.1493 mlw=64.6863]
epoch 2 step 200  loss=0.071492  lr=5.00e-05  [rmse=0.0271 h1=0.0004 ssim=0.2014 mlw=67.4509]
epoch 2 step 210  loss=0.072325  lr=5.00e-05  [rmse=0.0238 h1=0.0001 ssim=0.1294 mlw=69.3300]
epoch 2 step 220  loss=0.071787  lr=5.00e-05  [rmse=0.0394 h1=0.0013 ssim=0.1758 mlw=66.8809]
epoch 2 step 230  loss=0.071376  lr=5.00e-05  [rmse=0.0246 h1=0.0005 ssim=0.1376 mlw=54.3799]
epoch 2 step 240  loss=0.069800  lr=5.00e-05  [rmse=0.0164 h1=0.0000 ssim=0.0888 mlw=87.7146]
INFO     [rank 0] Loss weights: rmse=1.0000, h1=50.0000,      vae_trainer.py:874
         ssim=0.1500, mlw=0.0000                                                
INFO     [rank 0] Epoch 2: train_loss=0.069800                vae_trainer.py:900
         val_loss=0.067277  val_VRMSE=0.174061  lr=5.00e-05                     
INFO     [rank 0] Metrics updated: metrics/metrics.csv,       vae_trainer.py:926
         metrics/loss_curves.png                                                
INFO     [rank 0] Saved 8 validation reconstruction PNGs for vae_trainer.py:1121
         epoch 2                                                                
INFO     [rank 0] New best checkpoint (epoch 2,              vae_trainer.py:1223
         val_vrmse=0.174061):                                                   
         checkpoints/vae_shockwave_best.safetensors                             
INFO     [rank 0] Training state saved:                      vae_trainer.py:1283
         checkpoints/vae_shockwave_last.state.pt                                
INFO     [rank 0] Epoch 2 timing: train=1222.9s eval=41.9s    vae_trainer.py:962
         viz=10.9s ckpt=9.1s total=1285.3s                                      
epoch 3 step 250  loss=0.060881  lr=5.00e-05  [rmse=0.0264 h1=0.0006 ssim=0.1806 mlw=57.6500]
epoch 3 step 260  loss=0.063554  lr=5.00e-05  [rmse=0.0211 h1=0.0003 ssim=0.0884 mlw=57.7551]
epoch 3 step 270  loss=0.060012  lr=5.00e-05  [rmse=0.0171 h1=0.0002 ssim=0.0740 mlw=76.5099]
epoch 3 step 280  loss=0.060326  lr=5.00e-05  [rmse=0.0195 h1=0.0001 ssim=0.0811 mlw=96.1734]
epoch 3 step 290  loss=0.059439  lr=5.00e-05  [rmse=0.0116 h1=0.0001 ssim=0.0706 mlw=72.3419]
