START TIME: Wed 12 Aug 2026 01:03:10 PM CEST
job=523960 node=i20r04c06s08
+-----------+--------------------------------------------------------------------------------------+
| Device ID | Device Information                                                                   |
+-----------+--------------------------------------------------------------------------------------+
| 0         | Device Name: Intel(R) Data Center GPU Max 1550                                       |
|           | Vendor Name: Intel(R) Corporation                                                    |
|           | SOC UUID: 00000000-0000-003a-0000-002f0bd58086                                       |
|           | PCI BDF Address: 0000:3a:00.0                                                        |
|           | DRM Device: /dev/dri/card0                                                           |
|           | Function Type: physical                                                              |
+-----------+--------------------------------------------------------------------------------------+
| 1         | Device Name: Intel(R) Data Center GPU Max 1550                                       |
|           | Vendor Name: Intel(R) Corporation                                                    |
|           | SOC UUID: 00000000-0000-004b-0000-002f0bd58086                                       |
|           | PCI BDF Address: 0000:4b:00.0                                                        |
|           | DRM Device: /dev/dri/card1                                                           |
|           | Function Type: physical                                                              |
+-----------+--------------------------------------------------------------------------------------+
| 2         | Device Name: Intel(R) Data Center GPU Max 1550                                       |
|           | Vendor Name: Intel(R) Corporation                                                    |
|           | SOC UUID: 00000000-0000-00ca-0000-002f0bd58086                                       |
|           | PCI BDF Address: 0000:ca:00.0                                                        |
|           | DRM Device: /dev/dri/card2                                                           |
|           | Function Type: physical                                                              |
+-----------+--------------------------------------------------------------------------------------+
| 3         | Device Name: Intel(R) Data Center GPU Max 1550                                       |
|           | Vendor Name: Intel(R) Corporation                                                    |
|           | SOC UUID: 00000000-0000-00da-0000-002f0bd58086                                       |
|           | PCI BDF Address: 0000:da:00.0                                                        |
|           | DRM Device: /dev/dri/card3                                                           |
|           | Function Type: physical                                                              |
+-----------+--------------------------------------------------------------------------------------+
MASTER_ADDR: i20r04c06s08  MASTER_PORT: 48035
8 XPU tiles x accum 4 -> effective batch 32; output_dir /hppfs/scratch/0D/go76fuz2/windinet/finetune_vae_outputs_sng_pvc/finetune_vae_whole_structure_baseline_kl3e7
INFO     [rank 7] Failed to extract font properties from    font_manager.py:1107
         /usr/share/fonts/truetype/Cantarell-VF.otf: Can                        
         not load face (SFNT font table missing; error code                     
         0x8e)                                                                  
INFO     [rank 4] Failed to extract font properties from    font_manager.py:1107
         /usr/share/fonts/truetype/Cantarell-VF.otf: Can                        
         not load face (SFNT font table missing; error code                     
         0x8e)                                                                  
INFO     [rank 6] Failed to extract font properties from    font_manager.py:1107
         /usr/share/fonts/truetype/Cantarell-VF.otf: Can                        
         not load face (SFNT font table missing; error code                     
         0x8e)                                                                  
INFO     [rank 2] Failed to extract font properties from    font_manager.py:1107
         /usr/share/fonts/truetype/Cantarell-VF.otf: Can                        
         not load face (SFNT font table missing; error code                     
         0x8e)                                                                  
INFO     [rank 1] Failed to extract font properties from    font_manager.py:1107
         /usr/share/fonts/truetype/Cantarell-VF.otf: Can                        
         not load face (SFNT font table missing; error code                     
         0x8e)                                                                  
INFO     [rank 0] Failed to extract font properties from    font_manager.py:1107
         /usr/share/fonts/truetype/Cantarell-VF.otf: Can                        
         not load face (SFNT font table missing; error code                     
         0x8e)                                                                  
INFO     [rank 6] generated new fontManager                 font_manager.py:1639
INFO     [rank 3] Failed to extract font properties from    font_manager.py:1107
         /usr/share/fonts/truetype/Cantarell-VF.otf: Can                        
         not load face (SFNT font table missing; error code                     
         0x8e)                                                                  
INFO     [rank 5] Failed to extract font properties from    font_manager.py:1107
         /usr/share/fonts/truetype/Cantarell-VF.otf: Can                        
         not load face (SFNT font table missing; error code                     
         0x8e)                                                                  
INFO     [rank 0] generated new fontManager                 font_manager.py:1639
INFO     [rank 7] generated new fontManager                 font_manager.py:1639
INFO     [rank 2] generated new fontManager                 font_manager.py:1639
INFO     [rank 3] generated new fontManager                 font_manager.py:1639
INFO     [rank 4] generated new fontManager                 font_manager.py:1639
INFO     [rank 5] generated new fontManager                 font_manager.py:1639
INFO     [rank 1] generated new fontManager                 font_manager.py:1639
                          VAE Finetuning Configuration                          
┏━━━━━━━━━━━━━━━━━━━━━━━━━━━━━━━━━━━━━━┳━━━━━━━━━━━━━━━━━━━━━━━━━━━━━━━━━━━━━━━┓
┃ Parameter                            ┃ Value                                 ┃
┡━━━━━━━━━━━━━━━━━━━━━━━━━━━━━━━━━━━━━━╇━━━━━━━━━━━━━━━━━━━━━━━━━━━━━━━━━━━━━━━┩
│ model.model_source                   │ LTXV_2B_0.9.6_DEV                     │
│ model.load_checkpoint                │ None                                  │
│ adapter.enabled                      │ True                                  │
│ adapter.checkpoint                   │ None                                  │
│ adapter.channels                     │ ['density', 'momentum_x',             │
│                                      │ 'momentum_y', 'pressure']             │
│ adapter.mode                         │ inflate                               │
│ adapter.inflate_init                 │ mean                                  │
│ adapter.inflate_copy_channel         │ None                                  │
│ adapter.freeze_conv_in               │ False                                 │
│ adapter.hidden_channels              │ 32                                    │
│ adapter.activation                   │ gelu                                  │
│ adapter.identity_init                │ False                                 │
│ adapter.default_temb                 │ 0.0                                   │
│ adapter.unfreeze_encoder_tail        │ True                                  │
│ adapter.unfreeze_down_blocks         │ [0, 1, 2]                             │
│ data.data_root                       │ /hppfs/scratch/0D/go76fuz2/windinet/… │
│ data.eval_sims                       │ 675                                   │
│ data.num_dataloader_workers          │ 4                                     │
│ data.num_sim_frames                  │ None                                  │
│ data.overfit_sims                    │ None                                  │
│ data.overfit_repeat                  │ 1                                     │
│ data.channel_mean                    │ [0.905097647712509,                   │
│                                      │ 0.0040453659499771295,                │
│                                      │ -0.0019089379643528095, 0.9           │
│ data.channel_std                     │ [0.6607349375392083,                  │
│                                      │ 0.5328754120427532,                   │
│                                      │ 0.5262512462358824, 0.8050358         │
│ data.normalization_stats_file        │ configs/finetune_vae/euler_mq_128_on… │
│ data.normalization_clip              │ 5.0                                   │
│ data.channel_order                   │ ['density', 'momentum_x',             │
│                                      │ 'momentum_y', 'pressure']             │
│ data.log_transform_channels          │ []                                    │
│ optimization.learning_rate           │ 5e-05                                 │
│ optimization.adapter_lr_multiplier   │ 1.0                                   │
│ optimization.min_learning_rate       │ 1e-06                                 │
│ optimization.encoder_tail_lr_multip… │ 0.3                                   │
│ optimization.scheduler_type          │ wsd                                   │
│ optimization.stable_fraction         │ 0.7                                   │
│ optimization.epochs                  │ 18                                    │
│ optimization.batch_size              │ 1                                     │
│ optimization.gradient_accumulation_… │ 4                                     │
│ optimization.max_grad_norm           │ 5.0                                   │
│ optimization.weight_decay            │ 0.0                                   │
│ optimization.warmup_steps            │ 200                                   │
│ optimization.warmup_start_factor     │ 0.01                                  │
│ optimization.enable_gradient_checkp… │ True                                  │
│ loss.wavelet                         │ db2                                   │
│ loss.spatial_level                   │ 2                                     │
│ loss.temporal_level                  │ 2                                     │
│ loss.mlw_beta                        │ 10.0                                  │
│ loss.mlw_eps                         │ 1e-06                                 │
│ loss_weighting.strategy              │ fixed                                 │
│ loss_weighting.weights               │ {'rmse': 1.0, 'h1': 50.0, 'ssim':     │
│                                      │ 0.15, 'mlw': 0.0, 'kl': 3e-07}        │
│ loss_weighting.loss_names            │ ['rmse', 'h1', 'ssim', 'mlw']         │
│ loss_weighting.alpha                 │ 1.5                                   │
│ loss_weighting.weight_lr             │ 0.025                                 │
│ loss_weighting.temperature           │ 0.1                                   │
│ visualization.enabled                │ True                                  │
│ visualization.interval_epochs        │ 1                                     │
│ visualization.num_samples            │ 2                                     │
│ visualization.frame_numbers          │ [25, 50, 75, 100]                     │
│ visualization.dpi                    │ 150                                   │
│ acceleration.mixed_precision_mode    │ bf16                                  │
│ acceleration.compile_with_inductor   │ False                                 │
│ acceleration.compilation_mode        │ reduce-overhead                       │
│ checkpoints.interval                 │ 1                                     │
│ checkpoints.keep_last_n              │ 1                                     │
│ checkpoints.save_best_only           │ True                                  │
│ checkpoints.best_metric              │ val_vrmse                             │
│ checkpoints.save_last_state          │ True                                  │
│ wandb.enabled                        │ False                                 │
│ wandb.project                        │ windinet                              │
│ wandb.entity                         │ None                                  │
│ wandb.tags                           │ ['vae', 'inflate', 'mean-init',       │
│                                      │ 'wsd', '18ep', 'lr1x',                │
│                                      │ 'shockwave-cfd'                       │
│ seed                                 │ 42                                    │
│ output_dir                           │ /hppfs/scratch/0D/go76fuz2/windinet/… │
│ clean_output_dir                     │ True                                  │
│ resume_from                          │ None                                  │
│ resume_weights_only                  │ False                                 │
└──────────────────────────────────────┴───────────────────────────────────────┘
INFO     [rank 0] Distributed training: 8 processes          vae_trainer.py:1329
INFO     [rank 0] VAE inflated to 4 native channels           vae_trainer.py:180
         (init=mean); encoder.conv_in is trainable                              
INFO     [rank 0] Encoder extra modules UNFROZEN:             vae_trainer.py:245
         down_blocks[0, 1, 2] + tail                                            
         (down_blocks[-1]+mid_block+norm_out+conv_out)                          
INFO     [rank 0] VAE gradient checkpointing enabled          vae_trainer.py:251
INFO     [rank 0] VAE loaded. Decoder params: 552,869,953     vae_trainer.py:257
INFO     [rank 0] Trainable parameters:                       vae_trainer.py:330
         encoder_conv_in=221,312, encoder_extra=693,932,865,                    
         decoder=552,869,953, in_adapter=0, out_adapter=0                       
INFO     [rank 0] Dataset: 3825 train, 675 eval samples       vae_trainer.py:571
INFO     [rank 0] encoder.conv_in LR = 5.00e-05 (1x decoder   vae_trainer.py:595
         LR 5.00e-05)                                                           
INFO     [rank 0] encoder extra (down_blocks[0, 1, 2]+tail)   vae_trainer.py:613
         LR = 1.50e-05 (0.3x decoder LR 5.00e-05)                               
INFO     [rank 0] LR schedule 'wsd': 2160 steps (200 warmup,  vae_trainer.py:665
         1372 stable, 588 anneal), peak 5.00e-05 -> floor                       
         1.00e-06                                                               
2026:08:12-13:15:19: 2469 |CCL_WARN| value of CCL_ATL_TRANSPORT changed to be ofi (default:mpi)
2026:08:12-13:15:19: 2469 |CCL_WARN| value of CCL_ALLREDUCE changed to be ring (default:)
2026:08:12-13:15:19: 2469 |CCL_WARN| could not get local_idx/count from environment variables, trying to get them from ATL
2026:08:12-13:15:19: 2471 |CCL_WARN| could not get local_idx/count from environment variables, trying to get them from ATL
2026:08:12-13:15:19: 2472 |CCL_WARN| could not get local_idx/count from environment variables, trying to get them from ATL
2026:08:12-13:15:19: 2470 |CCL_WARN| could not get local_idx/count from environment variables, trying to get them from ATL
2026:08:12-13:15:19: 2473 |CCL_WARN| could not get local_idx/count from environment variables, trying to get them from ATL
2026:08:12-13:15:20: 2474 |CCL_WARN| could not get local_idx/count from environment variables, trying to get them from ATL
2026:08:12-13:15:20: 2475 |CCL_WARN| could not get local_idx/count from environment variables, trying to get them from ATL
2026:08:12-13:15:20: 2476 |CCL_WARN| could not get local_idx/count from environment variables, trying to get them from ATL
INFO     [rank 0] Config saved:                              vae_trainer.py:1353
         /hppfs/scratch/0D/go76fuz2/windinet/finetune_vae_ou                    
         tputs_sng_pvc/finetune_vae_whole_structure_baseline                    
         _kl3e7/training_config.yaml                                            
INFO     [rank 0] Starting VAE decoder finetuning...          vae_trainer.py:713
epoch 1 step 10  loss=0.208257  lr=2.98e-06  [rmse=0.0545 h1=0.0002 ssim=0.3890 mlw=59.0091]
epoch 1 step 20  loss=0.194313  lr=5.45e-06  [rmse=0.0493 h1=0.0003 ssim=0.3338 mlw=74.6942]
epoch 1 step 30  loss=0.184271  lr=7.93e-06  [rmse=0.0423 h1=0.0006 ssim=0.2603 mlw=55.7813]
epoch 1 step 40  loss=0.176649  lr=1.04e-05  [rmse=0.1788 h1=0.0021 ssim=0.6077 mlw=61.3300]
epoch 1 step 50  loss=0.165283  lr=1.29e-05  [rmse=0.0560 h1=0.0004 ssim=0.3083 mlw=63.7035]
epoch 1 step 60  loss=0.159183  lr=1.54e-05  [rmse=0.0135 h1=0.0000 ssim=0.0419 mlw=117.3628]
epoch 1 step 70  loss=0.151367  lr=1.78e-05  [rmse=0.0389 h1=0.0005 ssim=0.3207 mlw=56.8133]
epoch 1 step 80  loss=0.143230  lr=2.03e-05  [rmse=0.0654 h1=0.0007 ssim=0.3498 mlw=62.6974]
epoch 1 step 90  loss=0.139284  lr=2.28e-05  [rmse=0.1257 h1=0.0023 ssim=0.2659 mlw=97.0792]
epoch 1 step 100  loss=0.133165  lr=2.53e-05  [rmse=0.0349 h1=0.0007 ssim=0.1575 mlw=96.6980]
epoch 1 step 110  loss=0.128759  lr=2.77e-05  [rmse=0.0233 h1=0.0003 ssim=0.1668 mlw=58.7998]
epoch 1 step 120  loss=0.125735  lr=3.02e-05  [rmse=0.0439 h1=0.0007 ssim=0.2133 mlw=60.3506]
INFO     [rank 0] Loss weights: rmse=1.0000, h1=50.0000,      vae_trainer.py:874
         ssim=0.1500, mlw=0.0000, kl=0.0000                                     
INFO     [rank 0] Epoch 1: train_loss=0.125735                vae_trainer.py:900
         val_loss=0.100930  val_VRMSE=0.275896  lr=3.02e-05                     
INFO     [rank 0] Metrics updated: metrics/metrics.csv,       vae_trainer.py:926
         metrics/loss_curves.png                                                
INFO     [rank 0] Saved 8 validation reconstruction PNGs for vae_trainer.py:1121
         epoch 1                                                                
INFO     [rank 0] New best checkpoint (epoch 1,              vae_trainer.py:1223
         val_vrmse=0.275896):                                                   
         checkpoints/vae_shockwave_best.safetensors                             
INFO     [rank 0] Training state saved:                      vae_trainer.py:1283
         checkpoints/vae_shockwave_last.state.pt                                
INFO     [rank 0] Epoch 1 timing: train=1249.8s eval=37.6s    vae_trainer.py:962
         viz=10.9s ckpt=8.5s total=1308.6s                                      
epoch 2 step 130  loss=0.093608  lr=3.27e-05  [rmse=0.0159 h1=0.0000 ssim=0.1929 mlw=102.3347]
epoch 2 step 140  loss=0.088274  lr=3.52e-05  [rmse=0.0291 h1=0.0007 ssim=0.2195 mlw=57.8385]
epoch 2 step 150  loss=0.083979  lr=3.76e-05  [rmse=0.0123 h1=0.0001 ssim=0.0560 mlw=108.9515]
epoch 2 step 160  loss=0.079126  lr=4.01e-05  [rmse=0.0227 h1=0.0003 ssim=0.1578 mlw=60.6424]
epoch 2 step 170  loss=0.076106  lr=4.26e-05  [rmse=0.0240 h1=0.0003 ssim=0.1588 mlw=60.0263]
epoch 2 step 180  loss=0.078553  lr=4.51e-05  [rmse=0.0234 h1=0.0001 ssim=0.1710 mlw=64.8144]
epoch 2 step 190  loss=0.078004  lr=4.75e-05  [rmse=0.0289 h1=0.0007 ssim=0.1573 mlw=64.5625]
epoch 2 step 200  loss=0.076634  lr=5.00e-05  [rmse=0.0257 h1=0.0004 ssim=0.1496 mlw=67.9951]
epoch 2 step 210  loss=0.077033  lr=5.00e-05  [rmse=0.0202 h1=0.0002 ssim=0.1102 mlw=68.4182]
epoch 2 step 220  loss=0.076182  lr=5.00e-05  [rmse=0.0400 h1=0.0013 ssim=0.1795 mlw=66.5577]
epoch 2 step 230  loss=0.076110  lr=5.00e-05  [rmse=0.0289 h1=0.0005 ssim=0.1439 mlw=54.6569]
epoch 2 step 240  loss=0.074680  lr=5.00e-05  [rmse=0.0222 h1=0.0001 ssim=0.1050 mlw=95.8537]
INFO     [rank 0] Loss weights: rmse=1.0000, h1=50.0000,      vae_trainer.py:874
         ssim=0.1500, mlw=0.0000, kl=0.0000                                     
INFO     [rank 0] Epoch 2: train_loss=0.074680                vae_trainer.py:900
         val_loss=70.204334  val_VRMSE=0.184413  lr=5.00e-05                    
INFO     [rank 0] Metrics updated: metrics/metrics.csv,       vae_trainer.py:926
         metrics/loss_curves.png                                                
INFO     [rank 0] Saved 8 validation reconstruction PNGs for vae_trainer.py:1121
         epoch 2                                                                
INFO     [rank 0] New best checkpoint (epoch 2,              vae_trainer.py:1223
         val_vrmse=0.184413):                                                   
         checkpoints/vae_shockwave_best.safetensors                             
INFO     [rank 0] Training state saved:                      vae_trainer.py:1283
         checkpoints/vae_shockwave_last.state.pt                                
INFO     [rank 0] Epoch 2 timing: train=1220.6s eval=38.0s    vae_trainer.py:962
         viz=10.8s ckpt=7.8s total=1277.8s                                      
epoch 3 step 250  loss=0.067815  lr=5.00e-05  [rmse=0.0257 h1=0.0006 ssim=0.1647 mlw=58.0752]
epoch 3 step 260  loss=0.069153  lr=5.00e-05  [rmse=0.0204 h1=0.0003 ssim=0.0899 mlw=59.8445]
epoch 3 step 270  loss=0.064530  lr=5.00e-05  [rmse=0.0197 h1=0.0002 ssim=0.0873 mlw=76.4310]
epoch 3 step 280  loss=0.064920  lr=5.00e-05  [rmse=0.0161 h1=0.0001 ssim=0.0526 mlw=95.1366]
epoch 3 step 290  loss=0.062752  lr=5.00e-05  [rmse=0.0086 h1=0.0000 ssim=0.0423 mlw=70.2836]
epoch 3 step 300  loss=0.061013  lr=5.00e-05  [rmse=0.0121 h1=0.0001 ssim=0.1033 mlw=74.0900]
epoch 3 step 310  loss=0.060943  lr=5.00e-05  [rmse=0.0242 h1=0.0005 ssim=0.1898 mlw=64.6579]
epoch 3 step 320  loss=0.060756  lr=5.00e-05  [rmse=0.0200 h1=0.0003 ssim=0.0919 mlw=62.7124]
epoch 3 step 330  loss=0.062006  lr=5.00e-05  [rmse=0.0368 h1=0.0013 ssim=0.2262 mlw=54.1420]
epoch 3 step 340  loss=0.061644  lr=5.00e-05  [rmse=0.0140 h1=0.0001 ssim=0.0770 mlw=66.6437]
epoch 3 step 350  loss=0.060330  lr=5.00e-05  [rmse=0.0448 h1=0.0019 ssim=0.1287 mlw=97.5224]
epoch 3 step 360  loss=0.061017  lr=5.00e-05  [rmse=0.0356 h1=0.0013 ssim=0.1211 mlw=77.9516]
INFO     [rank 0] Loss weights: rmse=1.0000, h1=50.0000,      vae_trainer.py:874
         ssim=0.1500, mlw=0.0000, kl=0.0000                                     
INFO     [rank 0] Epoch 3: train_loss=0.061017                vae_trainer.py:900
         val_loss=0.055324  val_VRMSE=0.135778  lr=5.00e-05                     
INFO     [rank 0] Metrics updated: metrics/metrics.csv,       vae_trainer.py:926
         metrics/loss_curves.png                                                
INFO     [rank 0] Saved 8 validation reconstruction PNGs for vae_trainer.py:1121
         epoch 3                                                                
INFO     [rank 0] New best checkpoint (epoch 3,              vae_trainer.py:1223
         val_vrmse=0.135778):                                                   
         checkpoints/vae_shockwave_best.safetensors                             
INFO     [rank 0] Training state saved:                      vae_trainer.py:1283
         checkpoints/vae_shockwave_last.state.pt                                
INFO     [rank 0] Epoch 3 timing: train=1220.5s eval=39.0s    vae_trainer.py:962
         viz=10.7s ckpt=8.1s total=1278.8s                                      
epoch 4 step 370  loss=0.046232  lr=5.00e-05  [rmse=0.0088 h1=0.0000 ssim=0.0768 mlw=72.1328]
epoch 4 step 380  loss=0.047858  lr=5.00e-05  [rmse=0.0124 h1=0.0002 ssim=0.0709 mlw=62.6875]
epoch 4 step 390  loss=0.049966  lr=5.00e-05  [rmse=0.0276 h1=0.0008 ssim=0.2087 mlw=54.1124]
epoch 4 step 400  loss=0.051000  lr=5.00e-05  [rmse=0.0082 h1=0.0000 ssim=0.0308 mlw=65.7194]
epoch 4 step 410  loss=0.052184  lr=5.00e-05  [rmse=0.0269 h1=0.0007 ssim=0.1648 mlw=60.5196]
epoch 4 step 420  loss=0.053348  lr=5.00e-05  [rmse=0.0078 h1=0.0000 ssim=0.0532 mlw=99.0390]
epoch 4 step 430  loss=0.054222  lr=5.00e-05  [rmse=0.0130 h1=0.0001 ssim=0.0535 mlw=77.1671]
epoch 4 step 440  loss=0.053367  lr=5.00e-05  [rmse=0.0082 h1=0.0000 ssim=0.0500 mlw=67.1803]
epoch 4 step 450  loss=0.053785  lr=5.00e-05  [rmse=0.0258 h1=0.0006 ssim=0.0883 mlw=82.0182]
epoch 4 step 460  loss=0.054174  lr=5.00e-05  [rmse=0.0149 h1=0.0002 ssim=0.1479 mlw=80.4660]
epoch 4 step 470  loss=0.054003  lr=5.00e-05  [rmse=0.0110 h1=0.0000 ssim=0.0404 mlw=93.6323]
epoch 4 step 480  loss=0.053451  lr=5.00e-05  [rmse=0.0103 h1=0.0001 ssim=0.0523 mlw=61.8308]
INFO     [rank 0] Loss weights: rmse=1.0000, h1=50.0000,      vae_trainer.py:874
         ssim=0.1500, mlw=0.0000, kl=0.0000                                     
INFO     [rank 0] Epoch 4: train_loss=0.053451                vae_trainer.py:900
         val_loss=0.051264  val_VRMSE=0.123722  lr=5.00e-05                     
INFO     [rank 0] Metrics updated: metrics/metrics.csv,       vae_trainer.py:926
         metrics/loss_curves.png                                                
INFO     [rank 0] Saved 8 validation reconstruction PNGs for vae_trainer.py:1121
         epoch 4                                                                
INFO     [rank 0] New best checkpoint (epoch 4,              vae_trainer.py:1223
         val_vrmse=0.123722):                                                   
         checkpoints/vae_shockwave_best.safetensors                             
INFO     [rank 0] Training state saved:                      vae_trainer.py:1283
         checkpoints/vae_shockwave_last.state.pt                                
INFO     [rank 0] Epoch 4 timing: train=1217.9s eval=37.9s    vae_trainer.py:962
         viz=11.0s ckpt=8.1s total=1275.5s                                      
epoch 5 step 490  loss=0.049862  lr=5.00e-05  [rmse=0.0081 h1=0.0000 ssim=0.0198 mlw=86.0286]
epoch 5 step 500  loss=0.049551  lr=5.00e-05  [rmse=0.0128 h1=0.0001 ssim=0.0740 mlw=54.7569]
epoch 5 step 510  loss=0.048891  lr=5.00e-05  [rmse=0.0158 h1=0.0002 ssim=0.0981 mlw=55.1160]
epoch 5 step 520  loss=0.049201  lr=5.00e-05  [rmse=0.0144 h1=0.0002 ssim=0.0890 mlw=69.0326]
