START TIME: Wed 12 Aug 2026 05:44:29 AM CEST
job=523900 node=i20r01c05s02
+-----------+--------------------------------------------------------------------------------------+
| Device ID | Device Information                                                                   |
+-----------+--------------------------------------------------------------------------------------+
| 0         | Device Name: Intel(R) Data Center GPU Max 1550                                       |
|           | Vendor Name: Intel(R) Corporation                                                    |
|           | SOC UUID: 00000000-0000-003a-0000-002f0bd58086                                       |
|           | PCI BDF Address: 0000:3a:00.0                                                        |
|           | DRM Device: /dev/dri/card0                                                           |
|           | Function Type: physical                                                              |
+-----------+--------------------------------------------------------------------------------------+
| 1         | Device Name: Intel(R) Data Center GPU Max 1550                                       |
|           | Vendor Name: Intel(R) Corporation                                                    |
|           | SOC UUID: 00000000-0000-004b-0000-002f0bd58086                                       |
|           | PCI BDF Address: 0000:4b:00.0                                                        |
|           | DRM Device: /dev/dri/card1                                                           |
|           | Function Type: physical                                                              |
+-----------+--------------------------------------------------------------------------------------+
| 2         | Device Name: Intel(R) Data Center GPU Max 1550                                       |
|           | Vendor Name: Intel(R) Corporation                                                    |
|           | SOC UUID: 00000000-0000-00ca-0000-002f0bd58086                                       |
|           | PCI BDF Address: 0000:ca:00.0                                                        |
|           | DRM Device: /dev/dri/card2                                                           |
|           | Function Type: physical                                                              |
+-----------+--------------------------------------------------------------------------------------+
| 3         | Device Name: Intel(R) Data Center GPU Max 1550                                       |
|           | Vendor Name: Intel(R) Corporation                                                    |
|           | SOC UUID: 00000000-0000-00da-0000-002f0bd58086                                       |
|           | PCI BDF Address: 0000:da:00.0                                                        |
|           | DRM Device: /dev/dri/card3                                                           |
|           | Function Type: physical                                                              |
+-----------+--------------------------------------------------------------------------------------+
config=configs/finetune_vae/finetune_vae_whole_structure_baseline.yaml (patched -> /tmp/latent_stats_sng_pvc_QX0r.yaml) checkpoint=/hppfs/scratch/0D/go76fuz2/windinet/finetune_vae_outputs_sng_pvc/finetune_vae_whole_structure_baseline/checkpoints/vae_shockwave_best.safetensors num_samples=32 output=log_finetuning_vae/sng_pvc/523900-latent_stats.json
Device: xpu
Encoding 32 sims from the 'eval' split (of 4500 total)

Pretrained (freshly-inflated, no finetuning)

Finetuned
[windinet] loaded inflated VAE checkpoint: /hppfs/scratch/0D/go76fuz2/windinet/finetune_vae_outputs_sng_pvc/finetune_vae_whole_structure_baseline/checkpoints/vae_shockwave_best.safetensors (epoch=18, step=2160)
  loaded finetuned checkpoint (epoch=18): 
/hppfs/scratch/0D/go76fuz2/windinet/finetune_vae_outputs_sng_pvc/finetune_vae_wh
ole_structure_baseline/checkpoints/vae_shockwave_best.safetensors

Full per-channel report written to 
log_finetuning_vae/sng_pvc/523900-latent_stats.json
  Raw physical channels (this   
 sample, not the full dataset)  
┏━━━━━━━━━━━━┳━━━━━━━━┳━━━━━━━━┓
┃ channel    ┃   mean ┃    std ┃
┡━━━━━━━━━━━━╇━━━━━━━━╇━━━━━━━━┩
│ density    │ 0.9387 │ 0.8255 │
│ momentum_x │ 0.0513 │ 0.6663 │
│ momentum_y │ 0.0000 │ 0.5938 │
│ pressure   │ 1.1738 │ 1.6157 │
└────────────┴────────┴────────┘
              Rescaled latents (target: mean 0, std 1 per channel)              
┏━━━━━━━━━━━━━━━━━━━━━━┳━━━━━━━━━━━━┳━━━━━━━━━━━━┳━━━━━━━━━┳━━━━━━━━━┳━━━━━━━━━┓
┃ encoder              ┃ |mean| avg ┃ |mean| max ┃ std avg ┃ std min ┃ std max ┃
┡━━━━━━━━━━━━━━━━━━━━━━╇━━━━━━━━━━━━╇━━━━━━━━━━━━╇━━━━━━━━━╇━━━━━━━━━╇━━━━━━━━━┩
│ pretrained (no       │     0.3589 │     1.4905 │  0.8655 │  0.3130 │  1.3111 │
│ finetune)            │            │            │         │         │         │
│ finetuned            │     0.4292 │     1.5219 │  0.9403 │  0.4040 │  1.4909 │
└──────────────────────┴────────────┴────────────┴─────────┴─────────┴─────────┘

Finetuning-induced shift in rescaled-latent mean (L2 over channels): 7.3992
Finetuning-induced std ratio (finetuned/pretrained, avg over channels): 1.0969
Top-5 latent channels by |mean shift|: [(114, 1.7653), (41, 1.6569), (48, 
1.5403), (3, 1.4779), (125, 1.4281)]
END TIME: Wed 12 Aug 2026 06:04:41 AM CEST
