START TIME: Thu 27 Aug 2026 09:45:47 PM CEST
job=529527 node=i20r06c06s10
+-----------+--------------------------------------------------------------------------------------+
| Device ID | Device Information                                                                   |
+-----------+--------------------------------------------------------------------------------------+
| 0         | Device Name: Intel(R) Data Center GPU Max 1550                                       |
|           | Vendor Name: Intel(R) Corporation                                                    |
|           | SOC UUID: 00000000-0000-003a-0000-002f0bd58086                                       |
|           | PCI BDF Address: 0000:3a:00.0                                                        |
|           | DRM Device: /dev/dri/card0                                                           |
|           | Function Type: physical                                                              |
+-----------+--------------------------------------------------------------------------------------+
| 1         | Device Name: Intel(R) Data Center GPU Max 1550                                       |
|           | Vendor Name: Intel(R) Corporation                                                    |
|           | SOC UUID: 00000000-0000-004b-0000-002f0bd58086                                       |
|           | PCI BDF Address: 0000:4b:00.0                                                        |
|           | DRM Device: /dev/dri/card1                                                           |
|           | Function Type: physical                                                              |
+-----------+--------------------------------------------------------------------------------------+
| 2         | Device Name: Intel(R) Data Center GPU Max 1550                                       |
|           | Vendor Name: Intel(R) Corporation                                                    |
|           | SOC UUID: 00000000-0000-00ca-0000-002f0bd58086                                       |
|           | PCI BDF Address: 0000:ca:00.0                                                        |
|           | DRM Device: /dev/dri/card2                                                           |
|           | Function Type: physical                                                              |
+-----------+--------------------------------------------------------------------------------------+
| 3         | Device Name: Intel(R) Data Center GPU Max 1550                                       |
|           | Vendor Name: Intel(R) Corporation                                                    |
|           | SOC UUID: 00000000-0000-00da-0000-002f0bd58086                                       |
|           | PCI BDF Address: 0000:da:00.0                                                        |
|           | DRM Device: /dev/dri/card3                                                           |
|           | Function Type: physical                                                              |
+-----------+--------------------------------------------------------------------------------------+
VAE_CHECKPOINT: /hppfs/scratch/0D/go76fuz2/windinet/finetune_vae_outputs_sng_pvc/finetune_vae_whole_structure_baseline_256res/checkpoints/vae_shockwave_best.safetensors
DATA_ROOT: /hppfs/scratch/0D/go76fuz2/windinet/euler_mq_dataset/256x256_ds/train.h5
OUTPUT_NAME: finetune_vae_whole_structure_baseline_256res -> /hppfs/scratch/0D/go76fuz2/windinet/dit_preprocessed/finetune_vae_whole_structure_baseline_256res
INFO     Found 4500 samples in                         preprocess_dataset.py:194
         /hppfs/scratch/0D/go76fuz2/windinet/euler_mq_                          
         dataset/256x256_ds/train.h5                                            
INFO     Split (seed=42): 3825 train, 675 val ->       preprocess_dataset.py:214
         /hppfs/scratch/0D/go76fuz2/windinet/dit_prepr                          
         ocessed/finetune_vae_whole_structure_baseline                          
         _256res/val                                                            
INFO     Loading inflated VAE (LTXV_2B_0.9.6_DEV) +    preprocess_dataset.py:228
         checkpoint                                                             
         /hppfs/scratch/0D/go76fuz2/windinet/finetune_                          
         vae_outputs_sng_pvc/finetune_vae_whole_struct                          
         ure_baseline_256res/checkpoints/vae_shockwave                          
         _best.safetensors...                                                   
[windinet] loaded inflated VAE checkpoint: /hppfs/scratch/0D/go76fuz2/windinet/finetune_vae_outputs_sng_pvc/finetune_vae_whole_structure_baseline_256res/checkpoints/vae_shockwave_best.safetensors (epoch=18, step=2160)
INFO     Channel normalization from                    preprocess_dataset.py:238
         /hppfs/scratch/0D/go76fuz2/windinet/finetune_                          
         vae_outputs_sng_pvc/finetune_vae_whole_struct                          
         ure_baseline_256res/training_config.yaml:                              
         mean=[0.9050976477108856,                                              
         0.004045365949982484, -0.0019089379638760548,                          
         0.9031908053900578], std=[0.6618199912434938,                          
         0.5335233432828087, 0.5268940723644505,                                
         0.8053303341374023], clip=5.0                                          
INFO     Latent space fingerprint: 322a8e5dedc3cfd6    preprocess_dataset.py:249
