job=22774 node=lundquist gpus=0
PREPROCESSED_DATA_ROOT: dit_preprocessed/finetune_vae_whole_structure_baseline_ep20_kl0
DIT_CHECKPOINT: dit_outputs/lundquist/dit_cosine_kl0/checkpoints/model_weights_step_08033.safetensors
SCALAR_CHECKPOINT: dit_outputs/lundquist/dit_cosine_kl0/checkpoints/scalar_embedding_step_08033.safetensors
VAE_CHECKPOINT: finetune_vae_outputs/lundquist/finetune_vae_whole_structure_baseline_ep20_kl0/checkpoints/vae_shockwave_best.safetensors
NORMALIZATION: finetune_vae_outputs/lundquist/finetune_vae_whole_structure_baseline_ep20_kl0/training_config.yaml
NUM_SAMPLES: 20
REFERENCE_STD: <none -- this is the baseline run>
OUT_DIR: logs/lundquist/diagnose_latent_scale/22774
/local/disk/hramachandran/miniconda/envs/windinet/lib/python3.10/site-packages/huggingface_hub/utils/_validators.py:205: UserWarning: The `local_dir_use_symlinks` argument is deprecated and ignored in `hf_hub_download`. Downloading to a local directory does not use symlinks anymore.
  warnings.warn(
Evaluating 20 held-out sim(s) from /local/disk/hramachandran/work/wh_work/windinet/euler_mq_dataset/128x128_ds/train.h5
Latent space verified: fingerprint 48445bef02ac2119 matches the DiT's training latents
INFO     HTTP Request: HEAD                                      _client.py:1025
         https://huggingface.co/Lightricks/LTX-Video-0.9.5/resol                
         ve/main/vae/config.json "HTTP/1.1 307 Temporary                        
         Redirect"                                                              
INFO     HTTP Request: HEAD                                      _client.py:1025
         https://huggingface.co/api/resolve-cache/models/Lightri                
         cks/LTX-Video-0.9.5/e58e28c39631af4d1468ee57a853764e11c                
         1d37e/vae%2Fconfig.json "HTTP/1.1 200 OK"                              
INFO     HTTP Request: HEAD                                      _client.py:1025
         https://huggingface.co/Lightricks/LTX-Video-0.9.5/resol                
         ve/e58e28c39631af4d1468ee57a853764e11c1d37e/vae/diffusi                
         on_pytorch_model.safetensors.index.json "HTTP/1.1 404                  
         Not Found"                                                             
[windinet] loaded inflated VAE checkpoint: /local/disk/hramachandran/work/wh_work/windinet/finetune_vae_outputs/lundquist/finetune_vae_whole_structure_baseline_ep20_kl0/checkpoints/vae_shockwave_best.safetensors (epoch=20, step=2380)
INFO     HTTP Request: HEAD                                      _client.py:1025
         https://huggingface.co/Lightricks/LTX-Video-0.9.5/resol                
         ve/main/scheduler/scheduler_config.json "HTTP/1.1 307                  
         Temporary Redirect"                                                    
INFO     HTTP Request: HEAD                                      _client.py:1025
         https://huggingface.co/api/resolve-cache/models/Lightri                
         cks/LTX-Video-0.9.5/e58e28c39631af4d1468ee57a853764e11c                
         1d37e/scheduler%2Fscheduler_config.json "HTTP/1.1 200                  
         OK"                                                                    
INFO     HTTP Request: HEAD                                      _client.py:1025
         https://huggingface.co/Lightricks/LTX-Video/resolve/mai                
         n/ltxv-2b-0.9.6-dev-04-25.safetensors "HTTP/1.1 302                    
         Found"                                                                 
INFO     HTTP Request: HEAD                                      _client.py:1025
         https://huggingface.co/Lightricks/LTX-Video-0.9.5/resol                
         ve/main/transformer/config.json "HTTP/1.1 307 Temporary                
         Redirect"                                                              
INFO     HTTP Request: HEAD                                      _client.py:1025
         https://huggingface.co/api/resolve-cache/models/Lightri                
         cks/LTX-Video-0.9.5/e58e28c39631af4d1468ee57a853764e11c                
         1d37e/transformer%2Fconfig.json "HTTP/1.1 200 OK"                      
[1/20] 0000_gamma1.1299999952: target_std=1.16455  raw_rmse=0.65983  vrmse=0.56660
[2/20] 0008_gamma1.1299999952: target_std=1.17383  raw_rmse=1.02401  vrmse=0.87236
[3/20] 0010_gamma1.1299999952: target_std=1.34790  raw_rmse=0.66542  vrmse=0.49367
[4/20] 0034_gamma1.1299999952: target_std=1.23704  raw_rmse=0.69028  vrmse=0.55801
[5/20] 0037_gamma1.1299999952: target_std=1.02389  raw_rmse=0.68757  vrmse=0.67153
[6/20] 0064_gamma1.1299999952: target_std=1.14181  raw_rmse=0.71528  vrmse=0.62645
[7/20] 0069_gamma1.1299999952: target_std=1.29806  raw_rmse=1.04046  vrmse=0.80155
[8/20] 0073_gamma1.1299999952: target_std=1.15125  raw_rmse=0.68227  vrmse=0.59264
[9/20] 0076_gamma1.1299999952: target_std=1.11242  raw_rmse=0.72874  vrmse=0.65509
[10/20] 0084_gamma1.1299999952: target_std=1.23840  raw_rmse=0.44483  vrmse=0.35920
[11/20] 0091_gamma1.1299999952: target_std=1.10120  raw_rmse=0.77739  vrmse=0.70595
[12/20] 0092_gamma1.1299999952: target_std=1.09235  raw_rmse=0.53870  vrmse=0.49316
[13/20] 0093_gamma1.1299999952: target_std=1.07696  raw_rmse=0.60101  vrmse=0.55807
[14/20] 0098_gamma1.1299999952: target_std=1.04627  raw_rmse=0.76841  vrmse=0.73443
[15/20] 0105_gamma1.1299999952: target_std=1.24356  raw_rmse=0.68923  vrmse=0.55424
[16/20] 0108_gamma1.1299999952: target_std=1.17497  raw_rmse=0.60579  vrmse=0.51558
[17/20] 0110_gamma1.1299999952: target_std=1.00712  raw_rmse=0.72839  vrmse=0.72324
[18/20] 0111_gamma1.1299999952: target_std=1.04397  raw_rmse=0.79979  vrmse=0.76611
[19/20] 0119_gamma1.1299999952: target_std=1.03081  raw_rmse=0.47229  vrmse=0.45817
[20/20] 0125_gamma1.1299999952: target_std=1.29367  raw_rmse=0.93554  vrmse=0.72317

======================================================================
n=20 sample(s)
target_std_mean   (target's own internal dynamic range) : 1.15000
latent_rmse_mean  (raw, UNNORMALIZED prediction error)  : 0.71276
latent_vrmse_mean (self-normalized, matches training viz): 0.62146

Saved: logs/lundquist/diagnose_latent_scale/22774/scale_diagnostic.json
permission denied while trying to connect to the Docker daemon socket at unix:///var/run/docker.sock: Get "http://%2Fvar%2Frun%2Fdocker.sock/v1.24/containers/json?filters=%7B%22label%22%3A%7B%22slurm_job_id%3D22774%22%3Atrue%7D%7D": dial unix /var/run/docker.sock: connect: permission denied
