job=22779 node=lundquist gpus=0
PREPROCESSED_DATA_ROOT: dit_preprocessed/finetune_vae_whole_structure_baseline_ep20_sds_untrained
DIT_CHECKPOINT: dit_outputs/lundquist/dit_sds_untrained/checkpoints/model_weights_step_08033.safetensors
SCALAR_CHECKPOINT: dit_outputs/lundquist/dit_sds_untrained/checkpoints/scalar_embedding_step_08033.safetensors
VAE_CHECKPOINT: finetune_vae_outputs/lundquist/finetune_vae_whole_structure_baseline_ep20_sds_untrained/checkpoints/vae_shockwave_best.safetensors
NORMALIZATION: finetune_vae_outputs/lundquist/finetune_vae_whole_structure_baseline_ep20_sds_untrained/training_config.yaml
NUM_SAMPLES: 20
OUT_DIR: logs/lundquist/diagnose_frame_drift/22779
/local/disk/hramachandran/miniconda/envs/windinet/lib/python3.10/site-packages/huggingface_hub/utils/_validators.py:205: UserWarning: The `local_dir_use_symlinks` argument is deprecated and ignored in `hf_hub_download`. Downloading to a local directory does not use symlinks anymore.
  warnings.warn(
Evaluating 20 held-out sim(s) from /local/disk/hramachandran/work/wh_work/windinet/euler_mq_dataset/128x128_ds/train.h5
Latent space verified: fingerprint 6fade32db7d8f184 matches the DiT's training latents
INFO     HTTP Request: HEAD                                      _client.py:1025
         https://huggingface.co/Lightricks/LTX-Video-0.9.5/resol                
         ve/main/vae/config.json "HTTP/1.1 307 Temporary                        
         Redirect"                                                              
INFO     HTTP Request: HEAD                                      _client.py:1025
         https://huggingface.co/api/resolve-cache/models/Lightri                
         cks/LTX-Video-0.9.5/e58e28c39631af4d1468ee57a853764e11c                
         1d37e/vae%2Fconfig.json "HTTP/1.1 200 OK"                              
INFO     HTTP Request: HEAD                                      _client.py:1025
         https://huggingface.co/Lightricks/LTX-Video-0.9.5/resol                
         ve/e58e28c39631af4d1468ee57a853764e11c1d37e/vae/diffusi                
         on_pytorch_model.safetensors.index.json "HTTP/1.1 404                  
         Not Found"                                                             
[windinet] loaded inflated VAE checkpoint: /local/disk/hramachandran/work/wh_work/windinet/finetune_vae_outputs/lundquist/finetune_vae_whole_structure_baseline_ep20_sds_untrained/checkpoints/vae_shockwave_best.safetensors (epoch=19, step=2261)
INFO     HTTP Request: HEAD                                      _client.py:1025
         https://huggingface.co/Lightricks/LTX-Video-0.9.5/resol                
         ve/main/scheduler/scheduler_config.json "HTTP/1.1 307                  
         Temporary Redirect"                                                    
INFO     HTTP Request: HEAD                                      _client.py:1025
         https://huggingface.co/api/resolve-cache/models/Lightri                
         cks/LTX-Video-0.9.5/e58e28c39631af4d1468ee57a853764e11c                
         1d37e/scheduler%2Fscheduler_config.json "HTTP/1.1 200                  
         OK"                                                                    
INFO     HTTP Request: HEAD                                      _client.py:1025
         https://huggingface.co/Lightricks/LTX-Video/resolve/mai                
         n/ltxv-2b-0.9.6-dev-04-25.safetensors "HTTP/1.1 302                    
         Found"                                                                 
INFO     HTTP Request: HEAD                                      _client.py:1025
         https://huggingface.co/Lightricks/LTX-Video-0.9.5/resol                
         ve/main/transformer/config.json "HTTP/1.1 307 Temporary                
         Redirect"                                                              
INFO     HTTP Request: HEAD                                      _client.py:1025
         https://huggingface.co/api/resolve-cache/models/Lightri                
         cks/LTX-Video-0.9.5/e58e28c39631af4d1468ee57a853764e11c                
         1d37e/transformer%2Fconfig.json "HTTP/1.1 200 OK"                      
[1/20] 0000_gamma1.1299999952: vae_only[0]=0.0797 vae_only[-1]=0.0546  vae_dit[0]=0.0868 vae_dit[-1]=0.3089  latent[0]=0.0086 latent[-1]=0.0806
[2/20] 0008_gamma1.1299999952: vae_only[0]=0.1694 vae_only[-1]=0.1514  vae_dit[0]=0.1780 vae_dit[-1]=0.7477  latent[0]=0.0083 latent[-1]=0.1341
[3/20] 0010_gamma1.1299999952: vae_only[0]=0.0787 vae_only[-1]=0.0397  vae_dit[0]=0.0863 vae_dit[-1]=0.2400  latent[0]=0.0087 latent[-1]=0.0644
[4/20] 0034_gamma1.1299999952: vae_only[0]=0.1058 vae_only[-1]=0.0147  vae_dit[0]=0.1097 vae_dit[-1]=0.2859  latent[0]=0.0069 latent[-1]=0.0680
[5/20] 0037_gamma1.1299999952: vae_only[0]=0.0873 vae_only[-1]=0.0556  vae_dit[0]=0.0974 vae_dit[-1]=0.4186  latent[0]=0.0095 latent[-1]=0.0793
[6/20] 0064_gamma1.1299999952: vae_only[0]=0.0560 vae_only[-1]=0.0631  vae_dit[0]=0.0686 vae_dit[-1]=0.5051  latent[0]=0.0092 latent[-1]=0.1091
[7/20] 0069_gamma1.1299999952: vae_only[0]=0.0626 vae_only[-1]=0.0879  vae_dit[0]=0.0722 vae_dit[-1]=0.6086  latent[0]=0.0087 latent[-1]=0.1414
[8/20] 0073_gamma1.1299999952: vae_only[0]=0.0915 vae_only[-1]=0.1195  vae_dit[0]=0.0938 vae_dit[-1]=0.4882  latent[0]=0.0087 latent[-1]=0.0959
[9/20] 0076_gamma1.1299999952: vae_only[0]=0.0979 vae_only[-1]=0.0572  vae_dit[0]=0.1021 vae_dit[-1]=0.2826  latent[0]=0.0093 latent[-1]=0.0775
[10/20] 0084_gamma1.1299999952: vae_only[0]=0.0901 vae_only[-1]=0.0161  vae_dit[0]=0.0982 vae_dit[-1]=0.1534  latent[0]=0.0087 latent[-1]=0.0435
[11/20] 0091_gamma1.1299999952: vae_only[0]=0.1188 vae_only[-1]=0.0898  vae_dit[0]=0.1266 vae_dit[-1]=0.6216  latent[0]=0.0096 latent[-1]=0.1076
[12/20] 0092_gamma1.1299999952: vae_only[0]=0.0402 vae_only[-1]=0.0734  vae_dit[0]=0.0454 vae_dit[-1]=0.3006  latent[0]=0.0089 latent[-1]=0.0854
[13/20] 0093_gamma1.1299999952: vae_only[0]=0.0901 vae_only[-1]=0.0418  vae_dit[0]=0.0960 vae_dit[-1]=0.2480  latent[0]=0.0097 latent[-1]=0.0495
[14/20] 0098_gamma1.1299999952: vae_only[0]=0.1332 vae_only[-1]=0.0674  vae_dit[0]=0.1438 vae_dit[-1]=0.3684  latent[0]=0.0087 latent[-1]=0.0791
[15/20] 0105_gamma1.1299999952: vae_only[0]=0.1173 vae_only[-1]=0.0367  vae_dit[0]=0.1217 vae_dit[-1]=0.2050  latent[0]=0.0090 latent[-1]=0.0623
[16/20] 0108_gamma1.1299999952: vae_only[0]=0.1113 vae_only[-1]=0.0569  vae_dit[0]=0.1190 vae_dit[-1]=0.4782  latent[0]=0.0073 latent[-1]=0.0901
[17/20] 0110_gamma1.1299999952: vae_only[0]=0.2154 vae_only[-1]=0.0919  vae_dit[0]=0.2317 vae_dit[-1]=0.4075  latent[0]=0.0079 latent[-1]=0.0772
[18/20] 0111_gamma1.1299999952: vae_only[0]=0.0926 vae_only[-1]=0.0941  vae_dit[0]=0.1068 vae_dit[-1]=0.5713  latent[0]=0.0095 latent[-1]=0.1035
[19/20] 0119_gamma1.1299999952: vae_only[0]=0.1199 vae_only[-1]=0.0233  vae_dit[0]=0.1327 vae_dit[-1]=0.2319  latent[0]=0.0084 latent[-1]=0.0488
[20/20] 0125_gamma1.1299999952: vae_only[0]=0.1082 vae_only[-1]=0.0384  vae_dit[0]=0.1158 vae_dit[-1]=0.2940  latent[0]=0.0085 latent[-1]=0.0733

======================================================================
n=20 sample(s), 101 frames
vae_only_per_frame trend (pure decode, no DiT): first-quarter mean=0.1097  last-quarter mean=0.0633  ratio=0.58x
vae_dit_per_frame  trend (full rollout+decode): first-quarter mean=0.3611  last-quarter mean=0.3882  ratio=1.07x
latent_per_frame   trend (DiT forecast, no decode): first-quarter mean=0.0579  last-quarter mean=0.0832  ratio=1.44x

Interpretation: if latent_per_frame's ratio is ~1 (flat) but vae_dit_per_frame's
ratio is >> 1 (grows), that points at decoder sensitivity (mechanism (a) in this
script's docstring). If BOTH ratios grow together, that points at compounding
rollout drift in the DiT itself (mechanism (b)).

Saved: logs/lundquist/diagnose_frame_drift/22779/frame_drift.json
permission denied while trying to connect to the Docker daemon socket at unix:///var/run/docker.sock: Get "http://%2Fvar%2Frun%2Fdocker.sock/v1.24/containers/json?filters=%7B%22label%22%3A%7B%22slurm_job_id%3D22779%22%3Atrue%7D%7D": dial unix /var/run/docker.sock: connect: permission denied
