job=22777 node=lundquist gpus=0
PREPROCESSED_DATA_ROOT: dit_preprocessed/finetune_vae_whole_structure_baseline_ep20_sds_untrained
DIT_CHECKPOINT: dit_outputs/lundquist/dit_sds_untrained/checkpoints/model_weights_step_08033.safetensors
SCALAR_CHECKPOINT: dit_outputs/lundquist/dit_sds_untrained/checkpoints/scalar_embedding_step_08033.safetensors
VAE_CHECKPOINT: finetune_vae_outputs/lundquist/finetune_vae_whole_structure_baseline_ep20_sds_untrained/checkpoints/vae_shockwave_best.safetensors
NORMALIZATION: finetune_vae_outputs/lundquist/finetune_vae_whole_structure_baseline_ep20_sds_untrained/training_config.yaml
NUM_SAMPLES: 20
REFERENCE_STD: 1.1500
OUT_DIR: logs/lundquist/diagnose_latent_scale/22777
/local/disk/hramachandran/miniconda/envs/windinet/lib/python3.10/site-packages/huggingface_hub/utils/_validators.py:205: UserWarning: The `local_dir_use_symlinks` argument is deprecated and ignored in `hf_hub_download`. Downloading to a local directory does not use symlinks anymore.
  warnings.warn(
Evaluating 20 held-out sim(s) from /local/disk/hramachandran/work/wh_work/windinet/euler_mq_dataset/128x128_ds/train.h5
Latent space verified: fingerprint 6fade32db7d8f184 matches the DiT's training latents
INFO     HTTP Request: HEAD                                      _client.py:1025
         https://huggingface.co/Lightricks/LTX-Video-0.9.5/resol                
         ve/main/vae/config.json "HTTP/1.1 307 Temporary                        
         Redirect"                                                              
INFO     HTTP Request: HEAD                                      _client.py:1025
         https://huggingface.co/api/resolve-cache/models/Lightri                
         cks/LTX-Video-0.9.5/e58e28c39631af4d1468ee57a853764e11c                
         1d37e/vae%2Fconfig.json "HTTP/1.1 200 OK"                              
INFO     HTTP Request: HEAD                                      _client.py:1025
         https://huggingface.co/Lightricks/LTX-Video-0.9.5/resol                
         ve/e58e28c39631af4d1468ee57a853764e11c1d37e/vae/diffusi                
         on_pytorch_model.safetensors.index.json "HTTP/1.1 404                  
         Not Found"                                                             
[windinet] loaded inflated VAE checkpoint: /local/disk/hramachandran/work/wh_work/windinet/finetune_vae_outputs/lundquist/finetune_vae_whole_structure_baseline_ep20_sds_untrained/checkpoints/vae_shockwave_best.safetensors (epoch=19, step=2261)
INFO     HTTP Request: HEAD                                      _client.py:1025
         https://huggingface.co/Lightricks/LTX-Video-0.9.5/resol                
         ve/main/scheduler/scheduler_config.json "HTTP/1.1 307                  
         Temporary Redirect"                                                    
INFO     HTTP Request: HEAD                                      _client.py:1025
         https://huggingface.co/api/resolve-cache/models/Lightri                
         cks/LTX-Video-0.9.5/e58e28c39631af4d1468ee57a853764e11c                
         1d37e/scheduler%2Fscheduler_config.json "HTTP/1.1 200                  
         OK"                                                                    
INFO     HTTP Request: HEAD                                      _client.py:1025
         https://huggingface.co/Lightricks/LTX-Video/resolve/mai                
         n/ltxv-2b-0.9.6-dev-04-25.safetensors "HTTP/1.1 302                    
         Found"                                                                 
INFO     HTTP Request: HEAD                                      _client.py:1025
         https://huggingface.co/Lightricks/LTX-Video-0.9.5/resol                
         ve/main/transformer/config.json "HTTP/1.1 307 Temporary                
         Redirect"                                                              
INFO     HTTP Request: HEAD                                      _client.py:1025
         https://huggingface.co/api/resolve-cache/models/Lightri                
         cks/LTX-Video-0.9.5/e58e28c39631af4d1468ee57a853764e11c                
         1d37e/transformer%2Fconfig.json "HTTP/1.1 200 OK"                      
[1/20] 0000_gamma1.1299999952: target_std=0.87041  raw_rmse=0.07410  vrmse=0.08514
[2/20] 0008_gamma1.1299999952: target_std=0.84274  raw_rmse=0.10475  vrmse=0.12430
[3/20] 0010_gamma1.1299999952: target_std=0.89321  raw_rmse=0.06497  vrmse=0.07274
[4/20] 0034_gamma1.1299999952: target_std=1.06339  raw_rmse=0.11729  vrmse=0.11030
[5/20] 0037_gamma1.1299999952: target_std=0.75284  raw_rmse=0.05183  vrmse=0.06885
[6/20] 0064_gamma1.1299999952: target_std=0.79785  raw_rmse=0.06202  vrmse=0.07773
[7/20] 0069_gamma1.1299999952: target_std=0.83484  raw_rmse=0.11252  vrmse=0.13478
[8/20] 0073_gamma1.1299999952: target_std=0.84330  raw_rmse=0.07431  vrmse=0.08812
[9/20] 0076_gamma1.1299999952: target_std=0.79427  raw_rmse=0.05708  vrmse=0.07186
[10/20] 0084_gamma1.1299999952: target_std=0.80119  raw_rmse=0.04259  vrmse=0.05316
[11/20] 0091_gamma1.1299999952: target_std=0.77750  raw_rmse=0.07039  vrmse=0.09054
[12/20] 0092_gamma1.1299999952: target_std=0.79700  raw_rmse=0.04967  vrmse=0.06232
[13/20] 0093_gamma1.1299999952: target_std=0.75572  raw_rmse=0.04452  vrmse=0.05891
[14/20] 0098_gamma1.1299999952: target_std=0.79485  raw_rmse=0.06612  vrmse=0.08319
[15/20] 0105_gamma1.1299999952: target_std=0.76501  raw_rmse=0.05187  vrmse=0.06780
[16/20] 0108_gamma1.1299999952: target_std=1.00097  raw_rmse=0.08566  vrmse=0.08558
[17/20] 0110_gamma1.1299999952: target_std=0.87842  raw_rmse=0.07685  vrmse=0.08749
[18/20] 0111_gamma1.1299999952: target_std=0.82169  raw_rmse=0.07527  vrmse=0.09160
[19/20] 0119_gamma1.1299999952: target_std=0.82150  raw_rmse=0.04483  vrmse=0.05457
[20/20] 0125_gamma1.1299999952: target_std=0.87250  raw_rmse=0.08832  vrmse=0.10123

======================================================================
n=20 sample(s)
target_std_mean   (target's own internal dynamic range) : 0.83896
latent_rmse_mean  (raw, UNNORMALIZED prediction error)  : 0.07075
latent_vrmse_mean (self-normalized, matches training viz): 0.08351

Cross-normalized against reference_std=1.15000:
  cross_normalized_vrmse = latent_rmse_mean / reference_std = 0.06152
  (compare this to latent_vrmse_mean above -- if it's much larger, the small
   latent_vrmse_mean was mostly this arm's own target variance shrinking, not
   genuinely more accurate absolute prediction)

Saved: logs/lundquist/diagnose_latent_scale/22777/scale_diagnostic.json
permission denied while trying to connect to the Docker daemon socket at unix:///var/run/docker.sock: Get "http://%2Fvar%2Frun%2Fdocker.sock/v1.24/containers/json?filters=%7B%22label%22%3A%7B%22slurm_job_id%3D22777%22%3Atrue%7D%7D": dial unix /var/run/docker.sock: connect: permission denied
