1 GPU x accum 1 -> effective batch 1; output_dir finetune_vae_outputs_lundquist/finetune_vae_overfit_lr5e5_wsd_tail_slowdecay
job=21690 node=lundquist gpus=0
/local/disk/hramachandran/miniconda/envs/windinet/lib/python3.10/site-packages/accelerate/utils/launch.py:236: UserWarning: Port `29500` is already in use. Accelerate will attempt to launch in a standalone-like mode by finding an open port automatically for this session. If this current attempt fails, or for more control in future runs, please specify a different port (e.g., `--main_process_port <your_chosen_port>`) or use `--main_process_port 0` for automatic selection in your launch command or Accelerate config file.
  warnings.warn(
                          VAE Finetuning Configuration                          
┏━━━━━━━━━━━━━━━━━━━━━━━━━━━━━━━━━━━━━━┳━━━━━━━━━━━━━━━━━━━━━━━━━━━━━━━━━━━━━━━┓
┃ Parameter                            ┃ Value                                 ┃
┡━━━━━━━━━━━━━━━━━━━━━━━━━━━━━━━━━━━━━━╇━━━━━━━━━━━━━━━━━━━━━━━━━━━━━━━━━━━━━━━┩
│ model.model_source                   │ LTXV_2B_0.9.6_DEV                     │
│ model.load_checkpoint                │ None                                  │
│ adapter.enabled                      │ True                                  │
│ adapter.checkpoint                   │ None                                  │
│ adapter.channels                     │ ['density', 'momentum_x',             │
│                                      │ 'momentum_y', 'pressure']             │
│ adapter.mode                         │ inflate                               │
│ adapter.inflate_init                 │ mean                                  │
│ adapter.freeze_conv_in               │ False                                 │
│ adapter.hidden_channels              │ 32                                    │
│ adapter.activation                   │ gelu                                  │
│ adapter.identity_init                │ False                                 │
│ adapter.default_temb                 │ 0.0                                   │
│ adapter.unfreeze_encoder_tail        │ True                                  │
│ data.data_root                       │ /local/disk/hramachandran/work/wh_wo… │
│ data.eval_sims                       │ 675                                   │
│ data.num_dataloader_workers          │ 4                                     │
│ data.num_sim_frames                  │ None                                  │
│ data.overfit_sims                    │ 8                                     │
│ data.overfit_repeat                  │ 5                                     │
│ data.channel_mean                    │ [0.905097647712509,                   │
│                                      │ 0.0040453659499771295,                │
│                                      │ -0.0019089379643528095, 0.9           │
│ data.channel_std                     │ [0.6607349375392083,                  │
│                                      │ 0.5328754120427532,                   │
│                                      │ 0.5262512462358824, 0.8050358         │
│ data.normalization_clip              │ 5.0                                   │
│ optimization.learning_rate           │ 5e-05                                 │
│ optimization.adapter_lr_multiplier   │ 1.0                                   │
│ optimization.min_learning_rate       │ 1e-06                                 │
│ optimization.encoder_tail_lr_multip… │ 0.1                                   │
│ optimization.scheduler_type          │ wsd                                   │
│ optimization.stable_fraction         │ 0.35                                  │
│ optimization.epochs                  │ 50                                    │
│ optimization.batch_size              │ 1                                     │
│ optimization.gradient_accumulation_… │ 1                                     │
│ optimization.max_grad_norm           │ 5.0                                   │
│ optimization.weight_decay            │ 0.0                                   │
│ optimization.warmup_steps            │ 50                                    │
│ optimization.warmup_start_factor     │ 0.01                                  │
│ optimization.enable_gradient_checkp… │ True                                  │
│ loss.wavelet                         │ db2                                   │
│ loss.spatial_level                   │ 2                                     │
│ loss.temporal_level                  │ 2                                     │
│ loss.mlw_beta                        │ 10.0                                  │
│ loss.mlw_eps                         │ 1e-06                                 │
│ loss_weighting.strategy              │ fixed                                 │
│ loss_weighting.weights               │ {'rmse': 1.0, 'h1': 50.0, 'ssim':     │
│                                      │ 0.15, 'mlw': 0.0}                     │
│ loss_weighting.loss_names            │ ['rmse', 'h1', 'ssim', 'mlw']         │
│ loss_weighting.alpha                 │ 1.5                                   │
│ loss_weighting.weight_lr             │ 0.025                                 │
│ loss_weighting.temperature           │ 0.1                                   │
│ visualization.enabled                │ True                                  │
│ visualization.interval_epochs        │ 5                                     │
│ visualization.num_samples            │ 2                                     │
│ visualization.frame_numbers          │ [25, 50, 75, 100]                     │
│ visualization.dpi                    │ 150                                   │
│ acceleration.mixed_precision_mode    │ bf16                                  │
│ acceleration.compile_with_inductor   │ False                                 │
│ acceleration.compilation_mode        │ reduce-overhead                       │
│ checkpoints.interval                 │ None                                  │
│ checkpoints.keep_last_n              │ 1                                     │
│ checkpoints.save_best_only           │ True                                  │
│ checkpoints.best_metric              │ val_vrmse                             │
│ checkpoints.save_last_state          │ False                                 │
│ wandb.enabled                        │ False                                 │
│ wandb.project                        │ windinet                              │
│ wandb.entity                         │ None                                  │
│ wandb.tags                           │ ['vae', 'diagnostic', 'overfit',      │
│                                      │ 'wsd', 'tail-unfreeze', 'slowdecay']  │
│ seed                                 │ 42                                    │
│ output_dir                           │ /local/disk/hramachandran/work/wh_wo… │
│ clean_output_dir                     │ True                                  │
│ resume_from                          │ None                                  │
│ resume_weights_only                  │ False                                 │
└──────────────────────────────────────┴───────────────────────────────────────┘
/local/disk/hramachandran/miniconda/envs/windinet/lib/python3.10/site-packages/huggingface_hub/utils/_validators.py:205: UserWarning: The `local_dir_use_symlinks` argument is deprecated and ignored in `hf_hub_download`. Downloading to a local directory does not use symlinks anymore.
  warnings.warn(
INFO     [rank 0] HTTP Request: HEAD                             _client.py:1025
         https://huggingface.co/Lightricks/LTX-Video-0.9.5/resol                
         ve/main/vae/config.json "HTTP/1.1 307 Temporary                        
         Redirect"                                                              
INFO     [rank 0] HTTP Request: HEAD                             _client.py:1025
         https://huggingface.co/api/resolve-cache/models/Lightri                
         cks/LTX-Video-0.9.5/e58e28c39631af4d1468ee57a853764e11c                
         1d37e/vae%2Fconfig.json "HTTP/1.1 200 OK"                              
INFO     [rank 0] HTTP Request: HEAD                             _client.py:1025
         https://huggingface.co/Lightricks/LTX-Video-0.9.5/resol                
         ve/e58e28c39631af4d1468ee57a853764e11c1d37e/vae/diffusi                
         on_pytorch_model.safetensors.index.json "HTTP/1.1 404                  
         Not Found"                                                             
INFO     [rank 0] VAE inflated to 4 native channels           vae_trainer.py:154
         (init=mean); encoder.conv_in is trainable                              
INFO     [rank 0] Encoder tail UNFROZEN (down_blocks[-1] +    vae_trainer.py:210
         mid_block + norm_out + conv_out): spatial                              
         compression (down_blocks[:-1]) stays frozen.                           
INFO     [rank 0] VAE gradient checkpointing enabled          vae_trainer.py:218
INFO     [rank 0] VAE loaded. Decoder params: 552,869,953     vae_trainer.py:224
INFO     [rank 0] Trainable parameters:                       vae_trainer.py:288
         encoder_conv_in=221,312, encoder_tail=580,454,785,                     
         decoder=552,869,953, in_adapter=0, out_adapter=0                       
WARNING  [rank 0] OVERFIT DIAGNOSTIC: training and evaluating vae_trainer.py:475
         on the same 8 sims (repeated 5x per epoch).                            
         val_vrmse measures memorization, not generalization.                   
INFO     [rank 0] Dataset: 8 train, 8 eval samples            vae_trainer.py:493
INFO     [rank 0] encoder.conv_in LR = 5.00e-05 (1x decoder   vae_trainer.py:517
         LR 5.00e-05)                                                           
INFO     [rank 0] encoder tail LR = 5.00e-06 (0.1x decoder LR vae_trainer.py:530
         5.00e-05)                                                              
INFO     [rank 0] LR schedule 'wsd': 2000 steps (50 warmup,   vae_trainer.py:582
         682 stable, 1268 anneal), peak 5.00e-05 -> floor                       
         1.00e-06                                                               
INFO     [rank 0] Config saved:                              vae_trainer.py:1179
         /local/disk/hramachandran/work/wh_work/windinet/fin                    
         etune_vae_outputs_lundquist/finetune_vae_overfit_lr                    
         5e5_wsd_tail_slowdecay/training_config.yaml                            
INFO     [rank 0] Starting VAE decoder finetuning...          vae_trainer.py:630
epoch 1 step 10  loss=0.185206  lr=1.04e-05  [rmse=0.1902 h1=0.0003 ssim=0.5510 mlw=80.0797]
epoch 1 step 20  loss=0.186505  lr=2.03e-05  [rmse=0.1017 h1=0.0007 ssim=0.3187 mlw=69.7892]
epoch 1 step 30  loss=0.178872  lr=3.02e-05  [rmse=0.0452 h1=0.0001 ssim=0.2716 mlw=74.7516]
epoch 1 step 40  loss=0.179144  lr=4.01e-05  [rmse=0.0613 h1=0.0006 ssim=0.3341 mlw=61.5827]
INFO     [rank 0] Loss weights: rmse=1.0000, h1=50.0000,      vae_trainer.py:786
         ssim=0.1500, mlw=0.0000                                                
INFO     [rank 0] Epoch 1: train_loss=0.179144                vae_trainer.py:807
         val_loss=0.208300  val_VRMSE=0.579500  lr=4.01e-05                     
INFO     [rank 0] Metrics updated: metrics/metrics.csv,       vae_trainer.py:827
         metrics/loss_curves.png                                                
INFO     [rank 0] Epoch 1 timing: train=33.4s eval=2.7s       vae_trainer.py:863
         viz=0.0s ckpt=0.0s total=36.8s                                         
epoch 2 step 50  loss=0.213614  lr=5.00e-05  [rmse=0.1875 h1=0.0003 ssim=0.5436 mlw=89.1157]
epoch 2 step 60  loss=0.205987  lr=5.00e-05  [rmse=0.1301 h1=0.0016 ssim=0.4201 mlw=115.8527]
epoch 2 step 70  loss=0.211989  lr=5.00e-05  [rmse=0.1849 h1=0.0003 ssim=0.4750 mlw=89.7937]
epoch 2 step 80  loss=0.202693  lr=5.00e-05  [rmse=0.1429 h1=0.0004 ssim=0.5008 mlw=76.6905]
INFO     [rank 0] Loss weights: rmse=1.0000, h1=50.0000,      vae_trainer.py:786
         ssim=0.1500, mlw=0.0000                                                
INFO     [rank 0] Epoch 2: train_loss=0.202693                vae_trainer.py:807
         val_loss=0.209777  val_VRMSE=0.586277  lr=5.00e-05                     
INFO     [rank 0] Metrics updated: metrics/metrics.csv,       vae_trainer.py:827
         metrics/loss_curves.png                                                
INFO     [rank 0] Epoch 2 timing: train=33.3s eval=2.7s       vae_trainer.py:863
         viz=0.0s ckpt=0.0s total=36.7s                                         
epoch 3 step 90  loss=0.217174  lr=5.00e-05  [rmse=0.1359 h1=0.0004 ssim=0.5681 mlw=77.6332]
epoch 3 step 100  loss=0.229364  lr=5.00e-05  [rmse=0.1385 h1=0.0012 ssim=0.4454 mlw=112.8090]
epoch 3 step 110  loss=0.226683  lr=5.00e-05  [rmse=0.0645 h1=0.0003 ssim=0.3336 mlw=85.2315]
epoch 3 step 120  loss=0.616112  lr=5.00e-05  [rmse=0.0716 h1=0.0004 ssim=0.3626 mlw=93.8575]
INFO     [rank 0] Loss weights: rmse=1.0000, h1=50.0000,      vae_trainer.py:786
         ssim=0.1500, mlw=0.0000                                                
INFO     [rank 0] Epoch 3: train_loss=0.616112                vae_trainer.py:807
         val_loss=0.527422  val_VRMSE=0.633858  lr=5.00e-05                     
INFO     [rank 0] Metrics updated: metrics/metrics.csv,       vae_trainer.py:827
         metrics/loss_curves.png                                                
INFO     [rank 0] Epoch 3 timing: train=33.2s eval=2.7s       vae_trainer.py:863
         viz=0.0s ckpt=0.0s total=36.6s                                         
epoch 4 step 130  loss=0.902630  lr=5.00e-05  [rmse=0.0690 h1=0.0003 ssim=0.3442 mlw=89.0191]
epoch 4 step 140  loss=0.569828  lr=5.00e-05  [rmse=0.1598 h1=0.0005 ssim=0.6651 mlw=85.4862]
epoch 4 step 150  loss=0.447059  lr=5.00e-05  [rmse=0.0540 h1=0.0002 ssim=0.3781 mlw=92.3165]
epoch 4 step 160  loss=0.384920  lr=5.00e-05  [rmse=0.1304 h1=0.0004 ssim=0.4498 mlw=77.4868]
INFO     [rank 0] Loss weights: rmse=1.0000, h1=50.0000,      vae_trainer.py:786
         ssim=0.1500, mlw=0.0000                                                
INFO     [rank 0] Epoch 4: train_loss=0.384920                vae_trainer.py:807
         val_loss=0.181665  val_VRMSE=0.488882  lr=5.00e-05                     
INFO     [rank 0] Metrics updated: metrics/metrics.csv,       vae_trainer.py:827
         metrics/loss_curves.png                                                
INFO     [rank 0] Epoch 4 timing: train=33.6s eval=2.7s       vae_trainer.py:863
         viz=0.0s ckpt=0.0s total=37.0s                                         
epoch 5 step 170  loss=0.198592  lr=5.00e-05  [rmse=0.0658 h1=0.0003 ssim=0.2851 mlw=81.8095]
epoch 5 step 180  loss=0.179992  lr=5.00e-05  [rmse=0.0556 h1=0.0003 ssim=0.2384 mlw=84.3900]
epoch 5 step 190  loss=0.182698  lr=5.00e-05  [rmse=0.2194 h1=0.0011 ssim=0.4807 mlw=112.4976]
epoch 5 step 200  loss=0.183592  lr=5.00e-05  [rmse=0.1038 h1=0.0009 ssim=0.3123 mlw=78.4913]
INFO     [rank 0] Loss weights: rmse=1.0000, h1=50.0000,      vae_trainer.py:786
         ssim=0.1500, mlw=0.0000                                                
INFO     [rank 0] Epoch 5: train_loss=0.183592                vae_trainer.py:807
         val_loss=0.176086  val_VRMSE=0.480406  lr=5.00e-05                     
INFO     [rank 0] Metrics updated: metrics/metrics.csv,       vae_trainer.py:827
         metrics/loss_curves.png                                                
INFO     [rank 0] Saved 8 validation reconstruction PNGs for  vae_trainer.py:978
         epoch 5                                                                
INFO     [rank 0] Epoch 5 timing: train=33.4s eval=2.7s       vae_trainer.py:863
         viz=10.8s ckpt=0.0s total=47.6s                                        
epoch 6 step 210  loss=0.159188  lr=5.00e-05  [rmse=0.0414 h1=0.0001 ssim=0.2001 mlw=86.8350]
epoch 6 step 220  loss=0.175723  lr=5.00e-05  [rmse=0.0529 h1=0.0006 ssim=0.2758 mlw=60.5027]
epoch 6 step 230  loss=0.167419  lr=5.00e-05  [rmse=0.0410 h1=0.0003 ssim=0.1994 mlw=86.6166]
epoch 6 step 240  loss=0.175716  lr=5.00e-05  [rmse=0.1243 h1=0.0012 ssim=0.3378 mlw=116.3880]
INFO     [rank 0] Loss weights: rmse=1.0000, h1=50.0000,      vae_trainer.py:786
         ssim=0.1500, mlw=0.0000                                                
INFO     [rank 0] Epoch 6: train_loss=0.175716                vae_trainer.py:807
         val_loss=0.156714  val_VRMSE=0.414624  lr=5.00e-05                     
INFO     [rank 0] Metrics updated: metrics/metrics.csv,       vae_trainer.py:827
         metrics/loss_curves.png                                                
INFO     [rank 0] Epoch 6 timing: train=33.5s eval=2.7s       vae_trainer.py:863
         viz=0.0s ckpt=0.0s total=36.8s                                         
epoch 7 step 250  loss=0.154774  lr=5.00e-05  [rmse=0.0428 h1=0.0001 ssim=0.2717 mlw=84.5463]
epoch 7 step 260  loss=0.151616  lr=5.00e-05  [rmse=0.0849 h1=0.0010 ssim=0.2726 mlw=112.9760]
epoch 7 step 270  loss=0.149739  lr=5.00e-05  [rmse=0.0434 h1=0.0002 ssim=0.2197 mlw=81.8445]
epoch 7 step 280  loss=0.145665  lr=5.00e-05  [rmse=0.0710 h1=0.0007 ssim=0.1940 mlw=77.6840]
INFO     [rank 0] Loss weights: rmse=1.0000, h1=50.0000,      vae_trainer.py:786
         ssim=0.1500, mlw=0.0000                                                
INFO     [rank 0] Epoch 7: train_loss=0.145665                vae_trainer.py:807
         val_loss=0.132438  val_VRMSE=0.324062  lr=5.00e-05                     
INFO     [rank 0] Metrics updated: metrics/metrics.csv,       vae_trainer.py:827
         metrics/loss_curves.png                                                
INFO     [rank 0] Epoch 7 timing: train=33.4s eval=2.7s       vae_trainer.py:863
         viz=0.0s ckpt=0.0s total=36.8s                                         
epoch 8 step 290  loss=0.125978  lr=5.00e-05  [rmse=0.0478 h1=0.0006 ssim=0.2960 mlw=61.4479]
epoch 8 step 300  loss=0.142087  lr=5.00e-05  [rmse=0.1075 h1=0.0002 ssim=0.6178 mlw=88.3521]
epoch 8 step 310  loss=0.151277  lr=5.00e-05  [rmse=0.0883 h1=0.0005 ssim=0.3548 mlw=85.8336]
epoch 8 step 320  loss=0.145685  lr=5.00e-05  [rmse=0.0531 h1=0.0006 ssim=0.3106 mlw=59.9163]
INFO     [rank 0] Loss weights: rmse=1.0000, h1=50.0000,      vae_trainer.py:786
         ssim=0.1500, mlw=0.0000                                                
INFO     [rank 0] Epoch 8: train_loss=0.145685                vae_trainer.py:807
         val_loss=0.146804  val_VRMSE=0.354097  lr=5.00e-05                     
INFO     [rank 0] Metrics updated: metrics/metrics.csv,       vae_trainer.py:827
         metrics/loss_curves.png                                                
INFO     [rank 0] Epoch 8 timing: train=33.5s eval=2.7s       vae_trainer.py:863
         viz=0.0s ckpt=0.0s total=36.9s                                         
epoch 9 step 330  loss=0.143980  lr=5.00e-05  [rmse=0.0321 h1=0.0002 ssim=0.1511 mlw=81.9317]
epoch 9 step 340  loss=0.127934  lr=5.00e-05  [rmse=0.0253 h1=0.0001 ssim=0.1400 mlw=86.0575]
epoch 9 step 350  loss=0.122173  lr=5.00e-05  [rmse=0.0629 h1=0.0005 ssim=0.3878 mlw=102.0413]
epoch 9 step 360  loss=0.127459  lr=5.00e-05  [rmse=0.0391 h1=0.0005 ssim=0.2095 mlw=61.8584]
INFO     [rank 0] Loss weights: rmse=1.0000, h1=50.0000,      vae_trainer.py:786
         ssim=0.1500, mlw=0.0000                                                
INFO     [rank 0] Epoch 9: train_loss=0.127459                vae_trainer.py:807
         val_loss=0.113372  val_VRMSE=0.275868  lr=5.00e-05                     
INFO     [rank 0] Metrics updated: metrics/metrics.csv,       vae_trainer.py:827
         metrics/loss_curves.png                                                
INFO     [rank 0] Epoch 9 timing: train=33.5s eval=2.7s       vae_trainer.py:863
         viz=0.0s ckpt=0.0s total=37.1s                                         
epoch 10 step 370  loss=0.119078  lr=5.00e-05  [rmse=0.0724 h1=0.0014 ssim=0.3314 mlw=88.2499]
epoch 10 step 380  loss=0.136734  lr=5.00e-05  [rmse=0.0651 h1=0.0010 ssim=0.2592 mlw=112.8739]
epoch 10 step 390  loss=0.121861  lr=5.00e-05  [rmse=0.0336 h1=0.0005 ssim=0.2175 mlw=60.9024]
epoch 10 step 400  loss=0.126047  lr=5.00e-05  [rmse=0.0667 h1=0.0008 ssim=0.3927 mlw=98.8230]
INFO     [rank 0] Loss weights: rmse=1.0000, h1=50.0000,      vae_trainer.py:786
         ssim=0.1500, mlw=0.0000                                                
INFO     [rank 0] Epoch 10: train_loss=0.126047               vae_trainer.py:807
         val_loss=0.144392  val_VRMSE=0.398061  lr=5.00e-05                     
INFO     [rank 0] Metrics updated: metrics/metrics.csv,       vae_trainer.py:827
         metrics/loss_curves.png                                                
INFO     [rank 0] Saved 8 validation reconstruction PNGs for  vae_trainer.py:978
         epoch 10                                                               
INFO     [rank 0] Epoch 10 timing: train=33.6s eval=2.7s      vae_trainer.py:863
         viz=10.9s ckpt=0.0s total=47.8s                                        
epoch 11 step 410  loss=0.107256  lr=5.00e-05  [rmse=0.0268 h1=0.0001 ssim=0.1432 mlw=83.8403]
epoch 11 step 420  loss=0.119385  lr=5.00e-05  [rmse=0.0555 h1=0.0003 ssim=0.3981 mlw=95.4400]
epoch 11 step 430  loss=0.116195  lr=5.00e-05  [rmse=0.0623 h1=0.0012 ssim=0.2545 mlw=114.0712]
epoch 11 step 440  loss=0.115089  lr=5.00e-05  [rmse=0.0362 h1=0.0002 ssim=0.2317 mlw=80.8890]
INFO     [rank 0] Loss weights: rmse=1.0000, h1=50.0000,      vae_trainer.py:786
         ssim=0.1500, mlw=0.0000                                                
INFO     [rank 0] Epoch 11: train_loss=0.115089               vae_trainer.py:807
         val_loss=0.108204  val_VRMSE=0.259689  lr=5.00e-05                     
INFO     [rank 0] Metrics updated: metrics/metrics.csv,       vae_trainer.py:827
         metrics/loss_curves.png                                                
INFO     [rank 0] Epoch 11 timing: train=33.3s eval=2.7s      vae_trainer.py:863
         viz=0.0s ckpt=0.0s total=36.9s                                         
epoch 12 step 450  loss=0.114074  lr=5.00e-05  [rmse=0.0301 h1=0.0002 ssim=0.1363 mlw=79.4236]
epoch 12 step 460  loss=0.111675  lr=5.00e-05  [rmse=0.0239 h1=0.0001 ssim=0.1306 mlw=81.8091]
epoch 12 step 470  loss=0.106051  lr=5.00e-05  [rmse=0.0326 h1=0.0002 ssim=0.1549 mlw=82.6937]
epoch 12 step 480  loss=0.112831  lr=5.00e-05  [rmse=0.0531 h1=0.0008 ssim=0.3858 mlw=102.6639]
INFO     [rank 0] Loss weights: rmse=1.0000, h1=50.0000,      vae_trainer.py:786
         ssim=0.1500, mlw=0.0000                                                
INFO     [rank 0] Epoch 12: train_loss=0.112831               vae_trainer.py:807
         val_loss=0.120082  val_VRMSE=0.270556  lr=5.00e-05                     
INFO     [rank 0] Metrics updated: metrics/metrics.csv,       vae_trainer.py:827
         metrics/loss_curves.png                                                
INFO     [rank 0] Epoch 12 timing: train=33.3s eval=2.7s      vae_trainer.py:863
         viz=0.0s ckpt=0.0s total=36.7s                                         
epoch 13 step 490  loss=0.130622  lr=5.00e-05  [rmse=0.0787 h1=0.0016 ssim=0.2702 mlw=117.9427]
epoch 13 step 500  loss=0.126440  lr=5.00e-05  [rmse=0.0502 h1=0.0005 ssim=0.3192 mlw=59.7793]
epoch 13 step 510  loss=0.121176  lr=5.00e-05  [rmse=0.0525 h1=0.0007 ssim=0.1577 mlw=78.6779]
epoch 13 step 520  loss=0.121582  lr=5.00e-05  [rmse=0.0571 h1=0.0006 ssim=0.2540 mlw=97.6693]
INFO     [rank 0] Loss weights: rmse=1.0000, h1=50.0000,      vae_trainer.py:786
         ssim=0.1500, mlw=0.0000                                                
INFO     [rank 0] Epoch 13: train_loss=0.121582               vae_trainer.py:807
         val_loss=0.091600  val_VRMSE=0.209760  lr=5.00e-05                     
INFO     [rank 0] Metrics updated: metrics/metrics.csv,       vae_trainer.py:827
         metrics/loss_curves.png                                                
INFO     [rank 0] Epoch 13 timing: train=33.5s eval=2.7s      vae_trainer.py:863
         viz=0.0s ckpt=0.0s total=37.0s                                         
epoch 14 step 530  loss=0.121982  lr=5.00e-05  [rmse=0.0776 h1=0.0004 ssim=0.3728 mlw=99.5897]
epoch 14 step 540  loss=0.104228  lr=5.00e-05  [rmse=0.0356 h1=0.0002 ssim=0.1629 mlw=79.9219]
epoch 14 step 550  loss=0.105718  lr=5.00e-05  [rmse=0.0544 h1=0.0013 ssim=0.2922 mlw=113.7452]
epoch 14 step 560  loss=0.111855  lr=5.00e-05  [rmse=0.0848 h1=0.0016 ssim=0.3215 mlw=119.6663]
INFO     [rank 0] Loss weights: rmse=1.0000, h1=50.0000,      vae_trainer.py:786
         ssim=0.1500, mlw=0.0000                                                
INFO     [rank 0] Epoch 14: train_loss=0.111855               vae_trainer.py:807
         val_loss=0.119263  val_VRMSE=0.263006  lr=5.00e-05                     
INFO     [rank 0] Metrics updated: metrics/metrics.csv,       vae_trainer.py:827
         metrics/loss_curves.png                                                
INFO     [rank 0] Epoch 14 timing: train=33.4s eval=2.7s      vae_trainer.py:863
         viz=0.0s ckpt=0.0s total=36.8s                                         
epoch 15 step 570  loss=0.119395  lr=5.00e-05  [rmse=0.0516 h1=0.0008 ssim=0.2510 mlw=99.0018]
epoch 15 step 580  loss=0.108777  lr=5.00e-05  [rmse=0.0458 h1=0.0003 ssim=0.1227 mlw=73.1140]
epoch 15 step 590  loss=0.099995  lr=5.00e-05  [rmse=0.0475 h1=0.0003 ssim=0.3298 mlw=92.1695]
epoch 15 step 600  loss=0.092408  lr=5.00e-05  [rmse=0.0535 h1=0.0006 ssim=0.1619 mlw=96.3683]
INFO     [rank 0] Loss weights: rmse=1.0000, h1=50.0000,      vae_trainer.py:786
         ssim=0.1500, mlw=0.0000                                                
INFO     [rank 0] Epoch 15: train_loss=0.092408               vae_trainer.py:807
         val_loss=0.111437  val_VRMSE=0.270063  lr=5.00e-05                     
INFO     [rank 0] Metrics updated: metrics/metrics.csv,       vae_trainer.py:827
         metrics/loss_curves.png                                                
INFO     [rank 0] Saved 8 validation reconstruction PNGs for  vae_trainer.py:978
         epoch 15                                                               
INFO     [rank 0] Epoch 15 timing: train=33.4s eval=2.7s      vae_trainer.py:863
         viz=11.2s ckpt=0.0s total=48.0s                                        
epoch 16 step 610  loss=0.115995  lr=5.00e-05  [rmse=0.0631 h1=0.0008 ssim=0.2333 mlw=109.5740]
epoch 16 step 620  loss=0.105335  lr=5.00e-05  [rmse=0.0401 h1=0.0006 ssim=0.1724 mlw=93.5598]
epoch 16 step 630  loss=0.102066  lr=5.00e-05  [rmse=0.0370 h1=0.0003 ssim=0.2284 mlw=91.7085]
epoch 16 step 640  loss=0.101042  lr=5.00e-05  [rmse=0.0310 h1=0.0002 ssim=0.1202 mlw=78.9951]
INFO     [rank 0] Loss weights: rmse=1.0000, h1=50.0000,      vae_trainer.py:786
         ssim=0.1500, mlw=0.0000                                                
INFO     [rank 0] Epoch 16: train_loss=0.101042               vae_trainer.py:807
         val_loss=0.079911  val_VRMSE=0.192545  lr=5.00e-05                     
INFO     [rank 0] Metrics updated: metrics/metrics.csv,       vae_trainer.py:827
         metrics/loss_curves.png                                                
INFO     [rank 0] Epoch 16 timing: train=33.4s eval=2.7s      vae_trainer.py:863
         viz=0.0s ckpt=0.0s total=36.8s                                         
epoch 17 step 650  loss=0.074446  lr=5.00e-05  [rmse=0.0463 h1=0.0003 ssim=0.2023 mlw=90.7473]
epoch 17 step 660  loss=0.074520  lr=5.00e-05  [rmse=0.0399 h1=0.0003 ssim=0.1311 mlw=70.8616]
epoch 17 step 670  loss=0.076853  lr=5.00e-05  [rmse=0.0332 h1=0.0005 ssim=0.1466 mlw=92.6497]
epoch 17 step 680  loss=0.078747  lr=5.00e-05  [rmse=0.0468 h1=0.0007 ssim=0.1462 mlw=79.0363]
INFO     [rank 0] Loss weights: rmse=1.0000, h1=50.0000,      vae_trainer.py:786
         ssim=0.1500, mlw=0.0000                                                
INFO     [rank 0] Epoch 17: train_loss=0.078747               vae_trainer.py:807
         val_loss=0.082623  val_VRMSE=0.196792  lr=5.00e-05                     
INFO     [rank 0] Metrics updated: metrics/metrics.csv,       vae_trainer.py:827
         metrics/loss_curves.png                                                
INFO     [rank 0] Epoch 17 timing: train=33.3s eval=2.7s      vae_trainer.py:863
         viz=0.0s ckpt=0.0s total=36.9s                                         
epoch 18 step 690  loss=0.079666  lr=5.00e-05  [rmse=0.0301 h1=0.0004 ssim=0.1539 mlw=58.6283]
epoch 18 step 700  loss=0.086505  lr=5.00e-05  [rmse=0.0233 h1=0.0002 ssim=0.1331 mlw=77.9496]
epoch 18 step 710  loss=0.081540  lr=5.00e-05  [rmse=0.0327 h1=0.0003 ssim=0.0991 mlw=71.6060]
epoch 18 step 720  loss=0.083549  lr=5.00e-05  [rmse=0.0167 h1=0.0001 ssim=0.0864 mlw=79.3546]
INFO     [rank 0] Loss weights: rmse=1.0000, h1=50.0000,      vae_trainer.py:786
         ssim=0.1500, mlw=0.0000                                                
INFO     [rank 0] Epoch 18: train_loss=0.083549               vae_trainer.py:807
         val_loss=0.078386  val_VRMSE=0.178261  lr=5.00e-05                     
INFO     [rank 0] Metrics updated: metrics/metrics.csv,       vae_trainer.py:827
         metrics/loss_curves.png                                                
INFO     [rank 0] Epoch 18 timing: train=33.4s eval=2.7s      vae_trainer.py:863
         viz=0.0s ckpt=0.0s total=36.8s                                         
epoch 19 step 730  loss=0.097492  lr=5.00e-05  [rmse=0.0434 h1=0.0002 ssim=0.3353 mlw=88.3725]
epoch 19 step 740  loss=0.088082  lr=5.00e-05  [rmse=0.0466 h1=0.0008 ssim=0.1278 mlw=75.7671]
epoch 19 step 750  loss=0.088629  lr=5.00e-05  [rmse=0.0342 h1=0.0005 ssim=0.2393 mlw=58.6878]
epoch 19 step 760  loss=0.086137  lr=4.99e-05  [rmse=0.0201 h1=0.0001 ssim=0.0976 mlw=80.0575]
INFO     [rank 0] Loss weights: rmse=1.0000, h1=50.0000,      vae_trainer.py:786
         ssim=0.1500, mlw=0.0000                                                
INFO     [rank 0] Epoch 19: train_loss=0.086137               vae_trainer.py:807
         val_loss=0.083199  val_VRMSE=0.183798  lr=4.99e-05                     
INFO     [rank 0] Metrics updated: metrics/metrics.csv,       vae_trainer.py:827
         metrics/loss_curves.png                                                
INFO     [rank 0] Epoch 19 timing: train=33.3s eval=2.7s      vae_trainer.py:863
         viz=0.0s ckpt=0.0s total=36.9s                                         
epoch 20 step 770  loss=0.087110  lr=4.99e-05  [rmse=0.0405 h1=0.0003 ssim=0.1273 mlw=71.3131]
epoch 20 step 780  loss=0.091118  lr=4.98e-05  [rmse=0.0433 h1=0.0007 ssim=0.1542 mlw=78.0933]
epoch 20 step 790  loss=0.086490  lr=4.97e-05  [rmse=0.0146 h1=0.0001 ssim=0.0659 mlw=79.4772]
epoch 20 step 800  loss=0.082104  lr=4.97e-05  [rmse=0.0481 h1=0.0010 ssim=0.1917 mlw=108.7646]
INFO     [rank 0] Loss weights: rmse=1.0000, h1=50.0000,      vae_trainer.py:786
         ssim=0.1500, mlw=0.0000                                                
INFO     [rank 0] Epoch 20: train_loss=0.082104               vae_trainer.py:807
         val_loss=0.062996  val_VRMSE=0.135535  lr=4.97e-05                     
INFO     [rank 0] Metrics updated: metrics/metrics.csv,       vae_trainer.py:827
         metrics/loss_curves.png                                                
INFO     [rank 0] Saved 8 validation reconstruction PNGs for  vae_trainer.py:978
         epoch 20                                                               
INFO     [rank 0] Epoch 20 timing: train=33.5s eval=2.7s      vae_trainer.py:863
         viz=11.0s ckpt=0.0s total=47.9s                                        
epoch 21 step 810  loss=0.055543  lr=4.95e-05  [rmse=0.0451 h1=0.0006 ssim=0.2069 mlw=92.5782]
epoch 21 step 820  loss=0.066223  lr=4.94e-05  [rmse=0.0304 h1=0.0007 ssim=0.1206 mlw=104.8967]
epoch 21 step 830  loss=0.067941  lr=4.93e-05  [rmse=0.0125 h1=0.0001 ssim=0.0597 mlw=76.8087]
epoch 21 step 840  loss=0.065190  lr=4.91e-05  [rmse=0.0584 h1=0.0009 ssim=0.1643 mlw=105.5510]
INFO     [rank 0] Loss weights: rmse=1.0000, h1=50.0000,      vae_trainer.py:786
         ssim=0.1500, mlw=0.0000                                                
INFO     [rank 0] Epoch 21: train_loss=0.065190               vae_trainer.py:807
         val_loss=0.066968  val_VRMSE=0.155560  lr=4.91e-05                     
INFO     [rank 0] Metrics updated: metrics/metrics.csv,       vae_trainer.py:827
         metrics/loss_curves.png                                                
INFO     [rank 0] Epoch 21 timing: train=33.4s eval=2.7s      vae_trainer.py:863
         viz=0.0s ckpt=0.0s total=37.0s                                         
epoch 22 step 850  loss=0.060988  lr=4.90e-05  [rmse=0.0188 h1=0.0002 ssim=0.1011 mlw=83.9118]
epoch 22 step 860  loss=0.065152  lr=4.88e-05  [rmse=0.0193 h1=0.0001 ssim=0.1039 mlw=76.2883]
epoch 22 step 870  loss=0.067322  lr=4.86e-05  [rmse=0.0354 h1=0.0005 ssim=0.1155 mlw=74.0272]
epoch 22 step 880  loss=0.067618  lr=4.84e-05  [rmse=0.0653 h1=0.0008 ssim=0.1483 mlw=104.5072]
INFO     [rank 0] Loss weights: rmse=1.0000, h1=50.0000,      vae_trainer.py:786
         ssim=0.1500, mlw=0.0000                                                
INFO     [rank 0] Epoch 22: train_loss=0.067618               vae_trainer.py:807
         val_loss=0.060338  val_VRMSE=0.127999  lr=4.84e-05                     
INFO     [rank 0] Metrics updated: metrics/metrics.csv,       vae_trainer.py:827
         metrics/loss_curves.png                                                
INFO     [rank 0] Epoch 22 timing: train=33.4s eval=2.7s      vae_trainer.py:863
         viz=0.0s ckpt=0.0s total=36.7s                                         
epoch 23 step 890  loss=0.057017  lr=4.81e-05  [rmse=0.0151 h1=0.0001 ssim=0.0717 mlw=77.3457]
epoch 23 step 900  loss=0.061646  lr=4.79e-05  [rmse=0.0223 h1=0.0005 ssim=0.0976 mlw=90.2189]
epoch 23 step 910  loss=0.057878  lr=4.77e-05  [rmse=0.0449 h1=0.0005 ssim=0.0988 mlw=72.9060]
epoch 23 step 920  loss=0.061493  lr=4.74e-05  [rmse=0.0551 h1=0.0002 ssim=0.1712 mlw=83.4437]
INFO     [rank 0] Loss weights: rmse=1.0000, h1=50.0000,      vae_trainer.py:786
         ssim=0.1500, mlw=0.0000                                                
INFO     [rank 0] Epoch 23: train_loss=0.061493               vae_trainer.py:807
         val_loss=0.061624  val_VRMSE=0.151802  lr=4.74e-05                     
INFO     [rank 0] Metrics updated: metrics/metrics.csv,       vae_trainer.py:827
         metrics/loss_curves.png                                                
INFO     [rank 0] Epoch 23 timing: train=33.5s eval=2.7s      vae_trainer.py:863
         viz=0.0s ckpt=0.0s total=37.0s                                         
epoch 24 step 930  loss=0.069644  lr=4.71e-05  [rmse=0.0278 h1=0.0006 ssim=0.0975 mlw=103.1763]
epoch 24 step 940  loss=0.068021  lr=4.68e-05  [rmse=0.0565 h1=0.0007 ssim=0.1858 mlw=104.5704]
epoch 24 step 950  loss=0.068928  lr=4.65e-05  [rmse=0.0284 h1=0.0002 ssim=0.1770 mlw=86.1400]
epoch 24 step 960  loss=0.065060  lr=4.62e-05  [rmse=0.0294 h1=0.0006 ssim=0.0755 mlw=72.5633]
INFO     [rank 0] Loss weights: rmse=1.0000, h1=50.0000,      vae_trainer.py:786
         ssim=0.1500, mlw=0.0000                                                
INFO     [rank 0] Epoch 24: train_loss=0.065060               vae_trainer.py:807
         val_loss=0.083742  val_VRMSE=0.163446  lr=4.62e-05                     
INFO     [rank 0] Metrics updated: metrics/metrics.csv,       vae_trainer.py:827
         metrics/loss_curves.png                                                
INFO     [rank 0] Epoch 24 timing: train=33.4s eval=2.7s      vae_trainer.py:863
         viz=0.0s ckpt=0.0s total=36.8s                                         
epoch 25 step 970  loss=0.057461  lr=4.59e-05  [rmse=0.0099 h1=0.0001 ssim=0.0507 mlw=76.8615]
epoch 25 step 980  loss=0.063076  lr=4.55e-05  [rmse=0.0312 h1=0.0006 ssim=0.0868 mlw=72.3019]
epoch 25 step 990  loss=0.063705  lr=4.52e-05  [rmse=0.0288 h1=0.0003 ssim=0.1026 mlw=67.0861]
epoch 25 step 1000  loss=0.065480  lr=4.48e-05  [rmse=0.0297 h1=0.0006 ssim=0.1009 mlw=102.6872]
INFO     [rank 0] Loss weights: rmse=1.0000, h1=50.0000,      vae_trainer.py:786
         ssim=0.1500, mlw=0.0000                                                
INFO     [rank 0] Epoch 25: train_loss=0.065480               vae_trainer.py:807
         val_loss=0.061515  val_VRMSE=0.165012  lr=4.48e-05                     
INFO     [rank 0] Metrics updated: metrics/metrics.csv,       vae_trainer.py:827
         metrics/loss_curves.png                                                
INFO     [rank 0] Saved 8 validation reconstruction PNGs for  vae_trainer.py:978
         epoch 25                                                               
INFO     [rank 0] Epoch 25 timing: train=33.4s eval=2.7s      vae_trainer.py:863
         viz=11.1s ckpt=0.0s total=47.9s                                        
epoch 26 step 1010  loss=0.056420  lr=4.44e-05  [rmse=0.0133 h1=0.0001 ssim=0.0722 mlw=76.0153]
epoch 26 step 1020  loss=0.063866  lr=4.40e-05  [rmse=0.0290 h1=0.0005 ssim=0.0804 mlw=72.8475]
epoch 26 step 1030  loss=0.066198  lr=4.36e-05  [rmse=0.0316 h1=0.0002 ssim=0.0887 mlw=67.5487]
epoch 26 step 1040  loss=0.066806  lr=4.32e-05  [rmse=0.0163 h1=0.0001 ssim=0.0894 mlw=77.3107]
INFO     [rank 0] Loss weights: rmse=1.0000, h1=50.0000,      vae_trainer.py:786
         ssim=0.1500, mlw=0.0000                                                
INFO     [rank 0] Epoch 26: train_loss=0.066806               vae_trainer.py:807
         val_loss=0.082340  val_VRMSE=0.204906  lr=4.32e-05                     
INFO     [rank 0] Metrics updated: metrics/metrics.csv,       vae_trainer.py:827
         metrics/loss_curves.png                                                
INFO     [rank 0] Epoch 26 timing: train=33.3s eval=2.7s      vae_trainer.py:863
         viz=0.0s ckpt=0.0s total=36.7s                                         
epoch 27 step 1050  loss=0.072272  lr=4.28e-05  [rmse=0.0272 h1=0.0005 ssim=0.0793 mlw=73.3272]
epoch 27 step 1060  loss=0.071341  lr=4.23e-05  [rmse=0.0712 h1=0.0009 ssim=0.1483 mlw=104.5338]
epoch 27 step 1070  loss=0.065363  lr=4.19e-05  [rmse=0.0270 h1=0.0004 ssim=0.1574 mlw=54.9284]
epoch 27 step 1080  loss=0.064569  lr=4.14e-05  [rmse=0.0271 h1=0.0004 ssim=0.1301 mlw=89.4632]
INFO     [rank 0] Loss weights: rmse=1.0000, h1=50.0000,      vae_trainer.py:786
         ssim=0.1500, mlw=0.0000                                                
INFO     [rank 0] Epoch 27: train_loss=0.064569               vae_trainer.py:807
         val_loss=0.072997  val_VRMSE=0.184020  lr=4.14e-05                     
INFO     [rank 0] Metrics updated: metrics/metrics.csv,       vae_trainer.py:827
         metrics/loss_curves.png                                                
INFO     [rank 0] Epoch 27 timing: train=33.4s eval=2.7s      vae_trainer.py:863
         viz=0.0s ckpt=0.0s total=36.8s                                         
epoch 28 step 1090  loss=0.054640  lr=4.10e-05  [rmse=0.0129 h1=0.0001 ssim=0.0659 mlw=74.0532]
epoch 28 step 1100  loss=0.058584  lr=4.05e-05  [rmse=0.0344 h1=0.0002 ssim=0.1380 mlw=86.5818]
epoch 28 step 1110  loss=0.058318  lr=4.00e-05  [rmse=0.0345 h1=0.0001 ssim=0.0867 mlw=81.8362]
epoch 28 step 1120  loss=0.060534  lr=3.95e-05  [rmse=0.0569 h1=0.0005 ssim=0.1834 mlw=89.1685]
INFO     [rank 0] Loss weights: rmse=1.0000, h1=50.0000,      vae_trainer.py:786
         ssim=0.1500, mlw=0.0000                                                
INFO     [rank 0] Epoch 28: train_loss=0.060534               vae_trainer.py:807
         val_loss=0.060502  val_VRMSE=0.133108  lr=3.95e-05                     
INFO     [rank 0] Metrics updated: metrics/metrics.csv,       vae_trainer.py:827
         metrics/loss_curves.png                                                
INFO     [rank 0] Epoch 28 timing: train=33.6s eval=2.7s      vae_trainer.py:863
         viz=0.0s ckpt=0.0s total=37.0s                                         
epoch 29 step 1130  loss=0.054557  lr=3.90e-05  [rmse=0.0274 h1=0.0001 ssim=0.1358 mlw=73.7509]
epoch 29 step 1140  loss=0.053430  lr=3.85e-05  [rmse=0.0156 h1=0.0001 ssim=0.0766 mlw=73.6555]
epoch 29 step 1150  loss=0.052485  lr=3.80e-05  [rmse=0.0231 h1=0.0001 ssim=0.1998 mlw=82.5605]
epoch 29 step 1160  loss=0.058108  lr=3.75e-05  [rmse=0.0333 h1=0.0005 ssim=0.0934 mlw=71.2707]
INFO     [rank 0] Loss weights: rmse=1.0000, h1=50.0000,      vae_trainer.py:786
         ssim=0.1500, mlw=0.0000                                                
INFO     [rank 0] Epoch 29: train_loss=0.058108               vae_trainer.py:807
         val_loss=0.068805  val_VRMSE=0.166786  lr=3.75e-05                     
INFO     [rank 0] Metrics updated: metrics/metrics.csv,       vae_trainer.py:827
         metrics/loss_curves.png                                                
INFO     [rank 0] Epoch 29 timing: train=33.5s eval=2.7s      vae_trainer.py:863
         viz=0.0s ckpt=0.0s total=36.9s                                         
epoch 30 step 1170  loss=0.064300  lr=3.69e-05  [rmse=0.0133 h1=0.0001 ssim=0.0744 mlw=74.8554]
epoch 30 step 1180  loss=0.060624  lr=3.64e-05  [rmse=0.0183 h1=0.0001 ssim=0.0930 mlw=74.0148]
epoch 30 step 1190  loss=0.058151  lr=3.58e-05  [rmse=0.0126 h1=0.0001 ssim=0.0590 mlw=74.2520]
epoch 30 step 1200  loss=0.057770  lr=3.53e-05  [rmse=0.0237 h1=0.0004 ssim=0.0690 mlw=71.2162]
INFO     [rank 0] Loss weights: rmse=1.0000, h1=50.0000,      vae_trainer.py:786
         ssim=0.1500, mlw=0.0000                                                
INFO     [rank 0] Epoch 30: train_loss=0.057770               vae_trainer.py:807
         val_loss=0.058552  val_VRMSE=0.147527  lr=3.53e-05                     
INFO     [rank 0] Metrics updated: metrics/metrics.csv,       vae_trainer.py:827
         metrics/loss_curves.png                                                
INFO     [rank 0] Saved 8 validation reconstruction PNGs for  vae_trainer.py:978
         epoch 30                                                               
INFO     [rank 0] Epoch 30 timing: train=33.6s eval=2.7s      vae_trainer.py:863
         viz=10.9s ckpt=0.0s total=48.0s                                        
epoch 31 step 1210  loss=0.053679  lr=3.47e-05  [rmse=0.0259 h1=0.0005 ssim=0.0750 mlw=71.0816]
epoch 31 step 1220  loss=0.049163  lr=3.42e-05  [rmse=0.0201 h1=0.0004 ssim=0.0859 mlw=87.5706]
epoch 31 step 1230  loss=0.049147  lr=3.36e-05  [rmse=0.0207 h1=0.0004 ssim=0.0704 mlw=87.6413]
epoch 31 step 1240  loss=0.051122  lr=3.30e-05  [rmse=0.0127 h1=0.0001 ssim=0.0557 mlw=73.0839]
INFO     [rank 0] Loss weights: rmse=1.0000, h1=50.0000,      vae_trainer.py:786
         ssim=0.1500, mlw=0.0000                                                
INFO     [rank 0] Epoch 31: train_loss=0.051122               vae_trainer.py:807
         val_loss=0.053381  val_VRMSE=0.120181  lr=3.30e-05                     
INFO     [rank 0] Metrics updated: metrics/metrics.csv,       vae_trainer.py:827
         metrics/loss_curves.png                                                
INFO     [rank 0] Epoch 31 timing: train=33.3s eval=2.7s      vae_trainer.py:863
         viz=0.0s ckpt=0.0s total=37.0s                                         
epoch 32 step 1250  loss=0.056459  lr=3.24e-05  [rmse=0.0536 h1=0.0006 ssim=0.1423 mlw=101.2629]
epoch 32 step 1260  loss=0.053962  lr=3.19e-05  [rmse=0.0175 h1=0.0003 ssim=0.0883 mlw=54.2495]
epoch 32 step 1270  loss=0.052805  lr=3.13e-05  [rmse=0.0189 h1=0.0002 ssim=0.0498 mlw=65.8956]
epoch 32 step 1280  loss=0.048685  lr=3.07e-05  [rmse=0.0101 h1=0.0001 ssim=0.0432 mlw=72.8137]
INFO     [rank 0] Loss weights: rmse=1.0000, h1=50.0000,      vae_trainer.py:786
         ssim=0.1500, mlw=0.0000                                                
INFO     [rank 0] Epoch 32: train_loss=0.048685               vae_trainer.py:807
         val_loss=0.054595  val_VRMSE=0.106940  lr=3.07e-05                     
INFO     [rank 0] Metrics updated: metrics/metrics.csv,       vae_trainer.py:827
         metrics/loss_curves.png                                                
INFO     [rank 0] Epoch 32 timing: train=33.4s eval=2.7s      vae_trainer.py:863
         viz=0.0s ckpt=0.0s total=36.8s                                         
epoch 33 step 1290  loss=0.058516  lr=3.01e-05  [rmse=0.0233 h1=0.0002 ssim=0.0723 mlw=65.6445]
epoch 33 step 1300  loss=0.056453  lr=2.95e-05  [rmse=0.0199 h1=0.0004 ssim=0.0590 mlw=69.7689]
epoch 33 step 1310  loss=0.054493  lr=2.89e-05  [rmse=0.0170 h1=0.0002 ssim=0.0850 mlw=73.4316]
epoch 33 step 1320  loss=0.055785  lr=2.83e-05  [rmse=0.0361 h1=0.0006 ssim=0.1292 mlw=101.0986]
INFO     [rank 0] Loss weights: rmse=1.0000, h1=50.0000,      vae_trainer.py:786
         ssim=0.1500, mlw=0.0000                                                
INFO     [rank 0] Epoch 33: train_loss=0.055785               vae_trainer.py:807
         val_loss=0.053837  val_VRMSE=0.124090  lr=2.83e-05                     
INFO     [rank 0] Metrics updated: metrics/metrics.csv,       vae_trainer.py:827
         metrics/loss_curves.png                                                
INFO     [rank 0] Epoch 33 timing: train=33.5s eval=2.7s      vae_trainer.py:863
         viz=0.0s ckpt=0.0s total=37.1s                                         
epoch 34 step 1330  loss=0.044872  lr=2.77e-05  [rmse=0.0235 h1=0.0002 ssim=0.0615 mlw=63.8858]
epoch 34 step 1340  loss=0.048104  lr=2.71e-05  [rmse=0.0182 h1=0.0001 ssim=0.1219 mlw=80.7050]
epoch 34 step 1350  loss=0.049363  lr=2.65e-05  [rmse=0.0222 h1=0.0004 ssim=0.1115 mlw=87.5883]
epoch 34 step 1360  loss=0.048946  lr=2.59e-05  [rmse=0.0150 h1=0.0001 ssim=0.0910 mlw=72.5366]
INFO     [rank 0] Loss weights: rmse=1.0000, h1=50.0000,      vae_trainer.py:786
         ssim=0.1500, mlw=0.0000                                                
INFO     [rank 0] Epoch 34: train_loss=0.048946               vae_trainer.py:807
         val_loss=0.049394  val_VRMSE=0.110927  lr=2.59e-05                     
INFO     [rank 0] Metrics updated: metrics/metrics.csv,       vae_trainer.py:827
         metrics/loss_curves.png                                                
INFO     [rank 0] Epoch 34 timing: train=33.4s eval=2.7s      vae_trainer.py:863
         viz=0.0s ckpt=0.0s total=36.8s                                         
epoch 35 step 1370  loss=0.042813  lr=2.53e-05  [rmse=0.0101 h1=0.0000 ssim=0.0578 mlw=73.2830]
epoch 35 step 1380  loss=0.041225  lr=2.47e-05  [rmse=0.0074 h1=0.0000 ssim=0.0343 mlw=73.2522]
epoch 35 step 1390  loss=0.042496  lr=2.40e-05  [rmse=0.0194 h1=0.0005 ssim=0.0621 mlw=99.8115]
epoch 35 step 1400  loss=0.045539  lr=2.34e-05  [rmse=0.0258 h1=0.0001 ssim=0.2580 mlw=80.8329]
INFO     [rank 0] Loss weights: rmse=1.0000, h1=50.0000,      vae_trainer.py:786
         ssim=0.1500, mlw=0.0000                                                
INFO     [rank 0] Epoch 35: train_loss=0.045539               vae_trainer.py:807
         val_loss=0.041803  val_VRMSE=0.085641  lr=2.34e-05                     
INFO     [rank 0] Metrics updated: metrics/metrics.csv,       vae_trainer.py:827
         metrics/loss_curves.png                                                
INFO     [rank 0] Saved 8 validation reconstruction PNGs for  vae_trainer.py:978
         epoch 35                                                               
INFO     [rank 0] Epoch 35 timing: train=33.5s eval=2.7s      vae_trainer.py:863
         viz=11.0s ckpt=0.0s total=48.1s                                        
epoch 36 step 1410  loss=0.044886  lr=2.28e-05  [rmse=0.0204 h1=0.0005 ssim=0.0779 mlw=100.0918]
epoch 36 step 1420  loss=0.042972  lr=2.22e-05  [rmse=0.0085 h1=0.0000 ssim=0.0389 mlw=72.9876]
epoch 36 step 1430  loss=0.043195  lr=2.16e-05  [rmse=0.0171 h1=0.0004 ssim=0.0474 mlw=69.1291]
epoch 36 step 1440  loss=0.041941  lr=2.10e-05  [rmse=0.0154 h1=0.0003 ssim=0.0680 mlw=53.1451]
INFO     [rank 0] Loss weights: rmse=1.0000, h1=50.0000,      vae_trainer.py:786
         ssim=0.1500, mlw=0.0000                                                
INFO     [rank 0] Epoch 36: train_loss=0.041941               vae_trainer.py:807
         val_loss=0.042586  val_VRMSE=0.090893  lr=2.10e-05                     
INFO     [rank 0] Metrics updated: metrics/metrics.csv,       vae_trainer.py:827
         metrics/loss_curves.png                                                
INFO     [rank 0] Epoch 36 timing: train=33.5s eval=2.7s      vae_trainer.py:863
         viz=0.0s ckpt=0.0s total=36.9s                                         
epoch 37 step 1450  loss=0.033130  lr=2.04e-05  [rmse=0.0188 h1=0.0004 ssim=0.0786 mlw=86.5229]
epoch 37 step 1460  loss=0.039613  lr=1.98e-05  [rmse=0.0179 h1=0.0002 ssim=0.0514 mlw=63.7834]
epoch 37 step 1470  loss=0.040101  lr=1.93e-05  [rmse=0.0160 h1=0.0004 ssim=0.0421 mlw=69.0170]
epoch 37 step 1480  loss=0.039260  lr=1.87e-05  [rmse=0.0101 h1=0.0001 ssim=0.0502 mlw=71.6882]
INFO     [rank 0] Loss weights: rmse=1.0000, h1=50.0000,      vae_trainer.py:786
         ssim=0.1500, mlw=0.0000                                                
INFO     [rank 0] Epoch 37: train_loss=0.039260               vae_trainer.py:807
         val_loss=0.035887  val_VRMSE=0.076760  lr=1.87e-05                     
INFO     [rank 0] Metrics updated: metrics/metrics.csv,       vae_trainer.py:827
         metrics/loss_curves.png                                                
INFO     [rank 0] Epoch 37 timing: train=33.3s eval=2.7s      vae_trainer.py:863
         viz=0.0s ckpt=0.0s total=36.7s                                         
epoch 38 step 1490  loss=0.028191  lr=1.81e-05  [rmse=0.0098 h1=0.0001 ssim=0.0431 mlw=72.1843]
epoch 38 step 1500  loss=0.037874  lr=1.75e-05  [rmse=0.0135 h1=0.0001 ssim=0.0536 mlw=72.3610]
epoch 38 step 1510  loss=0.040943  lr=1.69e-05  [rmse=0.0204 h1=0.0004 ssim=0.0500 mlw=68.9602]
epoch 38 step 1520  loss=0.040381  lr=1.64e-05  [rmse=0.0092 h1=0.0001 ssim=0.0423 mlw=71.7701]
INFO     [rank 0] Loss weights: rmse=1.0000, h1=50.0000,      vae_trainer.py:786
         ssim=0.1500, mlw=0.0000                                                
INFO     [rank 0] Epoch 38: train_loss=0.040381               vae_trainer.py:807
         val_loss=0.038199  val_VRMSE=0.079742  lr=1.64e-05                     
INFO     [rank 0] Metrics updated: metrics/metrics.csv,       vae_trainer.py:827
         metrics/loss_curves.png                                                
INFO     [rank 0] Epoch 38 timing: train=33.7s eval=2.7s      vae_trainer.py:863
         viz=0.0s ckpt=0.0s total=37.1s                                         
epoch 39 step 1530  loss=0.042449  lr=1.58e-05  [rmse=0.0203 h1=0.0004 ssim=0.0813 mlw=86.5299]
epoch 39 step 1540  loss=0.040156  lr=1.53e-05  [rmse=0.0096 h1=0.0001 ssim=0.0418 mlw=71.4489]
epoch 39 step 1550  loss=0.036435  lr=1.47e-05  [rmse=0.0114 h1=0.0001 ssim=0.0628 mlw=79.7362]
epoch 39 step 1560  loss=0.037451  lr=1.42e-05  [rmse=0.0138 h1=0.0002 ssim=0.0393 mlw=63.8208]
INFO     [rank 0] Loss weights: rmse=1.0000, h1=50.0000,      vae_trainer.py:786
         ssim=0.1500, mlw=0.0000                                                
INFO     [rank 0] Epoch 39: train_loss=0.037451               vae_trainer.py:807
         val_loss=0.034440  val_VRMSE=0.072945  lr=1.42e-05                     
INFO     [rank 0] Metrics updated: metrics/metrics.csv,       vae_trainer.py:827
         metrics/loss_curves.png                                                
INFO     [rank 0] Epoch 39 timing: train=33.5s eval=2.7s      vae_trainer.py:863
         viz=0.0s ckpt=0.0s total=36.9s                                         
epoch 40 step 1570  loss=0.034460  lr=1.36e-05  [rmse=0.0119 h1=0.0001 ssim=0.0912 mlw=79.7548]
epoch 40 step 1580  loss=0.033134  lr=1.31e-05  [rmse=0.0134 h1=0.0002 ssim=0.0408 mlw=63.6753]
epoch 40 step 1590  loss=0.034044  lr=1.26e-05  [rmse=0.0075 h1=0.0000 ssim=0.0295 mlw=72.3674]
epoch 40 step 1600  loss=0.033379  lr=1.21e-05  [rmse=0.0081 h1=0.0001 ssim=0.0330 mlw=71.4834]
INFO     [rank 0] Loss weights: rmse=1.0000, h1=50.0000,      vae_trainer.py:786
         ssim=0.1500, mlw=0.0000                                                
INFO     [rank 0] Epoch 40: train_loss=0.033379               vae_trainer.py:807
         val_loss=0.033776  val_VRMSE=0.069547  lr=1.21e-05                     
INFO     [rank 0] Metrics updated: metrics/metrics.csv,       vae_trainer.py:827
         metrics/loss_curves.png                                                
INFO     [rank 0] Saved 8 validation reconstruction PNGs for  vae_trainer.py:978
         epoch 40                                                               
INFO     [rank 0] Epoch 40 timing: train=33.5s eval=2.7s      vae_trainer.py:863
         viz=10.9s ckpt=0.0s total=47.9s                                        
epoch 41 step 1610  loss=0.027952  lr=1.16e-05  [rmse=0.0132 h1=0.0002 ssim=0.0364 mlw=63.3186]
epoch 41 step 1620  loss=0.034629  lr=1.11e-05  [rmse=0.0178 h1=0.0005 ssim=0.0736 mlw=98.7029]
epoch 41 step 1630  loss=0.032060  lr=1.06e-05  [rmse=0.0062 h1=0.0000 ssim=0.0251 mlw=72.2427]
epoch 41 step 1640  loss=0.033428  lr=1.01e-05  [rmse=0.0146 h1=0.0004 ssim=0.0510 mlw=85.6918]
INFO     [rank 0] Loss weights: rmse=1.0000, h1=50.0000,      vae_trainer.py:786
         ssim=0.1500, mlw=0.0000                                                
INFO     [rank 0] Epoch 41: train_loss=0.033428               vae_trainer.py:807
         val_loss=0.032028  val_VRMSE=0.066927  lr=1.01e-05                     
INFO     [rank 0] Metrics updated: metrics/metrics.csv,       vae_trainer.py:827
         metrics/loss_curves.png                                                
INFO     [rank 0] Epoch 41 timing: train=33.4s eval=2.7s      vae_trainer.py:863
         viz=0.0s ckpt=0.0s total=37.0s                                         
epoch 42 step 1650  loss=0.025362  lr=9.65e-06  [rmse=0.0080 h1=0.0001 ssim=0.0309 mlw=71.3719]
epoch 42 step 1660  loss=0.029647  lr=9.19e-06  [rmse=0.0060 h1=0.0000 ssim=0.0261 mlw=72.1136]
epoch 42 step 1670  loss=0.029892  lr=8.74e-06  [rmse=0.0128 h1=0.0002 ssim=0.0344 mlw=63.3446]
epoch 42 step 1680  loss=0.030942  lr=8.31e-06  [rmse=0.0138 h1=0.0003 ssim=0.0554 mlw=52.6530]
INFO     [rank 0] Loss weights: rmse=1.0000, h1=50.0000,      vae_trainer.py:786
         ssim=0.1500, mlw=0.0000                                                
INFO     [rank 0] Epoch 42: train_loss=0.030942               vae_trainer.py:807
         val_loss=0.030101  val_VRMSE=0.063109  lr=8.31e-06                     
INFO     [rank 0] Metrics updated: metrics/metrics.csv,       vae_trainer.py:827
         metrics/loss_curves.png                                                
INFO     [rank 0] Epoch 42 timing: train=33.5s eval=2.7s      vae_trainer.py:863
         viz=0.0s ckpt=0.0s total=36.9s                                         
epoch 43 step 1690  loss=0.029197  lr=7.88e-06  [rmse=0.0162 h1=0.0005 ssim=0.0523 mlw=98.4795]
epoch 43 step 1700  loss=0.030444  lr=7.46e-06  [rmse=0.0137 h1=0.0003 ssim=0.0553 mlw=52.6861]
epoch 43 step 1710  loss=0.031634  lr=7.06e-06  [rmse=0.0159 h1=0.0005 ssim=0.0540 mlw=98.3176]
epoch 43 step 1720  loss=0.030064  lr=6.66e-06  [rmse=0.0077 h1=0.0001 ssim=0.0290 mlw=71.1912]
INFO     [rank 0] Loss weights: rmse=1.0000, h1=50.0000,      vae_trainer.py:786
         ssim=0.1500, mlw=0.0000                                                
INFO     [rank 0] Epoch 43: train_loss=0.030064               vae_trainer.py:807
         val_loss=0.029846  val_VRMSE=0.062393  lr=6.66e-06                     
INFO     [rank 0] Metrics updated: metrics/metrics.csv,       vae_trainer.py:827
         metrics/loss_curves.png                                                
INFO     [rank 0] Epoch 43 timing: train=33.5s eval=2.7s      vae_trainer.py:863
         viz=0.0s ckpt=0.0s total=36.9s                                         
epoch 44 step 1730  loss=0.027164  lr=6.28e-06  [rmse=0.0081 h1=0.0001 ssim=0.0394 mlw=71.0972]
epoch 44 step 1740  loss=0.029109  lr=5.91e-06  [rmse=0.0139 h1=0.0004 ssim=0.0468 mlw=85.4936]
epoch 44 step 1750  loss=0.030302  lr=5.55e-06  [rmse=0.0127 h1=0.0002 ssim=0.0332 mlw=63.2574]
epoch 44 step 1760  loss=0.029796  lr=5.21e-06  [rmse=0.0136 h1=0.0003 ssim=0.0540 mlw=52.6214]
INFO     [rank 0] Loss weights: rmse=1.0000, h1=50.0000,      vae_trainer.py:786
         ssim=0.1500, mlw=0.0000                                                
INFO     [rank 0] Epoch 44: train_loss=0.029796               vae_trainer.py:807
         val_loss=0.029533  val_VRMSE=0.062103  lr=5.21e-06                     
INFO     [rank 0] Metrics updated: metrics/metrics.csv,       vae_trainer.py:827
         metrics/loss_curves.png                                                
INFO     [rank 0] Epoch 44 timing: train=33.5s eval=2.7s      vae_trainer.py:863
         viz=0.0s ckpt=0.0s total=36.8s                                         
epoch 45 step 1770  loss=0.029765  lr=4.87e-06  [rmse=0.0094 h1=0.0001 ssim=0.0460 mlw=79.1837]
epoch 45 step 1780  loss=0.033028  lr=4.55e-06  [rmse=0.0076 h1=0.0001 ssim=0.0281 mlw=71.1008]
epoch 45 step 1790  loss=0.031496  lr=4.24e-06  [rmse=0.0136 h1=0.0003 ssim=0.0536 mlw=52.5774]
epoch 45 step 1800  loss=0.029275  lr=3.95e-06  [rmse=0.0093 h1=0.0001 ssim=0.0430 mlw=79.1270]
INFO     [rank 0] Loss weights: rmse=1.0000, h1=50.0000,      vae_trainer.py:786
         ssim=0.1500, mlw=0.0000                                                
INFO     [rank 0] Epoch 45: train_loss=0.029275               vae_trainer.py:807
         val_loss=0.029114  val_VRMSE=0.061378  lr=3.95e-06                     
INFO     [rank 0] Metrics updated: metrics/metrics.csv,       vae_trainer.py:827
         metrics/loss_curves.png                                                
INFO     [rank 0] Saved 8 validation reconstruction PNGs for  vae_trainer.py:978
         epoch 45                                                               
INFO     [rank 0] Epoch 45 timing: train=33.5s eval=2.7s      vae_trainer.py:863
         viz=11.2s ckpt=0.0s total=48.1s                                        
epoch 46 step 1810  loss=0.027935  lr=3.66e-06  [rmse=0.0093 h1=0.0001 ssim=0.0427 mlw=79.0097]
epoch 46 step 1820  loss=0.023839  lr=3.40e-06  [rmse=0.0056 h1=0.0000 ssim=0.0217 mlw=71.8581]
epoch 46 step 1830  loss=0.027057  lr=3.14e-06  [rmse=0.0135 h1=0.0003 ssim=0.0534 mlw=52.5604]
epoch 46 step 1840  loss=0.029063  lr=2.90e-06  [rmse=0.0075 h1=0.0001 ssim=0.0273 mlw=70.9813]
INFO     [rank 0] Loss weights: rmse=1.0000, h1=50.0000,      vae_trainer.py:786
         ssim=0.1500, mlw=0.0000                                                
INFO     [rank 0] Epoch 46: train_loss=0.029063               vae_trainer.py:807
         val_loss=0.029007  val_VRMSE=0.061159  lr=2.90e-06                     
INFO     [rank 0] Metrics updated: metrics/metrics.csv,       vae_trainer.py:827
         metrics/loss_curves.png                                                
INFO     [rank 0] Epoch 46 timing: train=33.4s eval=2.7s      vae_trainer.py:863
         viz=0.0s ckpt=0.0s total=36.8s                                         
epoch 47 step 1850  loss=0.026636  lr=2.67e-06  [rmse=0.0145 h1=0.0004 ssim=0.0346 mlw=68.2735]
epoch 47 step 1860  loss=0.029951  lr=2.46e-06  [rmse=0.0135 h1=0.0003 ssim=0.0531 mlw=52.5232]
epoch 47 step 1870  loss=0.027625  lr=2.26e-06  [rmse=0.0125 h1=0.0002 ssim=0.0323 mlw=63.1066]
epoch 47 step 1880  loss=0.028985  lr=2.07e-06  [rmse=0.0145 h1=0.0004 ssim=0.0345 mlw=68.2817]
INFO     [rank 0] Loss weights: rmse=1.0000, h1=50.0000,      vae_trainer.py:786
         ssim=0.1500, mlw=0.0000                                                
INFO     [rank 0] Epoch 47: train_loss=0.028985               vae_trainer.py:807
         val_loss=0.028942  val_VRMSE=0.061037  lr=2.07e-06                     
INFO     [rank 0] Metrics updated: metrics/metrics.csv,       vae_trainer.py:827
         metrics/loss_curves.png                                                
INFO     [rank 0] Epoch 47 timing: train=33.4s eval=2.7s      vae_trainer.py:863
         viz=0.0s ckpt=0.0s total=36.8s                                         
epoch 48 step 1890  loss=0.020616  lr=1.90e-06  [rmse=0.0092 h1=0.0001 ssim=0.0419 mlw=78.9397]
epoch 48 step 1900  loss=0.026762  lr=1.75e-06  [rmse=0.0135 h1=0.0003 ssim=0.0531 mlw=52.5151]
epoch 48 step 1910  loss=0.027265  lr=1.61e-06  [rmse=0.0135 h1=0.0003 ssim=0.0530 mlw=52.4994]
epoch 48 step 1920  loss=0.028927  lr=1.48e-06  [rmse=0.0135 h1=0.0003 ssim=0.0423 mlw=85.1624]
INFO     [rank 0] Loss weights: rmse=1.0000, h1=50.0000,      vae_trainer.py:786
         ssim=0.1500, mlw=0.0000                                                
INFO     [rank 0] Epoch 48: train_loss=0.028927               vae_trainer.py:807
         val_loss=0.028901  val_VRMSE=0.060948  lr=1.48e-06                     
INFO     [rank 0] Metrics updated: metrics/metrics.csv,       vae_trainer.py:827
         metrics/loss_curves.png                                                
INFO     [rank 0] Epoch 48 timing: train=33.6s eval=2.7s      vae_trainer.py:863
         viz=0.0s ckpt=0.0s total=37.0s                                         
epoch 49 step 1930  loss=0.033433  lr=1.37e-06  [rmse=0.0075 h1=0.0001 ssim=0.0270 mlw=70.9276]
epoch 49 step 1940  loss=0.029297  lr=1.27e-06  [rmse=0.0154 h1=0.0005 ssim=0.0440 mlw=97.8599]
epoch 49 step 1950  loss=0.028343  lr=1.19e-06  [rmse=0.0124 h1=0.0002 ssim=0.0320 mlw=63.0567]
epoch 49 step 1960  loss=0.028886  lr=1.12e-06  [rmse=0.0092 h1=0.0001 ssim=0.0416 mlw=78.8817]
INFO     [rank 0] Loss weights: rmse=1.0000, h1=50.0000,      vae_trainer.py:786
         ssim=0.1500, mlw=0.0000                                                
INFO     [rank 0] Epoch 49: train_loss=0.028886               vae_trainer.py:807
         val_loss=0.028867  val_VRMSE=0.060886  lr=1.12e-06                     
INFO     [rank 0] Metrics updated: metrics/metrics.csv,       vae_trainer.py:827
         metrics/loss_curves.png                                                
INFO     [rank 0] Epoch 49 timing: train=33.5s eval=2.7s      vae_trainer.py:863
         viz=0.0s ckpt=0.0s total=36.9s                                         
epoch 50 step 1970  loss=0.033366  lr=1.07e-06  [rmse=0.0144 h1=0.0004 ssim=0.0343 mlw=68.2129]
epoch 50 step 1980  loss=0.029190  lr=1.03e-06  [rmse=0.0144 h1=0.0004 ssim=0.0343 mlw=68.1688]
epoch 50 step 1990  loss=0.028189  lr=1.01e-06  [rmse=0.0055 h1=0.0000 ssim=0.0215 mlw=71.7665]
epoch 50 step 2000  loss=0.028857  lr=1.00e-06  [rmse=0.0055 h1=0.0000 ssim=0.0215 mlw=71.7761]
INFO     [rank 0] Loss weights: rmse=1.0000, h1=50.0000,      vae_trainer.py:786
         ssim=0.1500, mlw=0.0000                                                
INFO     [rank 0] Epoch 50: train_loss=0.028857               vae_trainer.py:807
         val_loss=0.028844  val_VRMSE=0.060837  lr=1.00e-06                     
INFO     [rank 0] Metrics updated: metrics/metrics.csv,       vae_trainer.py:827
         metrics/loss_curves.png                                                
INFO     [rank 0] Saved 8 validation reconstruction PNGs for  vae_trainer.py:978
         epoch 50                                                               
INFO     [rank 0] Epoch 50 timing: train=33.6s eval=2.7s      vae_trainer.py:863
         viz=10.9s ckpt=0.0s total=47.8s                                        
╭──────────────────────────────────────────────────────────────────────────────╮
╰──────────────────────────────────────────────────────────────────────────────╯INFO     [rank 0] Best epoch: 50 (val_vrmse=0.060837)         vae_trainer.py:881

Training complete. Checkpoint: 
/local/disk/hramachandran/work/wh_work/windinet/finetune_vae_outputs_lundquist/f
inetune_vae_overfit_lr5e5_wsd_tail_slowdecay/checkpoints/vae_shockwave_last.safe
tensors
permission denied while trying to connect to the Docker daemon socket at unix:///var/run/docker.sock: Get "http://%2Fvar%2Frun%2Fdocker.sock/v1.24/containers/json?filters=%7B%22label%22%3A%7B%22slurm_job_id%3D21690%22%3Atrue%7D%7D": dial unix /var/run/docker.sock: connect: permission denied
