1 GPU x accum 1 -> effective batch 1; output_dir finetune_vae_outputs_lundquist/finetune_vae_overfit_lr5e5_wsd_tail
job=21687 node=lundquist gpus=0
                          VAE Finetuning Configuration                          
┏━━━━━━━━━━━━━━━━━━━━━━━━━━━━━━━━━━━━━━┳━━━━━━━━━━━━━━━━━━━━━━━━━━━━━━━━━━━━━━━┓
┃ Parameter                            ┃ Value                                 ┃
┡━━━━━━━━━━━━━━━━━━━━━━━━━━━━━━━━━━━━━━╇━━━━━━━━━━━━━━━━━━━━━━━━━━━━━━━━━━━━━━━┩
│ model.model_source                   │ LTXV_2B_0.9.6_DEV                     │
│ model.load_checkpoint                │ None                                  │
│ adapter.enabled                      │ True                                  │
│ adapter.checkpoint                   │ None                                  │
│ adapter.channels                     │ ['density', 'momentum_x',             │
│                                      │ 'momentum_y', 'pressure']             │
│ adapter.mode                         │ inflate                               │
│ adapter.inflate_init                 │ mean                                  │
│ adapter.freeze_conv_in               │ False                                 │
│ adapter.hidden_channels              │ 32                                    │
│ adapter.activation                   │ gelu                                  │
│ adapter.identity_init                │ False                                 │
│ adapter.default_temb                 │ 0.0                                   │
│ adapter.unfreeze_encoder_tail        │ True                                  │
│ data.data_root                       │ /local/disk/hramachandran/work/wh_wo… │
│ data.eval_sims                       │ 675                                   │
│ data.num_dataloader_workers          │ 4                                     │
│ data.num_sim_frames                  │ None                                  │
│ data.overfit_sims                    │ 8                                     │
│ data.overfit_repeat                  │ 5                                     │
│ data.channel_mean                    │ [0.905097647712509,                   │
│                                      │ 0.0040453659499771295,                │
│                                      │ -0.0019089379643528095, 0.9           │
│ data.channel_std                     │ [0.6607349375392083,                  │
│                                      │ 0.5328754120427532,                   │
│                                      │ 0.5262512462358824, 0.8050358         │
│ data.normalization_clip              │ 5.0                                   │
│ optimization.learning_rate           │ 5e-05                                 │
│ optimization.adapter_lr_multiplier   │ 1.0                                   │
│ optimization.min_learning_rate       │ 1e-06                                 │
│ optimization.encoder_tail_lr_multip… │ 0.1                                   │
│ optimization.scheduler_type          │ wsd                                   │
│ optimization.stable_fraction         │ 0.7                                   │
│ optimization.epochs                  │ 50                                    │
│ optimization.batch_size              │ 1                                     │
│ optimization.gradient_accumulation_… │ 1                                     │
│ optimization.max_grad_norm           │ 5.0                                   │
│ optimization.weight_decay            │ 0.0                                   │
│ optimization.warmup_steps            │ 50                                    │
│ optimization.warmup_start_factor     │ 0.01                                  │
│ optimization.enable_gradient_checkp… │ True                                  │
│ loss.wavelet                         │ db2                                   │
│ loss.spatial_level                   │ 2                                     │
│ loss.temporal_level                  │ 2                                     │
│ loss.mlw_beta                        │ 10.0                                  │
│ loss.mlw_eps                         │ 1e-06                                 │
│ loss_weighting.strategy              │ fixed                                 │
│ loss_weighting.weights               │ {'rmse': 1.0, 'h1': 50.0, 'ssim':     │
│                                      │ 0.15, 'mlw': 0.0}                     │
│ loss_weighting.loss_names            │ ['rmse', 'h1', 'ssim', 'mlw']         │
│ loss_weighting.alpha                 │ 1.5                                   │
│ loss_weighting.weight_lr             │ 0.025                                 │
│ loss_weighting.temperature           │ 0.1                                   │
│ visualization.enabled                │ True                                  │
│ visualization.interval_epochs        │ 5                                     │
│ visualization.num_samples            │ 2                                     │
│ visualization.frame_numbers          │ [25, 50, 75, 100]                     │
│ visualization.dpi                    │ 150                                   │
│ acceleration.mixed_precision_mode    │ bf16                                  │
│ acceleration.compile_with_inductor   │ False                                 │
│ acceleration.compilation_mode        │ reduce-overhead                       │
│ checkpoints.interval                 │ None                                  │
│ checkpoints.keep_last_n              │ 1                                     │
│ checkpoints.save_best_only           │ True                                  │
│ checkpoints.best_metric              │ val_vrmse                             │
│ checkpoints.save_last_state          │ False                                 │
│ wandb.enabled                        │ False                                 │
│ wandb.project                        │ windinet                              │
│ wandb.entity                         │ None                                  │
│ wandb.tags                           │ ['vae', 'diagnostic', 'overfit',      │
│                                      │ 'wsd', 'tail-unfreeze']               │
│ seed                                 │ 42                                    │
│ output_dir                           │ /local/disk/hramachandran/work/wh_wo… │
│ clean_output_dir                     │ True                                  │
│ resume_from                          │ None                                  │
│ resume_weights_only                  │ False                                 │
└──────────────────────────────────────┴───────────────────────────────────────┘
/local/disk/hramachandran/miniconda/envs/windinet/lib/python3.10/site-packages/huggingface_hub/utils/_validators.py:205: UserWarning: The `local_dir_use_symlinks` argument is deprecated and ignored in `hf_hub_download`. Downloading to a local directory does not use symlinks anymore.
  warnings.warn(
INFO     [rank 0] HTTP Request: HEAD                             _client.py:1025
         https://huggingface.co/Lightricks/LTX-Video-0.9.5/resol                
         ve/main/vae/config.json "HTTP/1.1 307 Temporary                        
         Redirect"                                                              
INFO     [rank 0] HTTP Request: HEAD                             _client.py:1025
         https://huggingface.co/api/resolve-cache/models/Lightri                
         cks/LTX-Video-0.9.5/e58e28c39631af4d1468ee57a853764e11c                
         1d37e/vae%2Fconfig.json "HTTP/1.1 200 OK"                              
INFO     [rank 0] HTTP Request: HEAD                             _client.py:1025
         https://huggingface.co/Lightricks/LTX-Video-0.9.5/resol                
         ve/e58e28c39631af4d1468ee57a853764e11c1d37e/vae/diffusi                
         on_pytorch_model.safetensors.index.json "HTTP/1.1 404                  
         Not Found"                                                             
INFO     [rank 0] VAE inflated to 4 native channels           vae_trainer.py:154
         (init=mean); encoder.conv_in is trainable                              
INFO     [rank 0] Encoder tail UNFROZEN (down_blocks[-1] +    vae_trainer.py:210
         mid_block + norm_out + conv_out): spatial                              
         compression (down_blocks[:-1]) stays frozen.                           
INFO     [rank 0] VAE gradient checkpointing enabled          vae_trainer.py:218
INFO     [rank 0] VAE loaded. Decoder params: 552,869,953     vae_trainer.py:224
INFO     [rank 0] Trainable parameters:                       vae_trainer.py:288
         encoder_conv_in=221,312, encoder_tail=580,454,785,                     
         decoder=552,869,953, in_adapter=0, out_adapter=0                       
WARNING  [rank 0] OVERFIT DIAGNOSTIC: training and evaluating vae_trainer.py:475
         on the same 8 sims (repeated 5x per epoch).                            
         val_vrmse measures memorization, not generalization.                   
INFO     [rank 0] Dataset: 8 train, 8 eval samples            vae_trainer.py:493
INFO     [rank 0] encoder.conv_in LR = 5.00e-05 (1x decoder   vae_trainer.py:517
         LR 5.00e-05)                                                           
INFO     [rank 0] encoder tail LR = 5.00e-06 (0.1x decoder LR vae_trainer.py:530
         5.00e-05)                                                              
INFO     [rank 0] LR schedule 'wsd': 2000 steps (50 warmup,   vae_trainer.py:582
         1365 stable, 585 anneal), peak 5.00e-05 -> floor                       
         1.00e-06                                                               
INFO     [rank 0] Config saved:                              vae_trainer.py:1179
         /local/disk/hramachandran/work/wh_work/windinet/fin                    
         etune_vae_outputs_lundquist/finetune_vae_overfit_lr                    
         5e5_wsd_tail/training_config.yaml                                      
INFO     [rank 0] Starting VAE decoder finetuning...          vae_trainer.py:630
epoch 1 step 10  loss=0.185206  lr=1.04e-05  [rmse=0.1902 h1=0.0003 ssim=0.5510 mlw=80.0797]
epoch 1 step 20  loss=0.186505  lr=2.03e-05  [rmse=0.1017 h1=0.0007 ssim=0.3187 mlw=69.7892]
epoch 1 step 30  loss=0.178872  lr=3.02e-05  [rmse=0.0452 h1=0.0001 ssim=0.2716 mlw=74.7516]
epoch 1 step 40  loss=0.179144  lr=4.01e-05  [rmse=0.0613 h1=0.0006 ssim=0.3341 mlw=61.5827]
INFO     [rank 0] Loss weights: rmse=1.0000, h1=50.0000,      vae_trainer.py:786
         ssim=0.1500, mlw=0.0000                                                
INFO     [rank 0] Epoch 1: train_loss=0.179144                vae_trainer.py:807
         val_loss=0.208300  val_VRMSE=0.579500  lr=4.01e-05                     
INFO     [rank 0] Metrics updated: metrics/metrics.csv,       vae_trainer.py:827
         metrics/loss_curves.png                                                
INFO     [rank 0] Epoch 1 timing: train=33.6s eval=2.7s       vae_trainer.py:863
         viz=0.0s ckpt=0.0s total=37.0s                                         
epoch 2 step 50  loss=0.213614  lr=5.00e-05  [rmse=0.1875 h1=0.0003 ssim=0.5436 mlw=89.1157]
epoch 2 step 60  loss=0.205987  lr=5.00e-05  [rmse=0.1301 h1=0.0016 ssim=0.4201 mlw=115.8527]
epoch 2 step 70  loss=0.211989  lr=5.00e-05  [rmse=0.1849 h1=0.0003 ssim=0.4750 mlw=89.7937]
epoch 2 step 80  loss=0.202693  lr=5.00e-05  [rmse=0.1429 h1=0.0004 ssim=0.5008 mlw=76.6905]
INFO     [rank 0] Loss weights: rmse=1.0000, h1=50.0000,      vae_trainer.py:786
         ssim=0.1500, mlw=0.0000                                                
INFO     [rank 0] Epoch 2: train_loss=0.202693                vae_trainer.py:807
         val_loss=0.209777  val_VRMSE=0.586277  lr=5.00e-05                     
INFO     [rank 0] Metrics updated: metrics/metrics.csv,       vae_trainer.py:827
         metrics/loss_curves.png                                                
INFO     [rank 0] Epoch 2 timing: train=33.4s eval=2.7s       vae_trainer.py:863
         viz=0.0s ckpt=0.0s total=36.8s                                         
epoch 3 step 90  loss=0.217174  lr=5.00e-05  [rmse=0.1359 h1=0.0004 ssim=0.5681 mlw=77.6332]
epoch 3 step 100  loss=0.229364  lr=5.00e-05  [rmse=0.1385 h1=0.0012 ssim=0.4454 mlw=112.8090]
epoch 3 step 110  loss=0.226683  lr=5.00e-05  [rmse=0.0645 h1=0.0003 ssim=0.3336 mlw=85.2315]
epoch 3 step 120  loss=0.616112  lr=5.00e-05  [rmse=0.0716 h1=0.0004 ssim=0.3626 mlw=93.8575]
INFO     [rank 0] Loss weights: rmse=1.0000, h1=50.0000,      vae_trainer.py:786
         ssim=0.1500, mlw=0.0000                                                
INFO     [rank 0] Epoch 3: train_loss=0.616112                vae_trainer.py:807
         val_loss=0.527422  val_VRMSE=0.633858  lr=5.00e-05                     
INFO     [rank 0] Metrics updated: metrics/metrics.csv,       vae_trainer.py:827
         metrics/loss_curves.png                                                
INFO     [rank 0] Epoch 3 timing: train=33.4s eval=2.7s       vae_trainer.py:863
         viz=0.0s ckpt=0.0s total=36.8s                                         
epoch 4 step 130  loss=0.902630  lr=5.00e-05  [rmse=0.0690 h1=0.0003 ssim=0.3442 mlw=89.0191]
epoch 4 step 140  loss=0.569828  lr=5.00e-05  [rmse=0.1598 h1=0.0005 ssim=0.6651 mlw=85.4862]
epoch 4 step 150  loss=0.447059  lr=5.00e-05  [rmse=0.0540 h1=0.0002 ssim=0.3781 mlw=92.3165]
epoch 4 step 160  loss=0.384920  lr=5.00e-05  [rmse=0.1304 h1=0.0004 ssim=0.4498 mlw=77.4868]
INFO     [rank 0] Loss weights: rmse=1.0000, h1=50.0000,      vae_trainer.py:786
         ssim=0.1500, mlw=0.0000                                                
INFO     [rank 0] Epoch 4: train_loss=0.384920                vae_trainer.py:807
         val_loss=0.181665  val_VRMSE=0.488882  lr=5.00e-05                     
INFO     [rank 0] Metrics updated: metrics/metrics.csv,       vae_trainer.py:827
         metrics/loss_curves.png                                                
INFO     [rank 0] Epoch 4 timing: train=33.7s eval=2.7s       vae_trainer.py:863
         viz=0.0s ckpt=0.0s total=37.1s                                         
epoch 5 step 170  loss=0.198592  lr=5.00e-05  [rmse=0.0658 h1=0.0003 ssim=0.2851 mlw=81.8095]
epoch 5 step 180  loss=0.179992  lr=5.00e-05  [rmse=0.0556 h1=0.0003 ssim=0.2384 mlw=84.3900]
epoch 5 step 190  loss=0.182698  lr=5.00e-05  [rmse=0.2194 h1=0.0011 ssim=0.4807 mlw=112.4976]
epoch 5 step 200  loss=0.183592  lr=5.00e-05  [rmse=0.1038 h1=0.0009 ssim=0.3123 mlw=78.4913]
INFO     [rank 0] Loss weights: rmse=1.0000, h1=50.0000,      vae_trainer.py:786
         ssim=0.1500, mlw=0.0000                                                
INFO     [rank 0] Epoch 5: train_loss=0.183592                vae_trainer.py:807
         val_loss=0.176086  val_VRMSE=0.480406  lr=5.00e-05                     
INFO     [rank 0] Metrics updated: metrics/metrics.csv,       vae_trainer.py:827
         metrics/loss_curves.png                                                
INFO     [rank 0] Saved 8 validation reconstruction PNGs for  vae_trainer.py:978
         epoch 5                                                                
INFO     [rank 0] Epoch 5 timing: train=33.7s eval=2.7s       vae_trainer.py:863
         viz=10.8s ckpt=0.0s total=47.9s                                        
epoch 6 step 210  loss=0.159188  lr=5.00e-05  [rmse=0.0414 h1=0.0001 ssim=0.2001 mlw=86.8350]
epoch 6 step 220  loss=0.175723  lr=5.00e-05  [rmse=0.0529 h1=0.0006 ssim=0.2758 mlw=60.5027]
epoch 6 step 230  loss=0.167419  lr=5.00e-05  [rmse=0.0410 h1=0.0003 ssim=0.1994 mlw=86.6166]
epoch 6 step 240  loss=0.175716  lr=5.00e-05  [rmse=0.1243 h1=0.0012 ssim=0.3378 mlw=116.3880]
INFO     [rank 0] Loss weights: rmse=1.0000, h1=50.0000,      vae_trainer.py:786
         ssim=0.1500, mlw=0.0000                                                
INFO     [rank 0] Epoch 6: train_loss=0.175716                vae_trainer.py:807
         val_loss=0.156714  val_VRMSE=0.414624  lr=5.00e-05                     
INFO     [rank 0] Metrics updated: metrics/metrics.csv,       vae_trainer.py:827
         metrics/loss_curves.png                                                
INFO     [rank 0] Epoch 6 timing: train=33.8s eval=2.7s       vae_trainer.py:863
         viz=0.0s ckpt=0.0s total=37.1s                                         
epoch 7 step 250  loss=0.154774  lr=5.00e-05  [rmse=0.0428 h1=0.0001 ssim=0.2717 mlw=84.5463]
epoch 7 step 260  loss=0.151616  lr=5.00e-05  [rmse=0.0849 h1=0.0010 ssim=0.2726 mlw=112.9760]
epoch 7 step 270  loss=0.149739  lr=5.00e-05  [rmse=0.0434 h1=0.0002 ssim=0.2197 mlw=81.8445]
epoch 7 step 280  loss=0.145665  lr=5.00e-05  [rmse=0.0710 h1=0.0007 ssim=0.1940 mlw=77.6840]
INFO     [rank 0] Loss weights: rmse=1.0000, h1=50.0000,      vae_trainer.py:786
         ssim=0.1500, mlw=0.0000                                                
INFO     [rank 0] Epoch 7: train_loss=0.145665                vae_trainer.py:807
         val_loss=0.132438  val_VRMSE=0.324062  lr=5.00e-05                     
INFO     [rank 0] Metrics updated: metrics/metrics.csv,       vae_trainer.py:827
         metrics/loss_curves.png                                                
INFO     [rank 0] Epoch 7 timing: train=33.7s eval=2.7s       vae_trainer.py:863
         viz=0.0s ckpt=0.0s total=37.0s                                         
epoch 8 step 290  loss=0.125978  lr=5.00e-05  [rmse=0.0478 h1=0.0006 ssim=0.2960 mlw=61.4479]
epoch 8 step 300  loss=0.142087  lr=5.00e-05  [rmse=0.1075 h1=0.0002 ssim=0.6178 mlw=88.3521]
epoch 8 step 310  loss=0.151277  lr=5.00e-05  [rmse=0.0883 h1=0.0005 ssim=0.3548 mlw=85.8336]
epoch 8 step 320  loss=0.145685  lr=5.00e-05  [rmse=0.0531 h1=0.0006 ssim=0.3106 mlw=59.9163]
INFO     [rank 0] Loss weights: rmse=1.0000, h1=50.0000,      vae_trainer.py:786
         ssim=0.1500, mlw=0.0000                                                
INFO     [rank 0] Epoch 8: train_loss=0.145685                vae_trainer.py:807
         val_loss=0.146804  val_VRMSE=0.354097  lr=5.00e-05                     
INFO     [rank 0] Metrics updated: metrics/metrics.csv,       vae_trainer.py:827
         metrics/loss_curves.png                                                
INFO     [rank 0] Epoch 8 timing: train=33.8s eval=2.7s       vae_trainer.py:863
         viz=0.0s ckpt=0.0s total=37.2s                                         
epoch 9 step 330  loss=0.143980  lr=5.00e-05  [rmse=0.0321 h1=0.0002 ssim=0.1511 mlw=81.9317]
epoch 9 step 340  loss=0.127934  lr=5.00e-05  [rmse=0.0253 h1=0.0001 ssim=0.1400 mlw=86.0575]
epoch 9 step 350  loss=0.122173  lr=5.00e-05  [rmse=0.0629 h1=0.0005 ssim=0.3878 mlw=102.0413]
epoch 9 step 360  loss=0.127459  lr=5.00e-05  [rmse=0.0391 h1=0.0005 ssim=0.2095 mlw=61.8584]
INFO     [rank 0] Loss weights: rmse=1.0000, h1=50.0000,      vae_trainer.py:786
         ssim=0.1500, mlw=0.0000                                                
INFO     [rank 0] Epoch 9: train_loss=0.127459                vae_trainer.py:807
         val_loss=0.113372  val_VRMSE=0.275868  lr=5.00e-05                     
INFO     [rank 0] Metrics updated: metrics/metrics.csv,       vae_trainer.py:827
         metrics/loss_curves.png                                                
INFO     [rank 0] Epoch 9 timing: train=33.7s eval=2.7s       vae_trainer.py:863
         viz=0.0s ckpt=0.0s total=37.3s                                         
epoch 10 step 370  loss=0.119078  lr=5.00e-05  [rmse=0.0724 h1=0.0014 ssim=0.3314 mlw=88.2499]
epoch 10 step 380  loss=0.136734  lr=5.00e-05  [rmse=0.0651 h1=0.0010 ssim=0.2592 mlw=112.8739]
epoch 10 step 390  loss=0.121861  lr=5.00e-05  [rmse=0.0336 h1=0.0005 ssim=0.2175 mlw=60.9024]
epoch 10 step 400  loss=0.126047  lr=5.00e-05  [rmse=0.0667 h1=0.0008 ssim=0.3927 mlw=98.8230]
INFO     [rank 0] Loss weights: rmse=1.0000, h1=50.0000,      vae_trainer.py:786
         ssim=0.1500, mlw=0.0000                                                
INFO     [rank 0] Epoch 10: train_loss=0.126047               vae_trainer.py:807
         val_loss=0.144392  val_VRMSE=0.398061  lr=5.00e-05                     
INFO     [rank 0] Metrics updated: metrics/metrics.csv,       vae_trainer.py:827
         metrics/loss_curves.png                                                
INFO     [rank 0] Saved 8 validation reconstruction PNGs for  vae_trainer.py:978
         epoch 10                                                               
INFO     [rank 0] Epoch 10 timing: train=33.7s eval=2.7s      vae_trainer.py:863
         viz=10.9s ckpt=0.0s total=47.9s                                        
epoch 11 step 410  loss=0.107256  lr=5.00e-05  [rmse=0.0268 h1=0.0001 ssim=0.1432 mlw=83.8403]
epoch 11 step 420  loss=0.119385  lr=5.00e-05  [rmse=0.0555 h1=0.0003 ssim=0.3981 mlw=95.4400]
epoch 11 step 430  loss=0.116195  lr=5.00e-05  [rmse=0.0623 h1=0.0012 ssim=0.2545 mlw=114.0712]
epoch 11 step 440  loss=0.115089  lr=5.00e-05  [rmse=0.0362 h1=0.0002 ssim=0.2317 mlw=80.8890]
INFO     [rank 0] Loss weights: rmse=1.0000, h1=50.0000,      vae_trainer.py:786
         ssim=0.1500, mlw=0.0000                                                
INFO     [rank 0] Epoch 11: train_loss=0.115089               vae_trainer.py:807
         val_loss=0.108204  val_VRMSE=0.259689  lr=5.00e-05                     
INFO     [rank 0] Metrics updated: metrics/metrics.csv,       vae_trainer.py:827
         metrics/loss_curves.png                                                
INFO     [rank 0] Epoch 11 timing: train=33.6s eval=2.7s      vae_trainer.py:863
         viz=0.0s ckpt=0.0s total=37.1s                                         
epoch 12 step 450  loss=0.114074  lr=5.00e-05  [rmse=0.0301 h1=0.0002 ssim=0.1363 mlw=79.4236]
epoch 12 step 460  loss=0.111675  lr=5.00e-05  [rmse=0.0239 h1=0.0001 ssim=0.1306 mlw=81.8091]
epoch 12 step 470  loss=0.106051  lr=5.00e-05  [rmse=0.0326 h1=0.0002 ssim=0.1549 mlw=82.6937]
epoch 12 step 480  loss=0.112831  lr=5.00e-05  [rmse=0.0531 h1=0.0008 ssim=0.3858 mlw=102.6639]
INFO     [rank 0] Loss weights: rmse=1.0000, h1=50.0000,      vae_trainer.py:786
         ssim=0.1500, mlw=0.0000                                                
INFO     [rank 0] Epoch 12: train_loss=0.112831               vae_trainer.py:807
         val_loss=0.120082  val_VRMSE=0.270556  lr=5.00e-05                     
INFO     [rank 0] Metrics updated: metrics/metrics.csv,       vae_trainer.py:827
         metrics/loss_curves.png                                                
INFO     [rank 0] Epoch 12 timing: train=33.6s eval=2.7s      vae_trainer.py:863
         viz=0.0s ckpt=0.0s total=36.9s                                         
epoch 13 step 490  loss=0.130622  lr=5.00e-05  [rmse=0.0787 h1=0.0016 ssim=0.2702 mlw=117.9427]
epoch 13 step 500  loss=0.126440  lr=5.00e-05  [rmse=0.0502 h1=0.0005 ssim=0.3192 mlw=59.7793]
epoch 13 step 510  loss=0.121176  lr=5.00e-05  [rmse=0.0525 h1=0.0007 ssim=0.1577 mlw=78.6779]
epoch 13 step 520  loss=0.121582  lr=5.00e-05  [rmse=0.0571 h1=0.0006 ssim=0.2540 mlw=97.6693]
INFO     [rank 0] Loss weights: rmse=1.0000, h1=50.0000,      vae_trainer.py:786
         ssim=0.1500, mlw=0.0000                                                
INFO     [rank 0] Epoch 13: train_loss=0.121582               vae_trainer.py:807
         val_loss=0.091600  val_VRMSE=0.209760  lr=5.00e-05                     
INFO     [rank 0] Metrics updated: metrics/metrics.csv,       vae_trainer.py:827
         metrics/loss_curves.png                                                
INFO     [rank 0] Epoch 13 timing: train=33.7s eval=2.7s      vae_trainer.py:863
         viz=0.0s ckpt=0.0s total=37.3s                                         
epoch 14 step 530  loss=0.121982  lr=5.00e-05  [rmse=0.0776 h1=0.0004 ssim=0.3728 mlw=99.5897]
epoch 14 step 540  loss=0.104228  lr=5.00e-05  [rmse=0.0356 h1=0.0002 ssim=0.1629 mlw=79.9219]
epoch 14 step 550  loss=0.105718  lr=5.00e-05  [rmse=0.0544 h1=0.0013 ssim=0.2922 mlw=113.7452]
epoch 14 step 560  loss=0.111855  lr=5.00e-05  [rmse=0.0848 h1=0.0016 ssim=0.3215 mlw=119.6663]
INFO     [rank 0] Loss weights: rmse=1.0000, h1=50.0000,      vae_trainer.py:786
         ssim=0.1500, mlw=0.0000                                                
INFO     [rank 0] Epoch 14: train_loss=0.111855               vae_trainer.py:807
         val_loss=0.119263  val_VRMSE=0.263006  lr=5.00e-05                     
INFO     [rank 0] Metrics updated: metrics/metrics.csv,       vae_trainer.py:827
         metrics/loss_curves.png                                                
INFO     [rank 0] Epoch 14 timing: train=33.7s eval=2.7s      vae_trainer.py:863
         viz=0.0s ckpt=0.0s total=37.1s                                         
epoch 15 step 570  loss=0.119395  lr=5.00e-05  [rmse=0.0516 h1=0.0008 ssim=0.2510 mlw=99.0018]
epoch 15 step 580  loss=0.108777  lr=5.00e-05  [rmse=0.0458 h1=0.0003 ssim=0.1227 mlw=73.1140]
epoch 15 step 590  loss=0.099995  lr=5.00e-05  [rmse=0.0475 h1=0.0003 ssim=0.3298 mlw=92.1695]
epoch 15 step 600  loss=0.092408  lr=5.00e-05  [rmse=0.0535 h1=0.0006 ssim=0.1619 mlw=96.3683]
INFO     [rank 0] Loss weights: rmse=1.0000, h1=50.0000,      vae_trainer.py:786
         ssim=0.1500, mlw=0.0000                                                
INFO     [rank 0] Epoch 15: train_loss=0.092408               vae_trainer.py:807
         val_loss=0.111437  val_VRMSE=0.270063  lr=5.00e-05                     
INFO     [rank 0] Metrics updated: metrics/metrics.csv,       vae_trainer.py:827
         metrics/loss_curves.png                                                
INFO     [rank 0] Saved 8 validation reconstruction PNGs for  vae_trainer.py:978
         epoch 15                                                               
INFO     [rank 0] Epoch 15 timing: train=33.7s eval=2.7s      vae_trainer.py:863
         viz=10.9s ckpt=0.0s total=48.2s                                        
epoch 16 step 610  loss=0.115995  lr=5.00e-05  [rmse=0.0631 h1=0.0008 ssim=0.2333 mlw=109.5740]
epoch 16 step 620  loss=0.105335  lr=5.00e-05  [rmse=0.0401 h1=0.0006 ssim=0.1724 mlw=93.5598]
epoch 16 step 630  loss=0.102066  lr=5.00e-05  [rmse=0.0370 h1=0.0003 ssim=0.2284 mlw=91.7085]
epoch 16 step 640  loss=0.101042  lr=5.00e-05  [rmse=0.0310 h1=0.0002 ssim=0.1202 mlw=78.9951]
INFO     [rank 0] Loss weights: rmse=1.0000, h1=50.0000,      vae_trainer.py:786
         ssim=0.1500, mlw=0.0000                                                
INFO     [rank 0] Epoch 16: train_loss=0.101042               vae_trainer.py:807
         val_loss=0.079911  val_VRMSE=0.192545  lr=5.00e-05                     
INFO     [rank 0] Metrics updated: metrics/metrics.csv,       vae_trainer.py:827
         metrics/loss_curves.png                                                
INFO     [rank 0] Epoch 16 timing: train=33.6s eval=2.7s      vae_trainer.py:863
         viz=0.0s ckpt=0.0s total=36.9s                                         
epoch 17 step 650  loss=0.074446  lr=5.00e-05  [rmse=0.0463 h1=0.0003 ssim=0.2023 mlw=90.7473]
epoch 17 step 660  loss=0.074520  lr=5.00e-05  [rmse=0.0399 h1=0.0003 ssim=0.1311 mlw=70.8616]
epoch 17 step 670  loss=0.076853  lr=5.00e-05  [rmse=0.0332 h1=0.0005 ssim=0.1466 mlw=92.6497]
epoch 17 step 680  loss=0.078747  lr=5.00e-05  [rmse=0.0468 h1=0.0007 ssim=0.1462 mlw=79.0363]
INFO     [rank 0] Loss weights: rmse=1.0000, h1=50.0000,      vae_trainer.py:786
         ssim=0.1500, mlw=0.0000                                                
INFO     [rank 0] Epoch 17: train_loss=0.078747               vae_trainer.py:807
         val_loss=0.082623  val_VRMSE=0.196792  lr=5.00e-05                     
INFO     [rank 0] Metrics updated: metrics/metrics.csv,       vae_trainer.py:827
         metrics/loss_curves.png                                                
INFO     [rank 0] Epoch 17 timing: train=33.6s eval=2.7s      vae_trainer.py:863
         viz=0.0s ckpt=0.0s total=37.2s                                         
epoch 18 step 690  loss=0.079666  lr=5.00e-05  [rmse=0.0301 h1=0.0004 ssim=0.1539 mlw=58.6283]
epoch 18 step 700  loss=0.086505  lr=5.00e-05  [rmse=0.0233 h1=0.0002 ssim=0.1331 mlw=77.9496]
epoch 18 step 710  loss=0.081540  lr=5.00e-05  [rmse=0.0327 h1=0.0003 ssim=0.0991 mlw=71.6060]
epoch 18 step 720  loss=0.083549  lr=5.00e-05  [rmse=0.0167 h1=0.0001 ssim=0.0864 mlw=79.3546]
INFO     [rank 0] Loss weights: rmse=1.0000, h1=50.0000,      vae_trainer.py:786
         ssim=0.1500, mlw=0.0000                                                
INFO     [rank 0] Epoch 18: train_loss=0.083549               vae_trainer.py:807
         val_loss=0.078386  val_VRMSE=0.178261  lr=5.00e-05                     
INFO     [rank 0] Metrics updated: metrics/metrics.csv,       vae_trainer.py:827
         metrics/loss_curves.png                                                
INFO     [rank 0] Epoch 18 timing: train=33.6s eval=2.7s      vae_trainer.py:863
         viz=0.0s ckpt=0.0s total=37.0s                                         
epoch 19 step 730  loss=0.097492  lr=5.00e-05  [rmse=0.0434 h1=0.0002 ssim=0.3353 mlw=88.3725]
epoch 19 step 740  loss=0.088089  lr=5.00e-05  [rmse=0.0466 h1=0.0008 ssim=0.1280 mlw=75.7826]
epoch 19 step 750  loss=0.088613  lr=5.00e-05  [rmse=0.0342 h1=0.0005 ssim=0.2397 mlw=58.7006]
epoch 19 step 760  loss=0.086129  lr=5.00e-05  [rmse=0.0200 h1=0.0001 ssim=0.0966 mlw=80.0823]
INFO     [rank 0] Loss weights: rmse=1.0000, h1=50.0000,      vae_trainer.py:786
         ssim=0.1500, mlw=0.0000                                                
INFO     [rank 0] Epoch 19: train_loss=0.086129               vae_trainer.py:807
         val_loss=0.083137  val_VRMSE=0.184290  lr=5.00e-05                     
INFO     [rank 0] Metrics updated: metrics/metrics.csv,       vae_trainer.py:827
         metrics/loss_curves.png                                                
INFO     [rank 0] Epoch 19 timing: train=33.7s eval=2.7s      vae_trainer.py:863
         viz=0.0s ckpt=0.0s total=37.3s                                         
epoch 20 step 770  loss=0.087115  lr=5.00e-05  [rmse=0.0405 h1=0.0003 ssim=0.1277 mlw=71.2733]
epoch 20 step 780  loss=0.090810  lr=5.00e-05  [rmse=0.0433 h1=0.0007 ssim=0.1547 mlw=78.1097]
epoch 20 step 790  loss=0.086117  lr=5.00e-05  [rmse=0.0144 h1=0.0001 ssim=0.0650 mlw=79.4223]
epoch 20 step 800  loss=0.081683  lr=5.00e-05  [rmse=0.0480 h1=0.0010 ssim=0.1902 mlw=108.7010]
INFO     [rank 0] Loss weights: rmse=1.0000, h1=50.0000,      vae_trainer.py:786
         ssim=0.1500, mlw=0.0000                                                
INFO     [rank 0] Epoch 20: train_loss=0.081683               vae_trainer.py:807
         val_loss=0.060976  val_VRMSE=0.130612  lr=5.00e-05                     
INFO     [rank 0] Metrics updated: metrics/metrics.csv,       vae_trainer.py:827
         metrics/loss_curves.png                                                
INFO     [rank 0] Saved 8 validation reconstruction PNGs for  vae_trainer.py:978
         epoch 20                                                               
INFO     [rank 0] Epoch 20 timing: train=33.6s eval=2.7s      vae_trainer.py:863
         viz=10.9s ckpt=0.0s total=47.9s                                        
epoch 21 step 810  loss=0.053066  lr=5.00e-05  [rmse=0.0397 h1=0.0006 ssim=0.1950 mlw=92.6956]
epoch 21 step 820  loss=0.065303  lr=5.00e-05  [rmse=0.0292 h1=0.0007 ssim=0.1059 mlw=105.0554]
epoch 21 step 830  loss=0.068102  lr=5.00e-05  [rmse=0.0119 h1=0.0001 ssim=0.0558 mlw=76.8628]
epoch 21 step 840  loss=0.065963  lr=5.00e-05  [rmse=0.0656 h1=0.0009 ssim=0.1575 mlw=105.2063]
INFO     [rank 0] Loss weights: rmse=1.0000, h1=50.0000,      vae_trainer.py:786
         ssim=0.1500, mlw=0.0000                                                
INFO     [rank 0] Epoch 21: train_loss=0.065963               vae_trainer.py:807
         val_loss=0.064643  val_VRMSE=0.150970  lr=5.00e-05                     
INFO     [rank 0] Metrics updated: metrics/metrics.csv,       vae_trainer.py:827
         metrics/loss_curves.png                                                
INFO     [rank 0] Epoch 21 timing: train=33.8s eval=2.7s      vae_trainer.py:863
         viz=0.0s ckpt=0.0s total=37.2s                                         
epoch 22 step 850  loss=0.060606  lr=5.00e-05  [rmse=0.0225 h1=0.0002 ssim=0.1431 mlw=83.7964]
epoch 22 step 860  loss=0.065217  lr=5.00e-05  [rmse=0.0159 h1=0.0001 ssim=0.0821 mlw=76.5066]
epoch 22 step 870  loss=0.067782  lr=5.00e-05  [rmse=0.0335 h1=0.0005 ssim=0.1049 mlw=74.1300]
epoch 22 step 880  loss=0.068604  lr=5.00e-05  [rmse=0.0680 h1=0.0008 ssim=0.1631 mlw=104.3675]
INFO     [rank 0] Loss weights: rmse=1.0000, h1=50.0000,      vae_trainer.py:786
         ssim=0.1500, mlw=0.0000                                                
INFO     [rank 0] Epoch 22: train_loss=0.068604               vae_trainer.py:807
         val_loss=0.066512  val_VRMSE=0.146146  lr=5.00e-05                     
INFO     [rank 0] Metrics updated: metrics/metrics.csv,       vae_trainer.py:827
         metrics/loss_curves.png                                                
INFO     [rank 0] Epoch 22 timing: train=33.6s eval=2.7s      vae_trainer.py:863
         viz=0.0s ckpt=0.0s total=37.0s                                         
epoch 23 step 890  loss=0.061514  lr=5.00e-05  [rmse=0.0188 h1=0.0001 ssim=0.1024 mlw=77.0489]
epoch 23 step 900  loss=0.064745  lr=5.00e-05  [rmse=0.0267 h1=0.0005 ssim=0.1436 mlw=90.1265]
epoch 23 step 910  loss=0.059659  lr=5.00e-05  [rmse=0.0334 h1=0.0005 ssim=0.1047 mlw=74.1464]
epoch 23 step 920  loss=0.062349  lr=5.00e-05  [rmse=0.0260 h1=0.0002 ssim=0.1895 mlw=86.5116]
INFO     [rank 0] Loss weights: rmse=1.0000, h1=50.0000,      vae_trainer.py:786
         ssim=0.1500, mlw=0.0000                                                
INFO     [rank 0] Epoch 23: train_loss=0.062349               vae_trainer.py:807
         val_loss=0.062023  val_VRMSE=0.143959  lr=5.00e-05                     
INFO     [rank 0] Metrics updated: metrics/metrics.csv,       vae_trainer.py:827
         metrics/loss_curves.png                                                
INFO     [rank 0] Epoch 23 timing: train=33.9s eval=2.7s      vae_trainer.py:863
         viz=0.0s ckpt=0.0s total=37.2s                                         
epoch 24 step 930  loss=0.076339  lr=5.00e-05  [rmse=0.0272 h1=0.0006 ssim=0.0963 mlw=103.1568]
epoch 24 step 940  loss=0.078800  lr=5.00e-05  [rmse=0.0504 h1=0.0007 ssim=0.1806 mlw=105.4959]
epoch 24 step 950  loss=0.080637  lr=5.00e-05  [rmse=0.0531 h1=0.0002 ssim=0.3624 mlw=86.6213]
epoch 24 step 960  loss=0.077215  lr=5.00e-05  [rmse=0.0479 h1=0.0006 ssim=0.1348 mlw=73.5270]
INFO     [rank 0] Loss weights: rmse=1.0000, h1=50.0000,      vae_trainer.py:786
         ssim=0.1500, mlw=0.0000                                                
INFO     [rank 0] Epoch 24: train_loss=0.077215               vae_trainer.py:807
         val_loss=0.100235  val_VRMSE=0.208440  lr=5.00e-05                     
INFO     [rank 0] Metrics updated: metrics/metrics.csv,       vae_trainer.py:827
         metrics/loss_curves.png                                                
INFO     [rank 0] Epoch 24 timing: train=33.7s eval=2.7s      vae_trainer.py:863
         viz=0.0s ckpt=0.0s total=37.0s                                         
epoch 25 step 970  loss=0.076457  lr=5.00e-05  [rmse=0.0145 h1=0.0001 ssim=0.0794 mlw=78.1202]
epoch 25 step 980  loss=0.088425  lr=5.00e-05  [rmse=0.0369 h1=0.0006 ssim=0.0986 mlw=73.1930]
epoch 25 step 990  loss=0.086455  lr=5.00e-05  [rmse=0.0221 h1=0.0003 ssim=0.0672 mlw=68.2186]
epoch 25 step 1000  loss=0.086284  lr=5.00e-05  [rmse=0.0369 h1=0.0006 ssim=0.1353 mlw=103.1405]
INFO     [rank 0] Loss weights: rmse=1.0000, h1=50.0000,      vae_trainer.py:786
         ssim=0.1500, mlw=0.0000                                                
INFO     [rank 0] Epoch 25: train_loss=0.086284               vae_trainer.py:807
         val_loss=0.070682  val_VRMSE=0.180349  lr=5.00e-05                     
INFO     [rank 0] Metrics updated: metrics/metrics.csv,       vae_trainer.py:827
         metrics/loss_curves.png                                                
INFO     [rank 0] Saved 8 validation reconstruction PNGs for  vae_trainer.py:978
         epoch 25                                                               
INFO     [rank 0] Epoch 25 timing: train=33.8s eval=2.7s      vae_trainer.py:863
         viz=10.9s ckpt=0.0s total=48.1s                                        
epoch 26 step 1010  loss=0.071981  lr=5.00e-05  [rmse=0.0140 h1=0.0001 ssim=0.0804 mlw=78.0070]
epoch 26 step 1020  loss=0.080149  lr=5.00e-05  [rmse=0.0372 h1=0.0006 ssim=0.0975 mlw=73.9954]
epoch 26 step 1030  loss=0.080625  lr=5.00e-05  [rmse=0.0389 h1=0.0003 ssim=0.1296 mlw=70.5353]
epoch 26 step 1040  loss=0.080086  lr=5.00e-05  [rmse=0.0162 h1=0.0001 ssim=0.0849 mlw=78.4404]
INFO     [rank 0] Loss weights: rmse=1.0000, h1=50.0000,      vae_trainer.py:786
         ssim=0.1500, mlw=0.0000                                                
INFO     [rank 0] Epoch 26: train_loss=0.080086               vae_trainer.py:807
         val_loss=0.079240  val_VRMSE=0.189372  lr=5.00e-05                     
INFO     [rank 0] Metrics updated: metrics/metrics.csv,       vae_trainer.py:827
         metrics/loss_curves.png                                                
INFO     [rank 0] Epoch 26 timing: train=33.5s eval=2.7s      vae_trainer.py:863
         viz=0.0s ckpt=0.0s total=36.9s                                         
epoch 27 step 1050  loss=0.073182  lr=5.00e-05  [rmse=0.0348 h1=0.0005 ssim=0.0927 mlw=75.1662]
epoch 27 step 1060  loss=0.072080  lr=5.00e-05  [rmse=0.0550 h1=0.0011 ssim=0.1971 mlw=108.4463]
epoch 27 step 1070  loss=0.067828  lr=5.00e-05  [rmse=0.0235 h1=0.0004 ssim=0.1118 mlw=55.5915]
epoch 27 step 1080  loss=0.067394  lr=5.00e-05  [rmse=0.0343 h1=0.0004 ssim=0.1394 mlw=90.4447]
INFO     [rank 0] Loss weights: rmse=1.0000, h1=50.0000,      vae_trainer.py:786
         ssim=0.1500, mlw=0.0000                                                
INFO     [rank 0] Epoch 27: train_loss=0.067394               vae_trainer.py:807
         val_loss=0.063243  val_VRMSE=0.151428  lr=5.00e-05                     
INFO     [rank 0] Metrics updated: metrics/metrics.csv,       vae_trainer.py:827
         metrics/loss_curves.png                                                
INFO     [rank 0] Epoch 27 timing: train=33.8s eval=2.7s      vae_trainer.py:863
         viz=0.0s ckpt=0.0s total=37.2s                                         
epoch 28 step 1090  loss=0.049882  lr=5.00e-05  [rmse=0.0154 h1=0.0001 ssim=0.0827 mlw=75.3926]
epoch 28 step 1100  loss=0.052893  lr=5.00e-05  [rmse=0.0253 h1=0.0002 ssim=0.1837 mlw=86.0841]
epoch 28 step 1110  loss=0.058372  lr=5.00e-05  [rmse=0.0383 h1=0.0002 ssim=0.3007 mlw=83.8011]
epoch 28 step 1120  loss=0.063482  lr=5.00e-05  [rmse=0.0749 h1=0.0011 ssim=0.2433 mlw=94.2518]
INFO     [rank 0] Loss weights: rmse=1.0000, h1=50.0000,      vae_trainer.py:786
         ssim=0.1500, mlw=0.0000                                                
INFO     [rank 0] Epoch 28: train_loss=0.063482               vae_trainer.py:807
         val_loss=0.070773  val_VRMSE=0.168124  lr=5.00e-05                     
INFO     [rank 0] Metrics updated: metrics/metrics.csv,       vae_trainer.py:827
         metrics/loss_curves.png                                                
INFO     [rank 0] Epoch 28 timing: train=33.7s eval=2.7s      vae_trainer.py:863
         viz=0.0s ckpt=0.0s total=37.0s                                         
epoch 29 step 1130  loss=0.062019  lr=5.00e-05  [rmse=0.0285 h1=0.0001 ssim=0.1683 mlw=75.9902]
epoch 29 step 1140  loss=0.060236  lr=5.00e-05  [rmse=0.0201 h1=0.0001 ssim=0.1012 mlw=75.5992]
epoch 29 step 1150  loss=0.057223  lr=5.00e-05  [rmse=0.0277 h1=0.0002 ssim=0.2178 mlw=87.1753]
epoch 29 step 1160  loss=0.062189  lr=5.00e-05  [rmse=0.0381 h1=0.0005 ssim=0.1001 mlw=73.9665]
INFO     [rank 0] Loss weights: rmse=1.0000, h1=50.0000,      vae_trainer.py:786
         ssim=0.1500, mlw=0.0000                                                
INFO     [rank 0] Epoch 29: train_loss=0.062189               vae_trainer.py:807
         val_loss=0.063697  val_VRMSE=0.145748  lr=5.00e-05                     
INFO     [rank 0] Metrics updated: metrics/metrics.csv,       vae_trainer.py:827
         metrics/loss_curves.png                                                
INFO     [rank 0] Epoch 29 timing: train=33.9s eval=2.7s      vae_trainer.py:863
         viz=0.0s ckpt=0.0s total=37.2s                                         
epoch 30 step 1170  loss=0.063044  lr=5.00e-05  [rmse=0.0289 h1=0.0001 ssim=0.1739 mlw=77.7889]
epoch 30 step 1180  loss=0.063410  lr=5.00e-05  [rmse=0.0232 h1=0.0001 ssim=0.1484 mlw=75.6747]
epoch 30 step 1190  loss=0.066147  lr=5.00e-05  [rmse=0.0188 h1=0.0001 ssim=0.1069 mlw=78.4590]
epoch 30 step 1200  loss=0.068213  lr=5.00e-05  [rmse=0.0385 h1=0.0006 ssim=0.1154 mlw=74.7455]
INFO     [rank 0] Loss weights: rmse=1.0000, h1=50.0000,      vae_trainer.py:786
         ssim=0.1500, mlw=0.0000                                                
INFO     [rank 0] Epoch 30: train_loss=0.068213               vae_trainer.py:807
         val_loss=0.084902  val_VRMSE=0.150873  lr=5.00e-05                     
INFO     [rank 0] Metrics updated: metrics/metrics.csv,       vae_trainer.py:827
         metrics/loss_curves.png                                                
INFO     [rank 0] Saved 8 validation reconstruction PNGs for  vae_trainer.py:978
         epoch 30                                                               
INFO     [rank 0] Epoch 30 timing: train=33.7s eval=2.7s      vae_trainer.py:863
         viz=11.1s ckpt=0.0s total=48.2s                                        
epoch 31 step 1210  loss=0.078008  lr=5.00e-05  [rmse=0.0275 h1=0.0007 ssim=0.0953 mlw=74.8808]
epoch 31 step 1220  loss=0.078467  lr=5.00e-05  [rmse=0.0317 h1=0.0004 ssim=0.1278 mlw=90.9011]
epoch 31 step 1230  loss=0.077950  lr=5.00e-05  [rmse=0.0266 h1=0.0004 ssim=0.1245 mlw=90.7668]
epoch 31 step 1240  loss=0.077380  lr=5.00e-05  [rmse=0.0166 h1=0.0002 ssim=0.0711 mlw=77.4944]
INFO     [rank 0] Loss weights: rmse=1.0000, h1=50.0000,      vae_trainer.py:786
         ssim=0.1500, mlw=0.0000                                                
INFO     [rank 0] Epoch 31: train_loss=0.077380               vae_trainer.py:807
         val_loss=0.080268  val_VRMSE=0.172137  lr=5.00e-05                     
INFO     [rank 0] Metrics updated: metrics/metrics.csv,       vae_trainer.py:827
         metrics/loss_curves.png                                                
INFO     [rank 0] Epoch 31 timing: train=33.6s eval=2.7s      vae_trainer.py:863
         viz=0.0s ckpt=0.0s total=37.0s                                         
epoch 32 step 1250  loss=0.087544  lr=5.00e-05  [rmse=0.0579 h1=0.0009 ssim=0.1811 mlw=109.5968]
epoch 32 step 1260  loss=0.086589  lr=5.00e-05  [rmse=0.0199 h1=0.0003 ssim=0.1007 mlw=54.9191]
epoch 32 step 1270  loss=0.078358  lr=5.00e-05  [rmse=0.0199 h1=0.0002 ssim=0.0590 mlw=68.9904]
epoch 32 step 1280  loss=0.069804  lr=5.00e-05  [rmse=0.0126 h1=0.0001 ssim=0.0593 mlw=75.0787]
INFO     [rank 0] Loss weights: rmse=1.0000, h1=50.0000,      vae_trainer.py:786
         ssim=0.1500, mlw=0.0000                                                
INFO     [rank 0] Epoch 32: train_loss=0.069804               vae_trainer.py:807
         val_loss=0.075256  val_VRMSE=0.149026  lr=5.00e-05                     
INFO     [rank 0] Metrics updated: metrics/metrics.csv,       vae_trainer.py:827
         metrics/loss_curves.png                                                
INFO     [rank 0] Epoch 32 timing: train=33.6s eval=2.7s      vae_trainer.py:863
         viz=0.0s ckpt=0.0s total=37.0s                                         
epoch 33 step 1290  loss=0.079611  lr=5.00e-05  [rmse=0.0350 h1=0.0002 ssim=0.1038 mlw=69.0189]
epoch 33 step 1300  loss=0.072087  lr=5.00e-05  [rmse=0.0227 h1=0.0005 ssim=0.0631 mlw=71.3917]
epoch 33 step 1310  loss=0.068648  lr=5.00e-05  [rmse=0.0243 h1=0.0002 ssim=0.1456 mlw=75.7098]
epoch 33 step 1320  loss=0.070316  lr=5.00e-05  [rmse=0.0605 h1=0.0010 ssim=0.2090 mlw=108.7865]
INFO     [rank 0] Loss weights: rmse=1.0000, h1=50.0000,      vae_trainer.py:786
         ssim=0.1500, mlw=0.0000                                                
INFO     [rank 0] Epoch 33: train_loss=0.070316               vae_trainer.py:807
         val_loss=0.060416  val_VRMSE=0.130469  lr=5.00e-05                     
INFO     [rank 0] Metrics updated: metrics/metrics.csv,       vae_trainer.py:827
         metrics/loss_curves.png                                                
INFO     [rank 0] Epoch 33 timing: train=33.9s eval=2.7s      vae_trainer.py:863
         viz=0.0s ckpt=0.0s total=37.2s                                         
epoch 34 step 1330  loss=0.048081  lr=5.00e-05  [rmse=0.0205 h1=0.0002 ssim=0.0648 mlw=65.9641]
epoch 34 step 1340  loss=0.054253  lr=5.00e-05  [rmse=0.0201 h1=0.0001 ssim=0.1397 mlw=83.5490]
epoch 34 step 1350  loss=0.058850  lr=5.00e-05  [rmse=0.0272 h1=0.0005 ssim=0.1083 mlw=90.0919]
epoch 34 step 1360  loss=0.058680  lr=5.00e-05  [rmse=0.0148 h1=0.0001 ssim=0.0654 mlw=73.9517]
INFO     [rank 0] Loss weights: rmse=1.0000, h1=50.0000,      vae_trainer.py:786
         ssim=0.1500, mlw=0.0000                                                
INFO     [rank 0] Epoch 34: train_loss=0.058680               vae_trainer.py:807
         val_loss=0.055642  val_VRMSE=0.125016  lr=5.00e-05                     
INFO     [rank 0] Metrics updated: metrics/metrics.csv,       vae_trainer.py:827
         metrics/loss_curves.png                                                
INFO     [rank 0] Epoch 34 timing: train=33.7s eval=2.7s      vae_trainer.py:863
         viz=0.0s ckpt=0.0s total=37.1s                                         
epoch 35 step 1370  loss=0.050067  lr=5.00e-05  [rmse=0.0111 h1=0.0001 ssim=0.0552 mlw=75.6789]
epoch 35 step 1380  loss=0.050270  lr=5.00e-05  [rmse=0.0108 h1=0.0001 ssim=0.0591 mlw=74.6548]
epoch 35 step 1390  loss=0.050523  lr=5.00e-05  [rmse=0.0287 h1=0.0005 ssim=0.0825 mlw=101.5367]
epoch 35 step 1400  loss=0.059286  lr=5.00e-05  [rmse=0.0282 h1=0.0002 ssim=0.2873 mlw=86.5136]
INFO     [rank 0] Loss weights: rmse=1.0000, h1=50.0000,      vae_trainer.py:786
         ssim=0.1500, mlw=0.0000                                                
INFO     [rank 0] Epoch 35: train_loss=0.059286               vae_trainer.py:807
         val_loss=0.062179  val_VRMSE=0.126495  lr=5.00e-05                     
INFO     [rank 0] Metrics updated: metrics/metrics.csv,       vae_trainer.py:827
         metrics/loss_curves.png                                                
INFO     [rank 0] Saved 8 validation reconstruction PNGs for  vae_trainer.py:978
         epoch 35                                                               
INFO     [rank 0] Epoch 35 timing: train=33.8s eval=2.7s      vae_trainer.py:863
         viz=11.0s ckpt=0.0s total=48.2s                                        
epoch 36 step 1410  loss=0.072677  lr=5.00e-05  [rmse=0.0412 h1=0.0006 ssim=0.1139 mlw=103.3888]
epoch 36 step 1420  loss=0.070118  lr=5.00e-05  [rmse=0.0128 h1=0.0001 ssim=0.0605 mlw=75.5987]
epoch 36 step 1430  loss=0.066518  lr=4.99e-05  [rmse=0.0220 h1=0.0004 ssim=0.0631 mlw=71.3117]
epoch 36 step 1440  loss=0.062128  lr=4.98e-05  [rmse=0.0195 h1=0.0003 ssim=0.0971 mlw=53.9690]
INFO     [rank 0] Loss weights: rmse=1.0000, h1=50.0000,      vae_trainer.py:786
         ssim=0.1500, mlw=0.0000                                                
INFO     [rank 0] Epoch 36: train_loss=0.062128               vae_trainer.py:807
         val_loss=0.056367  val_VRMSE=0.131790  lr=4.98e-05                     
INFO     [rank 0] Metrics updated: metrics/metrics.csv,       vae_trainer.py:827
         metrics/loss_curves.png                                                
INFO     [rank 0] Epoch 36 timing: train=33.6s eval=2.7s      vae_trainer.py:863
         viz=0.0s ckpt=0.0s total=37.0s                                         
epoch 37 step 1450  loss=0.045324  lr=4.96e-05  [rmse=0.0336 h1=0.0004 ssim=0.1026 mlw=89.9814]
epoch 37 step 1460  loss=0.056154  lr=4.93e-05  [rmse=0.0233 h1=0.0002 ssim=0.0852 mlw=65.1974]
epoch 37 step 1470  loss=0.057413  lr=4.89e-05  [rmse=0.0253 h1=0.0004 ssim=0.0684 mlw=70.5219]
epoch 37 step 1480  loss=0.056720  lr=4.85e-05  [rmse=0.0232 h1=0.0001 ssim=0.1013 mlw=72.5336]
INFO     [rank 0] Loss weights: rmse=1.0000, h1=50.0000,      vae_trainer.py:786
         ssim=0.1500, mlw=0.0000                                                
INFO     [rank 0] Epoch 37: train_loss=0.056720               vae_trainer.py:807
         val_loss=0.053090  val_VRMSE=0.123967  lr=4.85e-05                     
INFO     [rank 0] Metrics updated: metrics/metrics.csv,       vae_trainer.py:827
         metrics/loss_curves.png                                                
INFO     [rank 0] Epoch 37 timing: train=33.8s eval=2.7s      vae_trainer.py:863
         viz=0.0s ckpt=0.0s total=37.2s                                         
epoch 38 step 1490  loss=0.042041  lr=4.80e-05  [rmse=0.0218 h1=0.0001 ssim=0.1136 mlw=74.4643]
epoch 38 step 1500  loss=0.068309  lr=4.75e-05  [rmse=0.0330 h1=0.0001 ssim=0.1742 mlw=73.8185]
epoch 38 step 1510  loss=0.071217  lr=4.69e-05  [rmse=0.0341 h1=0.0006 ssim=0.1035 mlw=73.8291]
epoch 38 step 1520  loss=0.069938  lr=4.62e-05  [rmse=0.0173 h1=0.0001 ssim=0.0792 mlw=74.6276]
INFO     [rank 0] Loss weights: rmse=1.0000, h1=50.0000,      vae_trainer.py:786
         ssim=0.1500, mlw=0.0000                                                
INFO     [rank 0] Epoch 38: train_loss=0.069938               vae_trainer.py:807
         val_loss=0.069491  val_VRMSE=0.139916  lr=4.62e-05                     
INFO     [rank 0] Metrics updated: metrics/metrics.csv,       vae_trainer.py:827
         metrics/loss_curves.png                                                
INFO     [rank 0] Epoch 38 timing: train=33.7s eval=2.7s      vae_trainer.py:863
         viz=0.0s ckpt=0.0s total=37.1s                                         
epoch 39 step 1530  loss=0.077654  lr=4.55e-05  [rmse=0.0429 h1=0.0005 ssim=0.1328 mlw=91.9161]
epoch 39 step 1540  loss=0.071742  lr=4.47e-05  [rmse=0.0201 h1=0.0001 ssim=0.1043 mlw=74.2665]
epoch 39 step 1550  loss=0.067214  lr=4.38e-05  [rmse=0.0236 h1=0.0002 ssim=0.2330 mlw=86.1380]
epoch 39 step 1560  loss=0.066822  lr=4.29e-05  [rmse=0.0178 h1=0.0002 ssim=0.0538 mlw=67.3706]
INFO     [rank 0] Loss weights: rmse=1.0000, h1=50.0000,      vae_trainer.py:786
         ssim=0.1500, mlw=0.0000                                                
INFO     [rank 0] Epoch 39: train_loss=0.066822               vae_trainer.py:807
         val_loss=0.050374  val_VRMSE=0.110126  lr=4.29e-05                     
INFO     [rank 0] Metrics updated: metrics/metrics.csv,       vae_trainer.py:827
         metrics/loss_curves.png                                                
INFO     [rank 0] Epoch 39 timing: train=33.7s eval=2.7s      vae_trainer.py:863
         viz=0.0s ckpt=0.0s total=37.1s                                         
epoch 40 step 1570  loss=0.045458  lr=4.20e-05  [rmse=0.0233 h1=0.0001 ssim=0.1848 mlw=83.8271]
epoch 40 step 1580  loss=0.048897  lr=4.10e-05  [rmse=0.0252 h1=0.0002 ssim=0.1093 mlw=66.1075]
epoch 40 step 1590  loss=0.048680  lr=4.00e-05  [rmse=0.0112 h1=0.0001 ssim=0.0560 mlw=75.1981]
epoch 40 step 1600  loss=0.048351  lr=3.89e-05  [rmse=0.0172 h1=0.0001 ssim=0.0975 mlw=72.9940]
INFO     [rank 0] Loss weights: rmse=1.0000, h1=50.0000,      vae_trainer.py:786
         ssim=0.1500, mlw=0.0000                                                
INFO     [rank 0] Epoch 40: train_loss=0.048351               vae_trainer.py:807
         val_loss=0.048167  val_VRMSE=0.106800  lr=3.89e-05                     
INFO     [rank 0] Metrics updated: metrics/metrics.csv,       vae_trainer.py:827
         metrics/loss_curves.png                                                
INFO     [rank 0] Saved 8 validation reconstruction PNGs for  vae_trainer.py:978
         epoch 40                                                               
INFO     [rank 0] Epoch 40 timing: train=33.7s eval=2.7s      vae_trainer.py:863
         viz=10.9s ckpt=0.0s total=48.2s                                        
epoch 41 step 1610  loss=0.039456  lr=3.78e-05  [rmse=0.0185 h1=0.0002 ssim=0.0485 mlw=64.8332]
epoch 41 step 1620  loss=0.054550  lr=3.66e-05  [rmse=0.0427 h1=0.0005 ssim=0.1125 mlw=102.4911]
epoch 41 step 1630  loss=0.053279  lr=3.54e-05  [rmse=0.0134 h1=0.0000 ssim=0.0742 mlw=75.0319]
epoch 41 step 1640  loss=0.055768  lr=3.42e-05  [rmse=0.0201 h1=0.0004 ssim=0.0750 mlw=89.0666]
INFO     [rank 0] Loss weights: rmse=1.0000, h1=50.0000,      vae_trainer.py:786
         ssim=0.1500, mlw=0.0000                                                
INFO     [rank 0] Epoch 41: train_loss=0.055768               vae_trainer.py:807
         val_loss=0.050245  val_VRMSE=0.107856  lr=3.42e-05                     
INFO     [rank 0] Metrics updated: metrics/metrics.csv,       vae_trainer.py:827
         metrics/loss_curves.png                                                
INFO     [rank 0] Epoch 41 timing: train=33.6s eval=2.7s      vae_trainer.py:863
         viz=0.0s ckpt=0.0s total=37.0s                                         
epoch 42 step 1650  loss=0.039147  lr=3.29e-05  [rmse=0.0130 h1=0.0001 ssim=0.0595 mlw=72.5103]
epoch 42 step 1660  loss=0.040841  lr=3.17e-05  [rmse=0.0105 h1=0.0000 ssim=0.0551 mlw=73.8791]
epoch 42 step 1670  loss=0.041711  lr=3.04e-05  [rmse=0.0176 h1=0.0002 ssim=0.0533 mlw=64.0773]
epoch 42 step 1680  loss=0.041194  lr=2.91e-05  [rmse=0.0151 h1=0.0003 ssim=0.0707 mlw=52.6737]
INFO     [rank 0] Loss weights: rmse=1.0000, h1=50.0000,      vae_trainer.py:786
         ssim=0.1500, mlw=0.0000                                                
INFO     [rank 0] Epoch 42: train_loss=0.041194               vae_trainer.py:807
         val_loss=0.036901  val_VRMSE=0.078664  lr=2.91e-05                     
INFO     [rank 0] Metrics updated: metrics/metrics.csv,       vae_trainer.py:827
         metrics/loss_curves.png                                                
INFO     [rank 0] Epoch 42 timing: train=33.6s eval=2.7s      vae_trainer.py:863
         viz=0.0s ckpt=0.0s total=37.1s                                         
epoch 43 step 1690  loss=0.038939  lr=2.78e-05  [rmse=0.0278 h1=0.0005 ssim=0.1081 mlw=100.7606]
epoch 43 step 1700  loss=0.038170  lr=2.65e-05  [rmse=0.0153 h1=0.0003 ssim=0.0733 mlw=52.5761]
epoch 43 step 1710  loss=0.038655  lr=2.52e-05  [rmse=0.0187 h1=0.0005 ssim=0.0809 mlw=99.3918]
epoch 43 step 1720  loss=0.036318  lr=2.39e-05  [rmse=0.0085 h1=0.0001 ssim=0.0410 mlw=71.7257]
INFO     [rank 0] Loss weights: rmse=1.0000, h1=50.0000,      vae_trainer.py:786
         ssim=0.1500, mlw=0.0000                                                
INFO     [rank 0] Epoch 43: train_loss=0.036318               vae_trainer.py:807
         val_loss=0.035932  val_VRMSE=0.076225  lr=2.39e-05                     
INFO     [rank 0] Metrics updated: metrics/metrics.csv,       vae_trainer.py:827
         metrics/loss_curves.png                                                
INFO     [rank 0] Epoch 43 timing: train=33.6s eval=2.7s      vae_trainer.py:863
         viz=0.0s ckpt=0.0s total=36.9s                                         
epoch 44 step 1730  loss=0.031841  lr=2.25e-05  [rmse=0.0109 h1=0.0001 ssim=0.0528 mlw=71.7865]
epoch 44 step 1740  loss=0.036438  lr=2.12e-05  [rmse=0.0302 h1=0.0004 ssim=0.1704 mlw=87.5735]
epoch 44 step 1750  loss=0.038401  lr=2.00e-05  [rmse=0.0151 h1=0.0002 ssim=0.0402 mlw=64.1320]
epoch 44 step 1760  loss=0.037575  lr=1.87e-05  [rmse=0.0142 h1=0.0003 ssim=0.0589 mlw=52.7024]
INFO     [rank 0] Loss weights: rmse=1.0000, h1=50.0000,      vae_trainer.py:786
         ssim=0.1500, mlw=0.0000                                                
INFO     [rank 0] Epoch 44: train_loss=0.037575               vae_trainer.py:807
         val_loss=0.035652  val_VRMSE=0.081165  lr=1.87e-05                     
INFO     [rank 0] Metrics updated: metrics/metrics.csv,       vae_trainer.py:827
         metrics/loss_curves.png                                                
INFO     [rank 0] Epoch 44 timing: train=33.6s eval=2.7s      vae_trainer.py:863
         viz=0.0s ckpt=0.0s total=36.9s                                         
epoch 45 step 1770  loss=0.037259  lr=1.74e-05  [rmse=0.0120 h1=0.0001 ssim=0.0709 mlw=79.2040]
epoch 45 step 1780  loss=0.038163  lr=1.62e-05  [rmse=0.0083 h1=0.0001 ssim=0.0321 mlw=71.4278]
epoch 45 step 1790  loss=0.035547  lr=1.50e-05  [rmse=0.0135 h1=0.0003 ssim=0.0572 mlw=52.4111]
epoch 45 step 1800  loss=0.032920  lr=1.38e-05  [rmse=0.0100 h1=0.0001 ssim=0.0611 mlw=78.9646]
INFO     [rank 0] Loss weights: rmse=1.0000, h1=50.0000,      vae_trainer.py:786
         ssim=0.1500, mlw=0.0000                                                
INFO     [rank 0] Epoch 45: train_loss=0.032920               vae_trainer.py:807
         val_loss=0.030639  val_VRMSE=0.063738  lr=1.38e-05                     
INFO     [rank 0] Metrics updated: metrics/metrics.csv,       vae_trainer.py:827
         metrics/loss_curves.png                                                
INFO     [rank 0] Saved 8 validation reconstruction PNGs for  vae_trainer.py:978
         epoch 45                                                               
INFO     [rank 0] Epoch 45 timing: train=33.8s eval=2.7s      vae_trainer.py:863
         viz=11.0s ckpt=0.0s total=48.1s                                        
epoch 46 step 1810  loss=0.029363  lr=1.27e-05  [rmse=0.0095 h1=0.0001 ssim=0.0567 mlw=78.7151]
epoch 46 step 1820  loss=0.024562  lr=1.16e-05  [rmse=0.0056 h1=0.0000 ssim=0.0225 mlw=72.2896]
epoch 46 step 1830  loss=0.027710  lr=1.05e-05  [rmse=0.0132 h1=0.0003 ssim=0.0547 mlw=52.3439]
epoch 46 step 1840  loss=0.029578  lr=9.50e-06  [rmse=0.0076 h1=0.0001 ssim=0.0311 mlw=71.1268]
INFO     [rank 0] Loss weights: rmse=1.0000, h1=50.0000,      vae_trainer.py:786
         ssim=0.1500, mlw=0.0000                                                
INFO     [rank 0] Epoch 46: train_loss=0.029578               vae_trainer.py:807
         val_loss=0.029139  val_VRMSE=0.060691  lr=9.50e-06                     
INFO     [rank 0] Metrics updated: metrics/metrics.csv,       vae_trainer.py:827
         metrics/loss_curves.png                                                
INFO     [rank 0] Epoch 46 timing: train=33.6s eval=2.7s      vae_trainer.py:863
         viz=0.0s ckpt=0.0s total=37.0s                                         
epoch 47 step 1850  loss=0.026451  lr=8.53e-06  [rmse=0.0141 h1=0.0004 ssim=0.0345 mlw=68.3419]
epoch 47 step 1860  loss=0.029761  lr=7.60e-06  [rmse=0.0131 h1=0.0003 ssim=0.0530 mlw=52.1974]
epoch 47 step 1870  loss=0.027580  lr=6.73e-06  [rmse=0.0122 h1=0.0002 ssim=0.0318 mlw=63.1085]
epoch 47 step 1880  loss=0.028805  lr=5.91e-06  [rmse=0.0141 h1=0.0004 ssim=0.0337 mlw=68.3269]
INFO     [rank 0] Loss weights: rmse=1.0000, h1=50.0000,      vae_trainer.py:786
         ssim=0.1500, mlw=0.0000                                                
INFO     [rank 0] Epoch 47: train_loss=0.028805               vae_trainer.py:807
         val_loss=0.028359  val_VRMSE=0.059725  lr=5.91e-06                     
INFO     [rank 0] Metrics updated: metrics/metrics.csv,       vae_trainer.py:827
         metrics/loss_curves.png                                                
INFO     [rank 0] Epoch 47 timing: train=33.8s eval=2.7s      vae_trainer.py:863
         viz=0.0s ckpt=0.0s total=37.1s                                         
epoch 48 step 1890  loss=0.020229  lr=5.15e-06  [rmse=0.0090 h1=0.0001 ssim=0.0471 mlw=78.4141]
epoch 48 step 1900  loss=0.026380  lr=4.45e-06  [rmse=0.0129 h1=0.0003 ssim=0.0511 mlw=52.1698]
epoch 48 step 1910  loss=0.026773  lr=3.81e-06  [rmse=0.0129 h1=0.0003 ssim=0.0513 mlw=52.1652]
epoch 48 step 1920  loss=0.028414  lr=3.23e-06  [rmse=0.0135 h1=0.0003 ssim=0.0430 mlw=85.7930]
INFO     [rank 0] Loss weights: rmse=1.0000, h1=50.0000,      vae_trainer.py:786
         ssim=0.1500, mlw=0.0000                                                
INFO     [rank 0] Epoch 48: train_loss=0.028414               vae_trainer.py:807
         val_loss=0.028223  val_VRMSE=0.059203  lr=3.23e-06                     
INFO     [rank 0] Metrics updated: metrics/metrics.csv,       vae_trainer.py:827
         metrics/loss_curves.png                                                
INFO     [rank 0] Epoch 48 timing: train=33.7s eval=2.7s      vae_trainer.py:863
         viz=0.0s ckpt=0.0s total=37.0s                                         
epoch 49 step 1930  loss=0.032541  lr=2.71e-06  [rmse=0.0073 h1=0.0001 ssim=0.0266 mlw=71.0100]
epoch 49 step 1940  loss=0.028503  lr=2.26e-06  [rmse=0.0151 h1=0.0004 ssim=0.0433 mlw=98.2508]
epoch 49 step 1950  loss=0.027495  lr=1.88e-06  [rmse=0.0119 h1=0.0002 ssim=0.0304 mlw=62.8577]
epoch 49 step 1960  loss=0.028023  lr=1.56e-06  [rmse=0.0087 h1=0.0001 ssim=0.0415 mlw=78.3854]
INFO     [rank 0] Loss weights: rmse=1.0000, h1=50.0000,      vae_trainer.py:786
         ssim=0.1500, mlw=0.0000                                                
INFO     [rank 0] Epoch 49: train_loss=0.028023               vae_trainer.py:807
         val_loss=0.027933  val_VRMSE=0.058886  lr=1.56e-06                     
INFO     [rank 0] Metrics updated: metrics/metrics.csv,       vae_trainer.py:827
         metrics/loss_curves.png                                                
INFO     [rank 0] Epoch 49 timing: train=33.8s eval=2.7s      vae_trainer.py:863
         viz=0.0s ckpt=0.0s total=37.2s                                         
epoch 50 step 1970  loss=0.032166  lr=1.32e-06  [rmse=0.0139 h1=0.0004 ssim=0.0328 mlw=68.2581]
epoch 50 step 1980  loss=0.028166  lr=1.14e-06  [rmse=0.0139 h1=0.0004 ssim=0.0327 mlw=68.2427]
epoch 50 step 1990  loss=0.027214  lr=1.04e-06  [rmse=0.0054 h1=0.0000 ssim=0.0213 mlw=72.0843]
epoch 50 step 2000  loss=0.027918  lr=1.00e-06  [rmse=0.0054 h1=0.0000 ssim=0.0213 mlw=72.0907]
INFO     [rank 0] Loss weights: rmse=1.0000, h1=50.0000,      vae_trainer.py:786
         ssim=0.1500, mlw=0.0000                                                
INFO     [rank 0] Epoch 50: train_loss=0.027918               vae_trainer.py:807
         val_loss=0.027900  val_VRMSE=0.058816  lr=1.00e-06                     
INFO     [rank 0] Metrics updated: metrics/metrics.csv,       vae_trainer.py:827
         metrics/loss_curves.png                                                
INFO     [rank 0] Saved 8 validation reconstruction PNGs for  vae_trainer.py:978
         epoch 50                                                               
INFO     [rank 0] Epoch 50 timing: train=33.6s eval=2.7s      vae_trainer.py:863
         viz=11.2s ckpt=0.0s total=48.2s                                        
╭──────────────────────────────────────────────────────────────────────────────╮
╰──────────────────────────────────────────────────────────────────────────────╯INFO     [rank 0] Best epoch: 50 (val_vrmse=0.058816)         vae_trainer.py:881

Training complete. Checkpoint: 
/local/disk/hramachandran/work/wh_work/windinet/finetune_vae_outputs_lundquist/f
inetune_vae_overfit_lr5e5_wsd_tail/checkpoints/vae_shockwave_last.safetensors
permission denied while trying to connect to the Docker daemon socket at unix:///var/run/docker.sock: Get "http://%2Fvar%2Frun%2Fdocker.sock/v1.24/containers/json?filters=%7B%22label%22%3A%7B%22slurm_job_id%3D21687%22%3Atrue%7D%7D": dial unix /var/run/docker.sock: connect: permission denied
