2 GPUs x batch_size 16 x accum 1 -> effective batch 32; output_dir finetune_vae_outputs/lundquist/finetune_vae_whole_structure_baseline_ep20_kl1e7
job=22725 node=lundquist gpus=0,1
/local/disk/hramachandran/miniconda/envs/windinet/lib/python3.10/site-packages/accelerate/utils/launch.py:236: UserWarning: Port `29500` is already in use. Accelerate will attempt to launch in a standalone-like mode by finding an open port automatically for this session. If this current attempt fails, or for more control in future runs, please specify a different port (e.g., `--main_process_port <your_chosen_port>`) or use `--main_process_port 0` for automatic selection in your launch command or Accelerate config file.
  warnings.warn(
                          VAE Finetuning Configuration                          
┏━━━━━━━━━━━━━━━━━━━━━━━━━━━━━━━━━━━━━━━┳━━━━━━━━━━━━━━━━━━━━━━━━━━━━━━━━━━━━━━┓
┃ Parameter                             ┃ Value                                ┃
┡━━━━━━━━━━━━━━━━━━━━━━━━━━━━━━━━━━━━━━━╇━━━━━━━━━━━━━━━━━━━━━━━━━━━━━━━━━━━━━━┩
│ model.model_source                    │ LTXV_2B_0.9.6_DEV                    │
│ model.load_checkpoint                 │ None                                 │
│ adapter.enabled                       │ True                                 │
│ adapter.checkpoint                    │ None                                 │
│ adapter.channels                      │ ['density', 'momentum_x',            │
│                                       │ 'momentum_y', 'pressure']            │
│ adapter.mode                          │ inflate                              │
│ adapter.inflate_init                  │ zeros                                │
│ adapter.inflate_copy_channel          │ None                                 │
│ adapter.freeze_conv_in                │ False                                │
│ adapter.unfreeze_encoder_trunk        │ True                                 │
│ adapter.hidden_channels               │ 32                                   │
│ adapter.activation                    │ gelu                                 │
│ adapter.identity_init                 │ False                                │
│ adapter.default_temb                  │ 0.0                                  │
│ data.data_root                        │ /local/disk/hramachandran/work/wh_w… │
│ data.eval_sims                        │ 675                                  │
│ data.num_dataloader_workers           │ 4                                    │
│ data.num_sim_frames                   │ None                                 │
│ data.overfit_sims                     │ None                                 │
│ data.overfit_repeat                   │ 1                                    │
│ data.channel_mean                     │ [0.905097647712509,                  │
│                                       │ 0.0040453659499771295,               │
│                                       │ -0.0019089379643528095, 0.9          │
│ data.channel_std                      │ [0.6607349375392083,                 │
│                                       │ 0.5328754120427532,                  │
│                                       │ 0.5262512462358824, 0.8050358        │
│ data.normalization_stats_file         │ None                                 │
│ data.normalization_clip               │ 5.0                                  │
│ data.channel_order                    │ ['density', 'momentum_x',            │
│                                       │ 'momentum_y', 'pressure']            │
│ data.log_transform_channels           │ []                                   │
│ optimization.learning_rate            │ 5e-05                                │
│ optimization.min_learning_rate        │ 1e-06                                │
│ optimization.scheduler_type           │ cosine                               │
│ optimization.stable_fraction          │ 0.7                                  │
│ optimization.stable_end_epoch         │ None                                 │
│ optimization.plateau_factor           │ 0.5                                  │
│ optimization.plateau_patience         │ 3                                    │
│ optimization.plateau_threshold        │ 0.0001                               │
│ optimization.epochs                   │ 20                                   │
│ optimization.batch_size               │ 16                                   │
│ optimization.gradient_accumulation_s… │ 1                                    │
│ optimization.max_grad_norm            │ 5.0                                  │
│ optimization.weight_decay             │ 0.0                                  │
│ optimization.warmup_steps             │ 200                                  │
│ optimization.warmup_start_factor      │ 0.01                                 │
│ optimization.enable_gradient_checkpo… │ True                                 │
│ loss.wavelet                          │ db2                                  │
│ loss.spatial_level                    │ 2                                    │
│ loss.temporal_level                   │ 2                                    │
│ loss.mlw_beta                         │ 10.0                                 │
│ loss.mlw_eps                          │ 1e-06                                │
│ loss_weighting.strategy               │ fixed                                │
│ loss_weighting.weights                │ {'rmse': 1.0, 'h1': 50.0, 'ssim':    │
│                                       │ 0.15, 'mlw': 0.0, 'kl': 1e-07}       │
│ loss_weighting.loss_names             │ ['rmse', 'h1', 'ssim', 'mlw']        │
│ loss_weighting.alpha                  │ 1.5                                  │
│ loss_weighting.weight_lr              │ 0.025                                │
│ loss_weighting.temperature            │ 0.1                                  │
│ sds.enabled                           │ False                                │
│ sds.model_source                      │ LTXV_13B_097_DEV                     │
│ sds.dit_checkpoint                    │ None                                 │
│ sds.scalar_conditioning.enabled       │ True                                 │
│ sds.scalar_conditioning.scalar_names  │ ['gamma']                            │
│ sds.scalar_conditioning.scalar_ranges │ {'gamma': (1.0, 2.0)}                │
│ sds.scalar_conditioning.embedding_dim │ 4096                                 │
│ sds.scalar_conditioning.num_tokens_p… │ 4                                    │
│ sds.scalar_conditioning.fourier_feat… │ 64                                   │
│ sds.scalar_conditioning.mlp_hidden_d… │ 256                                  │
│ sds.scalar_conditioning.dropout       │ 0.1                                  │
│ sds.timestep_sampling_mode            │ shifted_logit_normal                 │
│ sds.timestep_sampling_params          │ {}                                   │
│ visualization.enabled                 │ True                                 │
│ visualization.interval_epochs         │ 4                                    │
│ visualization.num_samples             │ 3                                    │
│ visualization.frame_numbers           │ [25, 50, 75, 100]                    │
│ visualization.dpi                     │ 150                                  │
│ acceleration.mixed_precision_mode     │ bf16                                 │
│ acceleration.compile_with_inductor    │ False                                │
│ acceleration.compilation_mode         │ reduce-overhead                      │
│ checkpoints.interval                  │ 1                                    │
│ checkpoints.keep_last_n               │ 1                                    │
│ checkpoints.save_best_only            │ True                                 │
│ checkpoints.best_metric               │ val_vrmse                            │
│ checkpoints.save_last_state           │ True                                 │
│ checkpoints.save_epochs               │ []                                   │
│ wandb.enabled                         │ False                                │
│ wandb.project                         │ windinet                             │
│ wandb.entity                          │ None                                 │
│ wandb.tags                            │ ['vae', 'inflate', 'zeros-init',     │
│                                       │ 'cosine', '20ep', 'lr1x',            │
│                                       │ 'shockwave-                          │
│ seed                                  │ 42                                   │
│ output_dir                            │ /local/disk/hramachandran/work/wh_w… │
│ clean_output_dir                      │ True                                 │
│ resume_from                           │ None                                 │
│ resume_weights_only                   │ False                                │
└───────────────────────────────────────┴──────────────────────────────────────┘
INFO     [rank 0] Distributed training: 2 processes          vae_trainer.py:1475
/local/disk/hramachandran/miniconda/envs/windinet/lib/python3.10/site-packages/huggingface_hub/utils/_validators.py:205: UserWarning: The `local_dir_use_symlinks` argument is deprecated and ignored in `hf_hub_download`. Downloading to a local directory does not use symlinks anymore.
  warnings.warn(
/local/disk/hramachandran/miniconda/envs/windinet/lib/python3.10/site-packages/huggingface_hub/utils/_validators.py:205: UserWarning: The `local_dir_use_symlinks` argument is deprecated and ignored in `hf_hub_download`. Downloading to a local directory does not use symlinks anymore.
  warnings.warn(
INFO     [rank 0] HTTP Request: HEAD                             _client.py:1025
         https://huggingface.co/Lightricks/LTX-Video-0.9.5/resol                
         ve/main/vae/config.json "HTTP/1.1 307 Temporary                        
         Redirect"                                                              
INFO     [rank 0] HTTP Request: HEAD                             _client.py:1025
         https://huggingface.co/api/resolve-cache/models/Lightri                
         cks/LTX-Video-0.9.5/e58e28c39631af4d1468ee57a853764e11c                
         1d37e/vae%2Fconfig.json "HTTP/1.1 200 OK"                              
INFO     [rank 1] HTTP Request: HEAD                             _client.py:1025
         https://huggingface.co/Lightricks/LTX-Video-0.9.5/resol                
         ve/main/vae/config.json "HTTP/1.1 307 Temporary                        
         Redirect"                                                              
INFO     [rank 1] HTTP Request: HEAD                             _client.py:1025
         https://huggingface.co/api/resolve-cache/models/Lightri                
         cks/LTX-Video-0.9.5/e58e28c39631af4d1468ee57a853764e11c                
         1d37e/vae%2Fconfig.json "HTTP/1.1 200 OK"                              
INFO     [rank 0] HTTP Request: HEAD                             _client.py:1025
         https://huggingface.co/Lightricks/LTX-Video-0.9.5/resol                
         ve/e58e28c39631af4d1468ee57a853764e11c1d37e/vae/diffusi                
         on_pytorch_model.safetensors.index.json "HTTP/1.1 404                  
         Not Found"                                                             
INFO     [rank 1] HTTP Request: HEAD                             _client.py:1025
         https://huggingface.co/Lightricks/LTX-Video-0.9.5/resol                
         ve/e58e28c39631af4d1468ee57a853764e11c1d37e/vae/diffusi                
         on_pytorch_model.safetensors.index.json "HTTP/1.1 404                  
         Not Found"                                                             
INFO     [rank 0] VAE inflated to 4 native channels           vae_trainer.py:206
         (init=zeros); encoder.conv_in is trainable                             
INFO     [rank 0] Encoder extra modules UNFROZEN:             vae_trainer.py:263
         down_blocks[0, 1, 2] + tail                                            
         (down_blocks[-1]+mid_block+norm_out+conv_out)                          
INFO     [rank 0] VAE gradient checkpointing enabled          vae_trainer.py:274
INFO     [rank 0] VAE loaded. Decoder params: 552,869,953     vae_trainer.py:280
INFO     [rank 0] Trainable parameters:                       vae_trainer.py:351
         encoder_conv_in=221,312, encoder_extra=693,932,865,                    
         decoder=552,869,953, in_adapter=0, out_adapter=0                       
INFO     [rank 0] Dataset: 3825 train, 675 eval samples       vae_trainer.py:615
INFO     [rank 0] encoder.conv_in LR = 5.00e-05 (== decoder   vae_trainer.py:639
         LR)                                                                    
INFO     [rank 0] encoder extra (down_blocks[0, 1, 2]+tail)   vae_trainer.py:650
         LR = 5.00e-05 (== decoder LR)                                          
INFO     [rank 0] LR schedule 'cosine': 2380 steps (200       vae_trainer.py:741
         warmup, 0 stable, 2180 anneal), peak 5.00e-05 ->                       
         floor 1.00e-06                                                         
INFO     [rank 0] Config saved:                              vae_trainer.py:1507
         /local/disk/hramachandran/work/wh_work/windinet/fin                    
         etune_vae_outputs/lundquist/finetune_vae_whole_stru                    
         cture_baseline_ep20_kl1e7/training_config.yaml                         
INFO     [rank 0] Starting VAE decoder finetuning...          vae_trainer.py:795
epoch 1 step 10  loss=0.163466  lr=2.98e-06  [rmse=0.0767 h1=0.0005 ssim=0.2856 mlw=0.0000]
epoch 1 step 20  loss=0.154673  lr=5.45e-06  [rmse=0.0745 h1=0.0006 ssim=0.2999 mlw=0.0000]
epoch 1 step 30  loss=0.153251  lr=7.93e-06  [rmse=0.0621 h1=0.0006 ssim=0.2810 mlw=0.0000]
epoch 1 step 40  loss=0.153107  lr=1.04e-05  [rmse=0.0784 h1=0.0005 ssim=0.2379 mlw=0.0000]
epoch 1 step 50  loss=0.149565  lr=1.29e-05  [rmse=0.0499 h1=0.0002 ssim=0.2915 mlw=0.0000]
epoch 1 step 60  loss=0.148175  lr=1.54e-05  [rmse=0.0926 h1=0.0006 ssim=0.3075 mlw=0.0000]
epoch 1 step 70  loss=0.143785  lr=1.78e-05  [rmse=0.0392 h1=0.0005 ssim=0.2349 mlw=0.0000]
epoch 1 step 80  loss=0.141087  lr=2.03e-05  [rmse=0.0783 h1=0.0007 ssim=0.2759 mlw=0.0000]
epoch 1 step 90  loss=0.136591  lr=2.28e-05  [rmse=0.0336 h1=0.0005 ssim=0.1815 mlw=0.0000]
epoch 1 step 100  loss=0.132925  lr=2.53e-05  [rmse=0.0510 h1=0.0004 ssim=0.2212 mlw=0.0000]
epoch 1 step 110  loss=0.129457  lr=2.77e-05  [rmse=0.0373 h1=0.0005 ssim=0.2108 mlw=0.0000]
INFO     [rank 0] Loss weights: rmse=1.0000, h1=50.0000,      vae_trainer.py:975
         ssim=0.1500, mlw=0.0000, kl=0.0000                                     
INFO     [rank 0] Epoch 1: train_loss=0.126643               vae_trainer.py:1014
         val_loss=0.100301  val_VRMSE=0.275088  lr=3.00e-05                     
INFO     [rank 0] Metrics updated: metrics/metrics.csv,      vae_trainer.py:1040
         metrics/loss_curves.png                                                
INFO     [rank 0] New best checkpoint (epoch 1,              vae_trainer.py:1353
         val_vrmse=0.275088):                                                   
         checkpoints/vae_shockwave_best.safetensors                             
INFO     [rank 0] Training state saved:                      vae_trainer.py:1429
         checkpoints/vae_shockwave_last.state.pt                                
INFO     [rank 0] Epoch 1 timing: train=1181.3s eval=64.5s   vae_trainer.py:1074
         viz=0.0s ckpt=31.3s total=1277.7s                                      
epoch 2 step 120  loss=0.070737  lr=3.02e-05  [rmse=0.0287 h1=0.0002 ssim=0.2201 mlw=0.0000]
epoch 2 step 130  loss=0.088696  lr=3.27e-05  [rmse=0.0290 h1=0.0004 ssim=0.1686 mlw=0.0000]
epoch 2 step 140  loss=0.087564  lr=3.52e-05  [rmse=0.0337 h1=0.0005 ssim=0.2004 mlw=0.0000]
epoch 2 step 150  loss=0.085983  lr=3.76e-05  [rmse=0.0349 h1=0.0004 ssim=0.1638 mlw=0.0000]
epoch 2 step 160  loss=0.084965  lr=4.01e-05  [rmse=0.0278 h1=0.0003 ssim=0.1862 mlw=0.0000]
epoch 2 step 170  loss=0.084620  lr=4.26e-05  [rmse=0.0329 h1=0.0005 ssim=0.2195 mlw=0.0000]
epoch 2 step 180  loss=0.084240  lr=4.51e-05  [rmse=0.0354 h1=0.0007 ssim=0.1788 mlw=0.0000]
epoch 2 step 190  loss=0.083883  lr=4.75e-05  [rmse=0.0309 h1=0.0005 ssim=0.1575 mlw=0.0000]
epoch 2 step 200  loss=0.083658  lr=5.00e-05  [rmse=0.0283 h1=0.0004 ssim=0.1993 mlw=0.0000]
epoch 2 step 210  loss=0.083987  lr=5.00e-05  [rmse=0.0296 h1=0.0003 ssim=0.1719 mlw=0.0000]
epoch 2 step 220  loss=0.083783  lr=5.00e-05  [rmse=0.0351 h1=0.0007 ssim=0.1552 mlw=0.0000]
epoch 2 step 230  loss=0.083433  lr=5.00e-05  [rmse=0.0300 h1=0.0005 ssim=0.1339 mlw=0.0000]
INFO     [rank 0] Loss weights: rmse=1.0000, h1=50.0000,      vae_trainer.py:975
         ssim=0.1500, mlw=0.0000, kl=0.0000                                     
INFO     [rank 0] Epoch 2: train_loss=0.083458               vae_trainer.py:1014
         val_loss=0.073857  val_VRMSE=0.194789  lr=5.00e-05                     
INFO     [rank 0] Metrics updated: metrics/metrics.csv,      vae_trainer.py:1040
         metrics/loss_curves.png                                                
INFO     [rank 0] New best checkpoint (epoch 2,              vae_trainer.py:1353
         val_vrmse=0.194789):                                                   
         checkpoints/vae_shockwave_best.safetensors                             
INFO     [rank 0] Training state saved:                      vae_trainer.py:1429
         checkpoints/vae_shockwave_last.state.pt                                
INFO     [rank 0] Epoch 2 timing: train=1181.3s eval=64.3s   vae_trainer.py:1074
         viz=0.0s ckpt=42.4s total=1288.7s                                      
epoch 3 step 240  loss=0.070524  lr=5.00e-05  [rmse=0.0256 h1=0.0004 ssim=0.1117 mlw=0.0000]
epoch 3 step 250  loss=0.077824  lr=4.99e-05  [rmse=0.0314 h1=0.0008 ssim=0.1022 mlw=0.0000]
epoch 3 step 260  loss=0.073064  lr=4.99e-05  [rmse=0.0236 h1=0.0005 ssim=0.0901 mlw=0.0000]
epoch 3 step 270  loss=0.068891  lr=4.99e-05  [rmse=0.0210 h1=0.0003 ssim=0.0943 mlw=0.0000]
epoch 3 step 280  loss=0.068116  lr=4.98e-05  [rmse=0.0188 h1=0.0003 ssim=0.0838 mlw=0.0000]
epoch 3 step 290  loss=0.066700  lr=4.98e-05  [rmse=0.0205 h1=0.0003 ssim=0.0938 mlw=0.0000]
epoch 3 step 300  loss=0.065377  lr=4.97e-05  [rmse=0.0241 h1=0.0005 ssim=0.1060 mlw=0.0000]
epoch 3 step 310  loss=0.064538  lr=4.97e-05  [rmse=0.0208 h1=0.0003 ssim=0.1392 mlw=0.0000]
epoch 3 step 320  loss=0.065296  lr=4.96e-05  [rmse=0.0256 h1=0.0005 ssim=0.1258 mlw=0.0000]
epoch 3 step 330  loss=0.064961  lr=4.96e-05  [rmse=0.0266 h1=0.0005 ssim=0.1432 mlw=0.0000]
epoch 3 step 340  loss=0.064463  lr=4.95e-05  [rmse=0.0240 h1=0.0003 ssim=0.1241 mlw=0.0000]
epoch 3 step 350  loss=0.064617  lr=4.94e-05  [rmse=0.0236 h1=0.0003 ssim=0.1267 mlw=0.0000]
INFO     [rank 0] Loss weights: rmse=1.0000, h1=50.0000,      vae_trainer.py:975
         ssim=0.1500, mlw=0.0000, kl=0.0000                                     
INFO     [rank 0] Epoch 3: train_loss=0.064776               vae_trainer.py:1014
         val_loss=0.064566  val_VRMSE=0.169548  lr=4.94e-05                     
INFO     [rank 0] Metrics updated: metrics/metrics.csv,      vae_trainer.py:1040
         metrics/loss_curves.png                                                
INFO     [rank 0] New best checkpoint (epoch 3,              vae_trainer.py:1353
         val_vrmse=0.169548):                                                   
         checkpoints/vae_shockwave_best.safetensors                             
INFO     [rank 0] Training state saved:                      vae_trainer.py:1429
         checkpoints/vae_shockwave_last.state.pt                                
INFO     [rank 0] Epoch 3 timing: train=1181.4s eval=64.3s   vae_trainer.py:1074
         viz=0.0s ckpt=43.9s total=1290.4s                                      
epoch 4 step 360  loss=0.063336  lr=4.94e-05  [rmse=0.0242 h1=0.0004 ssim=0.1242 mlw=0.0000]
epoch 4 step 370  loss=0.060558  lr=4.93e-05  [rmse=0.0225 h1=0.0005 ssim=0.0955 mlw=0.0000]
epoch 4 step 380  loss=0.059623  lr=4.92e-05  [rmse=0.0179 h1=0.0003 ssim=0.0824 mlw=0.0000]
epoch 4 step 390  loss=0.057677  lr=4.91e-05  [rmse=0.0210 h1=0.0003 ssim=0.1067 mlw=0.0000]
epoch 4 step 400  loss=0.059067  lr=4.90e-05  [rmse=0.0256 h1=0.0005 ssim=0.1096 mlw=0.0000]
epoch 4 step 410  loss=0.059829  lr=4.89e-05  [rmse=0.0278 h1=0.0005 ssim=0.1050 mlw=0.0000]
epoch 4 step 420  loss=0.060461  lr=4.88e-05  [rmse=0.0283 h1=0.0006 ssim=0.1176 mlw=0.0000]
epoch 4 step 430  loss=0.059545  lr=4.87e-05  [rmse=0.0196 h1=0.0003 ssim=0.0917 mlw=0.0000]
epoch 4 step 440  loss=0.059397  lr=4.85e-05  [rmse=0.0214 h1=0.0003 ssim=0.1003 mlw=0.0000]
epoch 4 step 450  loss=0.059898  lr=4.84e-05  [rmse=0.0466 h1=0.0005 ssim=0.1058 mlw=0.0000]
epoch 4 step 460  loss=0.060442  lr=4.83e-05  [rmse=0.0297 h1=0.0005 ssim=0.1109 mlw=0.0000]
epoch 4 step 470  loss=0.061137  lr=4.82e-05  [rmse=0.0269 h1=0.0005 ssim=0.0922 mlw=0.0000]
INFO     [rank 0] Loss weights: rmse=1.0000, h1=50.0000,      vae_trainer.py:975
         ssim=0.1500, mlw=0.0000, kl=0.0000                                     
INFO     [rank 0] Epoch 4: train_loss=0.061659               vae_trainer.py:1014
         val_loss=0.060119  val_VRMSE=0.155996  lr=4.81e-05                     
INFO     [rank 0] Metrics updated: metrics/metrics.csv,      vae_trainer.py:1040
         metrics/loss_curves.png                                                
INFO     [rank 0] Saved 12 validation reconstruction PNGs    vae_trainer.py:1254
         for epoch 4                                                            
INFO     [rank 0] New best checkpoint (epoch 4,              vae_trainer.py:1353
         val_vrmse=0.155996):                                                   
         checkpoints/vae_shockwave_best.safetensors                             
INFO     [rank 0] Training state saved:                      vae_trainer.py:1429
         checkpoints/vae_shockwave_last.state.pt                                
INFO     [rank 0] Epoch 4 timing: train=1181.4s eval=64.3s   vae_trainer.py:1074
         viz=16.2s ckpt=42.5s total=1305.1s                                     
epoch 5 step 480  loss=0.060546  lr=4.80e-05  [rmse=0.0204 h1=0.0003 ssim=0.1090 mlw=0.0000]
epoch 5 step 490  loss=0.057544  lr=4.79e-05  [rmse=0.0264 h1=0.0004 ssim=0.1125 mlw=0.0000]
epoch 5 step 500  loss=0.055852  lr=4.77e-05  [rmse=0.0202 h1=0.0003 ssim=0.1054 mlw=0.0000]
epoch 5 step 510  loss=0.056426  lr=4.76e-05  [rmse=0.0200 h1=0.0004 ssim=0.0822 mlw=0.0000]
epoch 5 step 520  loss=0.057215  lr=4.74e-05  [rmse=0.0199 h1=0.0004 ssim=0.0854 mlw=0.0000]
epoch 5 step 530  loss=0.056371  lr=4.73e-05  [rmse=0.0152 h1=0.0002 ssim=0.0636 mlw=0.0000]
epoch 5 step 540  loss=0.055842  lr=4.71e-05  [rmse=0.0161 h1=0.0003 ssim=0.0695 mlw=0.0000]
epoch 5 step 550  loss=0.055277  lr=4.69e-05  [rmse=0.0211 h1=0.0005 ssim=0.0773 mlw=0.0000]
epoch 5 step 560  loss=0.054471  lr=4.68e-05  [rmse=0.0196 h1=0.0004 ssim=0.0797 mlw=0.0000]
epoch 5 step 570  loss=0.054539  lr=4.66e-05  [rmse=0.0272 h1=0.0006 ssim=0.1060 mlw=0.0000]
epoch 5 step 580  loss=0.054230  lr=4.64e-05  [rmse=0.0235 h1=0.0005 ssim=0.0953 mlw=0.0000]
epoch 5 step 590  loss=0.054132  lr=4.62e-05  [rmse=0.0208 h1=0.0004 ssim=0.0702 mlw=0.0000]
INFO     [rank 0] Loss weights: rmse=1.0000, h1=50.0000,      vae_trainer.py:975
         ssim=0.1500, mlw=0.0000, kl=0.0000                                     
INFO     [rank 0] Epoch 5: train_loss=0.054007               vae_trainer.py:1014
         val_loss=0.048519  val_VRMSE=0.120479  lr=4.61e-05                     
INFO     [rank 0] Metrics updated: metrics/metrics.csv,      vae_trainer.py:1040
         metrics/loss_curves.png                                                
INFO     [rank 0] New best checkpoint (epoch 5,              vae_trainer.py:1353
         val_vrmse=0.120479):                                                   
         checkpoints/vae_shockwave_best.safetensors                             
INFO     [rank 0] Training state saved:                      vae_trainer.py:1429
         checkpoints/vae_shockwave_last.state.pt                                
INFO     [rank 0] Epoch 5 timing: train=1181.0s eval=64.4s   vae_trainer.py:1074
         viz=0.0s ckpt=43.5s total=1289.7s                                      
epoch 6 step 600  loss=0.044325  lr=4.60e-05  [rmse=0.0140 h1=0.0002 ssim=0.0628 mlw=0.0000]
epoch 6 step 610  loss=0.048480  lr=4.58e-05  [rmse=0.0217 h1=0.0005 ssim=0.0893 mlw=0.0000]
epoch 6 step 620  loss=0.049527  lr=4.56e-05  [rmse=0.0208 h1=0.0003 ssim=0.0856 mlw=0.0000]
epoch 6 step 630  loss=0.049316  lr=4.54e-05  [rmse=0.0165 h1=0.0003 ssim=0.0786 mlw=0.0000]
epoch 6 step 640  loss=0.049995  lr=4.52e-05  [rmse=0.0252 h1=0.0006 ssim=0.0718 mlw=0.0000]
epoch 6 step 650  loss=0.050341  lr=4.50e-05  [rmse=0.0272 h1=0.0007 ssim=0.0903 mlw=0.0000]
epoch 6 step 660  loss=0.050197  lr=4.48e-05  [rmse=0.0235 h1=0.0006 ssim=0.0826 mlw=0.0000]
epoch 6 step 670  loss=0.050261  lr=4.46e-05  [rmse=0.0180 h1=0.0003 ssim=0.0737 mlw=0.0000]
epoch 6 step 680  loss=0.050122  lr=4.44e-05  [rmse=0.0160 h1=0.0002 ssim=0.0628 mlw=0.0000]
epoch 6 step 690  loss=0.050417  lr=4.41e-05  [rmse=0.0226 h1=0.0005 ssim=0.0670 mlw=0.0000]
epoch 6 step 700  loss=0.049812  lr=4.39e-05  [rmse=0.0160 h1=0.0003 ssim=0.0619 mlw=0.0000]
epoch 6 step 710  loss=0.050190  lr=4.37e-05  [rmse=0.0248 h1=0.0006 ssim=0.0845 mlw=0.0000]
INFO     [rank 0] Loss weights: rmse=1.0000, h1=50.0000,      vae_trainer.py:975
         ssim=0.1500, mlw=0.0000, kl=0.0000                                     
INFO     [rank 0] Epoch 6: train_loss=0.050333               vae_trainer.py:1014
         val_loss=0.048088  val_VRMSE=0.118328  lr=4.36e-05                     
INFO     [rank 0] Metrics updated: metrics/metrics.csv,      vae_trainer.py:1040
         metrics/loss_curves.png                                                
INFO     [rank 0] New best checkpoint (epoch 6,              vae_trainer.py:1353
         val_vrmse=0.118328):                                                   
         checkpoints/vae_shockwave_best.safetensors                             
INFO     [rank 0] Training state saved:                      vae_trainer.py:1429
         checkpoints/vae_shockwave_last.state.pt                                
INFO     [rank 0] Epoch 6 timing: train=1180.5s eval=64.5s   vae_trainer.py:1074
         viz=0.0s ckpt=43.3s total=1289.1s                                      
epoch 7 step 720  loss=0.048635  lr=4.34e-05  [rmse=0.0146 h1=0.0002 ssim=0.0674 mlw=0.0000]
epoch 7 step 730  loss=0.048946  lr=4.32e-05  [rmse=0.0209 h1=0.0004 ssim=0.0954 mlw=0.0000]
epoch 7 step 740  loss=0.050865  lr=4.29e-05  [rmse=0.0185 h1=0.0003 ssim=0.0661 mlw=0.0000]
epoch 7 step 750  loss=0.050305  lr=4.27e-05  [rmse=0.0182 h1=0.0004 ssim=0.0714 mlw=0.0000]
epoch 7 step 760  loss=0.049113  lr=4.24e-05  [rmse=0.0149 h1=0.0003 ssim=0.0634 mlw=0.0000]
epoch 7 step 770  loss=0.048580  lr=4.22e-05  [rmse=0.0174 h1=0.0003 ssim=0.0764 mlw=0.0000]
epoch 7 step 780  loss=0.048069  lr=4.19e-05  [rmse=0.0167 h1=0.0003 ssim=0.0612 mlw=0.0000]
epoch 7 step 790  loss=0.047774  lr=4.17e-05  [rmse=0.0144 h1=0.0002 ssim=0.0584 mlw=0.0000]
epoch 7 step 800  loss=0.047591  lr=4.14e-05  [rmse=0.0131 h1=0.0002 ssim=0.0553 mlw=0.0000]
epoch 7 step 810  loss=0.047275  lr=4.11e-05  [rmse=0.0180 h1=0.0004 ssim=0.0740 mlw=0.0000]
epoch 7 step 820  loss=0.047605  lr=4.09e-05  [rmse=0.0195 h1=0.0004 ssim=0.0686 mlw=0.0000]
epoch 7 step 830  loss=0.048203  lr=4.06e-05  [rmse=0.0260 h1=0.0006 ssim=0.0915 mlw=0.0000]
INFO     [rank 0] Loss weights: rmse=1.0000, h1=50.0000,      vae_trainer.py:975
         ssim=0.1500, mlw=0.0000, kl=0.0000                                     
INFO     [rank 0] Epoch 7: train_loss=0.048213               vae_trainer.py:1014
         val_loss=0.047746  val_VRMSE=0.121421  lr=4.05e-05                     
INFO     [rank 0] Metrics updated: metrics/metrics.csv,      vae_trainer.py:1040
         metrics/loss_curves.png                                                
INFO     [rank 0] Training state saved:                      vae_trainer.py:1429
         checkpoints/vae_shockwave_last.state.pt                                
INFO     [rank 0] Epoch 7 timing: train=1187.1s eval=64.6s   vae_trainer.py:1074
         viz=0.0s ckpt=36.2s total=1288.9s                                      
epoch 8 step 840  loss=0.043498  lr=4.03e-05  [rmse=0.0189 h1=0.0004 ssim=0.0926 mlw=0.0000]
epoch 8 step 850  loss=0.045693  lr=4.00e-05  [rmse=0.0196 h1=0.0004 ssim=0.0742 mlw=0.0000]
epoch 8 step 860  loss=0.046595  lr=3.97e-05  [rmse=0.0158 h1=0.0002 ssim=0.0643 mlw=0.0000]
epoch 8 step 870  loss=0.046320  lr=3.94e-05  [rmse=0.0203 h1=0.0004 ssim=0.0608 mlw=0.0000]
epoch 8 step 880  loss=0.046790  lr=3.91e-05  [rmse=0.0220 h1=0.0004 ssim=0.0595 mlw=0.0000]
epoch 8 step 890  loss=0.046671  lr=3.89e-05  [rmse=0.0186 h1=0.0003 ssim=0.0834 mlw=0.0000]
epoch 8 step 900  loss=0.047527  lr=3.86e-05  [rmse=0.0230 h1=0.0006 ssim=0.0774 mlw=0.0000]
epoch 8 step 910  loss=0.047522  lr=3.83e-05  [rmse=0.0219 h1=0.0005 ssim=0.0829 mlw=0.0000]
epoch 8 step 920  loss=0.047932  lr=3.80e-05  [rmse=0.0201 h1=0.0004 ssim=0.0699 mlw=0.0000]
epoch 8 step 930  loss=0.047830  lr=3.76e-05  [rmse=0.0203 h1=0.0004 ssim=0.0669 mlw=0.0000]
epoch 8 step 940  loss=0.047882  lr=3.73e-05  [rmse=0.0165 h1=0.0003 ssim=0.0668 mlw=0.0000]
epoch 8 step 950  loss=0.047896  lr=3.70e-05  [rmse=0.0182 h1=0.0004 ssim=0.0672 mlw=0.0000]
INFO     [rank 0] Loss weights: rmse=1.0000, h1=50.0000,      vae_trainer.py:975
         ssim=0.1500, mlw=0.0000, kl=0.0000                                     
INFO     [rank 0] Epoch 8: train_loss=0.047825               vae_trainer.py:1014
         val_loss=0.049945  val_VRMSE=0.125533  lr=3.70e-05                     
INFO     [rank 0] Metrics updated: metrics/metrics.csv,      vae_trainer.py:1040
         metrics/loss_curves.png                                                
INFO     [rank 0] Saved 12 validation reconstruction PNGs    vae_trainer.py:1254
         for epoch 8                                                            
INFO     [rank 0] Training state saved:                      vae_trainer.py:1429
         checkpoints/vae_shockwave_last.state.pt                                
INFO     [rank 0] Epoch 8 timing: train=1186.7s eval=64.5s   vae_trainer.py:1074
         viz=16.0s ckpt=36.4s total=1304.4s                                     
epoch 9 step 960  loss=0.054523  lr=3.67e-05  [rmse=0.0210 h1=0.0004 ssim=0.0955 mlw=0.0000]
epoch 9 step 970  loss=0.052764  lr=3.64e-05  [rmse=0.0233 h1=0.0005 ssim=0.0993 mlw=0.0000]
epoch 9 step 980  loss=0.052325  lr=3.61e-05  [rmse=0.0199 h1=0.0004 ssim=0.0831 mlw=0.0000]
epoch 9 step 990  loss=0.050683  lr=3.58e-05  [rmse=0.0173 h1=0.0003 ssim=0.0644 mlw=0.0000]
epoch 9 step 1000  loss=0.050822  lr=3.54e-05  [rmse=0.0199 h1=0.0004 ssim=0.0829 mlw=0.0000]
epoch 9 step 1010  loss=0.049880  lr=3.51e-05  [rmse=0.0209 h1=0.0004 ssim=0.0730 mlw=0.0000]
epoch 9 step 1020  loss=0.049689  lr=3.48e-05  [rmse=0.0177 h1=0.0004 ssim=0.0624 mlw=0.0000]
epoch 9 step 1030  loss=0.048660  lr=3.45e-05  [rmse=0.0156 h1=0.0003 ssim=0.0565 mlw=0.0000]
epoch 9 step 1040  loss=0.047867  lr=3.41e-05  [rmse=0.0207 h1=0.0005 ssim=0.0762 mlw=0.0000]
epoch 9 step 1050  loss=0.047259  lr=3.38e-05  [rmse=0.0125 h1=0.0002 ssim=0.0437 mlw=0.0000]
epoch 9 step 1060  loss=0.047295  lr=3.35e-05  [rmse=0.0166 h1=0.0003 ssim=0.0472 mlw=0.0000]
epoch 9 step 1070  loss=0.047088  lr=3.31e-05  [rmse=0.0167 h1=0.0003 ssim=0.0507 mlw=0.0000]
INFO     [rank 0] Loss weights: rmse=1.0000, h1=50.0000,      vae_trainer.py:975
         ssim=0.1500, mlw=0.0000, kl=0.0000                                     
INFO     [rank 0] Epoch 9: train_loss=0.047049               vae_trainer.py:1014
         val_loss=0.041314  val_VRMSE=0.101676  lr=3.31e-05                     
INFO     [rank 0] Metrics updated: metrics/metrics.csv,      vae_trainer.py:1040
         metrics/loss_curves.png                                                
INFO     [rank 0] New best checkpoint (epoch 9,              vae_trainer.py:1353
         val_vrmse=0.101676):                                                   
         checkpoints/vae_shockwave_best.safetensors                             
INFO     [rank 0] Training state saved:                      vae_trainer.py:1429
         checkpoints/vae_shockwave_last.state.pt                                
INFO     [rank 0] Epoch 9 timing: train=1187.1s eval=64.6s   vae_trainer.py:1074
         viz=0.0s ckpt=43.7s total=1296.4s                                      
epoch 10 step 1080  loss=0.044083  lr=3.28e-05  [rmse=0.0163 h1=0.0003 ssim=0.0580 mlw=0.0000]
epoch 10 step 1090  loss=0.044571  lr=3.25e-05  [rmse=0.0171 h1=0.0002 ssim=0.0615 mlw=0.0000]
epoch 10 step 1100  loss=0.045433  lr=3.21e-05  [rmse=0.0206 h1=0.0005 ssim=0.0770 mlw=0.0000]
epoch 10 step 1110  loss=0.045359  lr=3.18e-05  [rmse=0.0146 h1=0.0003 ssim=0.0522 mlw=0.0000]
epoch 10 step 1120  loss=0.045066  lr=3.14e-05  [rmse=0.0170 h1=0.0003 ssim=0.0546 mlw=0.0000]
epoch 10 step 1130  loss=0.044668  lr=3.11e-05  [rmse=0.0157 h1=0.0003 ssim=0.0531 mlw=0.0000]
epoch 10 step 1140  loss=0.044614  lr=3.08e-05  [rmse=0.0201 h1=0.0004 ssim=0.0692 mlw=0.0000]
epoch 10 step 1150  loss=0.044137  lr=3.04e-05  [rmse=0.0205 h1=0.0005 ssim=0.0694 mlw=0.0000]
epoch 10 step 1160  loss=0.043861  lr=3.01e-05  [rmse=0.0160 h1=0.0003 ssim=0.0589 mlw=0.0000]
epoch 10 step 1170  loss=0.043742  lr=2.97e-05  [rmse=0.0166 h1=0.0004 ssim=0.0525 mlw=0.0000]
epoch 10 step 1180  loss=0.043491  lr=2.94e-05  [rmse=0.0126 h1=0.0002 ssim=0.0438 mlw=0.0000]
epoch 10 step 1190  loss=0.043631  lr=2.90e-05  [rmse=0.0159 h1=0.0003 ssim=0.0493 mlw=0.0000]
INFO     [rank 0] Loss weights: rmse=1.0000, h1=50.0000,      vae_trainer.py:975
         ssim=0.1500, mlw=0.0000, kl=0.0000                                     
INFO     [rank 0] Epoch 10: train_loss=0.043631              vae_trainer.py:1014
         val_loss=0.042216  val_VRMSE=0.103735  lr=2.90e-05                     
INFO     [rank 0] Metrics updated: metrics/metrics.csv,      vae_trainer.py:1040
         metrics/loss_curves.png                                                
INFO     [rank 0] Training state saved:                      vae_trainer.py:1429
         checkpoints/vae_shockwave_last.state.pt                                
INFO     [rank 0] Epoch 10 timing: train=1186.2s eval=64.8s  vae_trainer.py:1074
         viz=0.0s ckpt=36.9s total=1288.8s                                      
epoch 11 step 1200  loss=0.041181  lr=2.87e-05  [rmse=0.0163 h1=0.0004 ssim=0.0543 mlw=0.0000]
epoch 11 step 1210  loss=0.040928  lr=2.83e-05  [rmse=0.0211 h1=0.0006 ssim=0.0631 mlw=0.0000]
epoch 11 step 1220  loss=0.040006  lr=2.80e-05  [rmse=0.0129 h1=0.0002 ssim=0.0446 mlw=0.0000]
epoch 11 step 1230  loss=0.039612  lr=2.76e-05  [rmse=0.0143 h1=0.0003 ssim=0.0513 mlw=0.0000]
epoch 11 step 1240  loss=0.039587  lr=2.73e-05  [rmse=0.0151 h1=0.0003 ssim=0.0578 mlw=0.0000]
epoch 11 step 1250  loss=0.040063  lr=2.69e-05  [rmse=0.0251 h1=0.0006 ssim=0.0711 mlw=0.0000]
epoch 11 step 1260  loss=0.040413  lr=2.66e-05  [rmse=0.0108 h1=0.0001 ssim=0.0441 mlw=0.0000]
epoch 11 step 1270  loss=0.040980  lr=2.62e-05  [rmse=0.0156 h1=0.0003 ssim=0.0539 mlw=0.0000]
epoch 11 step 1280  loss=0.040764  lr=2.59e-05  [rmse=0.0165 h1=0.0004 ssim=0.0490 mlw=0.0000]
epoch 11 step 1290  loss=0.040931  lr=2.55e-05  [rmse=0.0120 h1=0.0002 ssim=0.0485 mlw=0.0000]
epoch 11 step 1300  loss=0.040816  lr=2.51e-05  [rmse=0.0139 h1=0.0003 ssim=0.0466 mlw=0.0000]
INFO     [rank 0] Loss weights: rmse=1.0000, h1=50.0000,      vae_trainer.py:975
         ssim=0.1500, mlw=0.0000, kl=0.0000                                     
INFO     [rank 0] Epoch 11: train_loss=0.040979              vae_trainer.py:1014
         val_loss=0.039147  val_VRMSE=0.094359  lr=2.48e-05                     
INFO     [rank 0] Metrics updated: metrics/metrics.csv,      vae_trainer.py:1040
         metrics/loss_curves.png                                                
INFO     [rank 0] New best checkpoint (epoch 11,             vae_trainer.py:1353
         val_vrmse=0.094359):                                                   
         checkpoints/vae_shockwave_best.safetensors                             
INFO     [rank 0] Training state saved:                      vae_trainer.py:1429
         checkpoints/vae_shockwave_last.state.pt                                
INFO     [rank 0] Epoch 11 timing: train=1187.1s eval=64.5s  vae_trainer.py:1074
         viz=0.0s ckpt=43.9s total=1296.2s                                      
epoch 12 step 1310  loss=0.044026  lr=2.48e-05  [rmse=0.0167 h1=0.0004 ssim=0.0576 mlw=0.0000]
epoch 12 step 1320  loss=0.038062  lr=2.44e-05  [rmse=0.0126 h1=0.0002 ssim=0.0419 mlw=0.0000]
epoch 12 step 1330  loss=0.038928  lr=2.41e-05  [rmse=0.0163 h1=0.0004 ssim=0.0632 mlw=0.0000]
epoch 12 step 1340  loss=0.039160  lr=2.37e-05  [rmse=0.0142 h1=0.0002 ssim=0.0475 mlw=0.0000]
epoch 12 step 1350  loss=0.039056  lr=2.34e-05  [rmse=0.0138 h1=0.0002 ssim=0.0473 mlw=0.0000]
epoch 12 step 1360  loss=0.038740  lr=2.30e-05  [rmse=0.0173 h1=0.0004 ssim=0.0525 mlw=0.0000]
epoch 12 step 1370  loss=0.039753  lr=2.27e-05  [rmse=0.0133 h1=0.0002 ssim=0.0433 mlw=0.0000]
epoch 12 step 1380  loss=0.039841  lr=2.23e-05  [rmse=0.0193 h1=0.0005 ssim=0.0441 mlw=0.0000]
epoch 12 step 1390  loss=0.040068  lr=2.20e-05  [rmse=0.0182 h1=0.0004 ssim=0.0533 mlw=0.0000]
epoch 12 step 1400  loss=0.039991  lr=2.16e-05  [rmse=0.0155 h1=0.0003 ssim=0.0445 mlw=0.0000]
epoch 12 step 1410  loss=0.040135  lr=2.13e-05  [rmse=0.0159 h1=0.0003 ssim=0.0534 mlw=0.0000]
epoch 12 step 1420  loss=0.039866  lr=2.09e-05  [rmse=0.0143 h1=0.0003 ssim=0.0453 mlw=0.0000]
INFO     [rank 0] Loss weights: rmse=1.0000, h1=50.0000,      vae_trainer.py:975
         ssim=0.1500, mlw=0.0000, kl=0.0000                                     
INFO     [rank 0] Epoch 12: train_loss=0.040264              vae_trainer.py:1014
         val_loss=0.038599  val_VRMSE=0.092822  lr=2.07e-05                     
INFO     [rank 0] Metrics updated: metrics/metrics.csv,      vae_trainer.py:1040
         metrics/loss_curves.png                                                
INFO     [rank 0] Saved 12 validation reconstruction PNGs    vae_trainer.py:1254
         for epoch 12                                                           
INFO     [rank 0] New best checkpoint (epoch 12,             vae_trainer.py:1353
         val_vrmse=0.092822):                                                   
         checkpoints/vae_shockwave_best.safetensors                             
INFO     [rank 0] Training state saved:                      vae_trainer.py:1429
         checkpoints/vae_shockwave_last.state.pt                                
INFO     [rank 0] Epoch 12 timing: train=1186.8s eval=64.8s  vae_trainer.py:1074
         viz=16.3s ckpt=44.1s total=1312.7s                                     
epoch 13 step 1430  loss=0.035290  lr=2.06e-05  [rmse=0.0114 h1=0.0002 ssim=0.0357 mlw=0.0000]
epoch 13 step 1440  loss=0.036596  lr=2.02e-05  [rmse=0.0124 h1=0.0002 ssim=0.0400 mlw=0.0000]
epoch 13 step 1450  loss=0.040728  lr=1.99e-05  [rmse=0.0176 h1=0.0004 ssim=0.0489 mlw=0.0000]
epoch 13 step 1460  loss=0.040587  lr=1.96e-05  [rmse=0.0136 h1=0.0002 ssim=0.0419 mlw=0.0000]
epoch 13 step 1470  loss=0.039683  lr=1.92e-05  [rmse=0.0100 h1=0.0001 ssim=0.0312 mlw=0.0000]
epoch 13 step 1480  loss=0.040139  lr=1.89e-05  [rmse=0.0140 h1=0.0003 ssim=0.0466 mlw=0.0000]
epoch 13 step 1490  loss=0.040059  lr=1.85e-05  [rmse=0.0148 h1=0.0003 ssim=0.0478 mlw=0.0000]
epoch 13 step 1500  loss=0.039982  lr=1.82e-05  [rmse=0.0151 h1=0.0003 ssim=0.0484 mlw=0.0000]
epoch 13 step 1510  loss=0.039969  lr=1.79e-05  [rmse=0.0143 h1=0.0003 ssim=0.0467 mlw=0.0000]
epoch 13 step 1520  loss=0.039814  lr=1.75e-05  [rmse=0.0153 h1=0.0003 ssim=0.0473 mlw=0.0000]
epoch 13 step 1530  loss=0.039577  lr=1.72e-05  [rmse=0.0110 h1=0.0002 ssim=0.0426 mlw=0.0000]
epoch 13 step 1540  loss=0.039301  lr=1.69e-05  [rmse=0.0142 h1=0.0003 ssim=0.0513 mlw=0.0000]
INFO     [rank 0] Loss weights: rmse=1.0000, h1=50.0000,      vae_trainer.py:975
         ssim=0.1500, mlw=0.0000, kl=0.0000                                     
INFO     [rank 0] Epoch 13: train_loss=0.039293              vae_trainer.py:1014
         val_loss=0.037978  val_VRMSE=0.090972  lr=1.66e-05                     
INFO     [rank 0] Metrics updated: metrics/metrics.csv,      vae_trainer.py:1040
         metrics/loss_curves.png                                                
INFO     [rank 0] New best checkpoint (epoch 13,             vae_trainer.py:1353
         val_vrmse=0.090972):                                                   
         checkpoints/vae_shockwave_best.safetensors                             
INFO     [rank 0] Training state saved:                      vae_trainer.py:1429
         checkpoints/vae_shockwave_last.state.pt                                
INFO     [rank 0] Epoch 13 timing: train=1186.9s eval=64.4s  vae_trainer.py:1074
         viz=0.0s ckpt=43.2s total=1295.5s                                      
epoch 14 step 1550  loss=0.030152  lr=1.65e-05  [rmse=0.0122 h1=0.0002 ssim=0.0453 mlw=0.0000]
epoch 14 step 1560  loss=0.035571  lr=1.62e-05  [rmse=0.0170 h1=0.0004 ssim=0.0466 mlw=0.0000]
epoch 14 step 1570  loss=0.038247  lr=1.59e-05  [rmse=0.0168 h1=0.0004 ssim=0.0516 mlw=0.0000]
epoch 14 step 1580  loss=0.038175  lr=1.56e-05  [rmse=0.0188 h1=0.0005 ssim=0.0559 mlw=0.0000]
epoch 14 step 1590  loss=0.038669  lr=1.52e-05  [rmse=0.0140 h1=0.0003 ssim=0.0439 mlw=0.0000]
epoch 14 step 1600  loss=0.038489  lr=1.49e-05  [rmse=0.0136 h1=0.0003 ssim=0.0458 mlw=0.0000]
epoch 14 step 1610  loss=0.038866  lr=1.46e-05  [rmse=0.0160 h1=0.0003 ssim=0.0466 mlw=0.0000]
epoch 14 step 1620  loss=0.038863  lr=1.43e-05  [rmse=0.0125 h1=0.0002 ssim=0.0432 mlw=0.0000]
epoch 14 step 1630  loss=0.038635  lr=1.40e-05  [rmse=0.0149 h1=0.0003 ssim=0.0398 mlw=0.0000]
epoch 14 step 1640  loss=0.038289  lr=1.37e-05  [rmse=0.0135 h1=0.0003 ssim=0.0449 mlw=0.0000]
epoch 14 step 1650  loss=0.038155  lr=1.34e-05  [rmse=0.0142 h1=0.0003 ssim=0.0438 mlw=0.0000]
epoch 14 step 1660  loss=0.038362  lr=1.30e-05  [rmse=0.0139 h1=0.0003 ssim=0.0444 mlw=0.0000]
INFO     [rank 0] Loss weights: rmse=1.0000, h1=50.0000,      vae_trainer.py:975
         ssim=0.1500, mlw=0.0000, kl=0.0000                                     
INFO     [rank 0] Epoch 14: train_loss=0.038452              vae_trainer.py:1014
         val_loss=0.037503  val_VRMSE=0.089703  lr=1.29e-05                     
INFO     [rank 0] Metrics updated: metrics/metrics.csv,      vae_trainer.py:1040
         metrics/loss_curves.png                                                
INFO     [rank 0] New best checkpoint (epoch 14,             vae_trainer.py:1353
         val_vrmse=0.089703):                                                   
         checkpoints/vae_shockwave_best.safetensors                             
INFO     [rank 0] Training state saved:                      vae_trainer.py:1429
         checkpoints/vae_shockwave_last.state.pt                                
INFO     [rank 0] Epoch 14 timing: train=1187.9s eval=64.6s  vae_trainer.py:1074
         viz=0.0s ckpt=43.8s total=1297.1s                                      
epoch 15 step 1670  loss=0.039123  lr=1.27e-05  [rmse=0.0159 h1=0.0004 ssim=0.0476 mlw=0.0000]
epoch 15 step 1680  loss=0.036360  lr=1.24e-05  [rmse=0.0136 h1=0.0003 ssim=0.0342 mlw=0.0000]
epoch 15 step 1690  loss=0.037795  lr=1.21e-05  [rmse=0.0202 h1=0.0006 ssim=0.0634 mlw=0.0000]
epoch 15 step 1700  loss=0.037264  lr=1.19e-05  [rmse=0.0127 h1=0.0002 ssim=0.0473 mlw=0.0000]
epoch 15 step 1710  loss=0.036457  lr=1.16e-05  [rmse=0.0155 h1=0.0003 ssim=0.0443 mlw=0.0000]
epoch 15 step 1720  loss=0.036937  lr=1.13e-05  [rmse=0.0145 h1=0.0003 ssim=0.0429 mlw=0.0000]
epoch 15 step 1730  loss=0.037078  lr=1.10e-05  [rmse=0.0146 h1=0.0004 ssim=0.0404 mlw=0.0000]
epoch 15 step 1740  loss=0.037280  lr=1.07e-05  [rmse=0.0109 h1=0.0002 ssim=0.0312 mlw=0.0000]
epoch 15 step 1750  loss=0.037913  lr=1.04e-05  [rmse=0.0149 h1=0.0003 ssim=0.0516 mlw=0.0000]
epoch 15 step 1760  loss=0.037491  lr=1.01e-05  [rmse=0.0118 h1=0.0002 ssim=0.0447 mlw=0.0000]
epoch 15 step 1770  loss=0.037533  lr=9.87e-06  [rmse=0.0109 h1=0.0002 ssim=0.0412 mlw=0.0000]
epoch 15 step 1780  loss=0.037447  lr=9.60e-06  [rmse=0.0156 h1=0.0004 ssim=0.0463 mlw=0.0000]
INFO     [rank 0] Loss weights: rmse=1.0000, h1=50.0000,      vae_trainer.py:975
         ssim=0.1500, mlw=0.0000, kl=0.0000                                     
INFO     [rank 0] Epoch 15: train_loss=0.037115              vae_trainer.py:1014
         val_loss=0.036955  val_VRMSE=0.088111  lr=9.47e-06                     
INFO     [rank 0] Metrics updated: metrics/metrics.csv,      vae_trainer.py:1040
         metrics/loss_curves.png                                                
INFO     [rank 0] New best checkpoint (epoch 15,             vae_trainer.py:1353
         val_vrmse=0.088111):                                                   
         checkpoints/vae_shockwave_best.safetensors                             
INFO     [rank 0] Training state saved:                      vae_trainer.py:1429
         checkpoints/vae_shockwave_last.state.pt                                
INFO     [rank 0] Epoch 15 timing: train=1187.0s eval=64.6s  vae_trainer.py:1074
         viz=0.0s ckpt=43.9s total=1296.2s                                      
epoch 16 step 1790  loss=0.038910  lr=9.33e-06  [rmse=0.0157 h1=0.0003 ssim=0.0422 mlw=0.0000]
epoch 16 step 1800  loss=0.036925  lr=9.07e-06  [rmse=0.0138 h1=0.0003 ssim=0.0437 mlw=0.0000]
epoch 16 step 1810  loss=0.036883  lr=8.81e-06  [rmse=0.0208 h1=0.0006 ssim=0.0667 mlw=0.0000]
epoch 16 step 1820  loss=0.036191  lr=8.55e-06  [rmse=0.0136 h1=0.0003 ssim=0.0429 mlw=0.0000]
epoch 16 step 1830  loss=0.036625  lr=8.30e-06  [rmse=0.0188 h1=0.0005 ssim=0.0537 mlw=0.0000]
epoch 16 step 1840  loss=0.036892  lr=8.05e-06  [rmse=0.0122 h1=0.0002 ssim=0.0302 mlw=0.0000]
epoch 16 step 1850  loss=0.037522  lr=7.81e-06  [rmse=0.0165 h1=0.0004 ssim=0.0520 mlw=0.0000]
epoch 16 step 1860  loss=0.037498  lr=7.56e-06  [rmse=0.0123 h1=0.0002 ssim=0.0416 mlw=0.0000]
epoch 16 step 1870  loss=0.037502  lr=7.32e-06  [rmse=0.0157 h1=0.0004 ssim=0.0548 mlw=0.0000]
epoch 16 step 1880  loss=0.037061  lr=7.09e-06  [rmse=0.0096 h1=0.0001 ssim=0.0331 mlw=0.0000]
epoch 16 step 1890  loss=0.037302  lr=6.86e-06  [rmse=0.0143 h1=0.0003 ssim=0.0448 mlw=0.0000]
epoch 16 step 1900  loss=0.037501  lr=6.63e-06  [rmse=0.0165 h1=0.0004 ssim=0.0472 mlw=0.0000]
INFO     [rank 0] Loss weights: rmse=1.0000, h1=50.0000,      vae_trainer.py:975
         ssim=0.1500, mlw=0.0000, kl=0.0000                                     
INFO     [rank 0] Epoch 16: train_loss=0.037543              vae_trainer.py:1014
         val_loss=0.036640  val_VRMSE=0.087263  lr=6.54e-06                     
INFO     [rank 0] Metrics updated: metrics/metrics.csv,      vae_trainer.py:1040
         metrics/loss_curves.png                                                
INFO     [rank 0] Saved 12 validation reconstruction PNGs    vae_trainer.py:1254
         for epoch 16                                                           
INFO     [rank 0] New best checkpoint (epoch 16,             vae_trainer.py:1353
         val_vrmse=0.087263):                                                   
         checkpoints/vae_shockwave_best.safetensors                             
INFO     [rank 0] Training state saved:                      vae_trainer.py:1429
         checkpoints/vae_shockwave_last.state.pt                                
INFO     [rank 0] Epoch 16 timing: train=1187.4s eval=64.6s  vae_trainer.py:1074
         viz=16.2s ckpt=44.4s total=1313.4s                                     
epoch 17 step 1910  loss=0.039399  lr=6.41e-06  [rmse=0.0161 h1=0.0004 ssim=0.0460 mlw=0.0000]
epoch 17 step 1920  loss=0.038413  lr=6.19e-06  [rmse=0.0103 h1=0.0002 ssim=0.0333 mlw=0.0000]
epoch 17 step 1930  loss=0.037907  lr=5.97e-06  [rmse=0.0130 h1=0.0003 ssim=0.0431 mlw=0.0000]
epoch 17 step 1940  loss=0.036474  lr=5.76e-06  [rmse=0.0124 h1=0.0002 ssim=0.0401 mlw=0.0000]
epoch 17 step 1950  loss=0.036711  lr=5.56e-06  [rmse=0.0133 h1=0.0003 ssim=0.0447 mlw=0.0000]
epoch 17 step 1960  loss=0.036807  lr=5.35e-06  [rmse=0.0162 h1=0.0004 ssim=0.0480 mlw=0.0000]
epoch 17 step 1970  loss=0.036472  lr=5.15e-06  [rmse=0.0150 h1=0.0003 ssim=0.0505 mlw=0.0000]
epoch 17 step 1980  loss=0.036660  lr=4.96e-06  [rmse=0.0172 h1=0.0004 ssim=0.0507 mlw=0.0000]
epoch 17 step 1990  loss=0.036438  lr=4.77e-06  [rmse=0.0176 h1=0.0005 ssim=0.0490 mlw=0.0000]
epoch 17 step 2000  loss=0.036270  lr=4.58e-06  [rmse=0.0144 h1=0.0003 ssim=0.0497 mlw=0.0000]
epoch 17 step 2010  loss=0.036503  lr=4.40e-06  [rmse=0.0118 h1=0.0002 ssim=0.0344 mlw=0.0000]
epoch 17 step 2020  loss=0.036520  lr=4.22e-06  [rmse=0.0136 h1=0.0003 ssim=0.0403 mlw=0.0000]
INFO     [rank 0] Loss weights: rmse=1.0000, h1=50.0000,      vae_trainer.py:975
         ssim=0.1500, mlw=0.0000, kl=0.0000                                     
INFO     [rank 0] Epoch 17: train_loss=0.036573              vae_trainer.py:1014
         val_loss=0.036511  val_VRMSE=0.086881  lr=4.17e-06                     
INFO     [rank 0] Metrics updated: metrics/metrics.csv,      vae_trainer.py:1040
         metrics/loss_curves.png                                                
INFO     [rank 0] New best checkpoint (epoch 17,             vae_trainer.py:1353
         val_vrmse=0.086881):                                                   
         checkpoints/vae_shockwave_best.safetensors                             
INFO     [rank 0] Training state saved:                      vae_trainer.py:1429
         checkpoints/vae_shockwave_last.state.pt                                
INFO     [rank 0] Epoch 17 timing: train=1187.1s eval=64.7s  vae_trainer.py:1074
         viz=0.0s ckpt=43.8s total=1296.5s                                      
epoch 18 step 2030  loss=0.040535  lr=4.05e-06  [rmse=0.0154 h1=0.0004 ssim=0.0443 mlw=0.0000]
epoch 18 step 2040  loss=0.038397  lr=3.88e-06  [rmse=0.0132 h1=0.0003 ssim=0.0398 mlw=0.0000]
epoch 18 step 2050  loss=0.037929  lr=3.72e-06  [rmse=0.0132 h1=0.0003 ssim=0.0382 mlw=0.0000]
epoch 18 step 2060  loss=0.037829  lr=3.56e-06  [rmse=0.0158 h1=0.0004 ssim=0.0581 mlw=0.0000]
epoch 18 step 2070  loss=0.037596  lr=3.40e-06  [rmse=0.0161 h1=0.0004 ssim=0.0484 mlw=0.0000]
epoch 18 step 2080  loss=0.036880  lr=3.25e-06  [rmse=0.0125 h1=0.0002 ssim=0.0401 mlw=0.0000]
epoch 18 step 2090  loss=0.036945  lr=3.11e-06  [rmse=0.0118 h1=0.0002 ssim=0.0398 mlw=0.0000]
epoch 18 step 2100  loss=0.037174  lr=2.97e-06  [rmse=0.0167 h1=0.0004 ssim=0.0477 mlw=0.0000]
epoch 18 step 2110  loss=0.037175  lr=2.83e-06  [rmse=0.0149 h1=0.0003 ssim=0.0505 mlw=0.0000]
epoch 18 step 2120  loss=0.037308  lr=2.70e-06  [rmse=0.0136 h1=0.0003 ssim=0.0357 mlw=0.0000]
epoch 18 step 2130  loss=0.037465  lr=2.57e-06  [rmse=0.0141 h1=0.0003 ssim=0.0474 mlw=0.0000]
epoch 18 step 2140  loss=0.037228  lr=2.45e-06  [rmse=0.0127 h1=0.0002 ssim=0.0402 mlw=0.0000]
INFO     [rank 0] Loss weights: rmse=1.0000, h1=50.0000,      vae_trainer.py:975
         ssim=0.1500, mlw=0.0000, kl=0.0000                                     
INFO     [rank 0] Epoch 18: train_loss=0.037238              vae_trainer.py:1014
         val_loss=0.036439  val_VRMSE=0.086661  lr=2.43e-06                     
INFO     [rank 0] Metrics updated: metrics/metrics.csv,      vae_trainer.py:1040
         metrics/loss_curves.png                                                
INFO     [rank 0] New best checkpoint (epoch 18,             vae_trainer.py:1353
         val_vrmse=0.086661):                                                   
         checkpoints/vae_shockwave_best.safetensors                             
INFO     [rank 0] Training state saved:                      vae_trainer.py:1429
         checkpoints/vae_shockwave_last.state.pt                                
INFO     [rank 0] Epoch 18 timing: train=1187.3s eval=64.7s  vae_trainer.py:1074
         viz=0.0s ckpt=44.2s total=1297.1s                                      
epoch 19 step 2150  loss=0.035986  lr=2.33e-06  [rmse=0.0135 h1=0.0003 ssim=0.0430 mlw=0.0000]
epoch 19 step 2160  loss=0.036629  lr=2.22e-06  [rmse=0.0097 h1=0.0001 ssim=0.0339 mlw=0.0000]
epoch 19 step 2170  loss=0.037310  lr=2.11e-06  [rmse=0.0124 h1=0.0002 ssim=0.0338 mlw=0.0000]
epoch 19 step 2180  loss=0.037546  lr=2.01e-06  [rmse=0.0133 h1=0.0003 ssim=0.0418 mlw=0.0000]
epoch 19 step 2190  loss=0.036910  lr=1.91e-06  [rmse=0.0133 h1=0.0003 ssim=0.0440 mlw=0.0000]
epoch 19 step 2200  loss=0.036877  lr=1.82e-06  [rmse=0.0140 h1=0.0003 ssim=0.0443 mlw=0.0000]
epoch 19 step 2210  loss=0.036573  lr=1.73e-06  [rmse=0.0121 h1=0.0002 ssim=0.0354 mlw=0.0000]
epoch 19 step 2220  loss=0.036627  lr=1.65e-06  [rmse=0.0142 h1=0.0003 ssim=0.0498 mlw=0.0000]
epoch 19 step 2230  loss=0.036044  lr=1.57e-06  [rmse=0.0124 h1=0.0002 ssim=0.0355 mlw=0.0000]
epoch 19 step 2240  loss=0.036224  lr=1.50e-06  [rmse=0.0092 h1=0.0001 ssim=0.0302 mlw=0.0000]
epoch 19 step 2250  loss=0.036210  lr=1.43e-06  [rmse=0.0165 h1=0.0004 ssim=0.0448 mlw=0.0000]
epoch 19 step 2260  loss=0.036182  lr=1.37e-06  [rmse=0.0114 h1=0.0002 ssim=0.0364 mlw=0.0000]
INFO     [rank 0] Loss weights: rmse=1.0000, h1=50.0000,      vae_trainer.py:975
         ssim=0.1500, mlw=0.0000, kl=0.0000                                     
INFO     [rank 0] Epoch 19: train_loss=0.036193              vae_trainer.py:1014
         val_loss=0.036382  val_VRMSE=0.086541  lr=1.36e-06                     
INFO     [rank 0] Metrics updated: metrics/metrics.csv,      vae_trainer.py:1040
         metrics/loss_curves.png                                                
INFO     [rank 0] New best checkpoint (epoch 19,             vae_trainer.py:1353
         val_vrmse=0.086541):                                                   
         checkpoints/vae_shockwave_best.safetensors                             
INFO     [rank 0] Training state saved:                      vae_trainer.py:1429
         checkpoints/vae_shockwave_last.state.pt                                
INFO     [rank 0] Epoch 19 timing: train=1186.3s eval=64.6s  vae_trainer.py:1074
         viz=0.0s ckpt=43.4s total=1295.1s                                      
epoch 20 step 2270  loss=0.036232  lr=1.31e-06  [rmse=0.0182 h1=0.0005 ssim=0.0525 mlw=0.0000]
epoch 20 step 2280  loss=0.035789  lr=1.25e-06  [rmse=0.0121 h1=0.0002 ssim=0.0367 mlw=0.0000]
epoch 20 step 2290  loss=0.037935  lr=1.21e-06  [rmse=0.0133 h1=0.0003 ssim=0.0433 mlw=0.0000]
epoch 20 step 2300  loss=0.037370  lr=1.16e-06  [rmse=0.0145 h1=0.0003 ssim=0.0482 mlw=0.0000]
epoch 20 step 2310  loss=0.037485  lr=1.12e-06  [rmse=0.0120 h1=0.0002 ssim=0.0367 mlw=0.0000]
epoch 20 step 2320  loss=0.037535  lr=1.09e-06  [rmse=0.0194 h1=0.0006 ssim=0.0571 mlw=0.0000]
epoch 20 step 2330  loss=0.036926  lr=1.06e-06  [rmse=0.0134 h1=0.0003 ssim=0.0402 mlw=0.0000]
epoch 20 step 2340  loss=0.036989  lr=1.04e-06  [rmse=0.0141 h1=0.0003 ssim=0.0394 mlw=0.0000]
epoch 20 step 2350  loss=0.036768  lr=1.02e-06  [rmse=0.0118 h1=0.0002 ssim=0.0403 mlw=0.0000]
epoch 20 step 2360  loss=0.036650  lr=1.01e-06  [rmse=0.0183 h1=0.0005 ssim=0.0548 mlw=0.0000]
epoch 20 step 2370  loss=0.036902  lr=1.00e-06  [rmse=0.0136 h1=0.0003 ssim=0.0467 mlw=0.0000]
epoch 20 step 2380  loss=0.036567  lr=1.00e-06  [rmse=0.0119 h1=0.0002 ssim=0.0452 mlw=0.0000]
INFO     [rank 0] Loss weights: rmse=1.0000, h1=50.0000,      vae_trainer.py:975
         ssim=0.1500, mlw=0.0000, kl=0.0000                                     
INFO     [rank 0] Epoch 20: train_loss=0.036567              vae_trainer.py:1014
         val_loss=0.036352  val_VRMSE=0.086468  lr=1.00e-06                     
INFO     [rank 0] Metrics updated: metrics/metrics.csv,      vae_trainer.py:1040
         metrics/loss_curves.png                                                
INFO     [rank 0] Saved 12 validation reconstruction PNGs    vae_trainer.py:1254
         for epoch 20                                                           
INFO     [rank 0] New best checkpoint (epoch 20,             vae_trainer.py:1353
         val_vrmse=0.086468):                                                   
         checkpoints/vae_shockwave_best.safetensors                             
INFO     [rank 0] Training state saved:                      vae_trainer.py:1429
         checkpoints/vae_shockwave_last.state.pt                                
INFO     [rank 0] Epoch 20 timing: train=1187.6s eval=64.6s  vae_trainer.py:1074
         viz=16.3s ckpt=44.9s total=1314.1s                                     
╭──────────────────────────────────────────────────────────────────────────────╮
╰──────────────────────────────────────────────────────────────────────────────╯INFO     [rank 0] Training state saved:                      vae_trainer.py:1429
         checkpoints/vae_shockwave_last.state.pt                                
INFO     [rank 0] Best epoch: 20 (val_vrmse=0.086468)        vae_trainer.py:1092
INFO     [rank 0] Run finished: removed                      vae_trainer.py:1110
         ['vae_shockwave_last.safetensors',                                     
         'vae_shockwave_last.state.pt'] (kept only                              
         vae_shockwave_best.safetensors)                                        

Training complete. Checkpoint: 
/local/disk/hramachandran/work/wh_work/windinet/finetune_vae_outputs/lundquist/f
inetune_vae_whole_structure_baseline_ep20_kl1e7/checkpoints/vae_shockwave_best.s
afetensors
permission denied while trying to connect to the Docker daemon socket at unix:///var/run/docker.sock: Get "http://%2Fvar%2Frun%2Fdocker.sock/v1.24/containers/json?filters=%7B%22label%22%3A%7B%22slurm_job_id%3D22725%22%3Atrue%7D%7D": dial unix /var/run/docker.sock: connect: permission denied
