2 GPUs x batch_size 16 x accum 1 -> effective batch 32; output_dir finetune_vae_outputs/lundquist/finetune_vae_whole_structure_baseline_ep20_kl0
job=22724 node=lundquist gpus=0,1
                          VAE Finetuning Configuration                          
┏━━━━━━━━━━━━━━━━━━━━━━━━━━━━━━━━━━━━━━━┳━━━━━━━━━━━━━━━━━━━━━━━━━━━━━━━━━━━━━━┓
┃ Parameter                             ┃ Value                                ┃
┡━━━━━━━━━━━━━━━━━━━━━━━━━━━━━━━━━━━━━━━╇━━━━━━━━━━━━━━━━━━━━━━━━━━━━━━━━━━━━━━┩
│ model.model_source                    │ LTXV_2B_0.9.6_DEV                    │
│ model.load_checkpoint                 │ None                                 │
│ adapter.enabled                       │ True                                 │
│ adapter.checkpoint                    │ None                                 │
│ adapter.channels                      │ ['density', 'momentum_x',            │
│                                       │ 'momentum_y', 'pressure']            │
│ adapter.mode                          │ inflate                              │
│ adapter.inflate_init                  │ zeros                                │
│ adapter.inflate_copy_channel          │ None                                 │
│ adapter.freeze_conv_in                │ False                                │
│ adapter.unfreeze_encoder_trunk        │ True                                 │
│ adapter.hidden_channels               │ 32                                   │
│ adapter.activation                    │ gelu                                 │
│ adapter.identity_init                 │ False                                │
│ adapter.default_temb                  │ 0.0                                  │
│ data.data_root                        │ /local/disk/hramachandran/work/wh_w… │
│ data.eval_sims                        │ 675                                  │
│ data.num_dataloader_workers           │ 4                                    │
│ data.num_sim_frames                   │ None                                 │
│ data.overfit_sims                     │ None                                 │
│ data.overfit_repeat                   │ 1                                    │
│ data.channel_mean                     │ [0.905097647712509,                  │
│                                       │ 0.0040453659499771295,               │
│                                       │ -0.0019089379643528095, 0.9          │
│ data.channel_std                      │ [0.6607349375392083,                 │
│                                       │ 0.5328754120427532,                  │
│                                       │ 0.5262512462358824, 0.8050358        │
│ data.normalization_stats_file         │ None                                 │
│ data.normalization_clip               │ 5.0                                  │
│ data.channel_order                    │ ['density', 'momentum_x',            │
│                                       │ 'momentum_y', 'pressure']            │
│ data.log_transform_channels           │ []                                   │
│ optimization.learning_rate            │ 5e-05                                │
│ optimization.min_learning_rate        │ 1e-06                                │
│ optimization.scheduler_type           │ cosine                               │
│ optimization.stable_fraction          │ 0.7                                  │
│ optimization.stable_end_epoch         │ None                                 │
│ optimization.plateau_factor           │ 0.5                                  │
│ optimization.plateau_patience         │ 3                                    │
│ optimization.plateau_threshold        │ 0.0001                               │
│ optimization.epochs                   │ 20                                   │
│ optimization.batch_size               │ 16                                   │
│ optimization.gradient_accumulation_s… │ 1                                    │
│ optimization.max_grad_norm            │ 5.0                                  │
│ optimization.weight_decay             │ 0.0                                  │
│ optimization.warmup_steps             │ 200                                  │
│ optimization.warmup_start_factor      │ 0.01                                 │
│ optimization.enable_gradient_checkpo… │ True                                 │
│ loss.wavelet                          │ db2                                  │
│ loss.spatial_level                    │ 2                                    │
│ loss.temporal_level                   │ 2                                    │
│ loss.mlw_beta                         │ 10.0                                 │
│ loss.mlw_eps                          │ 1e-06                                │
│ loss_weighting.strategy               │ fixed                                │
│ loss_weighting.weights                │ {'rmse': 1.0, 'h1': 50.0, 'ssim':    │
│                                       │ 0.15, 'mlw': 0.0}                    │
│ loss_weighting.loss_names             │ ['rmse', 'h1', 'ssim', 'mlw']        │
│ loss_weighting.alpha                  │ 1.5                                  │
│ loss_weighting.weight_lr              │ 0.025                                │
│ loss_weighting.temperature            │ 0.1                                  │
│ sds.enabled                           │ False                                │
│ sds.model_source                      │ LTXV_13B_097_DEV                     │
│ sds.dit_checkpoint                    │ None                                 │
│ sds.scalar_conditioning.enabled       │ True                                 │
│ sds.scalar_conditioning.scalar_names  │ ['gamma']                            │
│ sds.scalar_conditioning.scalar_ranges │ {'gamma': (1.0, 2.0)}                │
│ sds.scalar_conditioning.embedding_dim │ 4096                                 │
│ sds.scalar_conditioning.num_tokens_p… │ 4                                    │
│ sds.scalar_conditioning.fourier_feat… │ 64                                   │
│ sds.scalar_conditioning.mlp_hidden_d… │ 256                                  │
│ sds.scalar_conditioning.dropout       │ 0.1                                  │
│ sds.timestep_sampling_mode            │ shifted_logit_normal                 │
│ sds.timestep_sampling_params          │ {}                                   │
│ visualization.enabled                 │ True                                 │
│ visualization.interval_epochs         │ 4                                    │
│ visualization.num_samples             │ 3                                    │
│ visualization.frame_numbers           │ [25, 50, 75, 100]                    │
│ visualization.dpi                     │ 150                                  │
│ acceleration.mixed_precision_mode     │ bf16                                 │
│ acceleration.compile_with_inductor    │ False                                │
│ acceleration.compilation_mode         │ reduce-overhead                      │
│ checkpoints.interval                  │ 1                                    │
│ checkpoints.keep_last_n               │ 1                                    │
│ checkpoints.save_best_only            │ True                                 │
│ checkpoints.best_metric               │ val_vrmse                            │
│ checkpoints.save_last_state           │ True                                 │
│ checkpoints.save_epochs               │ []                                   │
│ wandb.enabled                         │ False                                │
│ wandb.project                         │ windinet                             │
│ wandb.entity                          │ None                                 │
│ wandb.tags                            │ ['vae', 'inflate', 'zeros-init',     │
│                                       │ 'cosine', '20ep', 'lr1x',            │
│                                       │ 'shockwave-                          │
│ seed                                  │ 42                                   │
│ output_dir                            │ /local/disk/hramachandran/work/wh_w… │
│ clean_output_dir                      │ True                                 │
│ resume_from                           │ None                                 │
│ resume_weights_only                   │ False                                │
└───────────────────────────────────────┴──────────────────────────────────────┘
INFO     [rank 0] Distributed training: 2 processes          vae_trainer.py:1475
/local/disk/hramachandran/miniconda/envs/windinet/lib/python3.10/site-packages/huggingface_hub/utils/_validators.py:205: UserWarning: The `local_dir_use_symlinks` argument is deprecated and ignored in `hf_hub_download`. Downloading to a local directory does not use symlinks anymore.
  warnings.warn(
/local/disk/hramachandran/miniconda/envs/windinet/lib/python3.10/site-packages/huggingface_hub/utils/_validators.py:205: UserWarning: The `local_dir_use_symlinks` argument is deprecated and ignored in `hf_hub_download`. Downloading to a local directory does not use symlinks anymore.
  warnings.warn(
INFO     [rank 0] HTTP Request: HEAD                             _client.py:1025
         https://huggingface.co/Lightricks/LTX-Video-0.9.5/resol                
         ve/main/vae/config.json "HTTP/1.1 307 Temporary                        
         Redirect"                                                              
INFO     [rank 0] HTTP Request: HEAD                             _client.py:1025
         https://huggingface.co/api/resolve-cache/models/Lightri                
         cks/LTX-Video-0.9.5/e58e28c39631af4d1468ee57a853764e11c                
         1d37e/vae%2Fconfig.json "HTTP/1.1 200 OK"                              
INFO     [rank 1] HTTP Request: HEAD                             _client.py:1025
         https://huggingface.co/Lightricks/LTX-Video-0.9.5/resol                
         ve/main/vae/config.json "HTTP/1.1 307 Temporary                        
         Redirect"                                                              
INFO     [rank 1] HTTP Request: HEAD                             _client.py:1025
         https://huggingface.co/api/resolve-cache/models/Lightri                
         cks/LTX-Video-0.9.5/e58e28c39631af4d1468ee57a853764e11c                
         1d37e/vae%2Fconfig.json "HTTP/1.1 200 OK"                              
INFO     [rank 0] HTTP Request: HEAD                             _client.py:1025
         https://huggingface.co/Lightricks/LTX-Video-0.9.5/resol                
         ve/e58e28c39631af4d1468ee57a853764e11c1d37e/vae/diffusi                
         on_pytorch_model.safetensors.index.json "HTTP/1.1 404                  
         Not Found"                                                             
INFO     [rank 1] HTTP Request: HEAD                             _client.py:1025
         https://huggingface.co/Lightricks/LTX-Video-0.9.5/resol                
         ve/e58e28c39631af4d1468ee57a853764e11c1d37e/vae/diffusi                
         on_pytorch_model.safetensors.index.json "HTTP/1.1 404                  
         Not Found"                                                             
INFO     [rank 0] VAE inflated to 4 native channels           vae_trainer.py:206
         (init=zeros); encoder.conv_in is trainable                             
INFO     [rank 0] Encoder extra modules UNFROZEN:             vae_trainer.py:263
         down_blocks[0, 1, 2] + tail                                            
         (down_blocks[-1]+mid_block+norm_out+conv_out)                          
INFO     [rank 0] VAE gradient checkpointing enabled          vae_trainer.py:274
INFO     [rank 0] VAE loaded. Decoder params: 552,869,953     vae_trainer.py:280
INFO     [rank 0] Trainable parameters:                       vae_trainer.py:351
         encoder_conv_in=221,312, encoder_extra=693,932,865,                    
         decoder=552,869,953, in_adapter=0, out_adapter=0                       
INFO     [rank 0] Dataset: 3825 train, 675 eval samples       vae_trainer.py:615
INFO     [rank 0] encoder.conv_in LR = 5.00e-05 (== decoder   vae_trainer.py:639
         LR)                                                                    
INFO     [rank 0] encoder extra (down_blocks[0, 1, 2]+tail)   vae_trainer.py:650
         LR = 5.00e-05 (== decoder LR)                                          
INFO     [rank 0] LR schedule 'cosine': 2380 steps (200       vae_trainer.py:741
         warmup, 0 stable, 2180 anneal), peak 5.00e-05 ->                       
         floor 1.00e-06                                                         
INFO     [rank 0] Config saved:                              vae_trainer.py:1507
         /local/disk/hramachandran/work/wh_work/windinet/fin                    
         etune_vae_outputs/lundquist/finetune_vae_whole_stru                    
         cture_baseline_ep20_kl0/training_config.yaml                           
INFO     [rank 0] Starting VAE decoder finetuning...          vae_trainer.py:795
epoch 1 step 10  loss=0.144703  lr=2.98e-06  [rmse=0.0767 h1=0.0005 ssim=0.2854 mlw=0.0000]
epoch 1 step 20  loss=0.139723  lr=5.45e-06  [rmse=0.0743 h1=0.0006 ssim=0.2920 mlw=0.0000]
epoch 1 step 30  loss=0.140887  lr=7.93e-06  [rmse=0.0613 h1=0.0006 ssim=0.2697 mlw=0.0000]
epoch 1 step 40  loss=0.143206  lr=1.04e-05  [rmse=0.0781 h1=0.0005 ssim=0.2453 mlw=0.0000]
epoch 1 step 50  loss=0.140405  lr=1.29e-05  [rmse=0.0407 h1=0.0002 ssim=0.2022 mlw=0.0000]
epoch 1 step 60  loss=0.136113  lr=1.54e-05  [rmse=0.0634 h1=0.0006 ssim=0.2581 mlw=0.0000]
epoch 1 step 70  loss=0.130801  lr=1.78e-05  [rmse=0.0357 h1=0.0005 ssim=0.2405 mlw=0.0000]
epoch 1 step 80  loss=0.127395  lr=2.03e-05  [rmse=0.0529 h1=0.0007 ssim=0.2080 mlw=0.0000]
epoch 1 step 90  loss=0.123996  lr=2.28e-05  [rmse=0.0329 h1=0.0005 ssim=0.1904 mlw=0.0000]
epoch 1 step 100  loss=0.120658  lr=2.53e-05  [rmse=0.0335 h1=0.0004 ssim=0.1918 mlw=0.0000]
epoch 1 step 110  loss=0.117631  lr=2.77e-05  [rmse=0.0369 h1=0.0005 ssim=0.2048 mlw=0.0000]
INFO     [rank 0] Loss weights: rmse=1.0000, h1=50.0000,      vae_trainer.py:975
         ssim=0.1500, mlw=0.0000                                                
INFO     [rank 0] Epoch 1: train_loss=0.115399               vae_trainer.py:1014
         val_loss=0.088208  val_VRMSE=0.248106  lr=3.00e-05                     
INFO     [rank 0] Metrics updated: metrics/metrics.csv,      vae_trainer.py:1040
         metrics/loss_curves.png                                                
INFO     [rank 0] New best checkpoint (epoch 1,              vae_trainer.py:1353
         val_vrmse=0.248106):                                                   
         checkpoints/vae_shockwave_best.safetensors                             
INFO     [rank 0] Training state saved:                      vae_trainer.py:1429
         checkpoints/vae_shockwave_last.state.pt                                
INFO     [rank 0] Epoch 1 timing: train=1191.1s eval=64.5s   vae_trainer.py:1074
         viz=0.0s ckpt=34.3s total=1290.6s                                      
epoch 2 step 120  loss=0.058942  lr=3.02e-05  [rmse=0.0264 h1=0.0002 ssim=0.1612 mlw=0.0000]
epoch 2 step 130  loss=0.087996  lr=3.27e-05  [rmse=0.0334 h1=0.0004 ssim=0.2221 mlw=0.0000]
epoch 2 step 140  loss=0.090900  lr=3.52e-05  [rmse=0.0347 h1=0.0005 ssim=0.1979 mlw=0.0000]
epoch 2 step 150  loss=0.086838  lr=3.76e-05  [rmse=0.0322 h1=0.0004 ssim=0.1659 mlw=0.0000]
epoch 2 step 160  loss=0.084854  lr=4.01e-05  [rmse=0.0277 h1=0.0003 ssim=0.1893 mlw=0.0000]
epoch 2 step 170  loss=0.085002  lr=4.26e-05  [rmse=0.0345 h1=0.0005 ssim=0.1954 mlw=0.0000]
epoch 2 step 180  loss=0.085341  lr=4.51e-05  [rmse=0.0304 h1=0.0007 ssim=0.1264 mlw=0.0000]
epoch 2 step 190  loss=0.083709  lr=4.75e-05  [rmse=0.0291 h1=0.0005 ssim=0.1623 mlw=0.0000]
epoch 2 step 200  loss=0.084009  lr=5.00e-05  [rmse=0.0281 h1=0.0004 ssim=0.2086 mlw=0.0000]
epoch 2 step 210  loss=0.084338  lr=5.00e-05  [rmse=0.0315 h1=0.0003 ssim=0.2469 mlw=0.0000]
epoch 2 step 220  loss=0.083628  lr=5.00e-05  [rmse=0.0391 h1=0.0007 ssim=0.1379 mlw=0.0000]
epoch 2 step 230  loss=0.083001  lr=5.00e-05  [rmse=0.0312 h1=0.0005 ssim=0.1282 mlw=0.0000]
INFO     [rank 0] Loss weights: rmse=1.0000, h1=50.0000,      vae_trainer.py:975
         ssim=0.1500, mlw=0.0000                                                
INFO     [rank 0] Epoch 2: train_loss=0.082223               vae_trainer.py:1014
         val_loss=0.067138  val_VRMSE=0.174546  lr=5.00e-05                     
INFO     [rank 0] Metrics updated: metrics/metrics.csv,      vae_trainer.py:1040
         metrics/loss_curves.png                                                
INFO     [rank 0] New best checkpoint (epoch 2,              vae_trainer.py:1353
         val_vrmse=0.174546):                                                   
         checkpoints/vae_shockwave_best.safetensors                             
INFO     [rank 0] Training state saved:                      vae_trainer.py:1429
         checkpoints/vae_shockwave_last.state.pt                                
INFO     [rank 0] Epoch 2 timing: train=1193.3s eval=65.3s   vae_trainer.py:1074
         viz=0.0s ckpt=44.1s total=1303.5s                                      
epoch 3 step 240  loss=0.063124  lr=5.00e-05  [rmse=0.0234 h1=0.0004 ssim=0.0945 mlw=0.0000]
epoch 3 step 250  loss=0.078534  lr=4.99e-05  [rmse=0.0342 h1=0.0007 ssim=0.1448 mlw=0.0000]
epoch 3 step 260  loss=0.077393  lr=4.99e-05  [rmse=0.0259 h1=0.0005 ssim=0.1059 mlw=0.0000]
epoch 3 step 270  loss=0.072592  lr=4.99e-05  [rmse=0.0225 h1=0.0003 ssim=0.0928 mlw=0.0000]
epoch 3 step 280  loss=0.071613  lr=4.98e-05  [rmse=0.0197 h1=0.0003 ssim=0.1038 mlw=0.0000]
epoch 3 step 290  loss=0.069738  lr=4.98e-05  [rmse=0.0212 h1=0.0003 ssim=0.0944 mlw=0.0000]
epoch 3 step 300  loss=0.067589  lr=4.97e-05  [rmse=0.0254 h1=0.0005 ssim=0.1080 mlw=0.0000]
epoch 3 step 310  loss=0.065936  lr=4.97e-05  [rmse=0.0172 h1=0.0003 ssim=0.0868 mlw=0.0000]
epoch 3 step 320  loss=0.065869  lr=4.96e-05  [rmse=0.0239 h1=0.0005 ssim=0.1049 mlw=0.0000]
epoch 3 step 330  loss=0.065458  lr=4.96e-05  [rmse=0.0251 h1=0.0005 ssim=0.1162 mlw=0.0000]
epoch 3 step 340  loss=0.064414  lr=4.95e-05  [rmse=0.0226 h1=0.0003 ssim=0.1061 mlw=0.0000]
epoch 3 step 350  loss=0.064286  lr=4.94e-05  [rmse=0.0236 h1=0.0004 ssim=0.1393 mlw=0.0000]
INFO     [rank 0] Loss weights: rmse=1.0000, h1=50.0000,      vae_trainer.py:975
         ssim=0.1500, mlw=0.0000                                                
INFO     [rank 0] Epoch 3: train_loss=0.064554               vae_trainer.py:1014
         val_loss=0.062726  val_VRMSE=0.158078  lr=4.94e-05                     
INFO     [rank 0] Metrics updated: metrics/metrics.csv,      vae_trainer.py:1040
         metrics/loss_curves.png                                                
INFO     [rank 0] New best checkpoint (epoch 3,              vae_trainer.py:1353
         val_vrmse=0.158078):                                                   
         checkpoints/vae_shockwave_best.safetensors                             
INFO     [rank 0] Training state saved:                      vae_trainer.py:1429
         checkpoints/vae_shockwave_last.state.pt                                
INFO     [rank 0] Epoch 3 timing: train=1191.8s eval=65.4s   vae_trainer.py:1074
         viz=0.0s ckpt=44.4s total=1302.3s                                      
epoch 4 step 360  loss=0.063118  lr=4.94e-05  [rmse=0.0243 h1=0.0004 ssim=0.1347 mlw=0.0000]
epoch 4 step 370  loss=0.063588  lr=4.93e-05  [rmse=0.0231 h1=0.0005 ssim=0.1069 mlw=0.0000]
epoch 4 step 380  loss=0.062781  lr=4.92e-05  [rmse=0.0203 h1=0.0003 ssim=0.0996 mlw=0.0000]
epoch 4 step 390  loss=0.059779  lr=4.91e-05  [rmse=0.0205 h1=0.0003 ssim=0.1031 mlw=0.0000]
epoch 4 step 400  loss=0.060053  lr=4.90e-05  [rmse=0.0241 h1=0.0005 ssim=0.1102 mlw=0.0000]
epoch 4 step 410  loss=0.059578  lr=4.89e-05  [rmse=0.0260 h1=0.0005 ssim=0.1111 mlw=0.0000]
epoch 4 step 420  loss=0.060017  lr=4.88e-05  [rmse=0.0263 h1=0.0006 ssim=0.1112 mlw=0.0000]
epoch 4 step 430  loss=0.059064  lr=4.87e-05  [rmse=0.0201 h1=0.0003 ssim=0.0885 mlw=0.0000]
epoch 4 step 440  loss=0.058749  lr=4.85e-05  [rmse=0.0189 h1=0.0003 ssim=0.0872 mlw=0.0000]
epoch 4 step 450  loss=0.058628  lr=4.84e-05  [rmse=0.0261 h1=0.0004 ssim=0.0867 mlw=0.0000]
epoch 4 step 460  loss=0.058404  lr=4.83e-05  [rmse=0.0339 h1=0.0005 ssim=0.1006 mlw=0.0000]
epoch 4 step 470  loss=0.058676  lr=4.82e-05  [rmse=0.0250 h1=0.0004 ssim=0.0805 mlw=0.0000]
INFO     [rank 0] Loss weights: rmse=1.0000, h1=50.0000,      vae_trainer.py:975
         ssim=0.1500, mlw=0.0000                                                
INFO     [rank 0] Epoch 4: train_loss=0.058981               vae_trainer.py:1014
         val_loss=0.054627  val_VRMSE=0.139784  lr=4.81e-05                     
INFO     [rank 0] Metrics updated: metrics/metrics.csv,      vae_trainer.py:1040
         metrics/loss_curves.png                                                
INFO     [rank 0] Saved 12 validation reconstruction PNGs    vae_trainer.py:1254
         for epoch 4                                                            
INFO     [rank 0] New best checkpoint (epoch 4,              vae_trainer.py:1353
         val_vrmse=0.139784):                                                   
         checkpoints/vae_shockwave_best.safetensors                             
INFO     [rank 0] Training state saved:                      vae_trainer.py:1429
         checkpoints/vae_shockwave_last.state.pt                                
INFO     [rank 0] Epoch 4 timing: train=1191.6s eval=65.3s   vae_trainer.py:1074
         viz=16.2s ckpt=44.2s total=1318.0s                                     
epoch 5 step 480  loss=0.056798  lr=4.80e-05  [rmse=0.0175 h1=0.0003 ssim=0.0839 mlw=0.0000]
epoch 5 step 490  loss=0.054202  lr=4.79e-05  [rmse=0.0309 h1=0.0004 ssim=0.1096 mlw=0.0000]
epoch 5 step 500  loss=0.054596  lr=4.77e-05  [rmse=0.0212 h1=0.0003 ssim=0.1088 mlw=0.0000]
epoch 5 step 510  loss=0.056394  lr=4.76e-05  [rmse=0.0216 h1=0.0004 ssim=0.1081 mlw=0.0000]
epoch 5 step 520  loss=0.057254  lr=4.74e-05  [rmse=0.0208 h1=0.0004 ssim=0.0973 mlw=0.0000]
epoch 5 step 530  loss=0.056251  lr=4.73e-05  [rmse=0.0163 h1=0.0002 ssim=0.0833 mlw=0.0000]
epoch 5 step 540  loss=0.055857  lr=4.71e-05  [rmse=0.0175 h1=0.0002 ssim=0.0792 mlw=0.0000]
epoch 5 step 550  loss=0.055899  lr=4.69e-05  [rmse=0.0222 h1=0.0004 ssim=0.0850 mlw=0.0000]
epoch 5 step 560  loss=0.055198  lr=4.68e-05  [rmse=0.0202 h1=0.0004 ssim=0.0865 mlw=0.0000]
epoch 5 step 570  loss=0.054986  lr=4.66e-05  [rmse=0.0248 h1=0.0006 ssim=0.0897 mlw=0.0000]
epoch 5 step 580  loss=0.054282  lr=4.64e-05  [rmse=0.0219 h1=0.0005 ssim=0.0823 mlw=0.0000]
epoch 5 step 590  loss=0.053916  lr=4.62e-05  [rmse=0.0215 h1=0.0004 ssim=0.0743 mlw=0.0000]
INFO     [rank 0] Loss weights: rmse=1.0000, h1=50.0000,      vae_trainer.py:975
         ssim=0.1500, mlw=0.0000                                                
INFO     [rank 0] Epoch 5: train_loss=0.053746               vae_trainer.py:1014
         val_loss=0.048755  val_VRMSE=0.120021  lr=4.61e-05                     
INFO     [rank 0] Metrics updated: metrics/metrics.csv,      vae_trainer.py:1040
         metrics/loss_curves.png                                                
INFO     [rank 0] New best checkpoint (epoch 5,              vae_trainer.py:1353
         val_vrmse=0.120021):                                                   
         checkpoints/vae_shockwave_best.safetensors                             
INFO     [rank 0] Training state saved:                      vae_trainer.py:1429
         checkpoints/vae_shockwave_last.state.pt                                
INFO     [rank 0] Epoch 5 timing: train=1192.5s eval=65.9s   vae_trainer.py:1074
         viz=0.0s ckpt=43.9s total=1303.1s                                      
epoch 6 step 600  loss=0.043114  lr=4.60e-05  [rmse=0.0145 h1=0.0002 ssim=0.0660 mlw=0.0000]
epoch 6 step 610  loss=0.047371  lr=4.58e-05  [rmse=0.0222 h1=0.0005 ssim=0.0847 mlw=0.0000]
epoch 6 step 620  loss=0.048012  lr=4.56e-05  [rmse=0.0195 h1=0.0003 ssim=0.0739 mlw=0.0000]
epoch 6 step 630  loss=0.047858  lr=4.54e-05  [rmse=0.0158 h1=0.0003 ssim=0.0705 mlw=0.0000]
epoch 6 step 640  loss=0.048790  lr=4.52e-05  [rmse=0.0251 h1=0.0006 ssim=0.0704 mlw=0.0000]
epoch 6 step 650  loss=0.049114  lr=4.50e-05  [rmse=0.0265 h1=0.0007 ssim=0.0870 mlw=0.0000]
epoch 6 step 660  loss=0.049239  lr=4.48e-05  [rmse=0.0236 h1=0.0005 ssim=0.0934 mlw=0.0000]
epoch 6 step 670  loss=0.049429  lr=4.46e-05  [rmse=0.0188 h1=0.0003 ssim=0.0752 mlw=0.0000]
epoch 6 step 680  loss=0.049490  lr=4.44e-05  [rmse=0.0163 h1=0.0002 ssim=0.0741 mlw=0.0000]
epoch 6 step 690  loss=0.049818  lr=4.41e-05  [rmse=0.0225 h1=0.0005 ssim=0.0719 mlw=0.0000]
epoch 6 step 700  loss=0.049338  lr=4.39e-05  [rmse=0.0158 h1=0.0003 ssim=0.0659 mlw=0.0000]
epoch 6 step 710  loss=0.049626  lr=4.37e-05  [rmse=0.0235 h1=0.0006 ssim=0.0882 mlw=0.0000]
INFO     [rank 0] Loss weights: rmse=1.0000, h1=50.0000,      vae_trainer.py:975
         ssim=0.1500, mlw=0.0000                                                
INFO     [rank 0] Epoch 6: train_loss=0.049786               vae_trainer.py:1014
         val_loss=0.047409  val_VRMSE=0.116759  lr=4.36e-05                     
INFO     [rank 0] Metrics updated: metrics/metrics.csv,      vae_trainer.py:1040
         metrics/loss_curves.png                                                
INFO     [rank 0] New best checkpoint (epoch 6,              vae_trainer.py:1353
         val_vrmse=0.116759):                                                   
         checkpoints/vae_shockwave_best.safetensors                             
INFO     [rank 0] Training state saved:                      vae_trainer.py:1429
         checkpoints/vae_shockwave_last.state.pt                                
INFO     [rank 0] Epoch 6 timing: train=1193.5s eval=65.2s   vae_trainer.py:1074
         viz=0.0s ckpt=45.0s total=1304.4s                                      
epoch 7 step 720  loss=0.049463  lr=4.34e-05  [rmse=0.0164 h1=0.0002 ssim=0.0855 mlw=0.0000]
epoch 7 step 730  loss=0.049740  lr=4.32e-05  [rmse=0.0203 h1=0.0004 ssim=0.0864 mlw=0.0000]
epoch 7 step 740  loss=0.051392  lr=4.29e-05  [rmse=0.0196 h1=0.0003 ssim=0.0736 mlw=0.0000]
epoch 7 step 750  loss=0.051095  lr=4.27e-05  [rmse=0.0188 h1=0.0004 ssim=0.0757 mlw=0.0000]
epoch 7 step 760  loss=0.050018  lr=4.24e-05  [rmse=0.0153 h1=0.0003 ssim=0.0694 mlw=0.0000]
epoch 7 step 770  loss=0.049366  lr=4.22e-05  [rmse=0.0163 h1=0.0003 ssim=0.0616 mlw=0.0000]
epoch 7 step 780  loss=0.048462  lr=4.19e-05  [rmse=0.0154 h1=0.0003 ssim=0.0569 mlw=0.0000]
epoch 7 step 790  loss=0.047779  lr=4.17e-05  [rmse=0.0139 h1=0.0002 ssim=0.0544 mlw=0.0000]
epoch 7 step 800  loss=0.047449  lr=4.14e-05  [rmse=0.0125 h1=0.0002 ssim=0.0501 mlw=0.0000]
epoch 7 step 810  loss=0.047181  lr=4.11e-05  [rmse=0.0181 h1=0.0004 ssim=0.0745 mlw=0.0000]
epoch 7 step 820  loss=0.047447  lr=4.09e-05  [rmse=0.0200 h1=0.0004 ssim=0.0642 mlw=0.0000]
epoch 7 step 830  loss=0.047983  lr=4.06e-05  [rmse=0.0293 h1=0.0006 ssim=0.0891 mlw=0.0000]
INFO     [rank 0] Loss weights: rmse=1.0000, h1=50.0000,      vae_trainer.py:975
         ssim=0.1500, mlw=0.0000                                                
INFO     [rank 0] Epoch 7: train_loss=0.047952               vae_trainer.py:1014
         val_loss=0.047867  val_VRMSE=0.120762  lr=4.05e-05                     
INFO     [rank 0] Metrics updated: metrics/metrics.csv,      vae_trainer.py:1040
         metrics/loss_curves.png                                                
INFO     [rank 0] Training state saved:                      vae_trainer.py:1429
         checkpoints/vae_shockwave_last.state.pt                                
INFO     [rank 0] Epoch 7 timing: train=1191.2s eval=65.9s   vae_trainer.py:1074
         viz=0.0s ckpt=36.8s total=1294.9s                                      
epoch 8 step 840  loss=0.042964  lr=4.03e-05  [rmse=0.0189 h1=0.0004 ssim=0.0867 mlw=0.0000]
epoch 8 step 850  loss=0.044988  lr=4.00e-05  [rmse=0.0197 h1=0.0004 ssim=0.0737 mlw=0.0000]
epoch 8 step 860  loss=0.046149  lr=3.97e-05  [rmse=0.0160 h1=0.0002 ssim=0.0619 mlw=0.0000]
epoch 8 step 870  loss=0.046600  lr=3.94e-05  [rmse=0.0211 h1=0.0004 ssim=0.0665 mlw=0.0000]
epoch 8 step 880  loss=0.047024  lr=3.91e-05  [rmse=0.0206 h1=0.0004 ssim=0.0573 mlw=0.0000]
epoch 8 step 890  loss=0.046340  lr=3.89e-05  [rmse=0.0174 h1=0.0003 ssim=0.0673 mlw=0.0000]
epoch 8 step 900  loss=0.046948  lr=3.86e-05  [rmse=0.0225 h1=0.0006 ssim=0.0752 mlw=0.0000]
epoch 8 step 910  loss=0.046854  lr=3.83e-05  [rmse=0.0213 h1=0.0005 ssim=0.0686 mlw=0.0000]
epoch 8 step 920  loss=0.047213  lr=3.80e-05  [rmse=0.0195 h1=0.0004 ssim=0.0668 mlw=0.0000]
epoch 8 step 930  loss=0.047148  lr=3.76e-05  [rmse=0.0215 h1=0.0004 ssim=0.0586 mlw=0.0000]
epoch 8 step 940  loss=0.046874  lr=3.73e-05  [rmse=0.0157 h1=0.0003 ssim=0.0576 mlw=0.0000]
epoch 8 step 950  loss=0.046681  lr=3.70e-05  [rmse=0.0176 h1=0.0004 ssim=0.0652 mlw=0.0000]
INFO     [rank 0] Loss weights: rmse=1.0000, h1=50.0000,      vae_trainer.py:975
         ssim=0.1500, mlw=0.0000                                                
INFO     [rank 0] Epoch 8: train_loss=0.046583               vae_trainer.py:1014
         val_loss=0.044655  val_VRMSE=0.109136  lr=3.70e-05                     
INFO     [rank 0] Metrics updated: metrics/metrics.csv,      vae_trainer.py:1040
         metrics/loss_curves.png                                                
INFO     [rank 0] Saved 12 validation reconstruction PNGs    vae_trainer.py:1254
         for epoch 8                                                            
INFO     [rank 0] New best checkpoint (epoch 8,              vae_trainer.py:1353
         val_vrmse=0.109136):                                                   
         checkpoints/vae_shockwave_best.safetensors                             
INFO     [rank 0] Training state saved:                      vae_trainer.py:1429
         checkpoints/vae_shockwave_last.state.pt                                
INFO     [rank 0] Epoch 8 timing: train=1192.6s eval=65.9s   vae_trainer.py:1074
         viz=16.1s ckpt=44.2s total=1319.6s                                     
epoch 9 step 960  loss=0.049748  lr=3.67e-05  [rmse=0.0195 h1=0.0004 ssim=0.0779 mlw=0.0000]
epoch 9 step 970  loss=0.048679  lr=3.64e-05  [rmse=0.0230 h1=0.0005 ssim=0.0811 mlw=0.0000]
epoch 9 step 980  loss=0.048223  lr=3.61e-05  [rmse=0.0178 h1=0.0004 ssim=0.0693 mlw=0.0000]
epoch 9 step 990  loss=0.047031  lr=3.58e-05  [rmse=0.0155 h1=0.0003 ssim=0.0509 mlw=0.0000]
epoch 9 step 1000  loss=0.047609  lr=3.54e-05  [rmse=0.0192 h1=0.0004 ssim=0.0771 mlw=0.0000]
epoch 9 step 1010  loss=0.046900  lr=3.51e-05  [rmse=0.0194 h1=0.0004 ssim=0.0598 mlw=0.0000]
epoch 9 step 1020  loss=0.046883  lr=3.48e-05  [rmse=0.0170 h1=0.0004 ssim=0.0607 mlw=0.0000]
epoch 9 step 1030  loss=0.046126  lr=3.45e-05  [rmse=0.0157 h1=0.0003 ssim=0.0650 mlw=0.0000]
epoch 9 step 1040  loss=0.045566  lr=3.41e-05  [rmse=0.0207 h1=0.0005 ssim=0.0741 mlw=0.0000]
epoch 9 step 1050  loss=0.045131  lr=3.38e-05  [rmse=0.0119 h1=0.0002 ssim=0.0433 mlw=0.0000]
epoch 9 step 1060  loss=0.045358  lr=3.35e-05  [rmse=0.0157 h1=0.0003 ssim=0.0456 mlw=0.0000]
epoch 9 step 1070  loss=0.045285  lr=3.31e-05  [rmse=0.0173 h1=0.0003 ssim=0.0482 mlw=0.0000]
INFO     [rank 0] Loss weights: rmse=1.0000, h1=50.0000,      vae_trainer.py:975
         ssim=0.1500, mlw=0.0000                                                
INFO     [rank 0] Epoch 9: train_loss=0.045262               vae_trainer.py:1014
         val_loss=0.041469  val_VRMSE=0.101586  lr=3.31e-05                     
INFO     [rank 0] Metrics updated: metrics/metrics.csv,      vae_trainer.py:1040
         metrics/loss_curves.png                                                
INFO     [rank 0] New best checkpoint (epoch 9,              vae_trainer.py:1353
         val_vrmse=0.101586):                                                   
         checkpoints/vae_shockwave_best.safetensors                             
INFO     [rank 0] Training state saved:                      vae_trainer.py:1429
         checkpoints/vae_shockwave_last.state.pt                                
INFO     [rank 0] Epoch 9 timing: train=1193.7s eval=65.7s   vae_trainer.py:1074
         viz=0.0s ckpt=45.0s total=1305.2s                                      
epoch 10 step 1080  loss=0.043660  lr=3.28e-05  [rmse=0.0162 h1=0.0003 ssim=0.0570 mlw=0.0000]
epoch 10 step 1090  loss=0.044228  lr=3.25e-05  [rmse=0.0162 h1=0.0002 ssim=0.0680 mlw=0.0000]
epoch 10 step 1100  loss=0.045472  lr=3.21e-05  [rmse=0.0213 h1=0.0005 ssim=0.0763 mlw=0.0000]
epoch 10 step 1110  loss=0.045534  lr=3.18e-05  [rmse=0.0154 h1=0.0003 ssim=0.0593 mlw=0.0000]
epoch 10 step 1120  loss=0.045250  lr=3.14e-05  [rmse=0.0179 h1=0.0003 ssim=0.0597 mlw=0.0000]
epoch 10 step 1130  loss=0.045063  lr=3.11e-05  [rmse=0.0171 h1=0.0003 ssim=0.0665 mlw=0.0000]
epoch 10 step 1140  loss=0.045068  lr=3.08e-05  [rmse=0.0198 h1=0.0004 ssim=0.0638 mlw=0.0000]
epoch 10 step 1150  loss=0.044654  lr=3.04e-05  [rmse=0.0222 h1=0.0005 ssim=0.0721 mlw=0.0000]
epoch 10 step 1160  loss=0.044373  lr=3.01e-05  [rmse=0.0162 h1=0.0003 ssim=0.0592 mlw=0.0000]
epoch 10 step 1170  loss=0.044185  lr=2.97e-05  [rmse=0.0163 h1=0.0004 ssim=0.0533 mlw=0.0000]
epoch 10 step 1180  loss=0.043864  lr=2.94e-05  [rmse=0.0125 h1=0.0002 ssim=0.0454 mlw=0.0000]
epoch 10 step 1190  loss=0.043920  lr=2.90e-05  [rmse=0.0158 h1=0.0003 ssim=0.0501 mlw=0.0000]
INFO     [rank 0] Loss weights: rmse=1.0000, h1=50.0000,      vae_trainer.py:975
         ssim=0.1500, mlw=0.0000                                                
INFO     [rank 0] Epoch 10: train_loss=0.043920              vae_trainer.py:1014
         val_loss=0.040089  val_VRMSE=0.096422  lr=2.90e-05                     
INFO     [rank 0] Metrics updated: metrics/metrics.csv,      vae_trainer.py:1040
         metrics/loss_curves.png                                                
INFO     [rank 0] New best checkpoint (epoch 10,             vae_trainer.py:1353
         val_vrmse=0.096422):                                                   
         checkpoints/vae_shockwave_best.safetensors                             
INFO     [rank 0] Training state saved:                      vae_trainer.py:1429
         checkpoints/vae_shockwave_last.state.pt                                
INFO     [rank 0] Epoch 10 timing: train=1194.2s eval=65.4s  vae_trainer.py:1074
         viz=0.0s ckpt=44.6s total=1305.1s                                      
epoch 11 step 1200  loss=0.039795  lr=2.87e-05  [rmse=0.0162 h1=0.0004 ssim=0.0532 mlw=0.0000]
epoch 11 step 1210  loss=0.039724  lr=2.83e-05  [rmse=0.0206 h1=0.0006 ssim=0.0612 mlw=0.0000]
epoch 11 step 1220  loss=0.038889  lr=2.80e-05  [rmse=0.0123 h1=0.0002 ssim=0.0436 mlw=0.0000]
epoch 11 step 1230  loss=0.038707  lr=2.76e-05  [rmse=0.0142 h1=0.0003 ssim=0.0507 mlw=0.0000]
epoch 11 step 1240  loss=0.039096  lr=2.73e-05  [rmse=0.0153 h1=0.0003 ssim=0.0619 mlw=0.0000]
epoch 11 step 1250  loss=0.039748  lr=2.69e-05  [rmse=0.0282 h1=0.0006 ssim=0.0746 mlw=0.0000]
epoch 11 step 1260  loss=0.040376  lr=2.66e-05  [rmse=0.0113 h1=0.0001 ssim=0.0468 mlw=0.0000]
epoch 11 step 1270  loss=0.041063  lr=2.62e-05  [rmse=0.0161 h1=0.0003 ssim=0.0588 mlw=0.0000]
epoch 11 step 1280  loss=0.040852  lr=2.59e-05  [rmse=0.0170 h1=0.0004 ssim=0.0517 mlw=0.0000]
epoch 11 step 1290  loss=0.041095  lr=2.55e-05  [rmse=0.0126 h1=0.0002 ssim=0.0543 mlw=0.0000]
epoch 11 step 1300  loss=0.041042  lr=2.51e-05  [rmse=0.0144 h1=0.0003 ssim=0.0532 mlw=0.0000]
INFO     [rank 0] Loss weights: rmse=1.0000, h1=50.0000,      vae_trainer.py:975
         ssim=0.1500, mlw=0.0000                                                
INFO     [rank 0] Epoch 11: train_loss=0.041215              vae_trainer.py:1014
         val_loss=0.039386  val_VRMSE=0.095508  lr=2.48e-05                     
INFO     [rank 0] Metrics updated: metrics/metrics.csv,      vae_trainer.py:1040
         metrics/loss_curves.png                                                
INFO     [rank 0] New best checkpoint (epoch 11,             vae_trainer.py:1353
         val_vrmse=0.095508):                                                   
         checkpoints/vae_shockwave_best.safetensors                             
INFO     [rank 0] Training state saved:                      vae_trainer.py:1429
         checkpoints/vae_shockwave_last.state.pt                                
INFO     [rank 0] Epoch 11 timing: train=1193.7s eval=65.6s  vae_trainer.py:1074
         viz=0.0s ckpt=44.2s total=1304.3s                                      
epoch 12 step 1310  loss=0.044285  lr=2.48e-05  [rmse=0.0167 h1=0.0004 ssim=0.0591 mlw=0.0000]
epoch 12 step 1320  loss=0.038453  lr=2.44e-05  [rmse=0.0127 h1=0.0002 ssim=0.0432 mlw=0.0000]
epoch 12 step 1330  loss=0.039188  lr=2.41e-05  [rmse=0.0163 h1=0.0004 ssim=0.0627 mlw=0.0000]
epoch 12 step 1340  loss=0.039379  lr=2.37e-05  [rmse=0.0158 h1=0.0002 ssim=0.0561 mlw=0.0000]
epoch 12 step 1350  loss=0.039650  lr=2.34e-05  [rmse=0.0142 h1=0.0002 ssim=0.0495 mlw=0.0000]
epoch 12 step 1360  loss=0.039385  lr=2.30e-05  [rmse=0.0178 h1=0.0004 ssim=0.0577 mlw=0.0000]
epoch 12 step 1370  loss=0.040368  lr=2.27e-05  [rmse=0.0137 h1=0.0002 ssim=0.0441 mlw=0.0000]
epoch 12 step 1380  loss=0.040393  lr=2.23e-05  [rmse=0.0192 h1=0.0005 ssim=0.0453 mlw=0.0000]
epoch 12 step 1390  loss=0.040466  lr=2.20e-05  [rmse=0.0179 h1=0.0004 ssim=0.0525 mlw=0.0000]
epoch 12 step 1400  loss=0.040290  lr=2.16e-05  [rmse=0.0148 h1=0.0003 ssim=0.0422 mlw=0.0000]
epoch 12 step 1410  loss=0.040425  lr=2.13e-05  [rmse=0.0157 h1=0.0003 ssim=0.0520 mlw=0.0000]
epoch 12 step 1420  loss=0.040196  lr=2.09e-05  [rmse=0.0146 h1=0.0003 ssim=0.0464 mlw=0.0000]
INFO     [rank 0] Loss weights: rmse=1.0000, h1=50.0000,      vae_trainer.py:975
         ssim=0.1500, mlw=0.0000                                                
INFO     [rank 0] Epoch 12: train_loss=0.040614              vae_trainer.py:1014
         val_loss=0.039091  val_VRMSE=0.094805  lr=2.07e-05                     
INFO     [rank 0] Metrics updated: metrics/metrics.csv,      vae_trainer.py:1040
         metrics/loss_curves.png                                                
INFO     [rank 0] Saved 12 validation reconstruction PNGs    vae_trainer.py:1254
         for epoch 12                                                           
INFO     [rank 0] New best checkpoint (epoch 12,             vae_trainer.py:1353
         val_vrmse=0.094805):                                                   
         checkpoints/vae_shockwave_best.safetensors                             
INFO     [rank 0] Training state saved:                      vae_trainer.py:1429
         checkpoints/vae_shockwave_last.state.pt                                
INFO     [rank 0] Epoch 12 timing: train=1194.2s eval=65.7s  vae_trainer.py:1074
         viz=16.3s ckpt=45.0s total=1321.9s                                     
epoch 13 step 1430  loss=0.035652  lr=2.06e-05  [rmse=0.0118 h1=0.0002 ssim=0.0373 mlw=0.0000]
epoch 13 step 1440  loss=0.036931  lr=2.02e-05  [rmse=0.0132 h1=0.0002 ssim=0.0420 mlw=0.0000]
epoch 13 step 1450  loss=0.040965  lr=1.99e-05  [rmse=0.0175 h1=0.0004 ssim=0.0523 mlw=0.0000]
epoch 13 step 1460  loss=0.040742  lr=1.96e-05  [rmse=0.0140 h1=0.0002 ssim=0.0424 mlw=0.0000]
epoch 13 step 1470  loss=0.039857  lr=1.92e-05  [rmse=0.0106 h1=0.0001 ssim=0.0320 mlw=0.0000]
epoch 13 step 1480  loss=0.040303  lr=1.89e-05  [rmse=0.0141 h1=0.0003 ssim=0.0478 mlw=0.0000]
epoch 13 step 1490  loss=0.040355  lr=1.85e-05  [rmse=0.0151 h1=0.0003 ssim=0.0500 mlw=0.0000]
epoch 13 step 1500  loss=0.040315  lr=1.82e-05  [rmse=0.0158 h1=0.0003 ssim=0.0483 mlw=0.0000]
epoch 13 step 1510  loss=0.040340  lr=1.79e-05  [rmse=0.0147 h1=0.0003 ssim=0.0483 mlw=0.0000]
epoch 13 step 1520  loss=0.040207  lr=1.75e-05  [rmse=0.0155 h1=0.0003 ssim=0.0502 mlw=0.0000]
epoch 13 step 1530  loss=0.039923  lr=1.72e-05  [rmse=0.0109 h1=0.0002 ssim=0.0431 mlw=0.0000]
epoch 13 step 1540  loss=0.039574  lr=1.69e-05  [rmse=0.0142 h1=0.0003 ssim=0.0506 mlw=0.0000]
INFO     [rank 0] Loss weights: rmse=1.0000, h1=50.0000,      vae_trainer.py:975
         ssim=0.1500, mlw=0.0000                                                
INFO     [rank 0] Epoch 13: train_loss=0.039541              vae_trainer.py:1014
         val_loss=0.038114  val_VRMSE=0.091299  lr=1.66e-05                     
INFO     [rank 0] Metrics updated: metrics/metrics.csv,      vae_trainer.py:1040
         metrics/loss_curves.png                                                
INFO     [rank 0] New best checkpoint (epoch 13,             vae_trainer.py:1353
         val_vrmse=0.091299):                                                   
         checkpoints/vae_shockwave_best.safetensors                             
INFO     [rank 0] Training state saved:                      vae_trainer.py:1429
         checkpoints/vae_shockwave_last.state.pt                                
INFO     [rank 0] Epoch 13 timing: train=1194.5s eval=65.9s  vae_trainer.py:1074
         viz=0.0s ckpt=44.7s total=1305.9s                                      
epoch 14 step 1550  loss=0.030236  lr=1.65e-05  [rmse=0.0123 h1=0.0002 ssim=0.0464 mlw=0.0000]
epoch 14 step 1560  loss=0.035860  lr=1.62e-05  [rmse=0.0174 h1=0.0004 ssim=0.0480 mlw=0.0000]
epoch 14 step 1570  loss=0.038528  lr=1.59e-05  [rmse=0.0175 h1=0.0004 ssim=0.0539 mlw=0.0000]
epoch 14 step 1580  loss=0.038469  lr=1.56e-05  [rmse=0.0190 h1=0.0005 ssim=0.0581 mlw=0.0000]
epoch 14 step 1590  loss=0.038779  lr=1.52e-05  [rmse=0.0138 h1=0.0003 ssim=0.0430 mlw=0.0000]
epoch 14 step 1600  loss=0.038541  lr=1.49e-05  [rmse=0.0136 h1=0.0003 ssim=0.0449 mlw=0.0000]
epoch 14 step 1610  loss=0.038893  lr=1.46e-05  [rmse=0.0155 h1=0.0003 ssim=0.0476 mlw=0.0000]
epoch 14 step 1620  loss=0.038863  lr=1.43e-05  [rmse=0.0125 h1=0.0002 ssim=0.0432 mlw=0.0000]
epoch 14 step 1630  loss=0.038632  lr=1.40e-05  [rmse=0.0151 h1=0.0003 ssim=0.0414 mlw=0.0000]
epoch 14 step 1640  loss=0.038295  lr=1.37e-05  [rmse=0.0135 h1=0.0003 ssim=0.0458 mlw=0.0000]
epoch 14 step 1650  loss=0.038162  lr=1.34e-05  [rmse=0.0142 h1=0.0003 ssim=0.0433 mlw=0.0000]
epoch 14 step 1660  loss=0.038348  lr=1.30e-05  [rmse=0.0138 h1=0.0003 ssim=0.0447 mlw=0.0000]
INFO     [rank 0] Loss weights: rmse=1.0000, h1=50.0000,      vae_trainer.py:975
         ssim=0.1500, mlw=0.0000                                                
INFO     [rank 0] Epoch 14: train_loss=0.038427              vae_trainer.py:1014
         val_loss=0.037171  val_VRMSE=0.088697  lr=1.29e-05                     
INFO     [rank 0] Metrics updated: metrics/metrics.csv,      vae_trainer.py:1040
         metrics/loss_curves.png                                                
INFO     [rank 0] New best checkpoint (epoch 14,             vae_trainer.py:1353
         val_vrmse=0.088697):                                                   
         checkpoints/vae_shockwave_best.safetensors                             
INFO     [rank 0] Training state saved:                      vae_trainer.py:1429
         checkpoints/vae_shockwave_last.state.pt                                
INFO     [rank 0] Epoch 14 timing: train=1192.8s eval=65.5s  vae_trainer.py:1074
         viz=0.0s ckpt=44.9s total=1304.0s                                      
epoch 15 step 1670  loss=0.038783  lr=1.27e-05  [rmse=0.0158 h1=0.0004 ssim=0.0473 mlw=0.0000]
epoch 15 step 1680  loss=0.036126  lr=1.24e-05  [rmse=0.0136 h1=0.0003 ssim=0.0342 mlw=0.0000]
epoch 15 step 1690  loss=0.037569  lr=1.21e-05  [rmse=0.0201 h1=0.0006 ssim=0.0628 mlw=0.0000]
epoch 15 step 1700  loss=0.037026  lr=1.19e-05  [rmse=0.0126 h1=0.0002 ssim=0.0472 mlw=0.0000]
epoch 15 step 1710  loss=0.036212  lr=1.16e-05  [rmse=0.0154 h1=0.0003 ssim=0.0440 mlw=0.0000]
epoch 15 step 1720  loss=0.036680  lr=1.13e-05  [rmse=0.0144 h1=0.0003 ssim=0.0420 mlw=0.0000]
epoch 15 step 1730  loss=0.036814  lr=1.10e-05  [rmse=0.0146 h1=0.0004 ssim=0.0400 mlw=0.0000]
epoch 15 step 1740  loss=0.037013  lr=1.07e-05  [rmse=0.0108 h1=0.0002 ssim=0.0308 mlw=0.0000]
epoch 15 step 1750  loss=0.037642  lr=1.04e-05  [rmse=0.0147 h1=0.0003 ssim=0.0510 mlw=0.0000]
epoch 15 step 1760  loss=0.037212  lr=1.01e-05  [rmse=0.0117 h1=0.0002 ssim=0.0443 mlw=0.0000]
epoch 15 step 1770  loss=0.037254  lr=9.87e-06  [rmse=0.0108 h1=0.0002 ssim=0.0400 mlw=0.0000]
epoch 15 step 1780  loss=0.037179  lr=9.60e-06  [rmse=0.0155 h1=0.0004 ssim=0.0460 mlw=0.0000]
INFO     [rank 0] Loss weights: rmse=1.0000, h1=50.0000,      vae_trainer.py:975
         ssim=0.1500, mlw=0.0000                                                
INFO     [rank 0] Epoch 15: train_loss=0.036854              vae_trainer.py:1014
         val_loss=0.036848  val_VRMSE=0.087953  lr=9.47e-06                     
INFO     [rank 0] Metrics updated: metrics/metrics.csv,      vae_trainer.py:1040
         metrics/loss_curves.png                                                
INFO     [rank 0] New best checkpoint (epoch 15,             vae_trainer.py:1353
         val_vrmse=0.087953):                                                   
         checkpoints/vae_shockwave_best.safetensors                             
INFO     [rank 0] Training state saved:                      vae_trainer.py:1429
         checkpoints/vae_shockwave_last.state.pt                                
INFO     [rank 0] Epoch 15 timing: train=1185.5s eval=65.1s  vae_trainer.py:1074
         viz=0.0s ckpt=44.7s total=1295.9s                                      
epoch 16 step 1790  loss=0.038679  lr=9.33e-06  [rmse=0.0157 h1=0.0003 ssim=0.0418 mlw=0.0000]
epoch 16 step 1800  loss=0.036689  lr=9.07e-06  [rmse=0.0138 h1=0.0003 ssim=0.0434 mlw=0.0000]
epoch 16 step 1810  loss=0.036672  lr=8.81e-06  [rmse=0.0207 h1=0.0006 ssim=0.0666 mlw=0.0000]
epoch 16 step 1820  loss=0.035980  lr=8.55e-06  [rmse=0.0136 h1=0.0003 ssim=0.0426 mlw=0.0000]
epoch 16 step 1830  loss=0.036419  lr=8.30e-06  [rmse=0.0187 h1=0.0005 ssim=0.0530 mlw=0.0000]
epoch 16 step 1840  loss=0.036685  lr=8.05e-06  [rmse=0.0122 h1=0.0002 ssim=0.0299 mlw=0.0000]
epoch 16 step 1850  loss=0.037307  lr=7.81e-06  [rmse=0.0164 h1=0.0004 ssim=0.0513 mlw=0.0000]
epoch 16 step 1860  loss=0.037272  lr=7.56e-06  [rmse=0.0122 h1=0.0002 ssim=0.0413 mlw=0.0000]
epoch 16 step 1870  loss=0.037269  lr=7.32e-06  [rmse=0.0156 h1=0.0004 ssim=0.0538 mlw=0.0000]
epoch 16 step 1880  loss=0.036825  lr=7.09e-06  [rmse=0.0095 h1=0.0001 ssim=0.0324 mlw=0.0000]
epoch 16 step 1890  loss=0.037061  lr=6.86e-06  [rmse=0.0142 h1=0.0003 ssim=0.0444 mlw=0.0000]
epoch 16 step 1900  loss=0.037259  lr=6.63e-06  [rmse=0.0164 h1=0.0004 ssim=0.0469 mlw=0.0000]
INFO     [rank 0] Loss weights: rmse=1.0000, h1=50.0000,      vae_trainer.py:975
         ssim=0.1500, mlw=0.0000                                                
INFO     [rank 0] Epoch 16: train_loss=0.037301              vae_trainer.py:1014
         val_loss=0.036550  val_VRMSE=0.087090  lr=6.54e-06                     
INFO     [rank 0] Metrics updated: metrics/metrics.csv,      vae_trainer.py:1040
         metrics/loss_curves.png                                                
INFO     [rank 0] Saved 12 validation reconstruction PNGs    vae_trainer.py:1254
         for epoch 16                                                           
INFO     [rank 0] New best checkpoint (epoch 16,             vae_trainer.py:1353
         val_vrmse=0.087090):                                                   
         checkpoints/vae_shockwave_best.safetensors                             
INFO     [rank 0] Training state saved:                      vae_trainer.py:1429
         checkpoints/vae_shockwave_last.state.pt                                
INFO     [rank 0] Epoch 16 timing: train=1185.2s eval=65.2s  vae_trainer.py:1074
         viz=16.5s ckpt=45.7s total=1313.4s                                     
epoch 17 step 1910  loss=0.039169  lr=6.41e-06  [rmse=0.0161 h1=0.0004 ssim=0.0458 mlw=0.0000]
epoch 17 step 1920  loss=0.038180  lr=6.19e-06  [rmse=0.0103 h1=0.0002 ssim=0.0329 mlw=0.0000]
epoch 17 step 1930  loss=0.037672  lr=5.97e-06  [rmse=0.0130 h1=0.0003 ssim=0.0426 mlw=0.0000]
epoch 17 step 1940  loss=0.036247  lr=5.76e-06  [rmse=0.0123 h1=0.0002 ssim=0.0399 mlw=0.0000]
epoch 17 step 1950  loss=0.036469  lr=5.56e-06  [rmse=0.0132 h1=0.0003 ssim=0.0440 mlw=0.0000]
epoch 17 step 1960  loss=0.036543  lr=5.35e-06  [rmse=0.0160 h1=0.0004 ssim=0.0472 mlw=0.0000]
epoch 17 step 1970  loss=0.036203  lr=5.15e-06  [rmse=0.0150 h1=0.0003 ssim=0.0501 mlw=0.0000]
epoch 17 step 1980  loss=0.036391  lr=4.96e-06  [rmse=0.0171 h1=0.0004 ssim=0.0502 mlw=0.0000]
epoch 17 step 1990  loss=0.036173  lr=4.77e-06  [rmse=0.0176 h1=0.0005 ssim=0.0486 mlw=0.0000]
epoch 17 step 2000  loss=0.036009  lr=4.58e-06  [rmse=0.0143 h1=0.0003 ssim=0.0493 mlw=0.0000]
epoch 17 step 2010  loss=0.036244  lr=4.40e-06  [rmse=0.0118 h1=0.0002 ssim=0.0342 mlw=0.0000]
epoch 17 step 2020  loss=0.036263  lr=4.22e-06  [rmse=0.0136 h1=0.0003 ssim=0.0400 mlw=0.0000]
INFO     [rank 0] Loss weights: rmse=1.0000, h1=50.0000,      vae_trainer.py:975
         ssim=0.1500, mlw=0.0000                                                
INFO     [rank 0] Epoch 17: train_loss=0.036316              vae_trainer.py:1014
         val_loss=0.036418  val_VRMSE=0.086738  lr=4.17e-06                     
INFO     [rank 0] Metrics updated: metrics/metrics.csv,      vae_trainer.py:1040
         metrics/loss_curves.png                                                
INFO     [rank 0] New best checkpoint (epoch 17,             vae_trainer.py:1353
         val_vrmse=0.086738):                                                   
         checkpoints/vae_shockwave_best.safetensors                             
INFO     [rank 0] Training state saved:                      vae_trainer.py:1429
         checkpoints/vae_shockwave_last.state.pt                                
INFO     [rank 0] Epoch 17 timing: train=1186.1s eval=65.6s  vae_trainer.py:1074
         viz=0.0s ckpt=46.2s total=1298.9s                                      
epoch 18 step 2030  loss=0.040287  lr=4.05e-06  [rmse=0.0153 h1=0.0004 ssim=0.0440 mlw=0.0000]
epoch 18 step 2040  loss=0.038160  lr=3.88e-06  [rmse=0.0132 h1=0.0003 ssim=0.0394 mlw=0.0000]
epoch 18 step 2050  loss=0.037684  lr=3.72e-06  [rmse=0.0131 h1=0.0003 ssim=0.0379 mlw=0.0000]
epoch 18 step 2060  loss=0.037585  lr=3.56e-06  [rmse=0.0157 h1=0.0004 ssim=0.0576 mlw=0.0000]
epoch 18 step 2070  loss=0.037356  lr=3.40e-06  [rmse=0.0160 h1=0.0004 ssim=0.0481 mlw=0.0000]
epoch 18 step 2080  loss=0.036645  lr=3.25e-06  [rmse=0.0124 h1=0.0002 ssim=0.0399 mlw=0.0000]
epoch 18 step 2090  loss=0.036709  lr=3.11e-06  [rmse=0.0118 h1=0.0002 ssim=0.0397 mlw=0.0000]
epoch 18 step 2100  loss=0.036939  lr=2.97e-06  [rmse=0.0167 h1=0.0004 ssim=0.0475 mlw=0.0000]
epoch 18 step 2110  loss=0.036939  lr=2.83e-06  [rmse=0.0148 h1=0.0003 ssim=0.0501 mlw=0.0000]
epoch 18 step 2120  loss=0.037074  lr=2.70e-06  [rmse=0.0135 h1=0.0003 ssim=0.0355 mlw=0.0000]
epoch 18 step 2130  loss=0.037228  lr=2.57e-06  [rmse=0.0140 h1=0.0003 ssim=0.0471 mlw=0.0000]
epoch 18 step 2140  loss=0.036992  lr=2.45e-06  [rmse=0.0126 h1=0.0002 ssim=0.0400 mlw=0.0000]
INFO     [rank 0] Loss weights: rmse=1.0000, h1=50.0000,      vae_trainer.py:975
         ssim=0.1500, mlw=0.0000                                                
INFO     [rank 0] Epoch 18: train_loss=0.037003              vae_trainer.py:1014
         val_loss=0.036347  val_VRMSE=0.086512  lr=2.43e-06                     
INFO     [rank 0] Metrics updated: metrics/metrics.csv,      vae_trainer.py:1040
         metrics/loss_curves.png                                                
INFO     [rank 0] New best checkpoint (epoch 18,             vae_trainer.py:1353
         val_vrmse=0.086512):                                                   
         checkpoints/vae_shockwave_best.safetensors                             
INFO     [rank 0] Training state saved:                      vae_trainer.py:1429
         checkpoints/vae_shockwave_last.state.pt                                
INFO     [rank 0] Epoch 18 timing: train=1185.5s eval=65.3s  vae_trainer.py:1074
         viz=0.0s ckpt=45.1s total=1296.7s                                      
epoch 19 step 2150  loss=0.035773  lr=2.33e-06  [rmse=0.0135 h1=0.0003 ssim=0.0428 mlw=0.0000]
epoch 19 step 2160  loss=0.036411  lr=2.22e-06  [rmse=0.0097 h1=0.0001 ssim=0.0337 mlw=0.0000]
epoch 19 step 2170  loss=0.037091  lr=2.11e-06  [rmse=0.0124 h1=0.0002 ssim=0.0338 mlw=0.0000]
epoch 19 step 2180  loss=0.037323  lr=2.01e-06  [rmse=0.0132 h1=0.0003 ssim=0.0415 mlw=0.0000]
epoch 19 step 2190  loss=0.036685  lr=1.91e-06  [rmse=0.0132 h1=0.0003 ssim=0.0437 mlw=0.0000]
epoch 19 step 2200  loss=0.036651  lr=1.82e-06  [rmse=0.0139 h1=0.0003 ssim=0.0440 mlw=0.0000]
epoch 19 step 2210  loss=0.036347  lr=1.73e-06  [rmse=0.0121 h1=0.0002 ssim=0.0351 mlw=0.0000]
epoch 19 step 2220  loss=0.036401  lr=1.65e-06  [rmse=0.0141 h1=0.0003 ssim=0.0494 mlw=0.0000]
epoch 19 step 2230  loss=0.035820  lr=1.57e-06  [rmse=0.0124 h1=0.0002 ssim=0.0352 mlw=0.0000]
epoch 19 step 2240  loss=0.035999  lr=1.50e-06  [rmse=0.0091 h1=0.0001 ssim=0.0300 mlw=0.0000]
epoch 19 step 2250  loss=0.035984  lr=1.43e-06  [rmse=0.0164 h1=0.0004 ssim=0.0445 mlw=0.0000]
epoch 19 step 2260  loss=0.035955  lr=1.37e-06  [rmse=0.0113 h1=0.0002 ssim=0.0362 mlw=0.0000]
INFO     [rank 0] Loss weights: rmse=1.0000, h1=50.0000,      vae_trainer.py:975
         ssim=0.1500, mlw=0.0000                                                
INFO     [rank 0] Epoch 19: train_loss=0.035966              vae_trainer.py:1014
         val_loss=0.036297  val_VRMSE=0.086400  lr=1.36e-06                     
INFO     [rank 0] Metrics updated: metrics/metrics.csv,      vae_trainer.py:1040
         metrics/loss_curves.png                                                
INFO     [rank 0] New best checkpoint (epoch 19,             vae_trainer.py:1353
         val_vrmse=0.086400):                                                   
         checkpoints/vae_shockwave_best.safetensors                             
INFO     [rank 0] Training state saved:                      vae_trainer.py:1429
         checkpoints/vae_shockwave_last.state.pt                                
INFO     [rank 0] Epoch 19 timing: train=1186.2s eval=65.5s  vae_trainer.py:1074
         viz=0.0s ckpt=46.2s total=1298.7s                                      
epoch 20 step 2270  loss=0.036010  lr=1.31e-06  [rmse=0.0181 h1=0.0005 ssim=0.0521 mlw=0.0000]
epoch 20 step 2280  loss=0.035572  lr=1.25e-06  [rmse=0.0120 h1=0.0002 ssim=0.0365 mlw=0.0000]
epoch 20 step 2290  loss=0.037702  lr=1.21e-06  [rmse=0.0132 h1=0.0003 ssim=0.0430 mlw=0.0000]
epoch 20 step 2300  loss=0.037139  lr=1.16e-06  [rmse=0.0144 h1=0.0003 ssim=0.0478 mlw=0.0000]
epoch 20 step 2310  loss=0.037253  lr=1.12e-06  [rmse=0.0119 h1=0.0002 ssim=0.0364 mlw=0.0000]
epoch 20 step 2320  loss=0.037303  lr=1.09e-06  [rmse=0.0193 h1=0.0006 ssim=0.0568 mlw=0.0000]
epoch 20 step 2330  loss=0.036698  lr=1.06e-06  [rmse=0.0133 h1=0.0003 ssim=0.0398 mlw=0.0000]
epoch 20 step 2340  loss=0.036763  lr=1.04e-06  [rmse=0.0140 h1=0.0003 ssim=0.0392 mlw=0.0000]
epoch 20 step 2350  loss=0.036541  lr=1.02e-06  [rmse=0.0117 h1=0.0002 ssim=0.0400 mlw=0.0000]
epoch 20 step 2360  loss=0.036424  lr=1.01e-06  [rmse=0.0182 h1=0.0005 ssim=0.0545 mlw=0.0000]
epoch 20 step 2370  loss=0.036674  lr=1.00e-06  [rmse=0.0136 h1=0.0003 ssim=0.0463 mlw=0.0000]
epoch 20 step 2380  loss=0.036340  lr=1.00e-06  [rmse=0.0118 h1=0.0002 ssim=0.0445 mlw=0.0000]
INFO     [rank 0] Loss weights: rmse=1.0000, h1=50.0000,      vae_trainer.py:975
         ssim=0.1500, mlw=0.0000                                                
INFO     [rank 0] Epoch 20: train_loss=0.036340              vae_trainer.py:1014
         val_loss=0.036273  val_VRMSE=0.086341  lr=1.00e-06                     
INFO     [rank 0] Metrics updated: metrics/metrics.csv,      vae_trainer.py:1040
         metrics/loss_curves.png                                                
INFO     [rank 0] Saved 12 validation reconstruction PNGs    vae_trainer.py:1254
         for epoch 20                                                           
INFO     [rank 0] New best checkpoint (epoch 20,             vae_trainer.py:1353
         val_vrmse=0.086341):                                                   
         checkpoints/vae_shockwave_best.safetensors                             
INFO     [rank 0] Training state saved:                      vae_trainer.py:1429
         checkpoints/vae_shockwave_last.state.pt                                
INFO     [rank 0] Epoch 20 timing: train=1185.5s eval=65.3s  vae_trainer.py:1074
         viz=16.5s ckpt=46.0s total=1314.1s                                     
╭──────────────────────────────────────────────────────────────────────────────╮
╰──────────────────────────────────────────────────────────────────────────────╯INFO     [rank 0] Training state saved:                      vae_trainer.py:1429
         checkpoints/vae_shockwave_last.state.pt                                
INFO     [rank 0] Best epoch: 20 (val_vrmse=0.086341)        vae_trainer.py:1092
INFO     [rank 0] Run finished: removed                      vae_trainer.py:1110
         ['vae_shockwave_last.safetensors',                                     
         'vae_shockwave_last.state.pt'] (kept only                              
         vae_shockwave_best.safetensors)                                        

Training complete. Checkpoint: 
/local/disk/hramachandran/work/wh_work/windinet/finetune_vae_outputs/lundquist/f
inetune_vae_whole_structure_baseline_ep20_kl0/checkpoints/vae_shockwave_best.saf
etensors
permission denied while trying to connect to the Docker daemon socket at unix:///var/run/docker.sock: Get "http://%2Fvar%2Frun%2Fdocker.sock/v1.24/containers/json?filters=%7B%22label%22%3A%7B%22slurm_job_id%3D22724%22%3Atrue%7D%7D": dial unix /var/run/docker.sock: connect: permission denied
