Directory where err and out file are logged: /dss/dsshome1/09/ge26qux3/work_wh/windinet
MASTER_ADDR: lrz-hgx-h100-017
MASTER_PORT: 45793
SLURM_NODEID: 0
SLURM_NNODES: 1
SLURM_GPUS_PER_NODE: 2
WORLD_SIZE: 2
CUDA_VISIBLE_DEVICES: 0,1
Job started at: Sun Aug 16 10:54:26 AM CEST 2026
batch_size=16 accum=1 output_dir=/mnt/result/finetune_vae_whole_structure_baseline_ep30_256res_kl1e5 data_root=/mnt/data/train.h5
INFO     [rank 1] generated new fontManager                 font_manager.py:1639
INFO     [rank 0] generated new fontManager                 font_manager.py:1639
                          VAE Finetuning Configuration                          
┏━━━━━━━━━━━━━━━━━━━━━━━━━━━━━━━━━━━━━━┳━━━━━━━━━━━━━━━━━━━━━━━━━━━━━━━━━━━━━━━┓
┃ Parameter                            ┃ Value                                 ┃
┡━━━━━━━━━━━━━━━━━━━━━━━━━━━━━━━━━━━━━━╇━━━━━━━━━━━━━━━━━━━━━━━━━━━━━━━━━━━━━━━┩
│ model.model_source                   │ LTXV_2B_0.9.6_DEV                     │
│ model.load_checkpoint                │ None                                  │
│ adapter.enabled                      │ True                                  │
│ adapter.checkpoint                   │ None                                  │
│ adapter.channels                     │ ['density', 'momentum_x',             │
│                                      │ 'momentum_y', 'pressure']             │
│ adapter.mode                         │ inflate                               │
│ adapter.inflate_init                 │ zeros                                 │
│ adapter.inflate_copy_channel         │ None                                  │
│ adapter.freeze_conv_in               │ False                                 │
│ adapter.unfreeze_encoder_trunk       │ True                                  │
│ adapter.hidden_channels              │ 32                                    │
│ adapter.activation                   │ gelu                                  │
│ adapter.identity_init                │ False                                 │
│ adapter.default_temb                 │ 0.0                                   │
│ data.data_root                       │ /mnt/data/train.h5                    │
│ data.eval_sims                       │ 675                                   │
│ data.num_dataloader_workers          │ 4                                     │
│ data.num_sim_frames                  │ None                                  │
│ data.overfit_sims                    │ None                                  │
│ data.overfit_repeat                  │ 1                                     │
│ data.channel_mean                    │ [0.9050976477108856,                  │
│                                      │ 0.004045365949982484,                 │
│                                      │ -0.0019089379638760548, 0.9           │
│ data.channel_std                     │ [0.6618199912434938,                  │
│                                      │ 0.5335233432828087,                   │
│                                      │ 0.5268940723644505, 0.8053303         │
│ data.normalization_stats_file        │ configs/finetune_vae/euler_mq_256_on… │
│ data.normalization_clip              │ 5.0                                   │
│ data.channel_order                   │ ['density', 'momentum_x',             │
│                                      │ 'momentum_y', 'pressure']             │
│ data.log_transform_channels          │ []                                    │
│ optimization.learning_rate           │ 5e-05                                 │
│ optimization.min_learning_rate       │ 1e-06                                 │
│ optimization.scheduler_type          │ wsd                                   │
│ optimization.stable_fraction         │ 0.7                                   │
│ optimization.epochs                  │ 30                                    │
│ optimization.batch_size              │ 16                                    │
│ optimization.gradient_accumulation_… │ 1                                     │
│ optimization.max_grad_norm           │ 5.0                                   │
│ optimization.weight_decay            │ 0.0                                   │
│ optimization.warmup_steps            │ 200                                   │
│ optimization.warmup_start_factor     │ 0.01                                  │
│ optimization.enable_gradient_checkp… │ True                                  │
│ loss.wavelet                         │ db2                                   │
│ loss.spatial_level                   │ 2                                     │
│ loss.temporal_level                  │ 2                                     │
│ loss.mlw_beta                        │ 10.0                                  │
│ loss.mlw_eps                         │ 1e-06                                 │
│ loss_weighting.strategy              │ fixed                                 │
│ loss_weighting.weights               │ {'rmse': 1.0, 'h1': 50.0, 'ssim':     │
│                                      │ 0.15, 'mlw': 0.0, 'kl': 1e-05}        │
│ loss_weighting.loss_names            │ ['rmse', 'h1', 'ssim', 'mlw']         │
│ loss_weighting.alpha                 │ 1.5                                   │
│ loss_weighting.weight_lr             │ 0.025                                 │
│ loss_weighting.temperature           │ 0.1                                   │
│ visualization.enabled                │ True                                  │
│ visualization.interval_epochs        │ 1                                     │
│ visualization.num_samples            │ 3                                     │
│ visualization.frame_numbers          │ [25, 50, 75, 100]                     │
│ visualization.dpi                    │ 150                                   │
│ acceleration.mixed_precision_mode    │ bf16                                  │
│ acceleration.compile_with_inductor   │ False                                 │
│ acceleration.compilation_mode        │ reduce-overhead                       │
│ checkpoints.interval                 │ 1                                     │
│ checkpoints.keep_last_n              │ 1                                     │
│ checkpoints.save_best_only           │ True                                  │
│ checkpoints.best_metric              │ val_vrmse                             │
│ checkpoints.save_last_state          │ True                                  │
│ checkpoints.save_epochs              │ [15]                                  │
│ wandb.enabled                        │ False                                 │
│ wandb.project                        │ windinet                              │
│ wandb.entity                         │ None                                  │
│ wandb.tags                           │ ['vae', 'inflate', 'zeros-init',      │
│                                      │ 'wsd', '30ep', 'lr1x', 'shockwave-cfd │
│ seed                                 │ 42                                    │
│ output_dir                           │ /mnt/result/finetune_vae_whole_struc… │
│ clean_output_dir                     │ True                                  │
│ resume_from                          │ None                                  │
│ resume_weights_only                  │ False                                 │
└──────────────────────────────────────┴───────────────────────────────────────┘
INFO     [rank 0] Distributed training: 2 processes          vae_trainer.py:1373
INFO     [rank 1] HTTP Request: HEAD                             _client.py:1025
         https://huggingface.co/Lightricks/LTX-Video-0.9.5/resol                
         ve/main/vae/config.json "HTTP/1.1 307 Temporary                        
         Redirect"                                                              
INFO     [rank 0] HTTP Request: HEAD                             _client.py:1025
         https://huggingface.co/Lightricks/LTX-Video-0.9.5/resol                
         ve/main/vae/config.json "HTTP/1.1 307 Temporary                        
         Redirect"                                                              
WARNING  [rank 0] Warning: You are sending unauthenticated requests _http.py:951
         to the HF Hub. Please set a HF_TOKEN to enable higher rate             
         limits and faster downloads.                                           
WARNING  [rank 1] Warning: You are sending unauthenticated requests _http.py:951
         to the HF Hub. Please set a HF_TOKEN to enable higher rate             
         limits and faster downloads.                                           
INFO     [rank 0] HTTP Request: HEAD                             _client.py:1025
         https://huggingface.co/api/resolve-cache/models/Lightri                
         cks/LTX-Video-0.9.5/e58e28c39631af4d1468ee57a853764e11c                
         1d37e/vae%2Fconfig.json "HTTP/1.1 200 OK"                              
INFO     [rank 1] HTTP Request: HEAD                             _client.py:1025
         https://huggingface.co/api/resolve-cache/models/Lightri                
         cks/LTX-Video-0.9.5/e58e28c39631af4d1468ee57a853764e11c                
         1d37e/vae%2Fconfig.json "HTTP/1.1 200 OK"                              
INFO     [rank 0] HTTP Request: HEAD                             _client.py:1025
         https://huggingface.co/Lightricks/LTX-Video-0.9.5/resol                
         ve/e58e28c39631af4d1468ee57a853764e11c1d37e/vae/diffusi                
         on_pytorch_model.safetensors.index.json "HTTP/1.1 404                  
         Not Found"                                                             
INFO     [rank 1] HTTP Request: HEAD                             _client.py:1025
         https://huggingface.co/Lightricks/LTX-Video-0.9.5/resol                
         ve/e58e28c39631af4d1468ee57a853764e11c1d37e/vae/diffusi                
         on_pytorch_model.safetensors.index.json "HTTP/1.1 404                  
         Not Found"                                                             
INFO     [rank 0] VAE inflated to 4 native channels           vae_trainer.py:197
         (init=zeros); encoder.conv_in is trainable                             
INFO     [rank 0] Encoder extra modules UNFROZEN:             vae_trainer.py:254
         down_blocks[0, 1, 2] + tail                                            
         (down_blocks[-1]+mid_block+norm_out+conv_out)                          
INFO     [rank 0] VAE gradient checkpointing enabled          vae_trainer.py:265
INFO     [rank 0] VAE loaded. Decoder params: 552,869,953     vae_trainer.py:271
INFO     [rank 0] Trainable parameters:                       vae_trainer.py:342
         encoder_conv_in=221,312, encoder_extra=693,932,865,                    
         decoder=552,869,953, in_adapter=0, out_adapter=0                       
INFO     [rank 0] Dataset: 3825 train, 675 eval samples       vae_trainer.py:606
INFO     [rank 0] encoder.conv_in LR = 5.00e-05 (== decoder   vae_trainer.py:630
         LR)                                                                    
INFO     [rank 0] encoder extra (down_blocks[0, 1, 2]+tail)   vae_trainer.py:641
         LR = 5.00e-05 (== decoder LR)                                          
INFO     [rank 0] LR schedule 'wsd': 3570 steps (200 warmup,  vae_trainer.py:690
         2359 stable, 1011 anneal), peak 5.00e-05 -> floor                      
         1.00e-06                                                               
INFO     [rank 0] Config saved:                              vae_trainer.py:1397
         /mnt/result/finetune_vae_whole_structure_baseline_e                    
         p30_256res_kl1e5/training_config.yaml                                  
INFO     [rank 0] Starting VAE decoder finetuning...          vae_trainer.py:738
epoch 1 step 10  loss=7.330239  lr=2.98e-06  [rmse=0.0755 h1=0.0002 ssim=0.2723 mlw=0.0000]
epoch 1 step 20  loss=4.248564  lr=5.45e-06  [rmse=0.0744 h1=0.0002 ssim=0.3123 mlw=0.0000]
epoch 1 step 30  loss=3.006794  lr=7.93e-06  [rmse=0.0626 h1=0.0003 ssim=0.3186 mlw=0.0000]
epoch 1 step 40  loss=2.350389  lr=1.04e-05  [rmse=0.0802 h1=0.0002 ssim=0.2929 mlw=0.0000]
epoch 1 step 50  loss=1.929550  lr=1.29e-05  [rmse=0.0538 h1=0.0001 ssim=0.3431 mlw=0.0000]
epoch 1 step 60  loss=1.647740  lr=1.54e-05  [rmse=0.1261 h1=0.0002 ssim=0.3662 mlw=0.0000]
epoch 1 step 70  loss=1.444899  lr=1.78e-05  [rmse=0.0647 h1=0.0002 ssim=0.3630 mlw=0.0000]
epoch 1 step 80  loss=1.293370  lr=2.03e-05  [rmse=0.1094 h1=0.0003 ssim=0.3019 mlw=0.0000]
epoch 1 step 90  loss=1.186147  lr=2.28e-05  [rmse=0.0662 h1=0.0002 ssim=0.2757 mlw=0.0000]
epoch 1 step 100  loss=1.131200  lr=2.53e-05  [rmse=0.1276 h1=0.0003 ssim=0.4885 mlw=0.0000]
epoch 1 step 110  loss=1.095593  lr=2.77e-05  [rmse=0.0965 h1=0.0004 ssim=0.4821 mlw=0.0000]
INFO     [rank 0] Loss weights: rmse=1.0000, h1=50.0000,      vae_trainer.py:901
         ssim=0.1500, mlw=0.0000, kl=0.0000                                     
INFO     [rank 0] Epoch 1: train_loss=1.150115                vae_trainer.py:927
         val_loss=0.435215  val_VRMSE=0.926542  lr=3.00e-05                     
INFO     [rank 0] Metrics updated: metrics/metrics.csv,       vae_trainer.py:953
         metrics/loss_curves.png                                                
INFO     [rank 0] Saved 12 validation reconstruction PNGs    vae_trainer.py:1151
         for epoch 1                                                            
INFO     [rank 0] New best checkpoint (epoch 1,              vae_trainer.py:1251
         val_vrmse=0.926542):                                                   
         checkpoints/vae_shockwave_best.safetensors                             
INFO     [rank 0] Training state saved:                      vae_trainer.py:1327
         checkpoints/vae_shockwave_last.state.pt                                
INFO     [rank 0] Epoch 1 timing: train=1226.3s eval=199.5s   vae_trainer.py:991
         viz=30.9s ckpt=19.4s total=1476.9s                                     
epoch 2 step 120  loss=0.398413  lr=3.02e-05  [rmse=0.0994 h1=0.0002 ssim=0.5782 mlw=0.0000]
epoch 2 step 130  loss=0.521239  lr=3.27e-05  [rmse=0.1239 h1=0.0005 ssim=0.7486 mlw=0.0000]
epoch 2 step 140  loss=0.734824  lr=3.52e-05  [rmse=0.1667 h1=0.0007 ssim=0.7368 mlw=0.0000]
epoch 2 step 150  loss=0.926073  lr=3.76e-05  [rmse=0.2204 h1=0.0006 ssim=0.7670 mlw=0.0000]
epoch 2 step 160  loss=1.056243  lr=4.01e-05  [rmse=0.1283 h1=0.0003 ssim=0.6802 mlw=0.0000]
epoch 2 step 170  loss=0.931316  lr=4.26e-05  [rmse=0.1518 h1=0.0004 ssim=0.5906 mlw=0.0000]
epoch 2 step 180  loss=0.872862  lr=4.51e-05  [rmse=0.1214 h1=0.0005 ssim=0.5213 mlw=0.0000]
epoch 2 step 190  loss=0.801149  lr=4.75e-05  [rmse=0.1292 h1=0.0005 ssim=0.5425 mlw=0.0000]
epoch 2 step 200  loss=0.733463  lr=5.00e-05  [rmse=0.1024 h1=0.0003 ssim=0.4635 mlw=0.0000]
epoch 2 step 210  loss=0.688322  lr=5.00e-05  [rmse=0.1195 h1=0.0003 ssim=0.5980 mlw=0.0000]
epoch 2 step 220  loss=0.646582  lr=5.00e-05  [rmse=0.1427 h1=0.0005 ssim=0.4750 mlw=0.0000]
epoch 2 step 230  loss=0.606748  lr=5.00e-05  [rmse=0.0978 h1=0.0003 ssim=0.4311 mlw=0.0000]
INFO     [rank 0] Loss weights: rmse=1.0000, h1=50.0000,      vae_trainer.py:901
         ssim=0.1500, mlw=0.0000, kl=0.0000                                     
INFO     [rank 0] Epoch 2: train_loss=0.579430                vae_trainer.py:927
         val_loss=0.195990  val_VRMSE=0.510981  lr=5.00e-05                     
INFO     [rank 0] Metrics updated: metrics/metrics.csv,       vae_trainer.py:953
         metrics/loss_curves.png                                                
INFO     [rank 0] Saved 12 validation reconstruction PNGs    vae_trainer.py:1151
         for epoch 2                                                            
INFO     [rank 0] New best checkpoint (epoch 2,              vae_trainer.py:1251
         val_vrmse=0.510981):                                                   
         checkpoints/vae_shockwave_best.safetensors                             
INFO     [rank 0] Training state saved:                      vae_trainer.py:1327
         checkpoints/vae_shockwave_last.state.pt                                
INFO     [rank 0] Epoch 2 timing: train=1223.1s eval=196.6s   vae_trainer.py:991
         viz=30.4s ckpt=18.1s total=1468.8s                                     
epoch 3 step 240  loss=0.191250  lr=5.00e-05  [rmse=0.0723 h1=0.0003 ssim=0.3159 mlw=0.0000]
epoch 3 step 250  loss=0.197377  lr=5.00e-05  [rmse=0.1021 h1=0.0005 ssim=0.3131 mlw=0.0000]
epoch 3 step 260  loss=0.193550  lr=5.00e-05  [rmse=0.0765 h1=0.0003 ssim=0.3397 mlw=0.0000]
epoch 3 step 270  loss=0.187289  lr=5.00e-05  [rmse=0.0840 h1=0.0002 ssim=0.2926 mlw=0.0000]
epoch 3 step 280  loss=0.182281  lr=5.00e-05  [rmse=0.0585 h1=0.0002 ssim=0.2455 mlw=0.0000]
epoch 3 step 290  loss=0.176204  lr=5.00e-05  [rmse=0.0539 h1=0.0003 ssim=0.2472 mlw=0.0000]
epoch 3 step 300  loss=0.170279  lr=5.00e-05  [rmse=0.0642 h1=0.0004 ssim=0.3119 mlw=0.0000]
epoch 3 step 310  loss=0.164027  lr=5.00e-05  [rmse=0.0376 h1=0.0002 ssim=0.2506 mlw=0.0000]
epoch 3 step 320  loss=0.160459  lr=5.00e-05  [rmse=0.0479 h1=0.0003 ssim=0.2210 mlw=0.0000]
epoch 3 step 330  loss=0.155770  lr=5.00e-05  [rmse=0.0505 h1=0.0003 ssim=0.2475 mlw=0.0000]
epoch 3 step 340  loss=0.151024  lr=5.00e-05  [rmse=0.0455 h1=0.0002 ssim=0.2386 mlw=0.0000]
epoch 3 step 350  loss=9194.755062  lr=5.00e-05  [rmse=0.0635 h1=0.0003 ssim=0.4270 mlw=0.0000]
INFO     [rank 0] Loss weights: rmse=1.0000, h1=50.0000,      vae_trainer.py:901
         ssim=0.1500, mlw=0.0000, kl=0.0000                                     
INFO     [rank 0] Epoch 3: train_loss=8653.897552             vae_trainer.py:927
         val_loss=0.140669  val_VRMSE=0.415345  lr=5.00e-05                     
INFO     [rank 0] Metrics updated: metrics/metrics.csv,       vae_trainer.py:953
         metrics/loss_curves.png                                                
INFO     [rank 0] Saved 12 validation reconstruction PNGs    vae_trainer.py:1151
         for epoch 3                                                            
INFO     [rank 0] New best checkpoint (epoch 3,              vae_trainer.py:1251
         val_vrmse=0.415345):                                                   
         checkpoints/vae_shockwave_best.safetensors                             
INFO     [rank 0] Training state saved:                      vae_trainer.py:1327
         checkpoints/vae_shockwave_last.state.pt                                
INFO     [rank 0] Epoch 3 timing: train=1224.6s eval=193.0s   vae_trainer.py:991
         viz=31.9s ckpt=18.4s total=1468.8s                                     
epoch 4 step 360  loss=0.149979  lr=5.00e-05  [rmse=0.0696 h1=0.0003 ssim=0.3736 mlw=0.0000]
epoch 4 step 370  loss=0.132477  lr=5.00e-05  [rmse=0.0485 h1=0.0003 ssim=0.2579 mlw=0.0000]
epoch 4 step 380  loss=0.138640  lr=5.00e-05  [rmse=0.0578 h1=0.0002 ssim=0.3114 mlw=0.0000]
epoch 4 step 390  loss=0.145361  lr=5.00e-05  [rmse=0.0419 h1=0.0002 ssim=0.2609 mlw=0.0000]
epoch 4 step 400  loss=0.143172  lr=5.00e-05  [rmse=0.0535 h1=0.0004 ssim=0.2570 mlw=0.0000]
epoch 4 step 410  loss=0.138254  lr=5.00e-05  [rmse=0.0488 h1=0.0003 ssim=0.1740 mlw=0.0000]
epoch 4 step 420  loss=0.133700  lr=5.00e-05  [rmse=0.0463 h1=0.0004 ssim=0.1963 mlw=0.0000]
epoch 4 step 430  loss=0.128217  lr=5.00e-05  [rmse=0.0317 h1=0.0002 ssim=0.1695 mlw=0.0000]
epoch 4 step 440  loss=0.123276  lr=5.00e-05  [rmse=0.0275 h1=0.0002 ssim=0.1220 mlw=0.0000]
epoch 4 step 450  loss=0.119505  lr=5.00e-05  [rmse=0.0391 h1=0.0003 ssim=0.1608 mlw=0.0000]
epoch 4 step 460  loss=0.116373  lr=5.00e-05  [rmse=0.0401 h1=0.0003 ssim=0.1388 mlw=0.0000]
epoch 4 step 470  loss=0.114305  lr=5.00e-05  [rmse=0.0401 h1=0.0002 ssim=0.1669 mlw=0.0000]
INFO     [rank 0] Loss weights: rmse=1.0000, h1=50.0000,      vae_trainer.py:901
         ssim=0.1500, mlw=0.0000, kl=0.0000                                     
INFO     [rank 0] Epoch 4: train_loss=0.113344                vae_trainer.py:927
         val_loss=0.080691  val_VRMSE=0.211342  lr=5.00e-05                     
INFO     [rank 0] Metrics updated: metrics/metrics.csv,       vae_trainer.py:953
         metrics/loss_curves.png                                                
INFO     [rank 0] Saved 12 validation reconstruction PNGs    vae_trainer.py:1151
         for epoch 4                                                            
INFO     [rank 0] New best checkpoint (epoch 4,              vae_trainer.py:1251
         val_vrmse=0.211342):                                                   
         checkpoints/vae_shockwave_best.safetensors                             
INFO     [rank 0] Training state saved:                      vae_trainer.py:1327
         checkpoints/vae_shockwave_last.state.pt                                
INFO     [rank 0] Epoch 4 timing: train=1223.6s eval=188.9s   vae_trainer.py:991
         viz=30.1s ckpt=19.9s total=1463.2s                                     
epoch 5 step 480  loss=0.080625  lr=5.00e-05  [rmse=0.0251 h1=0.0002 ssim=0.1450 mlw=0.0000]
epoch 5 step 490  loss=0.085118  lr=5.00e-05  [rmse=0.0349 h1=0.0002 ssim=0.1711 mlw=0.0000]
epoch 5 step 500  loss=0.082945  lr=5.00e-05  [rmse=0.0333 h1=0.0002 ssim=0.1890 mlw=0.0000]
epoch 5 step 510  loss=0.083249  lr=5.00e-05  [rmse=0.0295 h1=0.0002 ssim=0.1553 mlw=0.0000]
epoch 5 step 520  loss=0.082483  lr=5.00e-05  [rmse=0.0257 h1=0.0002 ssim=0.1243 mlw=0.0000]
epoch 5 step 530  loss=0.080720  lr=5.00e-05  [rmse=0.0181 h1=0.0001 ssim=0.0837 mlw=0.0000]
epoch 5 step 540  loss=0.079297  lr=5.00e-05  [rmse=0.0214 h1=0.0001 ssim=0.0942 mlw=0.0000]
epoch 5 step 550  loss=0.081241  lr=5.00e-05  [rmse=0.0444 h1=0.0002 ssim=0.2097 mlw=0.0000]
epoch 5 step 560  loss=0.081810  lr=5.00e-05  [rmse=0.0291 h1=0.0002 ssim=0.1279 mlw=0.0000]
epoch 5 step 570  loss=0.083317  lr=5.00e-05  [rmse=0.0379 h1=0.0004 ssim=0.1737 mlw=0.0000]
epoch 5 step 580  loss=0.082762  lr=5.00e-05  [rmse=0.0333 h1=0.0003 ssim=0.1445 mlw=0.0000]
epoch 5 step 590  loss=0.082127  lr=5.00e-05  [rmse=0.0378 h1=0.0002 ssim=0.1894 mlw=0.0000]
INFO     [rank 0] Loss weights: rmse=1.0000, h1=50.0000,      vae_trainer.py:901
         ssim=0.1500, mlw=0.0000, kl=0.0000                                     
INFO     [rank 0] Epoch 5: train_loss=0.081889                vae_trainer.py:927
         val_loss=0.076073  val_VRMSE=0.189276  lr=5.00e-05                     
INFO     [rank 0] Metrics updated: metrics/metrics.csv,       vae_trainer.py:953
         metrics/loss_curves.png                                                
INFO     [rank 0] Saved 12 validation reconstruction PNGs    vae_trainer.py:1151
         for epoch 5                                                            
INFO     [rank 0] New best checkpoint (epoch 5,              vae_trainer.py:1251
         val_vrmse=0.189276):                                                   
         checkpoints/vae_shockwave_best.safetensors                             
INFO     [rank 0] Training state saved:                      vae_trainer.py:1327
         checkpoints/vae_shockwave_last.state.pt                                
INFO     [rank 0] Epoch 5 timing: train=1224.8s eval=190.2s   vae_trainer.py:991
         viz=30.0s ckpt=19.0s total=1465.1s                                     
epoch 6 step 600  loss=0.066251  lr=5.00e-05  [rmse=0.0215 h1=0.0001 ssim=0.1148 mlw=0.0000]
epoch 6 step 610  loss=0.075257  lr=5.00e-05  [rmse=0.0339 h1=0.0003 ssim=0.1732 mlw=0.0000]
epoch 6 step 620  loss=0.076337  lr=5.00e-05  [rmse=0.0410 h1=0.0002 ssim=0.1745 mlw=0.0000]
epoch 6 step 630  loss=0.073559  lr=5.00e-05  [rmse=0.0225 h1=0.0001 ssim=0.1075 mlw=0.0000]
epoch 6 step 640  loss=0.074649  lr=5.00e-05  [rmse=0.0437 h1=0.0003 ssim=0.1572 mlw=0.0000]
epoch 6 step 650  loss=0.073764  lr=5.00e-05  [rmse=0.0324 h1=0.0004 ssim=0.1247 mlw=0.0000]
epoch 6 step 660  loss=0.072653  lr=5.00e-05  [rmse=0.0343 h1=0.0003 ssim=0.1542 mlw=0.0000]
epoch 6 step 670  loss=0.072559  lr=5.00e-05  [rmse=0.0304 h1=0.0002 ssim=0.1239 mlw=0.0000]
epoch 6 step 680  loss=0.072052  lr=5.00e-05  [rmse=0.0293 h1=0.0001 ssim=0.1730 mlw=0.0000]
epoch 6 step 690  loss=0.071447  lr=5.00e-05  [rmse=0.0280 h1=0.0003 ssim=0.1064 mlw=0.0000]
epoch 6 step 700  loss=0.069592  lr=5.00e-05  [rmse=0.0235 h1=0.0001 ssim=0.1029 mlw=0.0000]
epoch 6 step 710  loss=0.068429  lr=5.00e-05  [rmse=0.0283 h1=0.0003 ssim=0.1233 mlw=0.0000]
INFO     [rank 0] Loss weights: rmse=1.0000, h1=50.0000,      vae_trainer.py:901
         ssim=0.1500, mlw=0.0000, kl=0.0000                                     
INFO     [rank 0] Epoch 6: train_loss=0.068127                vae_trainer.py:927
         val_loss=0.052562  val_VRMSE=0.154237  lr=5.00e-05                     
INFO     [rank 0] Metrics updated: metrics/metrics.csv,       vae_trainer.py:953
         metrics/loss_curves.png                                                
INFO     [rank 0] Saved 12 validation reconstruction PNGs    vae_trainer.py:1151
         for epoch 6                                                            
INFO     [rank 0] New best checkpoint (epoch 6,              vae_trainer.py:1251
         val_vrmse=0.154237):                                                   
         checkpoints/vae_shockwave_best.safetensors                             
INFO     [rank 0] Training state saved:                      vae_trainer.py:1327
         checkpoints/vae_shockwave_last.state.pt                                
INFO     [rank 0] Epoch 6 timing: train=1224.9s eval=191.2s   vae_trainer.py:991
         viz=30.4s ckpt=19.8s total=1467.1s                                     
epoch 7 step 720  loss=0.057497  lr=5.00e-05  [rmse=0.0208 h1=0.0001 ssim=0.1158 mlw=0.0000]
epoch 7 step 730  loss=0.059429  lr=5.00e-05  [rmse=0.0331 h1=0.0002 ssim=0.1520 mlw=0.0000]
epoch 7 step 740  loss=0.059960  lr=5.00e-05  [rmse=0.0277 h1=0.0001 ssim=0.1329 mlw=0.0000]
epoch 7 step 750  loss=0.058037  lr=5.00e-05  [rmse=0.0210 h1=0.0002 ssim=0.0852 mlw=0.0000]
epoch 7 step 760  loss=0.054904  lr=5.00e-05  [rmse=0.0176 h1=0.0001 ssim=0.0894 mlw=0.0000]
epoch 7 step 770  loss=0.054349  lr=5.00e-05  [rmse=0.0204 h1=0.0001 ssim=0.0887 mlw=0.0000]
epoch 7 step 780  loss=0.054102  lr=5.00e-05  [rmse=0.0206 h1=0.0001 ssim=0.0858 mlw=0.0000]
epoch 7 step 790  loss=0.053554  lr=5.00e-05  [rmse=0.0164 h1=0.0001 ssim=0.0784 mlw=0.0000]
epoch 7 step 800  loss=0.053427  lr=5.00e-05  [rmse=0.0174 h1=0.0001 ssim=0.0977 mlw=0.0000]
epoch 7 step 810  loss=0.052913  lr=5.00e-05  [rmse=0.0214 h1=0.0002 ssim=0.0967 mlw=0.0000]
epoch 7 step 820  loss=0.052920  lr=5.00e-05  [rmse=0.0263 h1=0.0002 ssim=0.1026 mlw=0.0000]
epoch 7 step 830  loss=0.053076  lr=5.00e-05  [rmse=0.0304 h1=0.0003 ssim=0.1011 mlw=0.0000]
INFO     [rank 0] Loss weights: rmse=1.0000, h1=50.0000,      vae_trainer.py:901
         ssim=0.1500, mlw=0.0000, kl=0.0000                                     
INFO     [rank 0] Epoch 7: train_loss=0.053103                vae_trainer.py:927
         val_loss=0.051684  val_VRMSE=0.155660  lr=5.00e-05                     
INFO     [rank 0] Metrics updated: metrics/metrics.csv,       vae_trainer.py:953
         metrics/loss_curves.png                                                
INFO     [rank 0] Saved 12 validation reconstruction PNGs    vae_trainer.py:1151
         for epoch 7                                                            
INFO     [rank 0] Training state saved:                      vae_trainer.py:1327
         checkpoints/vae_shockwave_last.state.pt                                
INFO     [rank 0] Epoch 7 timing: train=1225.5s eval=191.6s   vae_trainer.py:991
         viz=30.7s ckpt=19.8s total=1468.4s                                     
epoch 8 step 840  loss=0.047782  lr=5.00e-05  [rmse=0.0210 h1=0.0002 ssim=0.1198 mlw=0.0000]
epoch 8 step 850  loss=0.046033  lr=5.00e-05  [rmse=0.0211 h1=0.0002 ssim=0.0986 mlw=0.0000]
epoch 8 step 860  loss=0.045451  lr=5.00e-05  [rmse=0.0176 h1=0.0001 ssim=0.0805 mlw=0.0000]
epoch 8 step 870  loss=0.044930  lr=5.00e-05  [rmse=0.0232 h1=0.0002 ssim=0.0739 mlw=0.0000]
epoch 8 step 880  loss=0.045249  lr=5.00e-05  [rmse=0.0247 h1=0.0002 ssim=0.0858 mlw=0.0000]
epoch 8 step 890  loss=0.045371  lr=5.00e-05  [rmse=0.0212 h1=0.0001 ssim=0.0977 mlw=0.0000]
epoch 8 step 900  loss=0.046287  lr=5.00e-05  [rmse=0.0258 h1=0.0003 ssim=0.1015 mlw=0.0000]
epoch 8 step 910  loss=0.047106  lr=5.00e-05  [rmse=0.0237 h1=0.0003 ssim=0.0977 mlw=0.0000]
epoch 8 step 920  loss=0.048040  lr=5.00e-05  [rmse=0.0223 h1=0.0002 ssim=0.1063 mlw=0.0000]
epoch 8 step 930  loss=0.047553  lr=5.00e-05  [rmse=0.0230 h1=0.0002 ssim=0.0913 mlw=0.0000]
epoch 8 step 940  loss=0.047014  lr=5.00e-05  [rmse=0.0164 h1=0.0001 ssim=0.0732 mlw=0.0000]
epoch 8 step 950  loss=0.046533  lr=5.00e-05  [rmse=0.0203 h1=0.0002 ssim=0.0671 mlw=0.0000]
INFO     [rank 0] Loss weights: rmse=1.0000, h1=50.0000,      vae_trainer.py:901
         ssim=0.1500, mlw=0.0000, kl=0.0000                                     
INFO     [rank 0] Epoch 8: train_loss=0.046364                vae_trainer.py:927
         val_loss=0.039068  val_VRMSE=0.113798  lr=5.00e-05                     
INFO     [rank 0] Metrics updated: metrics/metrics.csv,       vae_trainer.py:953
         metrics/loss_curves.png                                                
INFO     [rank 0] Saved 12 validation reconstruction PNGs    vae_trainer.py:1151
         for epoch 8                                                            
INFO     [rank 0] New best checkpoint (epoch 8,              vae_trainer.py:1251
         val_vrmse=0.113798):                                                   
         checkpoints/vae_shockwave_best.safetensors                             
INFO     [rank 0] Training state saved:                      vae_trainer.py:1327
         checkpoints/vae_shockwave_last.state.pt                                
INFO     [rank 0] Epoch 8 timing: train=1224.7s eval=193.3s   vae_trainer.py:991
         viz=30.2s ckpt=19.4s total=1468.7s                                     
epoch 9 step 960  loss=0.043274  lr=5.00e-05  [rmse=0.0198 h1=0.0002 ssim=0.0894 mlw=0.0000]
epoch 9 step 970  loss=0.042483  lr=5.00e-05  [rmse=0.0234 h1=0.0002 ssim=0.0925 mlw=0.0000]
epoch 9 step 980  loss=0.042538  lr=5.00e-05  [rmse=0.0196 h1=0.0001 ssim=0.0893 mlw=0.0000]
epoch 9 step 990  loss=0.042391  lr=5.00e-05  [rmse=0.0180 h1=0.0001 ssim=0.0790 mlw=0.0000]
epoch 9 step 1000  loss=0.044315  lr=5.00e-05  [rmse=0.0227 h1=0.0002 ssim=0.1282 mlw=0.0000]
epoch 9 step 1010  loss=0.044985  lr=5.00e-05  [rmse=0.0301 h1=0.0002 ssim=0.1177 mlw=0.0000]
epoch 9 step 1020  loss=0.045497  lr=5.00e-05  [rmse=0.0250 h1=0.0002 ssim=0.0852 mlw=0.0000]
epoch 9 step 1030  loss=0.045091  lr=5.00e-05  [rmse=0.0156 h1=0.0001 ssim=0.0642 mlw=0.0000]
epoch 9 step 1040  loss=0.045163  lr=5.00e-05  [rmse=0.0267 h1=0.0002 ssim=0.1306 mlw=0.0000]
epoch 9 step 1050  loss=0.044770  lr=5.00e-05  [rmse=0.0135 h1=0.0001 ssim=0.0540 mlw=0.0000]
epoch 9 step 1060  loss=0.044736  lr=5.00e-05  [rmse=0.0170 h1=0.0001 ssim=0.0692 mlw=0.0000]
epoch 9 step 1070  loss=0.044243  lr=5.00e-05  [rmse=0.0164 h1=0.0001 ssim=0.0584 mlw=0.0000]
INFO     [rank 0] Loss weights: rmse=1.0000, h1=50.0000,      vae_trainer.py:901
         ssim=0.1500, mlw=0.0000, kl=0.0000                                     
INFO     [rank 0] Epoch 9: train_loss=0.044185                vae_trainer.py:927
         val_loss=0.037673  val_VRMSE=0.111487  lr=5.00e-05                     
INFO     [rank 0] Metrics updated: metrics/metrics.csv,       vae_trainer.py:953
         metrics/loss_curves.png                                                
INFO     [rank 0] Saved 12 validation reconstruction PNGs    vae_trainer.py:1151
         for epoch 9                                                            
INFO     [rank 0] New best checkpoint (epoch 9,              vae_trainer.py:1251
         val_vrmse=0.111487):                                                   
         checkpoints/vae_shockwave_best.safetensors                             
INFO     [rank 0] Training state saved:                      vae_trainer.py:1327
         checkpoints/vae_shockwave_last.state.pt                                
INFO     [rank 0] Epoch 9 timing: train=1224.9s eval=192.8s   vae_trainer.py:991
         viz=29.9s ckpt=18.3s total=1466.7s                                     
epoch 10 step 1080  loss=0.037235  lr=5.00e-05  [rmse=0.0162 h1=0.0001 ssim=0.0591 mlw=0.0000]
epoch 10 step 1090  loss=0.039687  lr=5.00e-05  [rmse=0.0262 h1=0.0001 ssim=0.0796 mlw=0.0000]
epoch 10 step 1100  loss=0.041511  lr=5.00e-05  [rmse=0.0257 h1=0.0002 ssim=0.0971 mlw=0.0000]
epoch 10 step 1110  loss=0.041547  lr=5.00e-05  [rmse=0.0161 h1=0.0001 ssim=0.0709 mlw=0.0000]
epoch 10 step 1120  loss=0.041161  lr=5.00e-05  [rmse=0.0209 h1=0.0001 ssim=0.0883 mlw=0.0000]
epoch 10 step 1130  loss=0.041578  lr=5.00e-05  [rmse=0.0186 h1=0.0001 ssim=0.0693 mlw=0.0000]
epoch 10 step 1140  loss=0.041697  lr=5.00e-05  [rmse=0.0262 h1=0.0002 ssim=0.0825 mlw=0.0000]
epoch 10 step 1150  loss=0.041231  lr=5.00e-05  [rmse=0.0204 h1=0.0002 ssim=0.0673 mlw=0.0000]
epoch 10 step 1160  loss=0.041075  lr=5.00e-05  [rmse=0.0192 h1=0.0001 ssim=0.0741 mlw=0.0000]
epoch 10 step 1170  loss=0.040966  lr=5.00e-05  [rmse=0.0194 h1=0.0001 ssim=0.0657 mlw=0.0000]
epoch 10 step 1180  loss=0.040589  lr=5.00e-05  [rmse=0.0140 h1=0.0001 ssim=0.0609 mlw=0.0000]
epoch 10 step 1190  loss=0.040399  lr=5.00e-05  [rmse=0.0168 h1=0.0001 ssim=0.0583 mlw=0.0000]
INFO     [rank 0] Loss weights: rmse=1.0000, h1=50.0000,      vae_trainer.py:901
         ssim=0.1500, mlw=0.0000, kl=0.0000                                     
INFO     [rank 0] Epoch 10: train_loss=0.040399               vae_trainer.py:927
         val_loss=0.036132  val_VRMSE=0.111752  lr=5.00e-05                     
INFO     [rank 0] Metrics updated: metrics/metrics.csv,       vae_trainer.py:953
         metrics/loss_curves.png                                                
INFO     [rank 0] Saved 12 validation reconstruction PNGs    vae_trainer.py:1151
         for epoch 10                                                           
INFO     [rank 0] Training state saved:                      vae_trainer.py:1327
         checkpoints/vae_shockwave_last.state.pt                                
INFO     [rank 0] Epoch 10 timing: train=1225.0s eval=192.6s  vae_trainer.py:991
         viz=29.5s ckpt=17.4s total=1465.2s                                     
epoch 11 step 1200  loss=0.041660  lr=5.00e-05  [rmse=0.0173 h1=0.0001 ssim=0.0696 mlw=0.0000]
epoch 11 step 1210  loss=0.040888  lr=5.00e-05  [rmse=0.0250 h1=0.0002 ssim=0.0859 mlw=0.0000]
epoch 11 step 1220  loss=0.039872  lr=5.00e-05  [rmse=0.0181 h1=0.0001 ssim=0.0601 mlw=0.0000]
epoch 11 step 1230  loss=0.038413  lr=5.00e-05  [rmse=0.0138 h1=0.0001 ssim=0.0539 mlw=0.0000]
epoch 11 step 1240  loss=0.037784  lr=5.00e-05  [rmse=0.0144 h1=0.0001 ssim=0.0643 mlw=0.0000]
epoch 11 step 1250  loss=0.037798  lr=5.00e-05  [rmse=0.0232 h1=0.0002 ssim=0.0672 mlw=0.0000]
epoch 11 step 1260  loss=0.037719  lr=5.00e-05  [rmse=0.0118 h1=0.0001 ssim=0.0651 mlw=0.0000]
epoch 11 step 1270  loss=0.037898  lr=5.00e-05  [rmse=0.0156 h1=0.0001 ssim=0.0597 mlw=0.0000]
epoch 11 step 1280  loss=0.037466  lr=5.00e-05  [rmse=0.0168 h1=0.0001 ssim=0.0516 mlw=0.0000]
epoch 11 step 1290  loss=0.037104  lr=5.00e-05  [rmse=0.0108 h1=0.0001 ssim=0.0425 mlw=0.0000]
epoch 11 step 1300  loss=0.036739  lr=5.00e-05  [rmse=0.0144 h1=0.0001 ssim=0.0656 mlw=0.0000]
INFO     [rank 0] Loss weights: rmse=1.0000, h1=50.0000,      vae_trainer.py:901
         ssim=0.1500, mlw=0.0000, kl=0.0000                                     
INFO     [rank 0] Epoch 11: train_loss=0.036479               vae_trainer.py:927
         val_loss=0.029249  val_VRMSE=0.085222  lr=5.00e-05                     
INFO     [rank 0] Metrics updated: metrics/metrics.csv,       vae_trainer.py:953
         metrics/loss_curves.png                                                
INFO     [rank 0] Saved 12 validation reconstruction PNGs    vae_trainer.py:1151
         for epoch 11                                                           
INFO     [rank 0] New best checkpoint (epoch 11,             vae_trainer.py:1251
         val_vrmse=0.085222):                                                   
         checkpoints/vae_shockwave_best.safetensors                             
INFO     [rank 0] Training state saved:                      vae_trainer.py:1327
         checkpoints/vae_shockwave_last.state.pt                                
INFO     [rank 0] Epoch 11 timing: train=1226.9s eval=188.6s  vae_trainer.py:991
         viz=29.7s ckpt=18.6s total=1464.5s                                     
epoch 12 step 1310  loss=0.032896  lr=5.00e-05  [rmse=0.0151 h1=0.0001 ssim=0.0567 mlw=0.0000]
epoch 12 step 1320  loss=0.030606  lr=5.00e-05  [rmse=0.0126 h1=0.0001 ssim=0.0467 mlw=0.0000]
epoch 12 step 1330  loss=0.032807  lr=5.00e-05  [rmse=0.0173 h1=0.0001 ssim=0.0887 mlw=0.0000]
epoch 12 step 1340  loss=0.034455  lr=5.00e-05  [rmse=0.0222 h1=0.0001 ssim=0.0704 mlw=0.0000]
epoch 12 step 1350  loss=0.035235  lr=5.00e-05  [rmse=0.0146 h1=0.0001 ssim=0.0561 mlw=0.0000]
epoch 12 step 1360  loss=0.035482  lr=5.00e-05  [rmse=0.0198 h1=0.0002 ssim=0.0893 mlw=0.0000]
epoch 12 step 1370  loss=0.036682  lr=5.00e-05  [rmse=0.0178 h1=0.0001 ssim=0.0696 mlw=0.0000]
epoch 12 step 1380  loss=0.036486  lr=5.00e-05  [rmse=0.0187 h1=0.0002 ssim=0.0459 mlw=0.0000]
epoch 12 step 1390  loss=0.036168  lr=5.00e-05  [rmse=0.0180 h1=0.0002 ssim=0.0639 mlw=0.0000]
epoch 12 step 1400  loss=0.036270  lr=5.00e-05  [rmse=0.0179 h1=0.0001 ssim=0.0573 mlw=0.0000]
epoch 12 step 1410  loss=0.036547  lr=5.00e-05  [rmse=0.0167 h1=0.0001 ssim=0.0665 mlw=0.0000]
epoch 12 step 1420  loss=0.036239  lr=5.00e-05  [rmse=0.0133 h1=0.0001 ssim=0.0442 mlw=0.0000]
INFO     [rank 0] Loss weights: rmse=1.0000, h1=50.0000,      vae_trainer.py:901
         ssim=0.1500, mlw=0.0000, kl=0.0000                                     
INFO     [rank 0] Epoch 12: train_loss=0.036438               vae_trainer.py:927
         val_loss=0.036763  val_VRMSE=0.108849  lr=5.00e-05                     
INFO     [rank 0] Metrics updated: metrics/metrics.csv,       vae_trainer.py:953
         metrics/loss_curves.png                                                
INFO     [rank 0] Saved 12 validation reconstruction PNGs    vae_trainer.py:1151
         for epoch 12                                                           
INFO     [rank 0] Training state saved:                      vae_trainer.py:1327
         checkpoints/vae_shockwave_last.state.pt                                
INFO     [rank 0] Epoch 12 timing: train=1228.1s eval=200.6s  vae_trainer.py:991
         viz=29.6s ckpt=18.2s total=1477.3s                                     
epoch 13 step 1430  loss=0.033145  lr=5.00e-05  [rmse=0.0122 h1=0.0001 ssim=0.0555 mlw=0.0000]
epoch 13 step 1440  loss=0.035352  lr=5.00e-05  [rmse=0.0185 h1=0.0001 ssim=0.0608 mlw=0.0000]
epoch 13 step 1450  loss=0.039742  lr=5.00e-05  [rmse=0.0206 h1=0.0001 ssim=0.0773 mlw=0.0000]
epoch 13 step 1460  loss=0.088513  lr=5.00e-05  [rmse=0.0275 h1=0.0001 ssim=0.1567 mlw=0.0000]
epoch 13 step 1470  loss=0.116987  lr=5.00e-05  [rmse=0.0178 h1=0.0001 ssim=0.0584 mlw=0.0000]
epoch 13 step 1480  loss=0.112489  lr=5.00e-05  [rmse=0.0142 h1=0.0001 ssim=0.0573 mlw=0.0000]
epoch 13 step 1490  loss=0.104707  lr=5.00e-05  [rmse=0.0184 h1=0.0001 ssim=0.0711 mlw=0.0000]
epoch 13 step 1500  loss=0.097294  lr=5.00e-05  [rmse=0.0146 h1=0.0001 ssim=0.0530 mlw=0.0000]
epoch 13 step 1510  loss=0.091721  lr=5.00e-05  [rmse=0.0136 h1=0.0001 ssim=0.0517 mlw=0.0000]
epoch 13 step 1520  loss=0.087428  lr=5.00e-05  [rmse=0.0158 h1=0.0001 ssim=0.0607 mlw=0.0000]
epoch 13 step 1530  loss=0.083857  lr=5.00e-05  [rmse=0.0124 h1=0.0001 ssim=0.0723 mlw=0.0000]
epoch 13 step 1540  loss=0.081310  lr=5.00e-05  [rmse=0.0239 h1=0.0001 ssim=0.1455 mlw=0.0000]
INFO     [rank 0] Loss weights: rmse=1.0000, h1=50.0000,      vae_trainer.py:901
         ssim=0.1500, mlw=0.0000, kl=0.0000                                     
INFO     [rank 0] Epoch 13: train_loss=0.079282               vae_trainer.py:927
         val_loss=0.039962  val_VRMSE=0.112521  lr=5.00e-05                     
INFO     [rank 0] Metrics updated: metrics/metrics.csv,       vae_trainer.py:953
         metrics/loss_curves.png                                                
INFO     [rank 0] Saved 12 validation reconstruction PNGs    vae_trainer.py:1151
         for epoch 13                                                           
INFO     [rank 0] Training state saved:                      vae_trainer.py:1327
         checkpoints/vae_shockwave_last.state.pt                                
INFO     [rank 0] Epoch 13 timing: train=1228.1s eval=202.9s  vae_trainer.py:991
         viz=29.3s ckpt=17.7s total=1478.7s                                     
epoch 14 step 1550  loss=0.035583  lr=5.00e-05  [rmse=0.0154 h1=0.0001 ssim=0.0894 mlw=0.0000]
epoch 14 step 1560  loss=0.038850  lr=5.00e-05  [rmse=0.0236 h1=0.0002 ssim=0.0925 mlw=0.0000]
epoch 14 step 1570  loss=0.040407  lr=5.00e-05  [rmse=0.0204 h1=0.0002 ssim=0.0877 mlw=0.0000]
epoch 14 step 1580  loss=0.040279  lr=5.00e-05  [rmse=0.0269 h1=0.0002 ssim=0.0966 mlw=0.0000]
epoch 14 step 1590  loss=0.040967  lr=5.00e-05  [rmse=0.0190 h1=0.0001 ssim=0.0689 mlw=0.0000]
epoch 14 step 1600  loss=0.040238  lr=5.00e-05  [rmse=0.0169 h1=0.0001 ssim=0.0656 mlw=0.0000]
epoch 14 step 1610  loss=0.039666  lr=5.00e-05  [rmse=0.0200 h1=0.0001 ssim=0.0829 mlw=0.0000]
epoch 14 step 1620  loss=0.039284  lr=5.00e-05  [rmse=0.0134 h1=0.0001 ssim=0.0606 mlw=0.0000]
epoch 14 step 1630  loss=0.038636  lr=5.00e-05  [rmse=0.0156 h1=0.0001 ssim=0.0509 mlw=0.0000]
epoch 14 step 1640  loss=0.037564  lr=5.00e-05  [rmse=0.0122 h1=0.0001 ssim=0.0446 mlw=0.0000]
epoch 14 step 1650  loss=0.036808  lr=5.00e-05  [rmse=0.0141 h1=0.0001 ssim=0.0571 mlw=0.0000]
epoch 14 step 1660  loss=0.036687  lr=5.00e-05  [rmse=0.0164 h1=0.0001 ssim=0.0611 mlw=0.0000]
INFO     [rank 0] Loss weights: rmse=1.0000, h1=50.0000,      vae_trainer.py:901
         ssim=0.1500, mlw=0.0000, kl=0.0000                                     
INFO     [rank 0] Epoch 14: train_loss=0.036924               vae_trainer.py:927
         val_loss=0.042854  val_VRMSE=0.139322  lr=5.00e-05                     
INFO     [rank 0] Metrics updated: metrics/metrics.csv,       vae_trainer.py:953
         metrics/loss_curves.png                                                
INFO     [rank 0] Saved 12 validation reconstruction PNGs    vae_trainer.py:1151
         for epoch 14                                                           
INFO     [rank 0] Training state saved:                      vae_trainer.py:1327
         checkpoints/vae_shockwave_last.state.pt                                
INFO     [rank 0] Epoch 14 timing: train=1227.3s eval=201.6s  vae_trainer.py:991
         viz=29.6s ckpt=17.5s total=1476.7s                                     
epoch 15 step 1670  loss=0.045068  lr=5.00e-05  [rmse=0.0217 h1=0.0002 ssim=0.0735 mlw=0.0000]
epoch 15 step 1680  loss=0.037803  lr=5.00e-05  [rmse=0.0144 h1=0.0001 ssim=0.0493 mlw=0.0000]
epoch 15 step 1690  loss=0.036247  lr=5.00e-05  [rmse=0.0187 h1=0.0002 ssim=0.0639 mlw=0.0000]
epoch 15 step 1700  loss=0.034624  lr=5.00e-05  [rmse=0.0124 h1=0.0001 ssim=0.0566 mlw=0.0000]
epoch 15 step 1710  loss=0.033321  lr=5.00e-05  [rmse=0.0150 h1=0.0001 ssim=0.0463 mlw=0.0000]
epoch 15 step 1720  loss=0.032942  lr=5.00e-05  [rmse=0.0159 h1=0.0001 ssim=0.0617 mlw=0.0000]
epoch 15 step 1730  loss=0.033124  lr=5.00e-05  [rmse=0.0159 h1=0.0001 ssim=0.0634 mlw=0.0000]
epoch 15 step 1740  loss=0.033673  lr=5.00e-05  [rmse=0.0133 h1=0.0001 ssim=0.0662 mlw=0.0000]
epoch 15 step 1750  loss=0.034296  lr=5.00e-05  [rmse=0.0192 h1=0.0001 ssim=0.0876 mlw=0.0000]
epoch 15 step 1760  loss=0.034292  lr=5.00e-05  [rmse=0.0128 h1=0.0001 ssim=0.0603 mlw=0.0000]
epoch 15 step 1770  loss=0.034142  lr=5.00e-05  [rmse=0.0105 h1=0.0001 ssim=0.0470 mlw=0.0000]
epoch 15 step 1780  loss=0.033817  lr=5.00e-05  [rmse=0.0165 h1=0.0001 ssim=0.0551 mlw=0.0000]
INFO     [rank 0] Loss weights: rmse=1.0000, h1=50.0000,      vae_trainer.py:901
         ssim=0.1500, mlw=0.0000, kl=0.0000                                     
INFO     [rank 0] Epoch 15: train_loss=0.033594               vae_trainer.py:927
         val_loss=0.031937  val_VRMSE=0.093617  lr=5.00e-05                     
INFO     [rank 0] Metrics updated: metrics/metrics.csv,       vae_trainer.py:953
         metrics/loss_curves.png                                                
INFO     [rank 0] Saved 12 validation reconstruction PNGs    vae_trainer.py:1151
         for epoch 15                                                           
INFO     [rank 0] Training state saved:                      vae_trainer.py:1327
         checkpoints/vae_shockwave_last.state.pt                                
INFO     [rank 0] VAE epoch snapshot saved                   vae_trainer.py:1278
         (checkpoints.save_epochs):                                             
         checkpoints/vae_shockwave_epoch015_snapshot.safeten                    
         sors                                                                   
INFO     [rank 0] Epoch 15 timing: train=1227.6s eval=202.0s  vae_trainer.py:991
         viz=29.8s ckpt=22.4s total=1482.5s                                     
epoch 16 step 1790  loss=0.042055  lr=5.00e-05  [rmse=0.0175 h1=0.0001 ssim=0.0712 mlw=0.0000]
epoch 16 step 1800  loss=0.038112  lr=5.00e-05  [rmse=0.0200 h1=0.0001 ssim=0.0691 mlw=0.0000]
epoch 16 step 1810  loss=0.037607  lr=5.00e-05  [rmse=0.0225 h1=0.0002 ssim=0.0970 mlw=0.0000]
epoch 16 step 1820  loss=0.036499  lr=5.00e-05  [rmse=0.0159 h1=0.0001 ssim=0.0824 mlw=0.0000]
epoch 16 step 1830  loss=0.036097  lr=5.00e-05  [rmse=0.0219 h1=0.0002 ssim=0.0898 mlw=0.0000]
epoch 16 step 1840  loss=0.036115  lr=5.00e-05  [rmse=0.0213 h1=0.0001 ssim=0.0698 mlw=0.0000]
epoch 16 step 1850  loss=0.035867  lr=5.00e-05  [rmse=0.0150 h1=0.0002 ssim=0.0539 mlw=0.0000]
epoch 16 step 1860  loss=0.035405  lr=5.00e-05  [rmse=0.0160 h1=0.0001 ssim=0.0668 mlw=0.0000]
epoch 16 step 1870  loss=0.035844  lr=5.00e-05  [rmse=0.0207 h1=0.0002 ssim=0.1036 mlw=0.0000]
epoch 16 step 1880  loss=0.035943  lr=5.00e-05  [rmse=0.0137 h1=0.0001 ssim=0.0810 mlw=0.0000]
epoch 16 step 1890  loss=0.036132  lr=5.00e-05  [rmse=0.0167 h1=0.0001 ssim=0.0668 mlw=0.0000]
epoch 16 step 1900  loss=0.036721  lr=5.00e-05  [rmse=0.0216 h1=0.0002 ssim=0.0854 mlw=0.0000]
INFO     [rank 0] Loss weights: rmse=1.0000, h1=50.0000,      vae_trainer.py:901
         ssim=0.1500, mlw=0.0000, kl=0.0000                                     
INFO     [rank 0] Epoch 16: train_loss=0.036774               vae_trainer.py:927
         val_loss=0.033823  val_VRMSE=0.099800  lr=5.00e-05                     
INFO     [rank 0] Metrics updated: metrics/metrics.csv,       vae_trainer.py:953
         metrics/loss_curves.png                                                
INFO     [rank 0] Saved 12 validation reconstruction PNGs    vae_trainer.py:1151
         for epoch 16                                                           
INFO     [rank 0] Training state saved:                      vae_trainer.py:1327
         checkpoints/vae_shockwave_last.state.pt                                
INFO     [rank 0] Epoch 16 timing: train=1228.1s eval=202.5s  vae_trainer.py:991
         viz=29.3s ckpt=17.4s total=1478.1s                                     
epoch 17 step 1910  loss=0.037478  lr=5.00e-05  [rmse=0.0171 h1=0.0002 ssim=0.0661 mlw=0.0000]
epoch 17 step 1920  loss=0.035341  lr=5.00e-05  [rmse=0.0113 h1=0.0001 ssim=0.0430 mlw=0.0000]
epoch 17 step 1930  loss=0.034426  lr=5.00e-05  [rmse=0.0129 h1=0.0001 ssim=0.0473 mlw=0.0000]
epoch 17 step 1940  loss=0.033149  lr=5.00e-05  [rmse=0.0142 h1=0.0001 ssim=0.0563 mlw=0.0000]
epoch 17 step 1950  loss=0.033516  lr=5.00e-05  [rmse=0.0152 h1=0.0001 ssim=0.0487 mlw=0.0000]
epoch 17 step 1960  loss=0.033715  lr=5.00e-05  [rmse=0.0181 h1=0.0003 ssim=0.0704 mlw=0.0000]
epoch 17 step 1970  loss=0.033590  lr=5.00e-05  [rmse=0.0162 h1=0.0001 ssim=0.0717 mlw=0.0000]
epoch 17 step 1980  loss=0.033566  lr=5.00e-05  [rmse=0.0178 h1=0.0002 ssim=0.0631 mlw=0.0000]
epoch 17 step 1990  loss=0.033126  lr=5.00e-05  [rmse=0.0169 h1=0.0002 ssim=0.0572 mlw=0.0000]
epoch 17 step 2000  loss=0.032725  lr=5.00e-05  [rmse=0.0128 h1=0.0001 ssim=0.0510 mlw=0.0000]
epoch 17 step 2010  loss=0.032762  lr=5.00e-05  [rmse=0.0145 h1=0.0001 ssim=0.0704 mlw=0.0000]
epoch 17 step 2020  loss=0.032636  lr=5.00e-05  [rmse=0.0132 h1=0.0001 ssim=0.0483 mlw=0.0000]
INFO     [rank 0] Loss weights: rmse=1.0000, h1=50.0000,      vae_trainer.py:901
         ssim=0.1500, mlw=0.0000, kl=0.0000                                     
INFO     [rank 0] Epoch 17: train_loss=0.032573               vae_trainer.py:927
         val_loss=0.028219  val_VRMSE=0.084905  lr=5.00e-05                     
INFO     [rank 0] Metrics updated: metrics/metrics.csv,       vae_trainer.py:953
         metrics/loss_curves.png                                                
INFO     [rank 0] Saved 12 validation reconstruction PNGs    vae_trainer.py:1151
         for epoch 17                                                           
INFO     [rank 0] New best checkpoint (epoch 17,             vae_trainer.py:1251
         val_vrmse=0.084905):                                                   
         checkpoints/vae_shockwave_best.safetensors                             
INFO     [rank 0] Training state saved:                      vae_trainer.py:1327
         checkpoints/vae_shockwave_last.state.pt                                
INFO     [rank 0] Epoch 17 timing: train=1228.2s eval=202.4s  vae_trainer.py:991
         viz=29.4s ckpt=18.4s total=1479.5s                                     
epoch 18 step 2030  loss=0.029928  lr=5.00e-05  [rmse=0.0143 h1=0.0001 ssim=0.0406 mlw=0.0000]
epoch 18 step 2040  loss=0.029893  lr=5.00e-05  [rmse=0.0128 h1=0.0001 ssim=0.0459 mlw=0.0000]
epoch 18 step 2050  loss=0.030369  lr=5.00e-05  [rmse=0.0123 h1=0.0001 ssim=0.0392 mlw=0.0000]
epoch 18 step 2060  loss=0.030411  lr=5.00e-05  [rmse=0.0141 h1=0.0001 ssim=0.0613 mlw=0.0000]
epoch 18 step 2070  loss=0.030389  lr=5.00e-05  [rmse=0.0158 h1=0.0002 ssim=0.0547 mlw=0.0000]
epoch 18 step 2080  loss=0.030556  lr=5.00e-05  [rmse=0.0129 h1=0.0001 ssim=0.0675 mlw=0.0000]
epoch 18 step 2090  loss=0.031349  lr=5.00e-05  [rmse=0.0130 h1=0.0001 ssim=0.0659 mlw=0.0000]
epoch 18 step 2100  loss=0.031677  lr=5.00e-05  [rmse=0.0168 h1=0.0002 ssim=0.0592 mlw=0.0000]
epoch 18 step 2110  loss=0.031618  lr=5.00e-05  [rmse=0.0184 h1=0.0001 ssim=0.0609 mlw=0.0000]
epoch 18 step 2120  loss=0.031811  lr=5.00e-05  [rmse=0.0143 h1=0.0001 ssim=0.0578 mlw=0.0000]
epoch 18 step 2130  loss=0.031871  lr=5.00e-05  [rmse=0.0137 h1=0.0001 ssim=0.0575 mlw=0.0000]
epoch 18 step 2140  loss=0.031791  lr=5.00e-05  [rmse=0.0142 h1=0.0001 ssim=0.0686 mlw=0.0000]
INFO     [rank 0] Loss weights: rmse=1.0000, h1=50.0000,      vae_trainer.py:901
         ssim=0.1500, mlw=0.0000, kl=0.0000                                     
INFO     [rank 0] Epoch 18: train_loss=0.031815               vae_trainer.py:927
         val_loss=0.031483  val_VRMSE=0.093578  lr=5.00e-05                     
INFO     [rank 0] Metrics updated: metrics/metrics.csv,       vae_trainer.py:953
         metrics/loss_curves.png                                                
INFO     [rank 0] Saved 12 validation reconstruction PNGs    vae_trainer.py:1151
         for epoch 18                                                           
INFO     [rank 0] Training state saved:                      vae_trainer.py:1327
         checkpoints/vae_shockwave_last.state.pt                                
INFO     [rank 0] Epoch 18 timing: train=1228.2s eval=202.6s  vae_trainer.py:991
         viz=30.1s ckpt=18.1s total=1479.8s                                     
epoch 19 step 2150  loss=0.033560  lr=5.00e-05  [rmse=0.0168 h1=0.0001 ssim=0.0788 mlw=0.0000]
epoch 19 step 2160  loss=0.034708  lr=5.00e-05  [rmse=0.0126 h1=0.0001 ssim=0.0747 mlw=0.0000]
epoch 19 step 2170  loss=0.034948  lr=5.00e-05  [rmse=0.0144 h1=0.0001 ssim=0.0512 mlw=0.0000]
epoch 19 step 2180  loss=0.034351  lr=5.00e-05  [rmse=0.0134 h1=0.0001 ssim=0.0593 mlw=0.0000]
epoch 19 step 2190  loss=0.033417  lr=5.00e-05  [rmse=0.0121 h1=0.0001 ssim=0.0532 mlw=0.0000]
epoch 19 step 2200  loss=0.032737  lr=5.00e-05  [rmse=0.0154 h1=0.0001 ssim=0.0484 mlw=0.0000]
epoch 19 step 2210  loss=0.032234  lr=5.00e-05  [rmse=0.0169 h1=0.0001 ssim=0.0581 mlw=0.0000]
epoch 19 step 2220  loss=0.031971  lr=5.00e-05  [rmse=0.0131 h1=0.0001 ssim=0.0559 mlw=0.0000]
epoch 19 step 2230  loss=0.031555  lr=5.00e-05  [rmse=0.0167 h1=0.0001 ssim=0.0733 mlw=0.0000]
epoch 19 step 2240  loss=0.032025  lr=5.00e-05  [rmse=0.0129 h1=0.0000 ssim=0.0646 mlw=0.0000]
epoch 19 step 2250  loss=0.032319  lr=5.00e-05  [rmse=0.0165 h1=0.0001 ssim=0.0627 mlw=0.0000]
epoch 19 step 2260  loss=0.032766  lr=5.00e-05  [rmse=0.0129 h1=0.0001 ssim=0.0638 mlw=0.0000]
INFO     [rank 0] Loss weights: rmse=1.0000, h1=50.0000,      vae_trainer.py:901
         ssim=0.1500, mlw=0.0000, kl=0.0000                                     
INFO     [rank 0] Epoch 19: train_loss=0.032886               vae_trainer.py:927
         val_loss=0.037090  val_VRMSE=0.121356  lr=5.00e-05                     
INFO     [rank 0] Metrics updated: metrics/metrics.csv,       vae_trainer.py:953
         metrics/loss_curves.png                                                
INFO     [rank 0] Saved 12 validation reconstruction PNGs    vae_trainer.py:1151
         for epoch 19                                                           
INFO     [rank 0] Training state saved:                      vae_trainer.py:1327
         checkpoints/vae_shockwave_last.state.pt                                
INFO     [rank 0] Epoch 19 timing: train=1228.3s eval=203.0s  vae_trainer.py:991
         viz=29.7s ckpt=17.8s total=1479.6s                                     
epoch 20 step 2270  loss=0.038893  lr=5.00e-05  [rmse=0.0250 h1=0.0002 ssim=0.0952 mlw=0.0000]
epoch 20 step 2280  loss=0.037683  lr=5.00e-05  [rmse=0.0164 h1=0.0001 ssim=0.0661 mlw=0.0000]
epoch 20 step 2290  loss=0.037950  lr=5.00e-05  [rmse=0.0137 h1=0.0001 ssim=0.0565 mlw=0.0000]
epoch 20 step 2300  loss=0.037841  lr=5.00e-05  [rmse=0.0167 h1=0.0001 ssim=0.0600 mlw=0.0000]
epoch 20 step 2310  loss=0.038142  lr=5.00e-05  [rmse=0.0122 h1=0.0001 ssim=0.0487 mlw=0.0000]
epoch 20 step 2320  loss=0.043963  lr=5.00e-05  [rmse=0.0224 h1=0.0002 ssim=0.0756 mlw=0.0000]
epoch 20 step 2330  loss=0.078061  lr=5.00e-05  [rmse=0.0224 h1=0.0001 ssim=0.1002 mlw=0.0000]
epoch 20 step 2340  loss=0.096209  lr=5.00e-05  [rmse=0.0476 h1=0.0001 ssim=0.2776 mlw=0.0000]
epoch 20 step 2350  loss=0.108337  lr=5.00e-05  [rmse=0.0306 h1=0.0002 ssim=0.1411 mlw=0.0000]
epoch 20 step 2360  loss=0.144248  lr=5.00e-05  [rmse=0.3078 h1=0.0008 ssim=0.8948 mlw=0.0000]
epoch 20 step 2370  loss=0.191787  lr=5.00e-05  [rmse=0.1868 h1=0.0007 ssim=0.8425 mlw=0.0000]
epoch 20 step 2380  loss=0.242670  lr=5.00e-05  [rmse=0.1851 h1=0.0008 ssim=0.8649 mlw=0.0000]
INFO     [rank 0] Loss weights: rmse=1.0000, h1=50.0000,      vae_trainer.py:901
         ssim=0.1500, mlw=0.0000, kl=0.0000                                     
INFO     [rank 0] Epoch 20: train_loss=0.242670               vae_trainer.py:927
         val_loss=1.314746  val_VRMSE=1.079000  lr=5.00e-05                     
INFO     [rank 0] Metrics updated: metrics/metrics.csv,       vae_trainer.py:953
         metrics/loss_curves.png                                                
INFO     [rank 0] Saved 12 validation reconstruction PNGs    vae_trainer.py:1151
         for epoch 20                                                           
INFO     [rank 0] Training state saved:                      vae_trainer.py:1327
         checkpoints/vae_shockwave_last.state.pt                                
INFO     [rank 0] Epoch 20 timing: train=1226.3s eval=201.7s  vae_trainer.py:991
         viz=32.4s ckpt=17.8s total=1478.9s                                     
epoch 21 step 2390  loss=1.702748  lr=5.00e-05  [rmse=0.1223 h1=0.0004 ssim=0.7226 mlw=0.0000]
epoch 21 step 2400  loss=1.749553  lr=5.00e-05  [rmse=0.1495 h1=0.0008 ssim=0.7718 mlw=0.0000]
epoch 21 step 2410  loss=1.299517  lr=5.00e-05  [rmse=0.2288 h1=0.0004 ssim=0.7314 mlw=0.0000]
epoch 21 step 2420  loss=1.196133  lr=5.00e-05  [rmse=0.1921 h1=0.0006 ssim=0.8567 mlw=0.0000]
epoch 21 step 2430  loss=1.113522  lr=5.00e-05  [rmse=0.2166 h1=0.0005 ssim=0.8658 mlw=0.0000]
epoch 21 step 2440  loss=0.999327  lr=5.00e-05  [rmse=0.1451 h1=0.0003 ssim=0.7542 mlw=0.0000]
epoch 21 step 2450  loss=0.925148  lr=5.00e-05  [rmse=0.1699 h1=0.0003 ssim=0.7535 mlw=0.0000]
epoch 21 step 2460  loss=0.853600  lr=5.00e-05  [rmse=0.1559 h1=0.0005 ssim=0.7186 mlw=0.0000]
epoch 21 step 2470  loss=0.798316  lr=5.00e-05  [rmse=0.1983 h1=0.0005 ssim=0.8055 mlw=0.0000]
epoch 21 step 2480  loss=0.753301  lr=5.00e-05  [rmse=0.1667 h1=0.0005 ssim=0.7037 mlw=0.0000]
epoch 21 step 2490  loss=0.717072  lr=5.00e-05  [rmse=0.1697 h1=0.0005 ssim=0.7993 mlw=0.0000]
INFO     [rank 0] Loss weights: rmse=1.0000, h1=50.0000,      vae_trainer.py:901
         ssim=0.1500, mlw=0.0000, kl=0.0000                                     
INFO     [rank 0] Epoch 21: train_loss=0.687272               vae_trainer.py:927
         val_loss=0.264840  val_VRMSE=0.881029  lr=5.00e-05                     
INFO     [rank 0] Metrics updated: metrics/metrics.csv,       vae_trainer.py:953
         metrics/loss_curves.png                                                
INFO     [rank 0] Saved 12 validation reconstruction PNGs    vae_trainer.py:1151
         for epoch 21                                                           
INFO     [rank 0] Training state saved:                      vae_trainer.py:1327
         checkpoints/vae_shockwave_last.state.pt                                
INFO     [rank 0] Epoch 21 timing: train=1226.0s eval=203.2s  vae_trainer.py:991
         viz=32.3s ckpt=18.0s total=1480.2s                                     
epoch 22 step 2500  loss=0.319339  lr=5.00e-05  [rmse=0.1777 h1=0.0004 ssim=0.7051 mlw=0.0000]
epoch 22 step 2510  loss=0.297934  lr=5.00e-05  [rmse=0.1680 h1=0.0004 ssim=0.6548 mlw=0.0000]
epoch 22 step 2520  loss=0.296101  lr=5.00e-05  [rmse=0.1666 h1=0.0005 ssim=0.6692 mlw=0.0000]
epoch 22 step 2530  loss=0.285615  lr=5.00e-05  [rmse=0.1387 h1=0.0005 ssim=0.5318 mlw=0.0000]
epoch 22 step 2540  loss=0.265783  lr=5.00e-05  [rmse=0.1172 h1=0.0006 ssim=0.4570 mlw=0.0000]
epoch 22 step 2550  loss=0.249549  lr=5.00e-05  [rmse=0.0783 h1=0.0002 ssim=0.4338 mlw=0.0000]
epoch 22 step 2560  loss=0.236987  lr=5.00e-05  [rmse=0.0740 h1=0.0003 ssim=0.3560 mlw=0.0000]
epoch 22 step 2570  loss=0.224669  lr=5.00e-05  [rmse=0.0884 h1=0.0004 ssim=0.2959 mlw=0.0000]
epoch 22 step 2580  loss=0.213313  lr=4.99e-05  [rmse=0.0676 h1=0.0003 ssim=0.2818 mlw=0.0000]
epoch 22 step 2590  loss=0.204680  lr=4.99e-05  [rmse=0.0781 h1=0.0004 ssim=0.2978 mlw=0.0000]
epoch 22 step 2600  loss=0.196072  lr=4.98e-05  [rmse=0.0663 h1=0.0005 ssim=0.2515 mlw=0.0000]
epoch 22 step 2610  loss=0.187656  lr=4.97e-05  [rmse=0.0430 h1=0.0002 ssim=0.1928 mlw=0.0000]
INFO     [rank 0] Loss weights: rmse=1.0000, h1=50.0000,      vae_trainer.py:901
         ssim=0.1500, mlw=0.0000, kl=0.0000                                     
INFO     [rank 0] Epoch 22: train_loss=0.181610               vae_trainer.py:927
         val_loss=0.096665  val_VRMSE=0.308394  lr=4.96e-05                     
INFO     [rank 0] Metrics updated: metrics/metrics.csv,       vae_trainer.py:953
         metrics/loss_curves.png                                                
INFO     [rank 0] Saved 12 validation reconstruction PNGs    vae_trainer.py:1151
         for epoch 22                                                           
INFO     [rank 0] Training state saved:                      vae_trainer.py:1327
         checkpoints/vae_shockwave_last.state.pt                                
INFO     [rank 0] Epoch 22 timing: train=1226.2s eval=200.6s  vae_trainer.py:991
         viz=30.4s ckpt=17.6s total=1475.5s                                     
epoch 23 step 2620  loss=0.099634  lr=4.96e-05  [rmse=0.0394 h1=0.0002 ssim=0.1671 mlw=0.0000]
epoch 23 step 2630  loss=0.091953  lr=4.94e-05  [rmse=0.0348 h1=0.0002 ssim=0.1738 mlw=0.0000]
epoch 23 step 2640  loss=0.086610  lr=4.92e-05  [rmse=0.0447 h1=0.0004 ssim=0.2313 mlw=0.0000]
epoch 23 step 2650  loss=0.085433  lr=4.90e-05  [rmse=0.0357 h1=0.0002 ssim=0.1915 mlw=0.0000]
epoch 23 step 2660  loss=0.083095  lr=4.88e-05  [rmse=0.0437 h1=0.0003 ssim=0.1717 mlw=0.0000]
epoch 23 step 2670  loss=0.080873  lr=4.86e-05  [rmse=0.0296 h1=0.0002 ssim=0.1295 mlw=0.0000]
epoch 23 step 2680  loss=0.078457  lr=4.83e-05  [rmse=0.0276 h1=0.0002 ssim=0.1040 mlw=0.0000]
epoch 23 step 2690  loss=0.076834  lr=4.80e-05  [rmse=0.0306 h1=0.0003 ssim=0.1301 mlw=0.0000]
epoch 23 step 2700  loss=0.075670  lr=4.77e-05  [rmse=0.0252 h1=0.0002 ssim=0.1470 mlw=0.0000]
epoch 23 step 2710  loss=0.074754  lr=4.74e-05  [rmse=0.0406 h1=0.0004 ssim=0.1393 mlw=0.0000]
epoch 23 step 2720  loss=0.073538  lr=4.70e-05  [rmse=0.0214 h1=0.0001 ssim=0.0973 mlw=0.0000]
epoch 23 step 2730  loss=0.071780  lr=4.66e-05  [rmse=0.0339 h1=0.0003 ssim=0.1058 mlw=0.0000]
INFO     [rank 0] Loss weights: rmse=1.0000, h1=50.0000,      vae_trainer.py:901
         ssim=0.1500, mlw=0.0000, kl=0.0000                                     
INFO     [rank 0] Epoch 23: train_loss=0.070602               vae_trainer.py:927
         val_loss=0.045807  val_VRMSE=0.138546  lr=4.63e-05                     
INFO     [rank 0] Metrics updated: metrics/metrics.csv,       vae_trainer.py:953
         metrics/loss_curves.png                                                
INFO     [rank 0] Saved 12 validation reconstruction PNGs    vae_trainer.py:1151
         for epoch 23                                                           
INFO     [rank 0] Training state saved:                      vae_trainer.py:1327
         checkpoints/vae_shockwave_last.state.pt                                
INFO     [rank 0] Epoch 23 timing: train=1225.3s eval=196.9s  vae_trainer.py:991
         viz=29.8s ckpt=17.5s total=1470.3s                                     
epoch 24 step 2740  loss=0.050048  lr=4.62e-05  [rmse=0.0257 h1=0.0003 ssim=0.0873 mlw=0.0000]
epoch 24 step 2750  loss=0.046146  lr=4.58e-05  [rmse=0.0187 h1=0.0001 ssim=0.0729 mlw=0.0000]
epoch 24 step 2760  loss=0.047588  lr=4.54e-05  [rmse=0.0271 h1=0.0003 ssim=0.1027 mlw=0.0000]
epoch 24 step 2770  loss=0.046737  lr=4.49e-05  [rmse=0.0204 h1=0.0002 ssim=0.0790 mlw=0.0000]
epoch 24 step 2780  loss=0.045514  lr=4.44e-05  [rmse=0.0201 h1=0.0002 ssim=0.0710 mlw=0.0000]
epoch 24 step 2790  loss=0.044873  lr=4.40e-05  [rmse=0.0266 h1=0.0002 ssim=0.0804 mlw=0.0000]
epoch 24 step 2800  loss=0.045163  lr=4.34e-05  [rmse=0.0210 h1=0.0002 ssim=0.0942 mlw=0.0000]
epoch 24 step 2810  loss=0.045901  lr=4.29e-05  [rmse=0.0179 h1=0.0001 ssim=0.0733 mlw=0.0000]
epoch 24 step 2820  loss=0.046219  lr=4.24e-05  [rmse=0.0247 h1=0.0003 ssim=0.1302 mlw=0.0000]
epoch 24 step 2830  loss=0.046233  lr=4.18e-05  [rmse=0.0210 h1=0.0002 ssim=0.0966 mlw=0.0000]
epoch 24 step 2840  loss=0.045788  lr=4.12e-05  [rmse=0.0132 h1=0.0001 ssim=0.0542 mlw=0.0000]
epoch 24 step 2850  loss=0.044983  lr=4.06e-05  [rmse=0.0141 h1=0.0001 ssim=0.0725 mlw=0.0000]
INFO     [rank 0] Loss weights: rmse=1.0000, h1=50.0000,      vae_trainer.py:901
         ssim=0.1500, mlw=0.0000, kl=0.0000                                     
INFO     [rank 0] Epoch 24: train_loss=0.044795               vae_trainer.py:927
         val_loss=0.038252  val_VRMSE=0.117414  lr=4.03e-05                     
INFO     [rank 0] Metrics updated: metrics/metrics.csv,       vae_trainer.py:953
         metrics/loss_curves.png                                                
INFO     [rank 0] Saved 12 validation reconstruction PNGs    vae_trainer.py:1151
         for epoch 24                                                           
INFO     [rank 0] Training state saved:                      vae_trainer.py:1327
         checkpoints/vae_shockwave_last.state.pt                                
INFO     [rank 0] Epoch 24 timing: train=1225.8s eval=191.5s  vae_trainer.py:991
         viz=30.0s ckpt=17.4s total=1465.4s                                     
epoch 25 step 2860  loss=0.038566  lr=4.00e-05  [rmse=0.0197 h1=0.0002 ssim=0.0554 mlw=0.0000]
epoch 25 step 2870  loss=0.037424  lr=3.94e-05  [rmse=0.0150 h1=0.0001 ssim=0.0639 mlw=0.0000]
epoch 25 step 2880  loss=0.039162  lr=3.88e-05  [rmse=0.0237 h1=0.0003 ssim=0.0912 mlw=0.0000]
epoch 25 step 2890  loss=0.039566  lr=3.81e-05  [rmse=0.0234 h1=0.0003 ssim=0.0795 mlw=0.0000]
epoch 25 step 2900  loss=0.039146  lr=3.75e-05  [rmse=0.0134 h1=0.0001 ssim=0.0432 mlw=0.0000]
epoch 25 step 2910  loss=0.039445  lr=3.68e-05  [rmse=0.0186 h1=0.0001 ssim=0.0658 mlw=0.0000]
epoch 25 step 2920  loss=0.039044  lr=3.61e-05  [rmse=0.0128 h1=0.0001 ssim=0.0603 mlw=0.0000]
epoch 25 step 2930  loss=0.038867  lr=3.54e-05  [rmse=0.0205 h1=0.0002 ssim=0.0641 mlw=0.0000]
epoch 25 step 2940  loss=0.038146  lr=3.47e-05  [rmse=0.0154 h1=0.0001 ssim=0.0516 mlw=0.0000]
epoch 25 step 2950  loss=0.037559  lr=3.40e-05  [rmse=0.0167 h1=0.0002 ssim=0.0601 mlw=0.0000]
epoch 25 step 2960  loss=0.036945  lr=3.33e-05  [rmse=0.0101 h1=0.0000 ssim=0.0381 mlw=0.0000]
epoch 25 step 2970  loss=0.036174  lr=3.26e-05  [rmse=0.0141 h1=0.0001 ssim=0.0469 mlw=0.0000]
INFO     [rank 0] Loss weights: rmse=1.0000, h1=50.0000,      vae_trainer.py:901
         ssim=0.1500, mlw=0.0000, kl=0.0000                                     
INFO     [rank 0] Epoch 25: train_loss=0.036200               vae_trainer.py:927
         val_loss=0.030528  val_VRMSE=0.092123  lr=3.22e-05                     
INFO     [rank 0] Metrics updated: metrics/metrics.csv,       vae_trainer.py:953
         metrics/loss_curves.png                                                
INFO     [rank 0] Saved 12 validation reconstruction PNGs    vae_trainer.py:1151
         for epoch 25                                                           
INFO     [rank 0] Training state saved:                      vae_trainer.py:1327
         checkpoints/vae_shockwave_last.state.pt                                
INFO     [rank 0] Epoch 25 timing: train=1224.6s eval=191.9s  vae_trainer.py:991
         viz=29.2s ckpt=18.2s total=1464.7s                                     
epoch 26 step 2980  loss=0.038942  lr=3.19e-05  [rmse=0.0207 h1=0.0002 ssim=0.0576 mlw=0.0000]
epoch 26 step 2990  loss=0.034604  lr=3.11e-05  [rmse=0.0199 h1=0.0003 ssim=0.0603 mlw=0.0000]
epoch 26 step 3000  loss=0.032242  lr=3.04e-05  [rmse=0.0181 h1=0.0002 ssim=0.0498 mlw=0.0000]
epoch 26 step 3010  loss=0.032112  lr=2.96e-05  [rmse=0.0169 h1=0.0002 ssim=0.0527 mlw=0.0000]
epoch 26 step 3020  loss=0.031288  lr=2.89e-05  [rmse=0.0160 h1=0.0002 ssim=0.0425 mlw=0.0000]
epoch 26 step 3030  loss=0.031025  lr=2.81e-05  [rmse=0.0159 h1=0.0002 ssim=0.0503 mlw=0.0000]
epoch 26 step 3040  loss=0.030620  lr=2.74e-05  [rmse=0.0158 h1=0.0002 ssim=0.0546 mlw=0.0000]
epoch 26 step 3050  loss=0.030354  lr=2.66e-05  [rmse=0.0120 h1=0.0001 ssim=0.0440 mlw=0.0000]
epoch 26 step 3060  loss=0.030031  lr=2.58e-05  [rmse=0.0086 h1=0.0001 ssim=0.0319 mlw=0.0000]
epoch 26 step 3070  loss=0.029591  lr=2.51e-05  [rmse=0.0119 h1=0.0001 ssim=0.0381 mlw=0.0000]
epoch 26 step 3080  loss=0.029100  lr=2.43e-05  [rmse=0.0107 h1=0.0001 ssim=0.0391 mlw=0.0000]
epoch 26 step 3090  loss=0.028952  lr=2.36e-05  [rmse=0.0121 h1=0.0001 ssim=0.0450 mlw=0.0000]
INFO     [rank 0] Loss weights: rmse=1.0000, h1=50.0000,      vae_trainer.py:901
         ssim=0.1500, mlw=0.0000, kl=0.0000                                     
INFO     [rank 0] Epoch 26: train_loss=0.028930               vae_trainer.py:927
         val_loss=0.026026  val_VRMSE=0.076406  lr=2.33e-05                     
INFO     [rank 0] Metrics updated: metrics/metrics.csv,       vae_trainer.py:953
         metrics/loss_curves.png                                                
INFO     [rank 0] Saved 12 validation reconstruction PNGs    vae_trainer.py:1151
         for epoch 26                                                           
INFO     [rank 0] New best checkpoint (epoch 26,             vae_trainer.py:1251
         val_vrmse=0.076406):                                                   
         checkpoints/vae_shockwave_best.safetensors                             
INFO     [rank 0] Training state saved:                      vae_trainer.py:1327
         checkpoints/vae_shockwave_last.state.pt                                
INFO     [rank 0] Epoch 26 timing: train=1225.3s eval=190.8s  vae_trainer.py:991
         viz=29.4s ckpt=18.3s total=1464.5s                                     
epoch 27 step 3100  loss=0.026556  lr=2.28e-05  [rmse=0.0117 h1=0.0001 ssim=0.0524 mlw=0.0000]
epoch 27 step 3110  loss=0.028044  lr=2.20e-05  [rmse=0.0107 h1=0.0001 ssim=0.0473 mlw=0.0000]
epoch 27 step 3120  loss=0.027951  lr=2.13e-05  [rmse=0.0153 h1=0.0002 ssim=0.0431 mlw=0.0000]
epoch 27 step 3130  loss=0.027190  lr=2.05e-05  [rmse=0.0123 h1=0.0001 ssim=0.0427 mlw=0.0000]
epoch 27 step 3140  loss=0.026934  lr=1.98e-05  [rmse=0.0126 h1=0.0001 ssim=0.0381 mlw=0.0000]
epoch 27 step 3150  loss=0.026558  lr=1.91e-05  [rmse=0.0090 h1=0.0001 ssim=0.0336 mlw=0.0000]
epoch 27 step 3160  loss=0.026117  lr=1.83e-05  [rmse=0.0090 h1=0.0001 ssim=0.0348 mlw=0.0000]
epoch 27 step 3170  loss=0.025954  lr=1.76e-05  [rmse=0.0120 h1=0.0001 ssim=0.0332 mlw=0.0000]
epoch 27 step 3180  loss=0.025804  lr=1.69e-05  [rmse=0.0133 h1=0.0001 ssim=0.0416 mlw=0.0000]
epoch 27 step 3190  loss=0.025562  lr=1.62e-05  [rmse=0.0103 h1=0.0001 ssim=0.0352 mlw=0.0000]
epoch 27 step 3200  loss=0.025541  lr=1.55e-05  [rmse=0.0112 h1=0.0001 ssim=0.0329 mlw=0.0000]
epoch 27 step 3210  loss=0.025557  lr=1.48e-05  [rmse=0.0110 h1=0.0001 ssim=0.0350 mlw=0.0000]
INFO     [rank 0] Loss weights: rmse=1.0000, h1=50.0000,      vae_trainer.py:901
         ssim=0.1500, mlw=0.0000, kl=0.0000                                     
INFO     [rank 0] Epoch 27: train_loss=0.025530               vae_trainer.py:927
         val_loss=0.022897  val_VRMSE=0.069382  lr=1.46e-05                     
INFO     [rank 0] Metrics updated: metrics/metrics.csv,       vae_trainer.py:953
         metrics/loss_curves.png                                                
INFO     [rank 0] Saved 12 validation reconstruction PNGs    vae_trainer.py:1151
         for epoch 27                                                           
INFO     [rank 0] New best checkpoint (epoch 27,             vae_trainer.py:1251
         val_vrmse=0.069382):                                                   
         checkpoints/vae_shockwave_best.safetensors                             
INFO     [rank 0] Training state saved:                      vae_trainer.py:1327
         checkpoints/vae_shockwave_last.state.pt                                
INFO     [rank 0] Epoch 27 timing: train=1223.9s eval=191.8s  vae_trainer.py:991
         viz=30.1s ckpt=18.3s total=1464.9s                                     
epoch 28 step 3220  loss=0.024002  lr=1.41e-05  [rmse=0.0151 h1=0.0002 ssim=0.0381 mlw=0.0000]
epoch 28 step 3230  loss=0.024674  lr=1.34e-05  [rmse=0.0153 h1=0.0002 ssim=0.0480 mlw=0.0000]
epoch 28 step 3240  loss=0.025096  lr=1.28e-05  [rmse=0.0130 h1=0.0001 ssim=0.0357 mlw=0.0000]
epoch 28 step 3250  loss=0.024620  lr=1.21e-05  [rmse=0.0088 h1=0.0001 ssim=0.0290 mlw=0.0000]
epoch 28 step 3260  loss=0.024332  lr=1.15e-05  [rmse=0.0095 h1=0.0001 ssim=0.0297 mlw=0.0000]
epoch 28 step 3270  loss=0.024151  lr=1.09e-05  [rmse=0.0092 h1=0.0001 ssim=0.0247 mlw=0.0000]
epoch 28 step 3280  loss=0.024364  lr=1.03e-05  [rmse=0.0141 h1=0.0002 ssim=0.0443 mlw=0.0000]
epoch 28 step 3290  loss=0.024223  lr=9.70e-06  [rmse=0.0094 h1=0.0001 ssim=0.0316 mlw=0.0000]
epoch 28 step 3300  loss=0.023953  lr=9.13e-06  [rmse=0.0117 h1=0.0001 ssim=0.0273 mlw=0.0000]
epoch 28 step 3310  loss=0.023766  lr=8.57e-06  [rmse=0.0113 h1=0.0001 ssim=0.0301 mlw=0.0000]
epoch 28 step 3320  loss=0.023660  lr=8.03e-06  [rmse=0.0136 h1=0.0002 ssim=0.0444 mlw=0.0000]
epoch 28 step 3330  loss=0.023586  lr=7.50e-06  [rmse=0.0090 h1=0.0001 ssim=0.0336 mlw=0.0000]
INFO     [rank 0] Loss weights: rmse=1.0000, h1=50.0000,      vae_trainer.py:901
         ssim=0.1500, mlw=0.0000, kl=0.0000                                     
INFO     [rank 0] Epoch 28: train_loss=0.023578               vae_trainer.py:927
         val_loss=0.021867  val_VRMSE=0.065696  lr=7.40e-06                     
INFO     [rank 0] Metrics updated: metrics/metrics.csv,       vae_trainer.py:953
         metrics/loss_curves.png                                                
INFO     [rank 0] Saved 12 validation reconstruction PNGs    vae_trainer.py:1151
         for epoch 28                                                           
INFO     [rank 0] New best checkpoint (epoch 28,             vae_trainer.py:1251
         val_vrmse=0.065696):                                                   
         checkpoints/vae_shockwave_best.safetensors                             
INFO     [rank 0] Training state saved:                      vae_trainer.py:1327
         checkpoints/vae_shockwave_last.state.pt                                
INFO     [rank 0] Epoch 28 timing: train=1225.0s eval=191.5s  vae_trainer.py:991
         viz=29.5s ckpt=18.3s total=1465.0s                                     
epoch 29 step 3340  loss=0.022533  lr=7.00e-06  [rmse=0.0106 h1=0.0001 ssim=0.0338 mlw=0.0000]
epoch 29 step 3350  loss=0.022353  lr=6.51e-06  [rmse=0.0104 h1=0.0001 ssim=0.0298 mlw=0.0000]
epoch 29 step 3360  loss=0.022697  lr=6.03e-06  [rmse=0.0083 h1=0.0001 ssim=0.0280 mlw=0.0000]
epoch 29 step 3370  loss=0.022796  lr=5.58e-06  [rmse=0.0103 h1=0.0001 ssim=0.0316 mlw=0.0000]
epoch 29 step 3380  loss=0.022796  lr=5.15e-06  [rmse=0.0112 h1=0.0001 ssim=0.0411 mlw=0.0000]
epoch 29 step 3390  loss=0.022340  lr=4.73e-06  [rmse=0.0085 h1=0.0001 ssim=0.0277 mlw=0.0000]
epoch 29 step 3400  loss=0.022348  lr=4.34e-06  [rmse=0.0079 h1=0.0001 ssim=0.0290 mlw=0.0000]
epoch 29 step 3410  loss=0.022335  lr=3.97e-06  [rmse=0.0127 h1=0.0001 ssim=0.0350 mlw=0.0000]
epoch 29 step 3420  loss=0.022058  lr=3.61e-06  [rmse=0.0095 h1=0.0001 ssim=0.0268 mlw=0.0000]
epoch 29 step 3430  loss=0.022170  lr=3.28e-06  [rmse=0.0114 h1=0.0001 ssim=0.0297 mlw=0.0000]
epoch 29 step 3440  loss=0.022703  lr=2.97e-06  [rmse=0.0121 h1=0.0001 ssim=0.0305 mlw=0.0000]
epoch 29 step 3450  loss=0.022611  lr=2.68e-06  [rmse=0.0100 h1=0.0001 ssim=0.0302 mlw=0.0000]
INFO     [rank 0] Loss weights: rmse=1.0000, h1=50.0000,      vae_trainer.py:901
         ssim=0.1500, mlw=0.0000, kl=0.0000                                     
INFO     [rank 0] Epoch 29: train_loss=0.022560               vae_trainer.py:927
         val_loss=0.021580  val_VRMSE=0.064884  lr=2.66e-06                     
INFO     [rank 0] Metrics updated: metrics/metrics.csv,       vae_trainer.py:953
         metrics/loss_curves.png                                                
INFO     [rank 0] Saved 12 validation reconstruction PNGs    vae_trainer.py:1151
         for epoch 29                                                           
INFO     [rank 0] New best checkpoint (epoch 29,             vae_trainer.py:1251
         val_vrmse=0.064884):                                                   
         checkpoints/vae_shockwave_best.safetensors                             
INFO     [rank 0] Training state saved:                      vae_trainer.py:1327
         checkpoints/vae_shockwave_last.state.pt                                
INFO     [rank 0] Epoch 29 timing: train=1225.2s eval=191.2s  vae_trainer.py:991
         viz=29.8s ckpt=18.5s total=1465.5s                                     
epoch 30 step 3460  loss=0.020785  lr=2.42e-06  [rmse=0.0110 h1=0.0001 ssim=0.0320 mlw=0.0000]
epoch 30 step 3470  loss=0.021888  lr=2.17e-06  [rmse=0.0120 h1=0.0001 ssim=0.0338 mlw=0.0000]
epoch 30 step 3480  loss=0.021663  lr=1.95e-06  [rmse=0.0094 h1=0.0001 ssim=0.0284 mlw=0.0000]
epoch 30 step 3490  loss=0.021368  lr=1.75e-06  [rmse=0.0124 h1=0.0001 ssim=0.0331 mlw=0.0000]
