Directory where err and out file are logged: /dss/dsshome1/09/ge26qux3/work_wh/windinet
MASTER_ADDR: lrz-hgx-h100-005
MASTER_PORT: 58057
SLURM_NODEID: 0
SLURM_NNODES: 1
SLURM_GPUS_PER_NODE: 2
WORLD_SIZE: 2
CUDA_VISIBLE_DEVICES: 0,1
Job started at: Fri Aug 21 04:43:01 AM CEST 2026
batch_size=4 accum=4 output_dir=/mnt/result/finetune_vae_whole_structure_baseline_ep30_256res data_root=/mnt/data/train.h5
INFO     [rank 1] generated new fontManager                 font_manager.py:1639
INFO     [rank 0] generated new fontManager                 font_manager.py:1639
                          VAE Finetuning Configuration                          
┏━━━━━━━━━━━━━━━━━━━━━━━━━━━━━━━━━━━━━━┳━━━━━━━━━━━━━━━━━━━━━━━━━━━━━━━━━━━━━━━┓
┃ Parameter                            ┃ Value                                 ┃
┡━━━━━━━━━━━━━━━━━━━━━━━━━━━━━━━━━━━━━━╇━━━━━━━━━━━━━━━━━━━━━━━━━━━━━━━━━━━━━━━┩
│ model.model_source                   │ LTXV_2B_0.9.6_DEV                     │
│ model.load_checkpoint                │ None                                  │
│ adapter.enabled                      │ True                                  │
│ adapter.checkpoint                   │ None                                  │
│ adapter.channels                     │ ['density', 'momentum_x',             │
│                                      │ 'momentum_y', 'pressure']             │
│ adapter.mode                         │ inflate                               │
│ adapter.inflate_init                 │ zeros                                 │
│ adapter.inflate_copy_channel         │ None                                  │
│ adapter.freeze_conv_in               │ False                                 │
│ adapter.unfreeze_encoder_trunk       │ True                                  │
│ adapter.hidden_channels              │ 32                                    │
│ adapter.activation                   │ gelu                                  │
│ adapter.identity_init                │ False                                 │
│ adapter.default_temb                 │ 0.0                                   │
│ data.data_root                       │ /mnt/data/train.h5                    │
│ data.eval_sims                       │ 675                                   │
│ data.num_dataloader_workers          │ 4                                     │
│ data.num_sim_frames                  │ None                                  │
│ data.overfit_sims                    │ None                                  │
│ data.overfit_repeat                  │ 1                                     │
│ data.channel_mean                    │ [0.9050976477108856,                  │
│                                      │ 0.004045365949982484,                 │
│                                      │ -0.0019089379638760548, 0.9           │
│ data.channel_std                     │ [0.6618199912434938,                  │
│                                      │ 0.5335233432828087,                   │
│                                      │ 0.5268940723644505, 0.8053303         │
│ data.normalization_stats_file        │ None                                  │
│ data.normalization_clip              │ 5.0                                   │
│ data.channel_order                   │ ['density', 'momentum_x',             │
│                                      │ 'momentum_y', 'pressure']             │
│ data.log_transform_channels          │ []                                    │
│ optimization.learning_rate           │ 5e-05                                 │
│ optimization.min_learning_rate       │ 1e-06                                 │
│ optimization.scheduler_type          │ wsd                                   │
│ optimization.stable_fraction         │ 0.7                                   │
│ optimization.stable_end_epoch        │ None                                  │
│ optimization.plateau_factor          │ 0.5                                   │
│ optimization.plateau_patience        │ 3                                     │
│ optimization.plateau_threshold       │ 0.0001                                │
│ optimization.epochs                  │ 30                                    │
│ optimization.batch_size              │ 4                                     │
│ optimization.gradient_accumulation_… │ 4                                     │
│ optimization.max_grad_norm           │ 5.0                                   │
│ optimization.weight_decay            │ 0.0                                   │
│ optimization.warmup_steps            │ 200                                   │
│ optimization.warmup_start_factor     │ 0.01                                  │
│ optimization.enable_gradient_checkp… │ True                                  │
│ loss.wavelet                         │ db2                                   │
│ loss.spatial_level                   │ 2                                     │
│ loss.temporal_level                  │ 2                                     │
│ loss.mlw_beta                        │ 10.0                                  │
│ loss.mlw_eps                         │ 1e-06                                 │
│ loss_weighting.strategy              │ fixed                                 │
│ loss_weighting.weights               │ {'rmse': 1.0, 'h1': 50.0, 'ssim':     │
│                                      │ 0.15, 'mlw': 0.0}                     │
│ loss_weighting.loss_names            │ ['rmse', 'h1', 'ssim', 'mlw']         │
│ loss_weighting.alpha                 │ 1.5                                   │
│ loss_weighting.weight_lr             │ 0.025                                 │
│ loss_weighting.temperature           │ 0.1                                   │
│ visualization.enabled                │ True                                  │
│ visualization.interval_epochs        │ 1                                     │
│ visualization.num_samples            │ 3                                     │
│ visualization.frame_numbers          │ [25, 50, 75, 100]                     │
│ visualization.dpi                    │ 150                                   │
│ acceleration.mixed_precision_mode    │ bf16                                  │
│ acceleration.compile_with_inductor   │ False                                 │
│ acceleration.compilation_mode        │ reduce-overhead                       │
│ checkpoints.interval                 │ 1                                     │
│ checkpoints.keep_last_n              │ 1                                     │
│ checkpoints.save_best_only           │ True                                  │
│ checkpoints.best_metric              │ val_vrmse                             │
│ checkpoints.save_last_state          │ True                                  │
│ checkpoints.save_epochs              │ [15]                                  │
│ wandb.enabled                        │ False                                 │
│ wandb.project                        │ windinet                              │
│ wandb.entity                         │ None                                  │
│ wandb.tags                           │ ['vae', 'inflate', 'zeros-init',      │
│                                      │ 'wsd', '30ep', 'lr1x', 'shockwave-cfd │
│ seed                                 │ 42                                    │
│ output_dir                           │ /mnt/result/finetune_vae_whole_struc… │
│ clean_output_dir                     │ True                                  │
│ resume_from                          │ None                                  │
│ resume_weights_only                  │ False                                 │
└──────────────────────────────────────┴───────────────────────────────────────┘
INFO     [rank 0] Distributed training: 2 processes          vae_trainer.py:1429
INFO     [rank 1] HTTP Request: GET                              _client.py:1025
         https://huggingface.co/api/agent-harnesses "HTTP/1.1                   
         200 OK"                                                                
INFO     [rank 0] HTTP Request: GET                              _client.py:1025
         https://huggingface.co/api/agent-harnesses "HTTP/1.1                   
         200 OK"                                                                
INFO     [rank 1] HTTP Request: HEAD                             _client.py:1025
         https://huggingface.co/Lightricks/LTX-Video-0.9.5/resol                
         ve/main/vae/config.json "HTTP/1.1 307 Temporary                        
         Redirect"                                                              
INFO     [rank 1] HTTP Request: HEAD                             _client.py:1025
         https://huggingface.co/api/resolve-cache/models/Lightri                
         cks/LTX-Video-0.9.5/e58e28c39631af4d1468ee57a853764e11c                
         1d37e/vae%2Fconfig.json "HTTP/1.1 200 OK"                              
INFO     [rank 0] HTTP Request: HEAD                             _client.py:1025
         https://huggingface.co/Lightricks/LTX-Video-0.9.5/resol                
         ve/main/vae/config.json "HTTP/1.1 307 Temporary                        
         Redirect"                                                              
WARNING  [rank 0] Warning: You are sending unauthenticated requests _http.py:951
         to the HF Hub. Please set a HF_TOKEN to enable higher rate             
         limits and faster downloads.                                           
INFO     [rank 0] HTTP Request: HEAD                             _client.py:1025
         https://huggingface.co/api/resolve-cache/models/Lightri                
         cks/LTX-Video-0.9.5/e58e28c39631af4d1468ee57a853764e11c                
         1d37e/vae%2Fconfig.json "HTTP/1.1 200 OK"                              
INFO     [rank 1] HTTP Request: HEAD                             _client.py:1025
         https://huggingface.co/Lightricks/LTX-Video-0.9.5/resol                
         ve/e58e28c39631af4d1468ee57a853764e11c1d37e/vae/diffusi                
         on_pytorch_model.safetensors.index.json "HTTP/1.1 404                  
         Not Found"                                                             
WARNING  [rank 1] Warning: You are sending unauthenticated requests _http.py:951
         to the HF Hub. Please set a HF_TOKEN to enable higher rate             
         limits and faster downloads.                                           
INFO     [rank 0] HTTP Request: HEAD                             _client.py:1025
         https://huggingface.co/Lightricks/LTX-Video-0.9.5/resol                
         ve/e58e28c39631af4d1468ee57a853764e11c1d37e/vae/diffusi                
         on_pytorch_model.safetensors.index.json "HTTP/1.1 404                  
         Not Found"                                                             
INFO     [rank 0] VAE inflated to 4 native channels           vae_trainer.py:197
         (init=zeros); encoder.conv_in is trainable                             
INFO     [rank 0] Encoder extra modules UNFROZEN:             vae_trainer.py:254
         down_blocks[0, 1, 2] + tail                                            
         (down_blocks[-1]+mid_block+norm_out+conv_out)                          
INFO     [rank 0] VAE gradient checkpointing enabled          vae_trainer.py:265
INFO     [rank 0] VAE loaded. Decoder params: 552,869,953     vae_trainer.py:271
INFO     [rank 0] Trainable parameters:                       vae_trainer.py:342
         encoder_conv_in=221,312, encoder_extra=693,932,865,                    
         decoder=552,869,953, in_adapter=0, out_adapter=0                       
INFO     [rank 0] Dataset: 3825 train, 675 eval samples       vae_trainer.py:606
INFO     [rank 0] encoder.conv_in LR = 5.00e-05 (== decoder   vae_trainer.py:630
         LR)                                                                    
INFO     [rank 0] encoder extra (down_blocks[0, 1, 2]+tail)   vae_trainer.py:641
         LR = 5.00e-05 (== decoder LR)                                          
INFO     [rank 0] LR schedule 'wsd': 3600 steps (200 warmup,  vae_trainer.py:732
         2380 stable, 1020 anneal), peak 5.00e-05 -> floor                      
         1.00e-06                                                               
INFO     [rank 0] Cleaned output directory:                  vae_trainer.py:1394
         /mnt/result/finetune_vae_whole_structure_baseline_e                    
         p30_256res                                                             
INFO     [rank 0] Config saved:                              vae_trainer.py:1461
         /mnt/result/finetune_vae_whole_structure_baseline_e                    
         p30_256res/training_config.yaml                                        
INFO     [rank 0] Starting VAE decoder finetuning...          vae_trainer.py:780
epoch 1 step 10  loss=0.122582  lr=2.98e-06  [rmse=0.1174 h1=0.0002 ssim=0.2608 mlw=0.0000]
epoch 1 step 20  loss=0.124571  lr=5.45e-06  [rmse=0.2013 h1=0.0003 ssim=0.2709 mlw=0.0000]
epoch 1 step 30  loss=0.122356  lr=7.93e-06  [rmse=0.0487 h1=0.0002 ssim=0.2144 mlw=0.0000]
epoch 1 step 40  loss=0.119625  lr=1.04e-05  [rmse=0.0923 h1=0.0002 ssim=0.1630 mlw=0.0000]
epoch 1 step 50  loss=0.115587  lr=1.29e-05  [rmse=0.0280 h1=0.0001 ssim=0.1593 mlw=0.0000]
epoch 1 step 60  loss=0.111737  lr=1.54e-05  [rmse=0.0380 h1=0.0003 ssim=0.1908 mlw=0.0000]
epoch 1 step 70  loss=0.105252  lr=1.78e-05  [rmse=0.0221 h1=0.0001 ssim=0.1565 mlw=0.0000]
epoch 1 step 80  loss=0.099284  lr=2.03e-05  [rmse=0.0176 h1=0.0001 ssim=0.0993 mlw=0.0000]
epoch 1 step 90  loss=0.094736  lr=2.28e-05  [rmse=0.0406 h1=0.0004 ssim=0.1353 mlw=0.0000]
epoch 1 step 100  loss=0.090358  lr=2.53e-05  [rmse=0.0232 h1=0.0002 ssim=0.1288 mlw=0.0000]
epoch 1 step 110  loss=0.087359  lr=2.77e-05  [rmse=0.0206 h1=0.0001 ssim=0.1451 mlw=0.0000]
epoch 1 step 120  loss=0.086953  lr=3.02e-05  [rmse=0.0490 h1=0.0002 ssim=0.2890 mlw=0.0000]
INFO     [rank 0] Loss weights: rmse=1.0000, h1=50.0000,      vae_trainer.py:950
         ssim=0.1500, mlw=0.0000                                                
INFO     [rank 0] Epoch 1: train_loss=0.086953                vae_trainer.py:989
         val_loss=0.111629  val_VRMSE=0.381140  lr=3.02e-05                     
INFO     [rank 0] Metrics updated: metrics/metrics.csv,      vae_trainer.py:1015
         metrics/loss_curves.png                                                
INFO     [rank 0] Saved 12 validation reconstruction PNGs    vae_trainer.py:1208
         for epoch 1                                                            
INFO     [rank 0] New best checkpoint (epoch 1,              vae_trainer.py:1307
         val_vrmse=0.381140):                                                   
         checkpoints/vae_shockwave_best.safetensors                             
INFO     [rank 0] Training state saved:                      vae_trainer.py:1383
         checkpoints/vae_shockwave_last.state.pt                                
INFO     [rank 0] Epoch 1 timing: train=1255.7s eval=194.8s  vae_trainer.py:1048
         viz=30.7s ckpt=18.6s total=1500.5s                                     
epoch 2 step 130  loss=0.080506  lr=3.27e-05  [rmse=0.0405 h1=0.0002 ssim=0.2581 mlw=0.0000]
epoch 2 step 140  loss=0.082583  lr=3.52e-05  [rmse=0.0336 h1=0.0001 ssim=0.2233 mlw=0.0000]
epoch 2 step 150  loss=0.078160  lr=3.76e-05  [rmse=0.0218 h1=0.0001 ssim=0.1038 mlw=0.0000]
epoch 2 step 160  loss=0.077261  lr=4.01e-05  [rmse=0.0689 h1=0.0002 ssim=0.2375 mlw=0.0000]
epoch 2 step 170  loss=0.077102  lr=4.26e-05  [rmse=0.0334 h1=0.0002 ssim=0.1999 mlw=0.0000]
epoch 2 step 180  loss=0.076155  lr=4.51e-05  [rmse=0.0366 h1=0.0002 ssim=0.1587 mlw=0.0000]
epoch 2 step 190  loss=0.073970  lr=4.75e-05  [rmse=0.0321 h1=0.0002 ssim=0.1717 mlw=0.0000]
epoch 2 step 200  loss=0.072859  lr=5.00e-05  [rmse=0.0219 h1=0.0001 ssim=0.1430 mlw=0.0000]
epoch 2 step 210  loss=0.073069  lr=5.00e-05  [rmse=0.0392 h1=0.0003 ssim=0.2294 mlw=0.0000]
epoch 2 step 220  loss=0.071563  lr=5.00e-05  [rmse=0.0319 h1=0.0003 ssim=0.1395 mlw=0.0000]
epoch 2 step 230  loss=0.070292  lr=5.00e-05  [rmse=0.0295 h1=0.0002 ssim=0.1712 mlw=0.0000]
epoch 2 step 240  loss=0.068774  lr=5.00e-05  [rmse=0.0265 h1=0.0001 ssim=0.1181 mlw=0.0000]
INFO     [rank 0] Loss weights: rmse=1.0000, h1=50.0000,      vae_trainer.py:950
         ssim=0.1500, mlw=0.0000                                                
INFO     [rank 0] Epoch 2: train_loss=0.068774                vae_trainer.py:989
         val_loss=0.043814  val_VRMSE=0.136245  lr=5.00e-05                     
INFO     [rank 0] Metrics updated: metrics/metrics.csv,      vae_trainer.py:1015
         metrics/loss_curves.png                                                
INFO     [rank 0] Saved 12 validation reconstruction PNGs    vae_trainer.py:1208
         for epoch 2                                                            
INFO     [rank 0] New best checkpoint (epoch 2,              vae_trainer.py:1307
         val_vrmse=0.136245):                                                   
         checkpoints/vae_shockwave_best.safetensors                             
INFO     [rank 0] Training state saved:                      vae_trainer.py:1383
         checkpoints/vae_shockwave_last.state.pt                                
INFO     [rank 0] Epoch 2 timing: train=1237.3s eval=195.3s  vae_trainer.py:1048
         viz=31.2s ckpt=18.1s total=1482.6s                                     
epoch 3 step 250  loss=0.061496  lr=5.00e-05  [rmse=0.0281 h1=0.0002 ssim=0.1261 mlw=0.0000]
epoch 3 step 260  loss=0.059745  lr=5.00e-05  [rmse=0.0234 h1=0.0002 ssim=0.0995 mlw=0.0000]
epoch 3 step 270  loss=0.055944  lr=5.00e-05  [rmse=0.0155 h1=0.0001 ssim=0.0778 mlw=0.0000]
epoch 3 step 280  loss=0.053627  lr=5.00e-05  [rmse=0.0195 h1=0.0001 ssim=0.1462 mlw=0.0000]
epoch 3 step 290  loss=0.051067  lr=5.00e-05  [rmse=0.0182 h1=0.0001 ssim=0.0717 mlw=0.0000]
epoch 3 step 300  loss=0.048648  lr=5.00e-05  [rmse=0.0236 h1=0.0002 ssim=0.1640 mlw=0.0000]
epoch 3 step 310  loss=0.047085  lr=5.00e-05  [rmse=0.0149 h1=0.0001 ssim=0.0828 mlw=0.0000]
epoch 3 step 320  loss=0.045210  lr=5.00e-05  [rmse=0.0182 h1=0.0002 ssim=0.0599 mlw=0.0000]
epoch 3 step 330  loss=0.043985  lr=5.00e-05  [rmse=0.0190 h1=0.0002 ssim=0.0751 mlw=0.0000]
epoch 3 step 340  loss=0.042814  lr=5.00e-05  [rmse=0.0168 h1=0.0001 ssim=0.0662 mlw=0.0000]
epoch 3 step 350  loss=0.042595  lr=5.00e-05  [rmse=0.0243 h1=0.0002 ssim=0.0907 mlw=0.0000]
epoch 3 step 360  loss=0.042446  lr=5.00e-05  [rmse=0.0196 h1=0.0002 ssim=0.0661 mlw=0.0000]
INFO     [rank 0] Loss weights: rmse=1.0000, h1=50.0000,      vae_trainer.py:950
         ssim=0.1500, mlw=0.0000                                                
INFO     [rank 0] Epoch 3: train_loss=0.042446                vae_trainer.py:989
         val_loss=0.038555  val_VRMSE=0.125253  lr=5.00e-05                     
INFO     [rank 0] Metrics updated: metrics/metrics.csv,      vae_trainer.py:1015
         metrics/loss_curves.png                                                
INFO     [rank 0] Saved 12 validation reconstruction PNGs    vae_trainer.py:1208
         for epoch 3                                                            
INFO     [rank 0] New best checkpoint (epoch 3,              vae_trainer.py:1307
         val_vrmse=0.125253):                                                   
         checkpoints/vae_shockwave_best.safetensors                             
INFO     [rank 0] Training state saved:                      vae_trainer.py:1383
         checkpoints/vae_shockwave_last.state.pt                                
INFO     [rank 0] Epoch 3 timing: train=1238.3s eval=195.4s  vae_trainer.py:1048
         viz=30.5s ckpt=18.2s total=1483.2s                                     
epoch 4 step 370  loss=0.035730  lr=5.00e-05  [rmse=0.0095 h1=0.0000 ssim=0.0563 mlw=0.0000]
epoch 4 step 380  loss=0.035260  lr=5.00e-05  [rmse=0.0135 h1=0.0001 ssim=0.0725 mlw=0.0000]
epoch 4 step 390  loss=0.035929  lr=5.00e-05  [rmse=0.0239 h1=0.0003 ssim=0.1014 mlw=0.0000]
epoch 4 step 400  loss=0.035453  lr=5.00e-05  [rmse=0.0133 h1=0.0001 ssim=0.0628 mlw=0.0000]
epoch 4 step 410  loss=0.035869  lr=5.00e-05  [rmse=0.0162 h1=0.0001 ssim=0.1016 mlw=0.0000]
epoch 4 step 420  loss=0.035901  lr=5.00e-05  [rmse=0.0111 h1=0.0000 ssim=0.0781 mlw=0.0000]
epoch 4 step 430  loss=0.036200  lr=5.00e-05  [rmse=0.0086 h1=0.0000 ssim=0.0336 mlw=0.0000]
epoch 4 step 440  loss=0.036720  lr=5.00e-05  [rmse=0.0197 h1=0.0001 ssim=0.1015 mlw=0.0000]
epoch 4 step 450  loss=0.037094  lr=5.00e-05  [rmse=0.0196 h1=0.0002 ssim=0.0655 mlw=0.0000]
epoch 4 step 460  loss=0.036713  lr=5.00e-05  [rmse=0.0170 h1=0.0002 ssim=0.0808 mlw=0.0000]
epoch 4 step 470  loss=0.036777  lr=5.00e-05  [rmse=0.0134 h1=0.0001 ssim=0.0495 mlw=0.0000]
epoch 4 step 480  loss=0.036389  lr=5.00e-05  [rmse=0.0152 h1=0.0001 ssim=0.0739 mlw=0.0000]
INFO     [rank 0] Loss weights: rmse=1.0000, h1=50.0000,      vae_trainer.py:950
         ssim=0.1500, mlw=0.0000                                                
INFO     [rank 0] Epoch 4: train_loss=0.036389                vae_trainer.py:989
         val_loss=0.031889  val_VRMSE=0.104116  lr=5.00e-05                     
INFO     [rank 0] Metrics updated: metrics/metrics.csv,      vae_trainer.py:1015
         metrics/loss_curves.png                                                
INFO     [rank 0] Saved 12 validation reconstruction PNGs    vae_trainer.py:1208
         for epoch 4                                                            
INFO     [rank 0] New best checkpoint (epoch 4,              vae_trainer.py:1307
         val_vrmse=0.104116):                                                   
         checkpoints/vae_shockwave_best.safetensors                             
INFO     [rank 0] Training state saved:                      vae_trainer.py:1383
         checkpoints/vae_shockwave_last.state.pt                                
INFO     [rank 0] Epoch 4 timing: train=1236.0s eval=194.2s  vae_trainer.py:1048
         viz=30.4s ckpt=19.4s total=1480.8s                                     
epoch 5 step 490  loss=0.033184  lr=5.00e-05  [rmse=0.0397 h1=0.0005 ssim=0.0823 mlw=0.0000]
epoch 5 step 500  loss=0.033734  lr=5.00e-05  [rmse=0.0137 h1=0.0001 ssim=0.0615 mlw=0.0000]
epoch 5 step 510  loss=0.032826  lr=5.00e-05  [rmse=0.0142 h1=0.0001 ssim=0.0668 mlw=0.0000]
epoch 5 step 520  loss=0.033423  lr=5.00e-05  [rmse=0.0230 h1=0.0001 ssim=0.0726 mlw=0.0000]
epoch 5 step 530  loss=0.034697  lr=5.00e-05  [rmse=0.0094 h1=0.0000 ssim=0.0392 mlw=0.0000]
epoch 5 step 540  loss=0.035353  lr=5.00e-05  [rmse=0.0139 h1=0.0001 ssim=0.0512 mlw=0.0000]
epoch 5 step 550  loss=0.035640  lr=5.00e-05  [rmse=0.0193 h1=0.0002 ssim=0.0978 mlw=0.0000]
epoch 5 step 560  loss=0.035114  lr=5.00e-05  [rmse=0.0137 h1=0.0001 ssim=0.0576 mlw=0.0000]
epoch 5 step 570  loss=0.034677  lr=5.00e-05  [rmse=0.0169 h1=0.0002 ssim=0.0758 mlw=0.0000]
epoch 5 step 580  loss=0.034207  lr=5.00e-05  [rmse=0.0106 h1=0.0001 ssim=0.0422 mlw=0.0000]
epoch 5 step 590  loss=0.033890  lr=5.00e-05  [rmse=0.0144 h1=0.0001 ssim=0.0533 mlw=0.0000]
epoch 5 step 600  loss=0.033543  lr=5.00e-05  [rmse=0.0145 h1=0.0001 ssim=0.0515 mlw=0.0000]
INFO     [rank 0] Loss weights: rmse=1.0000, h1=50.0000,      vae_trainer.py:950
         ssim=0.1500, mlw=0.0000                                                
INFO     [rank 0] Epoch 5: train_loss=0.033543                vae_trainer.py:989
         val_loss=0.029441  val_VRMSE=0.093857  lr=5.00e-05                     
INFO     [rank 0] Metrics updated: metrics/metrics.csv,      vae_trainer.py:1015
         metrics/loss_curves.png                                                
INFO     [rank 0] Saved 12 validation reconstruction PNGs    vae_trainer.py:1208
         for epoch 5                                                            
INFO     [rank 0] New best checkpoint (epoch 5,              vae_trainer.py:1307
         val_vrmse=0.093857):                                                   
         checkpoints/vae_shockwave_best.safetensors                             
INFO     [rank 0] Training state saved:                      vae_trainer.py:1383
         checkpoints/vae_shockwave_last.state.pt                                
INFO     [rank 0] Epoch 5 timing: train=1238.3s eval=195.0s  vae_trainer.py:1048
         viz=29.6s ckpt=18.1s total=1481.7s                                     
epoch 6 step 610  loss=0.028129  lr=5.00e-05  [rmse=0.0136 h1=0.0001 ssim=0.0569 mlw=0.0000]
epoch 6 step 620  loss=0.028521  lr=5.00e-05  [rmse=0.0096 h1=0.0001 ssim=0.0414 mlw=0.0000]
epoch 6 step 630  loss=0.028860  lr=5.00e-05  [rmse=0.0100 h1=0.0000 ssim=0.0417 mlw=0.0000]
epoch 6 step 640  loss=0.029705  lr=5.00e-05  [rmse=0.0149 h1=0.0001 ssim=0.0552 mlw=0.0000]
epoch 6 step 650  loss=0.030160  lr=5.00e-05  [rmse=0.0203 h1=0.0003 ssim=0.0925 mlw=0.0000]
epoch 6 step 660  loss=0.030311  lr=5.00e-05  [rmse=0.0128 h1=0.0001 ssim=0.0706 mlw=0.0000]
epoch 6 step 670  loss=0.030498  lr=5.00e-05  [rmse=0.0174 h1=0.0001 ssim=0.0942 mlw=0.0000]
epoch 6 step 680  loss=0.030550  lr=5.00e-05  [rmse=0.0171 h1=0.0002 ssim=0.0580 mlw=0.0000]
epoch 6 step 690  loss=0.030371  lr=5.00e-05  [rmse=0.0086 h1=0.0000 ssim=0.0383 mlw=0.0000]
epoch 6 step 700  loss=0.030498  lr=5.00e-05  [rmse=0.0129 h1=0.0001 ssim=0.0677 mlw=0.0000]
epoch 6 step 710  loss=0.030312  lr=5.00e-05  [rmse=0.0120 h1=0.0001 ssim=0.0525 mlw=0.0000]
epoch 6 step 720  loss=0.030497  lr=5.00e-05  [rmse=0.0139 h1=0.0001 ssim=0.0498 mlw=0.0000]
INFO     [rank 0] Loss weights: rmse=1.0000, h1=50.0000,      vae_trainer.py:950
         ssim=0.1500, mlw=0.0000                                                
INFO     [rank 0] Epoch 6: train_loss=0.030497                vae_trainer.py:989
         val_loss=0.028695  val_VRMSE=0.092595  lr=5.00e-05                     
INFO     [rank 0] Metrics updated: metrics/metrics.csv,      vae_trainer.py:1015
         metrics/loss_curves.png                                                
INFO     [rank 0] Saved 12 validation reconstruction PNGs    vae_trainer.py:1208
         for epoch 6                                                            
INFO     [rank 0] New best checkpoint (epoch 6,              vae_trainer.py:1307
         val_vrmse=0.092595):                                                   
         checkpoints/vae_shockwave_best.safetensors                             
INFO     [rank 0] Training state saved:                      vae_trainer.py:1383
         checkpoints/vae_shockwave_last.state.pt                                
INFO     [rank 0] Epoch 6 timing: train=1236.4s eval=192.5s  vae_trainer.py:1048
         viz=30.2s ckpt=18.7s total=1478.6s                                     
epoch 7 step 730  loss=0.028045  lr=5.00e-05  [rmse=0.0130 h1=0.0001 ssim=0.0684 mlw=0.0000]
epoch 7 step 740  loss=0.028882  lr=5.00e-05  [rmse=0.0229 h1=0.0003 ssim=0.0697 mlw=0.0000]
epoch 7 step 750  loss=0.029446  lr=5.00e-05  [rmse=0.0187 h1=0.0002 ssim=0.0708 mlw=0.0000]
epoch 7 step 760  loss=0.029735  lr=5.00e-05  [rmse=0.0136 h1=0.0001 ssim=0.0890 mlw=0.0000]
epoch 7 step 770  loss=0.029963  lr=5.00e-05  [rmse=0.0196 h1=0.0002 ssim=0.0737 mlw=0.0000]
epoch 7 step 780  loss=0.030172  lr=5.00e-05  [rmse=0.0139 h1=0.0001 ssim=0.0634 mlw=0.0000]
epoch 7 step 790  loss=0.029673  lr=5.00e-05  [rmse=0.0286 h1=0.0006 ssim=0.0816 mlw=0.0000]
epoch 7 step 800  loss=0.029613  lr=5.00e-05  [rmse=0.0124 h1=0.0001 ssim=0.0558 mlw=0.0000]
epoch 7 step 810  loss=0.029547  lr=5.00e-05  [rmse=0.0098 h1=0.0001 ssim=0.0548 mlw=0.0000]
epoch 7 step 820  loss=0.029623  lr=5.00e-05  [rmse=0.0240 h1=0.0003 ssim=0.1012 mlw=0.0000]
epoch 7 step 830  loss=0.030455  lr=5.00e-05  [rmse=0.0262 h1=0.0003 ssim=0.0969 mlw=0.0000]
epoch 7 step 840  loss=0.031076  lr=5.00e-05  [rmse=0.0181 h1=0.0001 ssim=0.0839 mlw=0.0000]
INFO     [rank 0] Loss weights: rmse=1.0000, h1=50.0000,      vae_trainer.py:950
         ssim=0.1500, mlw=0.0000                                                
INFO     [rank 0] Epoch 7: train_loss=0.031076                vae_trainer.py:989
         val_loss=0.029019  val_VRMSE=0.094928  lr=5.00e-05                     
INFO     [rank 0] Metrics updated: metrics/metrics.csv,      vae_trainer.py:1015
         metrics/loss_curves.png                                                
INFO     [rank 0] Saved 12 validation reconstruction PNGs    vae_trainer.py:1208
         for epoch 7                                                            
INFO     [rank 0] Training state saved:                      vae_trainer.py:1383
         checkpoints/vae_shockwave_last.state.pt                                
INFO     [rank 0] Epoch 7 timing: train=1235.4s eval=192.0s  vae_trainer.py:1048
         viz=30.3s ckpt=17.5s total=1475.9s                                     
epoch 8 step 850  loss=0.029982  lr=5.00e-05  [rmse=0.0101 h1=0.0001 ssim=0.0389 mlw=0.0000]
epoch 8 step 860  loss=0.029836  lr=5.00e-05  [rmse=0.0174 h1=0.0002 ssim=0.0644 mlw=0.0000]
epoch 8 step 870  loss=0.029010  lr=5.00e-05  [rmse=0.0086 h1=0.0000 ssim=0.0442 mlw=0.0000]
epoch 8 step 880  loss=0.029055  lr=5.00e-05  [rmse=0.0208 h1=0.0002 ssim=0.0534 mlw=0.0000]
epoch 8 step 890  loss=0.028687  lr=5.00e-05  [rmse=0.0169 h1=0.0001 ssim=0.0440 mlw=0.0000]
epoch 8 step 900  loss=0.028163  lr=5.00e-05  [rmse=0.0121 h1=0.0001 ssim=0.0324 mlw=0.0000]
epoch 8 step 910  loss=0.028074  lr=5.00e-05  [rmse=0.0273 h1=0.0003 ssim=0.0778 mlw=0.0000]
epoch 8 step 920  loss=0.028051  lr=5.00e-05  [rmse=0.0100 h1=0.0001 ssim=0.0513 mlw=0.0000]
epoch 8 step 930  loss=0.028509  lr=5.00e-05  [rmse=0.0275 h1=0.0004 ssim=0.0642 mlw=0.0000]
epoch 8 step 940  loss=0.028359  lr=5.00e-05  [rmse=0.0120 h1=0.0001 ssim=0.0429 mlw=0.0000]
epoch 8 step 950  loss=0.028065  lr=5.00e-05  [rmse=0.0071 h1=0.0000 ssim=0.0247 mlw=0.0000]
epoch 8 step 960  loss=0.028033  lr=5.00e-05  [rmse=0.0228 h1=0.0002 ssim=0.0943 mlw=0.0000]
INFO     [rank 0] Loss weights: rmse=1.0000, h1=50.0000,      vae_trainer.py:950
         ssim=0.1500, mlw=0.0000                                                
INFO     [rank 0] Epoch 8: train_loss=0.028033                vae_trainer.py:989
         val_loss=0.027008  val_VRMSE=0.092785  lr=5.00e-05                     
INFO     [rank 0] Metrics updated: metrics/metrics.csv,      vae_trainer.py:1015
         metrics/loss_curves.png                                                
INFO     [rank 0] Saved 12 validation reconstruction PNGs    vae_trainer.py:1208
         for epoch 8                                                            
INFO     [rank 0] Training state saved:                      vae_trainer.py:1383
         checkpoints/vae_shockwave_last.state.pt                                
INFO     [rank 0] Epoch 8 timing: train=1236.7s eval=193.4s  vae_trainer.py:1048
         viz=30.3s ckpt=17.1s total=1478.2s                                     
epoch 9 step 970  loss=0.035807  lr=5.00e-05  [rmse=0.0119 h1=0.0001 ssim=0.0530 mlw=0.0000]
epoch 9 step 980  loss=0.033290  lr=5.00e-05  [rmse=0.0177 h1=0.0001 ssim=0.0696 mlw=0.0000]
epoch 9 step 990  loss=0.032864  lr=5.00e-05  [rmse=0.0169 h1=0.0001 ssim=0.0732 mlw=0.0000]
epoch 9 step 1000  loss=0.031778  lr=5.00e-05  [rmse=0.0117 h1=0.0001 ssim=0.0515 mlw=0.0000]
epoch 9 step 1010  loss=0.030669  lr=5.00e-05  [rmse=0.0142 h1=0.0001 ssim=0.0499 mlw=0.0000]
epoch 9 step 1020  loss=0.029988  lr=5.00e-05  [rmse=0.0154 h1=0.0002 ssim=0.0545 mlw=0.0000]
epoch 9 step 1030  loss=0.029776  lr=5.00e-05  [rmse=0.0153 h1=0.0001 ssim=0.0738 mlw=0.0000]
epoch 9 step 1040  loss=0.029400  lr=5.00e-05  [rmse=0.0100 h1=0.0001 ssim=0.0551 mlw=0.0000]
epoch 9 step 1050  loss=0.029189  lr=5.00e-05  [rmse=0.0096 h1=0.0001 ssim=0.0511 mlw=0.0000]
epoch 9 step 1060  loss=0.028903  lr=5.00e-05  [rmse=0.0086 h1=0.0000 ssim=0.0415 mlw=0.0000]
epoch 9 step 1070  loss=0.028874  lr=5.00e-05  [rmse=0.0161 h1=0.0002 ssim=0.0549 mlw=0.0000]
epoch 9 step 1080  loss=0.028708  lr=5.00e-05  [rmse=0.0132 h1=0.0001 ssim=0.0305 mlw=0.0000]
INFO     [rank 0] Loss weights: rmse=1.0000, h1=50.0000,      vae_trainer.py:950
         ssim=0.1500, mlw=0.0000                                                
INFO     [rank 0] Epoch 9: train_loss=0.028708                vae_trainer.py:989
         val_loss=0.023919  val_VRMSE=0.077835  lr=5.00e-05                     
INFO     [rank 0] Metrics updated: metrics/metrics.csv,      vae_trainer.py:1015
         metrics/loss_curves.png                                                
INFO     [rank 0] Saved 12 validation reconstruction PNGs    vae_trainer.py:1208
         for epoch 9                                                            
INFO     [rank 0] New best checkpoint (epoch 9,              vae_trainer.py:1307
         val_vrmse=0.077835):                                                   
         checkpoints/vae_shockwave_best.safetensors                             
INFO     [rank 0] Training state saved:                      vae_trainer.py:1383
         checkpoints/vae_shockwave_last.state.pt                                
INFO     [rank 0] Epoch 9 timing: train=1236.4s eval=192.5s  vae_trainer.py:1048
         viz=31.1s ckpt=18.3s total=1479.3s                                     
epoch 10 step 1090  loss=0.024866  lr=5.00e-05  [rmse=0.0110 h1=0.0001 ssim=0.0418 mlw=0.0000]
epoch 10 step 1100  loss=0.026178  lr=5.00e-05  [rmse=0.0058 h1=0.0000 ssim=0.0242 mlw=0.0000]
epoch 10 step 1110  loss=0.026792  lr=5.00e-05  [rmse=0.0110 h1=0.0001 ssim=0.0480 mlw=0.0000]
epoch 10 step 1120  loss=0.027206  lr=5.00e-05  [rmse=0.0069 h1=0.0000 ssim=0.0336 mlw=0.0000]
epoch 10 step 1130  loss=0.027046  lr=5.00e-05  [rmse=0.0136 h1=0.0001 ssim=0.0493 mlw=0.0000]
epoch 10 step 1140  loss=0.027160  lr=5.00e-05  [rmse=0.0108 h1=0.0001 ssim=0.0455 mlw=0.0000]
epoch 10 step 1150  loss=0.027347  lr=5.00e-05  [rmse=0.0148 h1=0.0002 ssim=0.0610 mlw=0.0000]
epoch 10 step 1160  loss=0.027440  lr=5.00e-05  [rmse=0.0100 h1=0.0000 ssim=0.0321 mlw=0.0000]
epoch 10 step 1170  loss=0.027613  lr=5.00e-05  [rmse=0.0165 h1=0.0002 ssim=0.0602 mlw=0.0000]
epoch 10 step 1180  loss=0.027556  lr=5.00e-05  [rmse=0.0109 h1=0.0001 ssim=0.0538 mlw=0.0000]
epoch 10 step 1190  loss=0.027340  lr=5.00e-05  [rmse=0.0164 h1=0.0002 ssim=0.0796 mlw=0.0000]
epoch 10 step 1200  loss=0.027379  lr=5.00e-05  [rmse=0.0079 h1=0.0000 ssim=0.0616 mlw=0.0000]
INFO     [rank 0] Loss weights: rmse=1.0000, h1=50.0000,      vae_trainer.py:950
         ssim=0.1500, mlw=0.0000                                                
INFO     [rank 0] Epoch 10: train_loss=0.027379               vae_trainer.py:989
         val_loss=0.027722  val_VRMSE=0.091455  lr=5.00e-05                     
INFO     [rank 0] Metrics updated: metrics/metrics.csv,      vae_trainer.py:1015
         metrics/loss_curves.png                                                
INFO     [rank 0] Saved 12 validation reconstruction PNGs    vae_trainer.py:1208
         for epoch 10                                                           
INFO     [rank 0] Training state saved:                      vae_trainer.py:1383
         checkpoints/vae_shockwave_last.state.pt                                
INFO     [rank 0] Epoch 10 timing: train=1236.5s eval=194.5s vae_trainer.py:1048
         viz=30.1s ckpt=17.3s total=1479.2s                                     
epoch 11 step 1210  loss=0.029346  lr=5.00e-05  [rmse=0.0130 h1=0.0001 ssim=0.0599 mlw=0.0000]
epoch 11 step 1220  loss=0.028618  lr=5.00e-05  [rmse=0.0199 h1=0.0002 ssim=0.0595 mlw=0.0000]
epoch 11 step 1230  loss=0.027622  lr=5.00e-05  [rmse=0.0200 h1=0.0002 ssim=0.0397 mlw=0.0000]
epoch 11 step 1240  loss=0.027376  lr=5.00e-05  [rmse=0.0079 h1=0.0000 ssim=0.0267 mlw=0.0000]
epoch 11 step 1250  loss=0.027156  lr=5.00e-05  [rmse=0.0222 h1=0.0003 ssim=0.0569 mlw=0.0000]
epoch 11 step 1260  loss=0.027761  lr=5.00e-05  [rmse=0.0178 h1=0.0001 ssim=0.0511 mlw=0.0000]
epoch 11 step 1270  loss=0.028583  lr=5.00e-05  [rmse=0.0199 h1=0.0003 ssim=0.0526 mlw=0.0000]
epoch 11 step 1280  loss=0.028154  lr=5.00e-05  [rmse=0.0057 h1=0.0000 ssim=0.0397 mlw=0.0000]
epoch 11 step 1290  loss=0.027749  lr=5.00e-05  [rmse=0.0114 h1=0.0001 ssim=0.0395 mlw=0.0000]
epoch 11 step 1300  loss=0.027295  lr=5.00e-05  [rmse=0.0074 h1=0.0000 ssim=0.0266 mlw=0.0000]
epoch 11 step 1310  loss=0.027330  lr=5.00e-05  [rmse=0.0157 h1=0.0002 ssim=0.0678 mlw=0.0000]
epoch 11 step 1320  loss=0.027308  lr=5.00e-05  [rmse=0.0124 h1=0.0001 ssim=0.0423 mlw=0.0000]
INFO     [rank 0] Loss weights: rmse=1.0000, h1=50.0000,      vae_trainer.py:950
         ssim=0.1500, mlw=0.0000                                                
INFO     [rank 0] Epoch 11: train_loss=0.027308               vae_trainer.py:989
         val_loss=0.023633  val_VRMSE=0.076032  lr=5.00e-05                     
INFO     [rank 0] Metrics updated: metrics/metrics.csv,      vae_trainer.py:1015
         metrics/loss_curves.png                                                
INFO     [rank 0] Saved 12 validation reconstruction PNGs    vae_trainer.py:1208
         for epoch 11                                                           
INFO     [rank 0] New best checkpoint (epoch 11,             vae_trainer.py:1307
         val_vrmse=0.076032):                                                   
         checkpoints/vae_shockwave_best.safetensors                             
INFO     [rank 0] Training state saved:                      vae_trainer.py:1383
         checkpoints/vae_shockwave_last.state.pt                                
INFO     [rank 0] Epoch 11 timing: train=1235.8s eval=197.3s vae_trainer.py:1048
         viz=30.2s ckpt=18.3s total=1482.3s                                     
epoch 12 step 1330  loss=0.024912  lr=5.00e-05  [rmse=0.0075 h1=0.0000 ssim=0.0306 mlw=0.0000]
epoch 12 step 1340  loss=0.026411  lr=5.00e-05  [rmse=0.0176 h1=0.0002 ssim=0.0631 mlw=0.0000]
epoch 12 step 1350  loss=0.027346  lr=5.00e-05  [rmse=0.0149 h1=0.0001 ssim=0.0879 mlw=0.0000]
epoch 12 step 1360  loss=0.028255  lr=5.00e-05  [rmse=0.0116 h1=0.0000 ssim=0.0502 mlw=0.0000]
epoch 12 step 1370  loss=0.027663  lr=5.00e-05  [rmse=0.0109 h1=0.0001 ssim=0.0459 mlw=0.0000]
epoch 12 step 1380  loss=0.028057  lr=5.00e-05  [rmse=0.0107 h1=0.0001 ssim=0.0563 mlw=0.0000]
epoch 12 step 1390  loss=0.027756  lr=5.00e-05  [rmse=0.0164 h1=0.0002 ssim=0.0607 mlw=0.0000]
epoch 12 step 1400  loss=0.027520  lr=5.00e-05  [rmse=0.0198 h1=0.0003 ssim=0.0725 mlw=0.0000]
epoch 12 step 1410  loss=0.027371  lr=5.00e-05  [rmse=0.0282 h1=0.0002 ssim=0.0614 mlw=0.0000]
epoch 12 step 1420  loss=0.027419  lr=5.00e-05  [rmse=0.0202 h1=0.0001 ssim=0.0547 mlw=0.0000]
epoch 12 step 1430  loss=0.027472  lr=5.00e-05  [rmse=0.0215 h1=0.0002 ssim=0.0563 mlw=0.0000]
epoch 12 step 1440  loss=0.027696  lr=5.00e-05  [rmse=0.0146 h1=0.0001 ssim=0.0655 mlw=0.0000]
INFO     [rank 0] Loss weights: rmse=1.0000, h1=50.0000,      vae_trainer.py:950
         ssim=0.1500, mlw=0.0000                                                
INFO     [rank 0] Epoch 12: train_loss=0.027696               vae_trainer.py:989
         val_loss=0.024657  val_VRMSE=0.079724  lr=5.00e-05                     
INFO     [rank 0] Metrics updated: metrics/metrics.csv,      vae_trainer.py:1015
         metrics/loss_curves.png                                                
INFO     [rank 0] Saved 12 validation reconstruction PNGs    vae_trainer.py:1208
         for epoch 12                                                           
INFO     [rank 0] Training state saved:                      vae_trainer.py:1383
         checkpoints/vae_shockwave_last.state.pt                                
INFO     [rank 0] Epoch 12 timing: train=1235.0s eval=197.3s vae_trainer.py:1048
         viz=30.2s ckpt=17.5s total=1480.8s                                     
epoch 13 step 1450  loss=0.026675  lr=5.00e-05  [rmse=0.0138 h1=0.0001 ssim=0.0469 mlw=0.0000]
epoch 13 step 1460  loss=0.027552  lr=5.00e-05  [rmse=0.0218 h1=0.0002 ssim=0.0768 mlw=0.0000]
epoch 13 step 1470  loss=0.028569  lr=5.00e-05  [rmse=0.0245 h1=0.0005 ssim=0.0570 mlw=0.0000]
epoch 13 step 1480  loss=0.027821  lr=5.00e-05  [rmse=0.0068 h1=0.0000 ssim=0.0383 mlw=0.0000]
epoch 13 step 1490  loss=0.027377  lr=5.00e-05  [rmse=0.0088 h1=0.0001 ssim=0.0349 mlw=0.0000]
epoch 13 step 1500  loss=0.027754  lr=5.00e-05  [rmse=0.0180 h1=0.0001 ssim=0.0634 mlw=0.0000]
epoch 13 step 1510  loss=0.027609  lr=5.00e-05  [rmse=0.0067 h1=0.0000 ssim=0.0312 mlw=0.0000]
epoch 13 step 1520  loss=0.027868  lr=5.00e-05  [rmse=0.0128 h1=0.0001 ssim=0.0740 mlw=0.0000]
epoch 13 step 1530  loss=0.027572  lr=5.00e-05  [rmse=0.0106 h1=0.0000 ssim=0.0500 mlw=0.0000]
epoch 13 step 1540  loss=0.027851  lr=5.00e-05  [rmse=0.0201 h1=0.0001 ssim=0.0526 mlw=0.0000]
epoch 13 step 1550  loss=0.027860  lr=5.00e-05  [rmse=0.0121 h1=0.0001 ssim=0.0551 mlw=0.0000]
epoch 13 step 1560  loss=0.028138  lr=5.00e-05  [rmse=0.0234 h1=0.0004 ssim=0.0618 mlw=0.0000]
INFO     [rank 0] Loss weights: rmse=1.0000, h1=50.0000,      vae_trainer.py:950
         ssim=0.1500, mlw=0.0000                                                
INFO     [rank 0] Epoch 13: train_loss=0.028138               vae_trainer.py:989
         val_loss=0.028619  val_VRMSE=0.098874  lr=5.00e-05                     
INFO     [rank 0] Metrics updated: metrics/metrics.csv,      vae_trainer.py:1015
         metrics/loss_curves.png                                                
INFO     [rank 0] Saved 12 validation reconstruction PNGs    vae_trainer.py:1208
         for epoch 13                                                           
INFO     [rank 0] Training state saved:                      vae_trainer.py:1383
         checkpoints/vae_shockwave_last.state.pt                                
INFO     [rank 0] Epoch 13 timing: train=1234.2s eval=195.8s vae_trainer.py:1048
         viz=29.4s ckpt=16.5s total=1476.7s                                     
epoch 14 step 1570  loss=0.024748  lr=5.00e-05  [rmse=0.0134 h1=0.0001 ssim=0.0382 mlw=0.0000]
epoch 14 step 1580  loss=0.025190  lr=5.00e-05  [rmse=0.0205 h1=0.0002 ssim=0.0591 mlw=0.0000]
epoch 14 step 1590  loss=0.025829  lr=5.00e-05  [rmse=0.0060 h1=0.0000 ssim=0.0275 mlw=0.0000]
epoch 14 step 1600  loss=0.026971  lr=5.00e-05  [rmse=0.0169 h1=0.0001 ssim=0.0471 mlw=0.0000]
epoch 14 step 1610  loss=0.027089  lr=5.00e-05  [rmse=0.0117 h1=0.0001 ssim=0.0428 mlw=0.0000]
epoch 14 step 1620  loss=0.027001  lr=5.00e-05  [rmse=0.0079 h1=0.0000 ssim=0.0592 mlw=0.0000]
epoch 14 step 1630  loss=0.027210  lr=5.00e-05  [rmse=0.0246 h1=0.0002 ssim=0.0564 mlw=0.0000]
epoch 14 step 1640  loss=0.027153  lr=5.00e-05  [rmse=0.0083 h1=0.0000 ssim=0.0368 mlw=0.0000]
epoch 14 step 1650  loss=0.026973  lr=5.00e-05  [rmse=0.0127 h1=0.0001 ssim=0.0519 mlw=0.0000]
epoch 14 step 1660  loss=0.026767  lr=5.00e-05  [rmse=0.0126 h1=0.0001 ssim=0.0408 mlw=0.0000]
epoch 14 step 1670  loss=0.026723  lr=5.00e-05  [rmse=0.0121 h1=0.0000 ssim=0.0417 mlw=0.0000]
epoch 14 step 1680  loss=0.026581  lr=5.00e-05  [rmse=0.0101 h1=0.0000 ssim=0.0322 mlw=0.0000]
INFO     [rank 0] Loss weights: rmse=1.0000, h1=50.0000,      vae_trainer.py:950
         ssim=0.1500, mlw=0.0000                                                
INFO     [rank 0] Epoch 14: train_loss=0.026581               vae_trainer.py:989
         val_loss=0.024879  val_VRMSE=0.081957  lr=5.00e-05                     
INFO     [rank 0] Metrics updated: metrics/metrics.csv,      vae_trainer.py:1015
         metrics/loss_curves.png                                                
INFO     [rank 0] Saved 12 validation reconstruction PNGs    vae_trainer.py:1208
         for epoch 14                                                           
INFO     [rank 0] Training state saved:                      vae_trainer.py:1383
         checkpoints/vae_shockwave_last.state.pt                                
INFO     [rank 0] Epoch 14 timing: train=1234.1s eval=194.2s vae_trainer.py:1048
         viz=30.8s ckpt=16.7s total=1476.5s                                     
epoch 15 step 1690  loss=0.022998  lr=5.00e-05  [rmse=0.0108 h1=0.0001 ssim=0.0276 mlw=0.0000]
epoch 15 step 1700  loss=0.023063  lr=5.00e-05  [rmse=0.0138 h1=0.0001 ssim=0.0518 mlw=0.0000]
epoch 15 step 1710  loss=0.024117  lr=5.00e-05  [rmse=0.0108 h1=0.0001 ssim=0.0356 mlw=0.0000]
epoch 15 step 1720  loss=0.024296  lr=5.00e-05  [rmse=0.0082 h1=0.0000 ssim=0.0462 mlw=0.0000]
epoch 15 step 1730  loss=0.024321  lr=5.00e-05  [rmse=0.0124 h1=0.0001 ssim=0.0482 mlw=0.0000]
epoch 15 step 1740  loss=0.024908  lr=5.00e-05  [rmse=0.0187 h1=0.0003 ssim=0.0523 mlw=0.0000]
epoch 15 step 1750  loss=0.025155  lr=5.00e-05  [rmse=0.0120 h1=0.0001 ssim=0.0425 mlw=0.0000]
epoch 15 step 1760  loss=0.025369  lr=5.00e-05  [rmse=0.0134 h1=0.0001 ssim=0.0382 mlw=0.0000]
epoch 15 step 1770  loss=0.025664  lr=5.00e-05  [rmse=0.0111 h1=0.0001 ssim=0.0475 mlw=0.0000]
epoch 15 step 1780  loss=0.025958  lr=5.00e-05  [rmse=0.0104 h1=0.0001 ssim=0.0318 mlw=0.0000]
epoch 15 step 1790  loss=0.025917  lr=5.00e-05  [rmse=0.0100 h1=0.0001 ssim=0.0500 mlw=0.0000]
epoch 15 step 1800  loss=0.025682  lr=5.00e-05  [rmse=0.0178 h1=0.0002 ssim=0.0537 mlw=0.0000]
INFO     [rank 0] Loss weights: rmse=1.0000, h1=50.0000,      vae_trainer.py:950
         ssim=0.1500, mlw=0.0000                                                
INFO     [rank 0] Epoch 15: train_loss=0.025682               vae_trainer.py:989
         val_loss=0.023619  val_VRMSE=0.073652  lr=5.00e-05                     
INFO     [rank 0] Metrics updated: metrics/metrics.csv,      vae_trainer.py:1015
         metrics/loss_curves.png                                                
INFO     [rank 0] Saved 12 validation reconstruction PNGs    vae_trainer.py:1208
         for epoch 15                                                           
INFO     [rank 0] New best checkpoint (epoch 15,             vae_trainer.py:1307
         val_vrmse=0.073652):                                                   
         checkpoints/vae_shockwave_best.safetensors                             
INFO     [rank 0] Training state saved:                      vae_trainer.py:1383
         checkpoints/vae_shockwave_last.state.pt                                
INFO     [rank 0] VAE epoch snapshot saved                   vae_trainer.py:1334
         (checkpoints.save_epochs):                                             
         checkpoints/vae_shockwave_epoch015_snapshot.safeten                    
         sors                                                                   
INFO     [rank 0] Epoch 15 timing: train=1235.9s eval=195.6s vae_trainer.py:1048
         viz=30.6s ckpt=22.5s total=1485.3s                                     
epoch 16 step 1810  loss=0.029801  lr=5.00e-05  [rmse=0.0073 h1=0.0000 ssim=0.0304 mlw=0.0000]
epoch 16 step 1820  loss=0.027970  lr=5.00e-05  [rmse=0.0104 h1=0.0001 ssim=0.0447 mlw=0.0000]
epoch 16 step 1830  loss=0.028636  lr=5.00e-05  [rmse=0.0116 h1=0.0001 ssim=0.0372 mlw=0.0000]
epoch 16 step 1840  loss=0.028390  lr=5.00e-05  [rmse=0.0190 h1=0.0002 ssim=0.0688 mlw=0.0000]
epoch 16 step 1850  loss=0.028416  lr=5.00e-05  [rmse=0.0060 h1=0.0000 ssim=0.0264 mlw=0.0000]
epoch 16 step 1860  loss=0.027902  lr=5.00e-05  [rmse=0.0123 h1=0.0001 ssim=0.0500 mlw=0.0000]
epoch 16 step 1870  loss=0.027496  lr=5.00e-05  [rmse=0.0129 h1=0.0001 ssim=0.0399 mlw=0.0000]
epoch 16 step 1880  loss=0.027202  lr=5.00e-05  [rmse=0.0136 h1=0.0001 ssim=0.0411 mlw=0.0000]
epoch 16 step 1890  loss=0.026955  lr=5.00e-05  [rmse=0.0173 h1=0.0002 ssim=0.0583 mlw=0.0000]
epoch 16 step 1900  loss=0.026792  lr=5.00e-05  [rmse=0.0117 h1=0.0001 ssim=0.0459 mlw=0.0000]
epoch 16 step 1910  loss=0.026420  lr=5.00e-05  [rmse=0.0107 h1=0.0001 ssim=0.0425 mlw=0.0000]
epoch 16 step 1920  loss=0.026242  lr=5.00e-05  [rmse=0.0171 h1=0.0002 ssim=0.0370 mlw=0.0000]
INFO     [rank 0] Loss weights: rmse=1.0000, h1=50.0000,      vae_trainer.py:950
         ssim=0.1500, mlw=0.0000                                                
INFO     [rank 0] Epoch 16: train_loss=0.026242               vae_trainer.py:989
         val_loss=0.023979  val_VRMSE=0.078756  lr=5.00e-05                     
INFO     [rank 0] Metrics updated: metrics/metrics.csv,      vae_trainer.py:1015
         metrics/loss_curves.png                                                
INFO     [rank 0] Saved 12 validation reconstruction PNGs    vae_trainer.py:1208
         for epoch 16                                                           
INFO     [rank 0] Training state saved:                      vae_trainer.py:1383
         checkpoints/vae_shockwave_last.state.pt                                
INFO     [rank 0] Epoch 16 timing: train=1235.7s eval=195.6s vae_trainer.py:1048
         viz=29.8s ckpt=16.8s total=1478.6s                                     
epoch 17 step 1930  loss=0.023551  lr=5.00e-05  [rmse=0.0110 h1=0.0001 ssim=0.0415 mlw=0.0000]
epoch 17 step 1940  loss=0.025115  lr=5.00e-05  [rmse=0.0111 h1=0.0001 ssim=0.0423 mlw=0.0000]
epoch 17 step 1950  loss=0.026241  lr=5.00e-05  [rmse=0.0198 h1=0.0002 ssim=0.0735 mlw=0.0000]
epoch 17 step 1960  loss=0.027030  lr=5.00e-05  [rmse=0.0195 h1=0.0002 ssim=0.0815 mlw=0.0000]
epoch 17 step 1970  loss=0.027061  lr=5.00e-05  [rmse=0.0144 h1=0.0001 ssim=0.0437 mlw=0.0000]
epoch 17 step 1980  loss=0.026974  lr=5.00e-05  [rmse=0.0254 h1=0.0001 ssim=0.0638 mlw=0.0000]
epoch 17 step 1990  loss=0.026894  lr=5.00e-05  [rmse=0.0150 h1=0.0001 ssim=0.0760 mlw=0.0000]
epoch 17 step 2000  loss=0.027107  lr=5.00e-05  [rmse=0.0142 h1=0.0001 ssim=0.0729 mlw=0.0000]
epoch 17 step 2010  loss=0.027130  lr=5.00e-05  [rmse=0.0150 h1=0.0001 ssim=0.0384 mlw=0.0000]
epoch 17 step 2020  loss=0.026763  lr=5.00e-05  [rmse=0.0059 h1=0.0000 ssim=0.0269 mlw=0.0000]
epoch 17 step 2030  loss=0.026355  lr=5.00e-05  [rmse=0.0051 h1=0.0000 ssim=0.0237 mlw=0.0000]
epoch 17 step 2040  loss=0.025907  lr=5.00e-05  [rmse=0.0103 h1=0.0001 ssim=0.0330 mlw=0.0000]
INFO     [rank 0] Loss weights: rmse=1.0000, h1=50.0000,      vae_trainer.py:950
         ssim=0.1500, mlw=0.0000                                                
INFO     [rank 0] Epoch 17: train_loss=0.025907               vae_trainer.py:989
         val_loss=0.023561  val_VRMSE=0.078762  lr=5.00e-05                     
INFO     [rank 0] Metrics updated: metrics/metrics.csv,      vae_trainer.py:1015
         metrics/loss_curves.png                                                
INFO     [rank 0] Saved 12 validation reconstruction PNGs    vae_trainer.py:1208
         for epoch 17                                                           
INFO     [rank 0] Training state saved:                      vae_trainer.py:1383
         checkpoints/vae_shockwave_last.state.pt                                
INFO     [rank 0] Epoch 17 timing: train=1236.0s eval=194.5s vae_trainer.py:1048
         viz=30.0s ckpt=17.7s total=1479.0s                                     
epoch 18 step 2050  loss=0.023628  lr=5.00e-05  [rmse=0.0091 h1=0.0001 ssim=0.0401 mlw=0.0000]
epoch 18 step 2060  loss=0.024332  lr=5.00e-05  [rmse=0.0101 h1=0.0001 ssim=0.0355 mlw=0.0000]
epoch 18 step 2070  loss=0.023380  lr=5.00e-05  [rmse=0.0107 h1=0.0001 ssim=0.0383 mlw=0.0000]
epoch 18 step 2080  loss=0.023336  lr=5.00e-05  [rmse=0.0176 h1=0.0001 ssim=0.0499 mlw=0.0000]
epoch 18 step 2090  loss=0.022974  lr=5.00e-05  [rmse=0.0103 h1=0.0001 ssim=0.0435 mlw=0.0000]
epoch 18 step 2100  loss=0.022849  lr=5.00e-05  [rmse=0.0126 h1=0.0001 ssim=0.0376 mlw=0.0000]
epoch 18 step 2110  loss=0.022778  lr=5.00e-05  [rmse=0.0082 h1=0.0000 ssim=0.0351 mlw=0.0000]
epoch 18 step 2120  loss=0.022905  lr=5.00e-05  [rmse=0.0162 h1=0.0002 ssim=0.0510 mlw=0.0000]
epoch 18 step 2130  loss=0.023403  lr=5.00e-05  [rmse=0.0284 h1=0.0003 ssim=0.0581 mlw=0.0000]
epoch 18 step 2140  loss=0.023526  lr=5.00e-05  [rmse=0.0078 h1=0.0000 ssim=0.0394 mlw=0.0000]
epoch 18 step 2150  loss=0.023436  lr=5.00e-05  [rmse=0.0093 h1=0.0001 ssim=0.0467 mlw=0.0000]
epoch 18 step 2160  loss=0.023318  lr=5.00e-05  [rmse=0.0068 h1=0.0000 ssim=0.0267 mlw=0.0000]
INFO     [rank 0] Loss weights: rmse=1.0000, h1=50.0000,      vae_trainer.py:950
         ssim=0.1500, mlw=0.0000                                                
INFO     [rank 0] Epoch 18: train_loss=0.023318               vae_trainer.py:989
         val_loss=0.022690  val_VRMSE=0.071538  lr=5.00e-05                     
INFO     [rank 0] Metrics updated: metrics/metrics.csv,      vae_trainer.py:1015
         metrics/loss_curves.png                                                
INFO     [rank 0] Saved 12 validation reconstruction PNGs    vae_trainer.py:1208
         for epoch 18                                                           
INFO     [rank 0] New best checkpoint (epoch 18,             vae_trainer.py:1307
         val_vrmse=0.071538):                                                   
         checkpoints/vae_shockwave_best.safetensors                             
INFO     [rank 0] Training state saved:                      vae_trainer.py:1383
         checkpoints/vae_shockwave_last.state.pt                                
INFO     [rank 0] Epoch 18 timing: train=1234.7s eval=195.6s vae_trainer.py:1048
         viz=29.6s ckpt=18.2s total=1479.1s                                     
epoch 19 step 2170  loss=0.022983  lr=5.00e-05  [rmse=0.0072 h1=0.0000 ssim=0.0418 mlw=0.0000]
epoch 19 step 2180  loss=0.023474  lr=5.00e-05  [rmse=0.0166 h1=0.0002 ssim=0.0404 mlw=0.0000]
epoch 19 step 2190  loss=0.024521  lr=5.00e-05  [rmse=0.0154 h1=0.0001 ssim=0.0757 mlw=0.0000]
epoch 19 step 2200  loss=0.024728  lr=5.00e-05  [rmse=0.0149 h1=0.0002 ssim=0.0762 mlw=0.0000]
epoch 19 step 2210  loss=0.024410  lr=5.00e-05  [rmse=0.0082 h1=0.0001 ssim=0.0377 mlw=0.0000]
epoch 19 step 2220  loss=0.024473  lr=5.00e-05  [rmse=0.0105 h1=0.0001 ssim=0.0351 mlw=0.0000]
epoch 19 step 2230  loss=0.024288  lr=5.00e-05  [rmse=0.0162 h1=0.0002 ssim=0.0634 mlw=0.0000]
epoch 19 step 2240  loss=0.024518  lr=5.00e-05  [rmse=0.0072 h1=0.0000 ssim=0.0317 mlw=0.0000]
epoch 19 step 2250  loss=0.024453  lr=5.00e-05  [rmse=0.0163 h1=0.0001 ssim=0.0417 mlw=0.0000]
epoch 19 step 2260  loss=0.024392  lr=5.00e-05  [rmse=0.0075 h1=0.0000 ssim=0.0354 mlw=0.0000]
epoch 19 step 2270  loss=0.024605  lr=5.00e-05  [rmse=0.0093 h1=0.0000 ssim=0.0347 mlw=0.0000]
epoch 19 step 2280  loss=0.024618  lr=5.00e-05  [rmse=0.0117 h1=0.0001 ssim=0.0537 mlw=0.0000]
INFO     [rank 0] Loss weights: rmse=1.0000, h1=50.0000,      vae_trainer.py:950
         ssim=0.1500, mlw=0.0000                                                
INFO     [rank 0] Epoch 19: train_loss=0.024618               vae_trainer.py:989
         val_loss=0.024318  val_VRMSE=0.079611  lr=5.00e-05                     
INFO     [rank 0] Metrics updated: metrics/metrics.csv,      vae_trainer.py:1015
         metrics/loss_curves.png                                                
INFO     [rank 0] Saved 12 validation reconstruction PNGs    vae_trainer.py:1208
         for epoch 19                                                           
INFO     [rank 0] Training state saved:                      vae_trainer.py:1383
         checkpoints/vae_shockwave_last.state.pt                                
INFO     [rank 0] Epoch 19 timing: train=1238.1s eval=193.2s vae_trainer.py:1048
         viz=30.2s ckpt=17.5s total=1479.7s                                     
epoch 20 step 2290  loss=0.026529  lr=5.00e-05  [rmse=0.0217 h1=0.0002 ssim=0.0515 mlw=0.0000]
epoch 20 step 2300  loss=0.025769  lr=5.00e-05  [rmse=0.0067 h1=0.0000 ssim=0.0334 mlw=0.0000]
epoch 20 step 2310  loss=0.025749  lr=5.00e-05  [rmse=0.0145 h1=0.0002 ssim=0.0494 mlw=0.0000]
epoch 20 step 2320  loss=0.025664  lr=5.00e-05  [rmse=0.0067 h1=0.0000 ssim=0.0555 mlw=0.0000]
epoch 20 step 2330  loss=0.025460  lr=5.00e-05  [rmse=0.0157 h1=0.0002 ssim=0.0479 mlw=0.0000]
epoch 20 step 2340  loss=0.024805  lr=5.00e-05  [rmse=0.0087 h1=0.0000 ssim=0.0356 mlw=0.0000]
epoch 20 step 2350  loss=0.024719  lr=5.00e-05  [rmse=0.0109 h1=0.0001 ssim=0.0479 mlw=0.0000]
epoch 20 step 2360  loss=0.024914  lr=5.00e-05  [rmse=0.0122 h1=0.0001 ssim=0.0553 mlw=0.0000]
epoch 20 step 2370  loss=0.024861  lr=5.00e-05  [rmse=0.0177 h1=0.0002 ssim=0.0622 mlw=0.0000]
epoch 20 step 2380  loss=0.024933  lr=5.00e-05  [rmse=0.0086 h1=0.0000 ssim=0.0347 mlw=0.0000]
epoch 20 step 2390  loss=0.024948  lr=5.00e-05  [rmse=0.0202 h1=0.0002 ssim=0.0514 mlw=0.0000]
epoch 20 step 2400  loss=0.024806  lr=5.00e-05  [rmse=0.0212 h1=0.0003 ssim=0.0542 mlw=0.0000]
INFO     [rank 0] Loss weights: rmse=1.0000, h1=50.0000,      vae_trainer.py:950
         ssim=0.1500, mlw=0.0000                                                
INFO     [rank 0] Epoch 20: train_loss=0.024806               vae_trainer.py:989
         val_loss=0.025866  val_VRMSE=0.087152  lr=5.00e-05                     
INFO     [rank 0] Metrics updated: metrics/metrics.csv,      vae_trainer.py:1015
         metrics/loss_curves.png                                                
INFO     [rank 0] Saved 12 validation reconstruction PNGs    vae_trainer.py:1208
         for epoch 20                                                           
INFO     [rank 0] Training state saved:                      vae_trainer.py:1383
         checkpoints/vae_shockwave_last.state.pt                                
INFO     [rank 0] Epoch 20 timing: train=1235.0s eval=192.7s vae_trainer.py:1048
         viz=30.0s ckpt=16.6s total=1475.4s                                     
epoch 21 step 2410  loss=0.026258  lr=5.00e-05  [rmse=0.0198 h1=0.0002 ssim=0.0621 mlw=0.0000]
epoch 21 step 2420  loss=0.025773  lr=5.00e-05  [rmse=0.0085 h1=0.0000 ssim=0.0249 mlw=0.0000]
epoch 21 step 2430  loss=0.025687  lr=5.00e-05  [rmse=0.0089 h1=0.0000 ssim=0.0532 mlw=0.0000]
epoch 21 step 2440  loss=0.025730  lr=5.00e-05  [rmse=0.0114 h1=0.0001 ssim=0.0467 mlw=0.0000]
epoch 21 step 2450  loss=0.025796  lr=5.00e-05  [rmse=0.0055 h1=0.0000 ssim=0.0236 mlw=0.0000]
epoch 21 step 2460  loss=0.025321  lr=5.00e-05  [rmse=0.0114 h1=0.0001 ssim=0.0315 mlw=0.0000]
epoch 21 step 2470  loss=0.025444  lr=5.00e-05  [rmse=0.0267 h1=0.0002 ssim=0.0571 mlw=0.0000]
epoch 21 step 2480  loss=0.025189  lr=5.00e-05  [rmse=0.0111 h1=0.0001 ssim=0.0392 mlw=0.0000]
epoch 21 step 2490  loss=0.024972  lr=5.00e-05  [rmse=0.0175 h1=0.0002 ssim=0.0470 mlw=0.0000]
epoch 21 step 2500  loss=0.024786  lr=5.00e-05  [rmse=0.0214 h1=0.0003 ssim=0.0533 mlw=0.0000]
epoch 21 step 2510  loss=0.024720  lr=5.00e-05  [rmse=0.0070 h1=0.0000 ssim=0.0399 mlw=0.0000]
epoch 21 step 2520  loss=0.024815  lr=5.00e-05  [rmse=0.0103 h1=0.0001 ssim=0.0358 mlw=0.0000]
INFO     [rank 0] Loss weights: rmse=1.0000, h1=50.0000,      vae_trainer.py:950
         ssim=0.1500, mlw=0.0000                                                
INFO     [rank 0] Epoch 21: train_loss=0.024815               vae_trainer.py:989
         val_loss=0.022679  val_VRMSE=0.075619  lr=5.00e-05                     
INFO     [rank 0] Metrics updated: metrics/metrics.csv,      vae_trainer.py:1015
         metrics/loss_curves.png                                                
INFO     [rank 0] Saved 12 validation reconstruction PNGs    vae_trainer.py:1208
         for epoch 21                                                           
INFO     [rank 0] Training state saved:                      vae_trainer.py:1383
         checkpoints/vae_shockwave_last.state.pt                                
INFO     [rank 0] Epoch 21 timing: train=1235.8s eval=194.4s vae_trainer.py:1048
         viz=29.8s ckpt=17.6s total=1478.3s                                     
epoch 22 step 2530  loss=0.024711  lr=5.00e-05  [rmse=0.0066 h1=0.0000 ssim=0.0275 mlw=0.0000]
epoch 22 step 2540  loss=0.023316  lr=5.00e-05  [rmse=0.0099 h1=0.0001 ssim=0.0310 mlw=0.0000]
epoch 22 step 2550  loss=0.023000  lr=5.00e-05  [rmse=0.0085 h1=0.0000 ssim=0.0350 mlw=0.0000]
epoch 22 step 2560  loss=0.023283  lr=5.00e-05  [rmse=0.0070 h1=0.0000 ssim=0.0431 mlw=0.0000]
epoch 22 step 2570  loss=0.023984  lr=5.00e-05  [rmse=0.0104 h1=0.0000 ssim=0.0423 mlw=0.0000]
epoch 22 step 2580  loss=0.024509  lr=5.00e-05  [rmse=0.0080 h1=0.0000 ssim=0.0363 mlw=0.0000]
epoch 22 step 2590  loss=0.024281  lr=5.00e-05  [rmse=0.0090 h1=0.0001 ssim=0.0359 mlw=0.0000]
epoch 22 step 2600  loss=0.024311  lr=5.00e-05  [rmse=0.0128 h1=0.0001 ssim=0.0607 mlw=0.0000]
epoch 22 step 2610  loss=0.024437  lr=4.99e-05  [rmse=0.0120 h1=0.0001 ssim=0.0354 mlw=0.0000]
epoch 22 step 2620  loss=0.024471  lr=4.98e-05  [rmse=0.0131 h1=0.0001 ssim=0.0500 mlw=0.0000]
epoch 22 step 2630  loss=0.024564  lr=4.97e-05  [rmse=0.0081 h1=0.0000 ssim=0.0377 mlw=0.0000]
epoch 22 step 2640  loss=0.024463  lr=4.96e-05  [rmse=0.0106 h1=0.0001 ssim=0.0621 mlw=0.0000]
INFO     [rank 0] Loss weights: rmse=1.0000, h1=50.0000,      vae_trainer.py:950
         ssim=0.1500, mlw=0.0000                                                
INFO     [rank 0] Epoch 22: train_loss=0.024463               vae_trainer.py:989
         val_loss=0.028682  val_VRMSE=0.100857  lr=4.96e-05                     
INFO     [rank 0] Metrics updated: metrics/metrics.csv,      vae_trainer.py:1015
         metrics/loss_curves.png                                                
INFO     [rank 0] Saved 12 validation reconstruction PNGs    vae_trainer.py:1208
         for epoch 22                                                           
INFO     [rank 0] Training state saved:                      vae_trainer.py:1383
         checkpoints/vae_shockwave_last.state.pt                                
INFO     [rank 0] Epoch 22 timing: train=1235.8s eval=192.7s vae_trainer.py:1048
         viz=30.4s ckpt=16.4s total=1476.2s                                     
epoch 23 step 2650  loss=0.025265  lr=4.94e-05  [rmse=0.0087 h1=0.0000 ssim=0.0532 mlw=0.0000]
epoch 23 step 2660  loss=0.024122  lr=4.93e-05  [rmse=0.0113 h1=0.0001 ssim=0.0345 mlw=0.0000]
epoch 23 step 2670  loss=0.024557  lr=4.91e-05  [rmse=0.0102 h1=0.0001 ssim=0.0360 mlw=0.0000]
epoch 23 step 2680  loss=0.023819  lr=4.88e-05  [rmse=0.0140 h1=0.0001 ssim=0.0561 mlw=0.0000]
epoch 23 step 2690  loss=0.023276  lr=4.86e-05  [rmse=0.0083 h1=0.0000 ssim=0.0324 mlw=0.0000]
epoch 23 step 2700  loss=0.023084  lr=4.83e-05  [rmse=0.0095 h1=0.0001 ssim=0.0412 mlw=0.0000]
epoch 23 step 2710  loss=0.023179  lr=4.81e-05  [rmse=0.0117 h1=0.0001 ssim=0.0434 mlw=0.0000]
epoch 23 step 2720  loss=0.023222  lr=4.78e-05  [rmse=0.0109 h1=0.0001 ssim=0.0258 mlw=0.0000]
epoch 23 step 2730  loss=0.023126  lr=4.74e-05  [rmse=0.0139 h1=0.0001 ssim=0.0430 mlw=0.0000]
epoch 23 step 2740  loss=0.023107  lr=4.71e-05  [rmse=0.0081 h1=0.0000 ssim=0.0238 mlw=0.0000]
epoch 23 step 2750  loss=0.022936  lr=4.67e-05  [rmse=0.0138 h1=0.0001 ssim=0.0420 mlw=0.0000]
epoch 23 step 2760  loss=0.022802  lr=4.63e-05  [rmse=0.0082 h1=0.0001 ssim=0.0235 mlw=0.0000]
INFO     [rank 0] Loss weights: rmse=1.0000, h1=50.0000,      vae_trainer.py:950
         ssim=0.1500, mlw=0.0000                                                
INFO     [rank 0] Epoch 23: train_loss=0.022802               vae_trainer.py:989
         val_loss=0.020988  val_VRMSE=0.067619  lr=4.63e-05                     
INFO     [rank 0] Metrics updated: metrics/metrics.csv,      vae_trainer.py:1015
         metrics/loss_curves.png                                                
INFO     [rank 0] Saved 12 validation reconstruction PNGs    vae_trainer.py:1208
         for epoch 23                                                           
INFO     [rank 0] New best checkpoint (epoch 23,             vae_trainer.py:1307
         val_vrmse=0.067619):                                                   
         checkpoints/vae_shockwave_best.safetensors                             
INFO     [rank 0] Training state saved:                      vae_trainer.py:1383
         checkpoints/vae_shockwave_last.state.pt                                
INFO     [rank 0] Epoch 23 timing: train=1235.5s eval=193.0s vae_trainer.py:1048
         viz=29.8s ckpt=18.6s total=1477.7s                                     
epoch 24 step 2770  loss=0.020727  lr=4.59e-05  [rmse=0.0094 h1=0.0001 ssim=0.0281 mlw=0.0000]
epoch 24 step 2780  loss=0.020342  lr=4.55e-05  [rmse=0.0076 h1=0.0000 ssim=0.0358 mlw=0.0000]
epoch 24 step 2790  loss=0.021149  lr=4.51e-05  [rmse=0.0164 h1=0.0002 ssim=0.0605 mlw=0.0000]
epoch 24 step 2800  loss=0.021004  lr=4.46e-05  [rmse=0.0051 h1=0.0000 ssim=0.0289 mlw=0.0000]
epoch 24 step 2810  loss=0.020784  lr=4.41e-05  [rmse=0.0091 h1=0.0001 ssim=0.0285 mlw=0.0000]
epoch 24 step 2820  loss=0.020898  lr=4.36e-05  [rmse=0.0121 h1=0.0001 ssim=0.0347 mlw=0.0000]
epoch 24 step 2830  loss=0.021139  lr=4.31e-05  [rmse=0.0056 h1=0.0000 ssim=0.0194 mlw=0.0000]
epoch 24 step 2840  loss=0.020830  lr=4.26e-05  [rmse=0.0050 h1=0.0000 ssim=0.0167 mlw=0.0000]
epoch 24 step 2850  loss=0.021198  lr=4.20e-05  [rmse=0.0059 h1=0.0000 ssim=0.0266 mlw=0.0000]
epoch 24 step 2860  loss=0.021134  lr=4.14e-05  [rmse=0.0129 h1=0.0001 ssim=0.0403 mlw=0.0000]
epoch 24 step 2870  loss=0.020996  lr=4.09e-05  [rmse=0.0092 h1=0.0001 ssim=0.0319 mlw=0.0000]
epoch 24 step 2880  loss=0.020997  lr=4.03e-05  [rmse=0.0093 h1=0.0001 ssim=0.0309 mlw=0.0000]
INFO     [rank 0] Loss weights: rmse=1.0000, h1=50.0000,      vae_trainer.py:950
         ssim=0.1500, mlw=0.0000                                                
INFO     [rank 0] Epoch 24: train_loss=0.020997               vae_trainer.py:989
         val_loss=0.020420  val_VRMSE=0.064621  lr=4.03e-05                     
INFO     [rank 0] Metrics updated: metrics/metrics.csv,      vae_trainer.py:1015
         metrics/loss_curves.png                                                
INFO     [rank 0] Saved 12 validation reconstruction PNGs    vae_trainer.py:1208
         for epoch 24                                                           
INFO     [rank 0] New best checkpoint (epoch 24,             vae_trainer.py:1307
         val_vrmse=0.064621):                                                   
         checkpoints/vae_shockwave_best.safetensors                             
INFO     [rank 0] Training state saved:                      vae_trainer.py:1383
         checkpoints/vae_shockwave_last.state.pt                                
INFO     [rank 0] Epoch 24 timing: train=1234.1s eval=192.0s vae_trainer.py:1048
         viz=29.4s ckpt=18.3s total=1474.7s                                     
epoch 25 step 2890  loss=0.023867  lr=3.97e-05  [rmse=0.0132 h1=0.0001 ssim=0.0446 mlw=0.0000]
epoch 25 step 2900  loss=0.023962  lr=3.90e-05  [rmse=0.0132 h1=0.0002 ssim=0.0375 mlw=0.0000]
epoch 25 step 2910  loss=0.022958  lr=3.84e-05  [rmse=0.0079 h1=0.0000 ssim=0.0286 mlw=0.0000]
epoch 25 step 2920  loss=0.022914  lr=3.78e-05  [rmse=0.0087 h1=0.0001 ssim=0.0464 mlw=0.0000]
epoch 25 step 2930  loss=0.022203  lr=3.71e-05  [rmse=0.0047 h1=0.0000 ssim=0.0154 mlw=0.0000]
epoch 25 step 2940  loss=0.021717  lr=3.64e-05  [rmse=0.0075 h1=0.0001 ssim=0.0296 mlw=0.0000]
epoch 25 step 2950  loss=0.021033  lr=3.57e-05  [rmse=0.0095 h1=0.0001 ssim=0.0338 mlw=0.0000]
epoch 25 step 2960  loss=0.020662  lr=3.50e-05  [rmse=0.0147 h1=0.0002 ssim=0.0410 mlw=0.0000]
epoch 25 step 2970  loss=0.020213  lr=3.44e-05  [rmse=0.0091 h1=0.0001 ssim=0.0264 mlw=0.0000]
epoch 25 step 2980  loss=0.020040  lr=3.36e-05  [rmse=0.0094 h1=0.0001 ssim=0.0265 mlw=0.0000]
epoch 25 step 2990  loss=0.019821  lr=3.29e-05  [rmse=0.0095 h1=0.0001 ssim=0.0273 mlw=0.0000]
epoch 25 step 3000  loss=0.019687  lr=3.22e-05  [rmse=0.0160 h1=0.0002 ssim=0.0437 mlw=0.0000]
INFO     [rank 0] Loss weights: rmse=1.0000, h1=50.0000,      vae_trainer.py:950
         ssim=0.1500, mlw=0.0000                                                
INFO     [rank 0] Epoch 25: train_loss=0.019687               vae_trainer.py:989
         val_loss=0.018014  val_VRMSE=0.058165  lr=3.22e-05                     
INFO     [rank 0] Metrics updated: metrics/metrics.csv,      vae_trainer.py:1015
         metrics/loss_curves.png                                                
INFO     [rank 0] Saved 12 validation reconstruction PNGs    vae_trainer.py:1208
         for epoch 25                                                           
INFO     [rank 0] New best checkpoint (epoch 25,             vae_trainer.py:1307
         val_vrmse=0.058165):                                                   
         checkpoints/vae_shockwave_best.safetensors                             
INFO     [rank 0] Training state saved:                      vae_trainer.py:1383
         checkpoints/vae_shockwave_last.state.pt                                
INFO     [rank 0] Epoch 25 timing: train=1235.8s eval=194.1s vae_trainer.py:1048
         viz=29.8s ckpt=19.1s total=1479.5s                                     
epoch 26 step 3010  loss=0.017466  lr=3.15e-05  [rmse=0.0032 h1=0.0000 ssim=0.0135 mlw=0.0000]
epoch 26 step 3020  loss=0.018397  lr=3.07e-05  [rmse=0.0142 h1=0.0002 ssim=0.0366 mlw=0.0000]
epoch 26 step 3030  loss=0.018372  lr=3.00e-05  [rmse=0.0114 h1=0.0001 ssim=0.0325 mlw=0.0000]
epoch 26 step 3040  loss=0.017953  lr=2.93e-05  [rmse=0.0071 h1=0.0000 ssim=0.0285 mlw=0.0000]
epoch 26 step 3050  loss=0.018288  lr=2.85e-05  [rmse=0.0153 h1=0.0002 ssim=0.0290 mlw=0.0000]
epoch 26 step 3060  loss=0.018366  lr=2.78e-05  [rmse=0.0147 h1=0.0002 ssim=0.0359 mlw=0.0000]
epoch 26 step 3070  loss=0.017971  lr=2.70e-05  [rmse=0.0097 h1=0.0001 ssim=0.0239 mlw=0.0000]
epoch 26 step 3080  loss=0.018051  lr=2.63e-05  [rmse=0.0064 h1=0.0000 ssim=0.0213 mlw=0.0000]
epoch 26 step 3090  loss=0.018029  lr=2.55e-05  [rmse=0.0127 h1=0.0002 ssim=0.0383 mlw=0.0000]
epoch 26 step 3100  loss=0.017902  lr=2.47e-05  [rmse=0.0063 h1=0.0000 ssim=0.0206 mlw=0.0000]
epoch 26 step 3110  loss=0.017858  lr=2.40e-05  [rmse=0.0108 h1=0.0001 ssim=0.0321 mlw=0.0000]
epoch 26 step 3120  loss=0.017922  lr=2.32e-05  [rmse=0.0142 h1=0.0001 ssim=0.0314 mlw=0.0000]
INFO     [rank 0] Loss weights: rmse=1.0000, h1=50.0000,      vae_trainer.py:950
         ssim=0.1500, mlw=0.0000                                                
INFO     [rank 0] Epoch 26: train_loss=0.017922               vae_trainer.py:989
         val_loss=0.018465  val_VRMSE=0.061648  lr=2.32e-05                     
INFO     [rank 0] Metrics updated: metrics/metrics.csv,      vae_trainer.py:1015
         metrics/loss_curves.png                                                
INFO     [rank 0] Saved 12 validation reconstruction PNGs    vae_trainer.py:1208
         for epoch 26                                                           
INFO     [rank 0] Training state saved:                      vae_trainer.py:1383
         checkpoints/vae_shockwave_last.state.pt                                
INFO     [rank 0] Epoch 26 timing: train=1236.0s eval=194.1s vae_trainer.py:1048
         viz=29.4s ckpt=16.8s total=1477.1s                                     
epoch 27 step 3130  loss=0.016488  lr=2.25e-05  [rmse=0.0078 h1=0.0001 ssim=0.0282 mlw=0.0000]
epoch 27 step 3140  loss=0.016926  lr=2.17e-05  [rmse=0.0069 h1=0.0001 ssim=0.0211 mlw=0.0000]
epoch 27 step 3150  loss=0.017392  lr=2.10e-05  [rmse=0.0088 h1=0.0001 ssim=0.0292 mlw=0.0000]
epoch 27 step 3160  loss=0.017198  lr=2.03e-05  [rmse=0.0115 h1=0.0002 ssim=0.0341 mlw=0.0000]
epoch 27 step 3170  loss=0.017076  lr=1.95e-05  [rmse=0.0064 h1=0.0000 ssim=0.0245 mlw=0.0000]
epoch 27 step 3180  loss=0.017396  lr=1.88e-05  [rmse=0.0057 h1=0.0000 ssim=0.0228 mlw=0.0000]
epoch 27 step 3190  loss=0.017166  lr=1.81e-05  [rmse=0.0093 h1=0.0001 ssim=0.0271 mlw=0.0000]
epoch 27 step 3200  loss=0.017233  lr=1.74e-05  [rmse=0.0092 h1=0.0001 ssim=0.0282 mlw=0.0000]
epoch 27 step 3210  loss=0.017335  lr=1.66e-05  [rmse=0.0093 h1=0.0001 ssim=0.0354 mlw=0.0000]
epoch 27 step 3220  loss=0.017516  lr=1.60e-05  [rmse=0.0091 h1=0.0001 ssim=0.0204 mlw=0.0000]
epoch 27 step 3230  loss=0.017538  lr=1.53e-05  [rmse=0.0091 h1=0.0001 ssim=0.0320 mlw=0.0000]
epoch 27 step 3240  loss=0.017465  lr=1.46e-05  [rmse=0.0116 h1=0.0001 ssim=0.0260 mlw=0.0000]
INFO     [rank 0] Loss weights: rmse=1.0000, h1=50.0000,      vae_trainer.py:950
         ssim=0.1500, mlw=0.0000                                                
INFO     [rank 0] Epoch 27: train_loss=0.017465               vae_trainer.py:989
         val_loss=0.016577  val_VRMSE=0.052235  lr=1.46e-05                     
INFO     [rank 0] Metrics updated: metrics/metrics.csv,      vae_trainer.py:1015
         metrics/loss_curves.png                                                
INFO     [rank 0] Saved 12 validation reconstruction PNGs    vae_trainer.py:1208
         for epoch 27                                                           
INFO     [rank 0] New best checkpoint (epoch 27,             vae_trainer.py:1307
         val_vrmse=0.052235):                                                   
         checkpoints/vae_shockwave_best.safetensors                             
INFO     [rank 0] Training state saved:                      vae_trainer.py:1383
         checkpoints/vae_shockwave_last.state.pt                                
INFO     [rank 0] Epoch 27 timing: train=1235.1s eval=196.1s vae_trainer.py:1048
         viz=29.6s ckpt=18.1s total=1479.7s                                     
epoch 28 step 3250  loss=0.016719  lr=1.39e-05  [rmse=0.0061 h1=0.0000 ssim=0.0266 mlw=0.0000]
epoch 28 step 3260  loss=0.016767  lr=1.33e-05  [rmse=0.0054 h1=0.0000 ssim=0.0200 mlw=0.0000]
epoch 28 step 3270  loss=0.016728  lr=1.26e-05  [rmse=0.0141 h1=0.0002 ssim=0.0284 mlw=0.0000]
epoch 28 step 3280  loss=0.016573  lr=1.20e-05  [rmse=0.0108 h1=0.0001 ssim=0.0382 mlw=0.0000]
epoch 28 step 3290  loss=0.016874  lr=1.13e-05  [rmse=0.0064 h1=0.0001 ssim=0.0206 mlw=0.0000]
epoch 28 step 3300  loss=0.016818  lr=1.07e-05  [rmse=0.0099 h1=0.0001 ssim=0.0277 mlw=0.0000]
epoch 28 step 3310  loss=0.016837  lr=1.01e-05  [rmse=0.0076 h1=0.0001 ssim=0.0220 mlw=0.0000]
epoch 28 step 3320  loss=0.016719  lr=9.56e-06  [rmse=0.0075 h1=0.0001 ssim=0.0264 mlw=0.0000]
epoch 28 step 3330  loss=0.016693  lr=8.99e-06  [rmse=0.0096 h1=0.0001 ssim=0.0292 mlw=0.0000]
epoch 28 step 3340  loss=0.016543  lr=8.44e-06  [rmse=0.0045 h1=0.0000 ssim=0.0166 mlw=0.0000]
epoch 28 step 3350  loss=0.016531  lr=7.91e-06  [rmse=0.0109 h1=0.0001 ssim=0.0250 mlw=0.0000]
epoch 28 step 3360  loss=0.016472  lr=7.39e-06  [rmse=0.0098 h1=0.0001 ssim=0.0325 mlw=0.0000]
INFO     [rank 0] Loss weights: rmse=1.0000, h1=50.0000,      vae_trainer.py:950
         ssim=0.1500, mlw=0.0000                                                
INFO     [rank 0] Epoch 28: train_loss=0.016472               vae_trainer.py:989
         val_loss=0.016438  val_VRMSE=0.051579  lr=7.39e-06                     
INFO     [rank 0] Metrics updated: metrics/metrics.csv,      vae_trainer.py:1015
         metrics/loss_curves.png                                                
INFO     [rank 0] Saved 12 validation reconstruction PNGs    vae_trainer.py:1208
         for epoch 28                                                           
INFO     [rank 0] New best checkpoint (epoch 28,             vae_trainer.py:1307
         val_vrmse=0.051579):                                                   
         checkpoints/vae_shockwave_best.safetensors                             
INFO     [rank 0] Training state saved:                      vae_trainer.py:1383
         checkpoints/vae_shockwave_last.state.pt                                
INFO     [rank 0] Epoch 28 timing: train=1236.4s eval=196.6s vae_trainer.py:1048
         viz=29.4s ckpt=18.9s total=1481.9s                                     
epoch 29 step 3370  loss=0.016479  lr=6.89e-06  [rmse=0.0072 h1=0.0001 ssim=0.0233 mlw=0.0000]
epoch 29 step 3380  loss=0.016120  lr=6.41e-06  [rmse=0.0106 h1=0.0001 ssim=0.0323 mlw=0.0000]
epoch 29 step 3390  loss=0.015946  lr=5.95e-06  [rmse=0.0069 h1=0.0001 ssim=0.0225 mlw=0.0000]
epoch 29 step 3400  loss=0.016782  lr=5.50e-06  [rmse=0.0049 h1=0.0000 ssim=0.0185 mlw=0.0000]
epoch 29 step 3410  loss=0.016804  lr=5.08e-06  [rmse=0.0144 h1=0.0003 ssim=0.0313 mlw=0.0000]
epoch 29 step 3420  loss=0.016562  lr=4.67e-06  [rmse=0.0061 h1=0.0000 ssim=0.0212 mlw=0.0000]
epoch 29 step 3430  loss=0.016416  lr=4.28e-06  [rmse=0.0083 h1=0.0001 ssim=0.0246 mlw=0.0000]
epoch 29 step 3440  loss=0.016606  lr=3.92e-06  [rmse=0.0068 h1=0.0001 ssim=0.0206 mlw=0.0000]
epoch 29 step 3450  loss=0.016498  lr=3.57e-06  [rmse=0.0033 h1=0.0000 ssim=0.0143 mlw=0.0000]
epoch 29 step 3460  loss=0.016477  lr=3.24e-06  [rmse=0.0044 h1=0.0000 ssim=0.0158 mlw=0.0000]
epoch 29 step 3470  loss=0.016423  lr=2.94e-06  [rmse=0.0071 h1=0.0001 ssim=0.0264 mlw=0.0000]
epoch 29 step 3480  loss=0.016398  lr=2.65e-06  [rmse=0.0079 h1=0.0001 ssim=0.0207 mlw=0.0000]
INFO     [rank 0] Loss weights: rmse=1.0000, h1=50.0000,      vae_trainer.py:950
         ssim=0.1500, mlw=0.0000                                                
INFO     [rank 0] Epoch 29: train_loss=0.016398               vae_trainer.py:989
         val_loss=0.016284  val_VRMSE=0.051164  lr=2.65e-06                     
INFO     [rank 0] Metrics updated: metrics/metrics.csv,      vae_trainer.py:1015
         metrics/loss_curves.png                                                
INFO     [rank 0] Saved 12 validation reconstruction PNGs    vae_trainer.py:1208
         for epoch 29                                                           
INFO     [rank 0] New best checkpoint (epoch 29,             vae_trainer.py:1307
         val_vrmse=0.051164):                                                   
         checkpoints/vae_shockwave_best.safetensors                             
INFO     [rank 0] Training state saved:                      vae_trainer.py:1383
         checkpoints/vae_shockwave_last.state.pt                                
INFO     [rank 0] Epoch 29 timing: train=1234.2s eval=195.1s vae_trainer.py:1048
         viz=29.6s ckpt=17.4s total=1477.0s                                     
epoch 30 step 3490  loss=0.014678  lr=2.39e-06  [rmse=0.0113 h1=0.0001 ssim=0.0281 mlw=0.0000]
epoch 30 step 3500  loss=0.017056  lr=2.15e-06  [rmse=0.0058 h1=0.0000 ssim=0.0184 mlw=0.0000]
epoch 30 step 3510  loss=0.016328  lr=1.94e-06  [rmse=0.0050 h1=0.0000 ssim=0.0186 mlw=0.0000]
epoch 30 step 3520  loss=0.016088  lr=1.74e-06  [rmse=0.0092 h1=0.0001 ssim=0.0317 mlw=0.0000]
epoch 30 step 3530  loss=0.016365  lr=1.57e-06  [rmse=0.0144 h1=0.0002 ssim=0.0314 mlw=0.0000]
epoch 30 step 3540  loss=0.016387  lr=1.42e-06  [rmse=0.0088 h1=0.0001 ssim=0.0219 mlw=0.0000]
epoch 30 step 3550  loss=0.016359  lr=1.29e-06  [rmse=0.0031 h1=0.0000 ssim=0.0143 mlw=0.0000]
epoch 30 step 3560  loss=0.016284  lr=1.19e-06  [rmse=0.0125 h1=0.0002 ssim=0.0289 mlw=0.0000]
epoch 30 step 3570  loss=0.016428  lr=1.10e-06  [rmse=0.0037 h1=0.0000 ssim=0.0131 mlw=0.0000]
epoch 30 step 3580  loss=0.016287  lr=1.05e-06  [rmse=0.0073 h1=0.0001 ssim=0.0213 mlw=0.0000]
epoch 30 step 3590  loss=0.016313  lr=1.01e-06  [rmse=0.0045 h1=0.0000 ssim=0.0195 mlw=0.0000]
epoch 30 step 3600  loss=0.016257  lr=1.00e-06  [rmse=0.0106 h1=0.0001 ssim=0.0197 mlw=0.0000]
INFO     [rank 0] Loss weights: rmse=1.0000, h1=50.0000,      vae_trainer.py:950
         ssim=0.1500, mlw=0.0000                                                
INFO     [rank 0] Epoch 30: train_loss=0.016257               vae_trainer.py:989
         val_loss=0.016262  val_VRMSE=0.051084  lr=1.00e-06                     
INFO     [rank 0] Metrics updated: metrics/metrics.csv,      vae_trainer.py:1015
         metrics/loss_curves.png                                                
INFO     [rank 0] Saved 12 validation reconstruction PNGs    vae_trainer.py:1208
         for epoch 30                                                           
INFO     [rank 0] New best checkpoint (epoch 30,             vae_trainer.py:1307
         val_vrmse=0.051084):                                                   
         checkpoints/vae_shockwave_best.safetensors                             
INFO     [rank 0] Training state saved:                      vae_trainer.py:1383
         checkpoints/vae_shockwave_last.state.pt                                
INFO     [rank 0] Epoch 30 timing: train=1235.3s eval=196.3s vae_trainer.py:1048
         viz=29.3s ckpt=18.2s total=1479.9s                                     
╭──────────────────────────────────────────────────────────────────────────────╮
╰──────────────────────────────────────────────────────────────────────────────╯INFO     [rank 0] Training state saved:                      vae_trainer.py:1383
         checkpoints/vae_shockwave_last.state.pt                                
INFO     [rank 0] Best epoch: 30 (val_vrmse=0.051084)        vae_trainer.py:1066

Training complete. Checkpoint: 
/mnt/result/finetune_vae_whole_structure_baseline_ep30_256res/checkpoints/vae_sh
ockwave_best.safetensors
Mirrored (excl. checkpoints/) to finetune_vae_outputs/lrz_ai/finetune_vae_whole_structure_baseline_ep30_256res
Job finished at: Fri Aug 21 05:05:11 PM CEST 2026
Total runtime: 44530 seconds
