Directory where err and out file are logged: /dss/dsshome1/09/ge26qux3/work_wh/windinet
MASTER_ADDR: lrz-hgx-h100-015
MASTER_PORT: 39687
SLURM_NODEID: 0
SLURM_NNODES: 1
SLURM_GPUS_PER_NODE: 2
WORLD_SIZE: 2
CUDA_VISIBLE_DEVICES: 0,1
Job started at: Sat Aug 22 02:31:04 PM CEST 2026
batch_size=4 accum=4 output_dir=/mnt/result/finetune_vae_whole_structure_baseline_ep30_256res_kl1e6 data_root=/mnt/data/train.h5
INFO     [rank 0] generated new fontManager                 font_manager.py:1639
INFO     [rank 1] generated new fontManager                 font_manager.py:1639
                          VAE Finetuning Configuration                          
┏━━━━━━━━━━━━━━━━━━━━━━━━━━━━━━━━━━━━━━┳━━━━━━━━━━━━━━━━━━━━━━━━━━━━━━━━━━━━━━━┓
┃ Parameter                            ┃ Value                                 ┃
┡━━━━━━━━━━━━━━━━━━━━━━━━━━━━━━━━━━━━━━╇━━━━━━━━━━━━━━━━━━━━━━━━━━━━━━━━━━━━━━━┩
│ model.model_source                   │ LTXV_2B_0.9.6_DEV                     │
│ model.load_checkpoint                │ None                                  │
│ adapter.enabled                      │ True                                  │
│ adapter.checkpoint                   │ None                                  │
│ adapter.channels                     │ ['density', 'momentum_x',             │
│                                      │ 'momentum_y', 'pressure']             │
│ adapter.mode                         │ inflate                               │
│ adapter.inflate_init                 │ zeros                                 │
│ adapter.inflate_copy_channel         │ None                                  │
│ adapter.freeze_conv_in               │ False                                 │
│ adapter.unfreeze_encoder_trunk       │ True                                  │
│ adapter.hidden_channels              │ 32                                    │
│ adapter.activation                   │ gelu                                  │
│ adapter.identity_init                │ False                                 │
│ adapter.default_temb                 │ 0.0                                   │
│ data.data_root                       │ /mnt/data/train.h5                    │
│ data.eval_sims                       │ 675                                   │
│ data.num_dataloader_workers          │ 4                                     │
│ data.num_sim_frames                  │ None                                  │
│ data.overfit_sims                    │ None                                  │
│ data.overfit_repeat                  │ 1                                     │
│ data.channel_mean                    │ [0.9050976477108856,                  │
│                                      │ 0.004045365949982484,                 │
│                                      │ -0.0019089379638760548, 0.9           │
│ data.channel_std                     │ [0.6618199912434938,                  │
│                                      │ 0.5335233432828087,                   │
│                                      │ 0.5268940723644505, 0.8053303         │
│ data.normalization_stats_file        │ None                                  │
│ data.normalization_clip              │ 5.0                                   │
│ data.channel_order                   │ ['density', 'momentum_x',             │
│                                      │ 'momentum_y', 'pressure']             │
│ data.log_transform_channels          │ []                                    │
│ optimization.learning_rate           │ 5e-05                                 │
│ optimization.min_learning_rate       │ 1e-06                                 │
│ optimization.scheduler_type          │ wsd                                   │
│ optimization.stable_fraction         │ 0.7                                   │
│ optimization.stable_end_epoch        │ None                                  │
│ optimization.plateau_factor          │ 0.5                                   │
│ optimization.plateau_patience        │ 3                                     │
│ optimization.plateau_threshold       │ 0.0001                                │
│ optimization.epochs                  │ 30                                    │
│ optimization.batch_size              │ 4                                     │
│ optimization.gradient_accumulation_… │ 4                                     │
│ optimization.max_grad_norm           │ 5.0                                   │
│ optimization.weight_decay            │ 0.0                                   │
│ optimization.warmup_steps            │ 200                                   │
│ optimization.warmup_start_factor     │ 0.01                                  │
│ optimization.enable_gradient_checkp… │ True                                  │
│ loss.wavelet                         │ db2                                   │
│ loss.spatial_level                   │ 2                                     │
│ loss.temporal_level                  │ 2                                     │
│ loss.mlw_beta                        │ 10.0                                  │
│ loss.mlw_eps                         │ 1e-06                                 │
│ loss_weighting.strategy              │ fixed                                 │
│ loss_weighting.weights               │ {'rmse': 1.0, 'h1': 50.0, 'ssim':     │
│                                      │ 0.15, 'mlw': 0.0, 'kl': 1e-06}        │
│ loss_weighting.loss_names            │ ['rmse', 'h1', 'ssim', 'mlw']         │
│ loss_weighting.alpha                 │ 1.5                                   │
│ loss_weighting.weight_lr             │ 0.025                                 │
│ loss_weighting.temperature           │ 0.1                                   │
│ visualization.enabled                │ True                                  │
│ visualization.interval_epochs        │ 1                                     │
│ visualization.num_samples            │ 3                                     │
│ visualization.frame_numbers          │ [25, 50, 75, 100]                     │
│ visualization.dpi                    │ 150                                   │
│ acceleration.mixed_precision_mode    │ bf16                                  │
│ acceleration.compile_with_inductor   │ False                                 │
│ acceleration.compilation_mode        │ reduce-overhead                       │
│ checkpoints.interval                 │ 1                                     │
│ checkpoints.keep_last_n              │ 1                                     │
│ checkpoints.save_best_only           │ True                                  │
│ checkpoints.best_metric              │ val_vrmse                             │
│ checkpoints.save_last_state          │ True                                  │
│ checkpoints.save_epochs              │ [15]                                  │
│ wandb.enabled                        │ False                                 │
│ wandb.project                        │ windinet                              │
│ wandb.entity                         │ None                                  │
│ wandb.tags                           │ ['vae', 'inflate', 'zeros-init',      │
│                                      │ 'wsd', '30ep', 'lr1x', 'shockwave-cfd │
│ seed                                 │ 42                                    │
│ output_dir                           │ /mnt/result/finetune_vae_whole_struc… │
│ clean_output_dir                     │ True                                  │
│ resume_from                          │ None                                  │
│ resume_weights_only                  │ False                                 │
└──────────────────────────────────────┴───────────────────────────────────────┘
INFO     [rank 0] Distributed training: 2 processes          vae_trainer.py:1429
INFO     [rank 1] HTTP Request: GET                              _client.py:1025
         https://huggingface.co/api/agent-harnesses "HTTP/1.1                   
         200 OK"                                                                
INFO     [rank 0] HTTP Request: GET                              _client.py:1025
         https://huggingface.co/api/agent-harnesses "HTTP/1.1                   
         200 OK"                                                                
INFO     [rank 0] HTTP Request: HEAD                             _client.py:1025
         https://huggingface.co/Lightricks/LTX-Video-0.9.5/resol                
         ve/main/vae/config.json "HTTP/1.1 307 Temporary                        
         Redirect"                                                              
INFO     [rank 1] HTTP Request: HEAD                             _client.py:1025
         https://huggingface.co/Lightricks/LTX-Video-0.9.5/resol                
         ve/main/vae/config.json "HTTP/1.1 307 Temporary                        
         Redirect"                                                              
WARNING  [rank 0] Warning: You are sending unauthenticated requests _http.py:951
         to the HF Hub. Please set a HF_TOKEN to enable higher rate             
         limits and faster downloads.                                           
INFO     [rank 1] HTTP Request: HEAD                             _client.py:1025
         https://huggingface.co/api/resolve-cache/models/Lightri                
         cks/LTX-Video-0.9.5/e58e28c39631af4d1468ee57a853764e11c                
         1d37e/vae%2Fconfig.json "HTTP/1.1 200 OK"                              
INFO     [rank 0] HTTP Request: HEAD                             _client.py:1025
         https://huggingface.co/api/resolve-cache/models/Lightri                
         cks/LTX-Video-0.9.5/e58e28c39631af4d1468ee57a853764e11c                
         1d37e/vae%2Fconfig.json "HTTP/1.1 200 OK"                              
INFO     [rank 0] HTTP Request: HEAD                             _client.py:1025
         https://huggingface.co/Lightricks/LTX-Video-0.9.5/resol                
         ve/e58e28c39631af4d1468ee57a853764e11c1d37e/vae/diffusi                
         on_pytorch_model.safetensors.index.json "HTTP/1.1 404                  
         Not Found"                                                             
INFO     [rank 1] HTTP Request: HEAD                             _client.py:1025
         https://huggingface.co/Lightricks/LTX-Video-0.9.5/resol                
         ve/e58e28c39631af4d1468ee57a853764e11c1d37e/vae/diffusi                
         on_pytorch_model.safetensors.index.json "HTTP/1.1 404                  
         Not Found"                                                             
WARNING  [rank 1] Warning: You are sending unauthenticated requests _http.py:951
         to the HF Hub. Please set a HF_TOKEN to enable higher rate             
         limits and faster downloads.                                           
INFO     [rank 0] VAE inflated to 4 native channels           vae_trainer.py:197
         (init=zeros); encoder.conv_in is trainable                             
INFO     [rank 0] Encoder extra modules UNFROZEN:             vae_trainer.py:254
         down_blocks[0, 1, 2] + tail                                            
         (down_blocks[-1]+mid_block+norm_out+conv_out)                          
INFO     [rank 0] VAE gradient checkpointing enabled          vae_trainer.py:265
INFO     [rank 0] VAE loaded. Decoder params: 552,869,953     vae_trainer.py:271
INFO     [rank 0] Trainable parameters:                       vae_trainer.py:342
         encoder_conv_in=221,312, encoder_extra=693,932,865,                    
         decoder=552,869,953, in_adapter=0, out_adapter=0                       
INFO     [rank 0] Dataset: 3825 train, 675 eval samples       vae_trainer.py:606
INFO     [rank 0] encoder.conv_in LR = 5.00e-05 (== decoder   vae_trainer.py:630
         LR)                                                                    
INFO     [rank 0] encoder extra (down_blocks[0, 1, 2]+tail)   vae_trainer.py:641
         LR = 5.00e-05 (== decoder LR)                                          
INFO     [rank 0] LR schedule 'wsd': 3600 steps (200 warmup,  vae_trainer.py:732
         2380 stable, 1020 anneal), peak 5.00e-05 -> floor                      
         1.00e-06                                                               
INFO     [rank 0] Cleaned output directory:                  vae_trainer.py:1394
         /mnt/result/finetune_vae_whole_structure_baseline_e                    
         p30_256res_kl1e6                                                       
INFO     [rank 0] Config saved:                              vae_trainer.py:1461
         /mnt/result/finetune_vae_whole_structure_baseline_e                    
         p30_256res_kl1e6/training_config.yaml                                  
INFO     [rank 0] Starting VAE decoder finetuning...          vae_trainer.py:780
epoch 1 step 10  loss=0.843555  lr=2.98e-06  [rmse=0.1175 h1=0.0002 ssim=0.2636 mlw=0.0000]
epoch 1 step 20  loss=0.545004  lr=5.45e-06  [rmse=0.2021 h1=0.0003 ssim=0.3367 mlw=0.0000]
epoch 1 step 30  loss=0.421796  lr=7.93e-06  [rmse=0.0559 h1=0.0002 ssim=0.3412 mlw=0.0000]
epoch 1 step 40  loss=0.354010  lr=1.04e-05  [rmse=0.0967 h1=0.0003 ssim=0.3177 mlw=0.0000]
epoch 1 step 50  loss=0.312457  lr=1.29e-05  [rmse=0.0394 h1=0.0001 ssim=0.2049 mlw=0.0000]
epoch 1 step 60  loss=0.287174  lr=1.54e-05  [rmse=0.0792 h1=0.0002 ssim=0.2168 mlw=0.0000]
epoch 1 step 70  loss=0.266846  lr=1.78e-05  [rmse=0.0349 h1=0.0001 ssim=0.1902 mlw=0.0000]
epoch 1 step 80  loss=0.246513  lr=2.03e-05  [rmse=0.0261 h1=0.0001 ssim=0.1850 mlw=0.0000]
epoch 1 step 90  loss=0.229630  lr=2.28e-05  [rmse=0.0544 h1=0.0005 ssim=0.2142 mlw=0.0000]
epoch 1 step 100  loss=0.215898  lr=2.53e-05  [rmse=0.0338 h1=0.0002 ssim=0.1974 mlw=0.0000]
epoch 1 step 110  loss=0.203119  lr=2.77e-05  [rmse=0.0282 h1=0.0001 ssim=0.1795 mlw=0.0000]
epoch 1 step 120  loss=0.193726  lr=3.02e-05  [rmse=0.0462 h1=0.0002 ssim=0.2890 mlw=0.0000]
INFO     [rank 0] Loss weights: rmse=1.0000, h1=50.0000,      vae_trainer.py:950
         ssim=0.1500, mlw=0.0000, kl=0.0000                                     
INFO     [rank 0] Epoch 1: train_loss=0.193726                vae_trainer.py:989
         val_loss=0.087299  val_VRMSE=0.267189  lr=3.02e-05                     
INFO     [rank 0] Metrics updated: metrics/metrics.csv,      vae_trainer.py:1015
         metrics/loss_curves.png                                                
INFO     [rank 0] Saved 12 validation reconstruction PNGs    vae_trainer.py:1208
         for epoch 1                                                            
INFO     [rank 0] New best checkpoint (epoch 1,              vae_trainer.py:1307
         val_vrmse=0.267189):                                                   
         checkpoints/vae_shockwave_best.safetensors                             
INFO     [rank 0] Training state saved:                      vae_trainer.py:1383
         checkpoints/vae_shockwave_last.state.pt                                
INFO     [rank 0] Epoch 1 timing: train=1324.1s eval=275.4s  vae_trainer.py:1048
         viz=30.8s ckpt=18.9s total=1650.0s                                     
epoch 2 step 130  loss=0.081618  lr=3.27e-05  [rmse=0.0361 h1=0.0002 ssim=0.2099 mlw=0.0000]
epoch 2 step 140  loss=0.079500  lr=3.52e-05  [rmse=0.0276 h1=0.0001 ssim=0.1912 mlw=0.0000]
epoch 2 step 150  loss=0.086935  lr=3.76e-05  [rmse=0.0252 h1=0.0001 ssim=0.1349 mlw=0.0000]
epoch 2 step 160  loss=0.084554  lr=4.01e-05  [rmse=0.0482 h1=0.0003 ssim=0.1658 mlw=0.0000]
epoch 2 step 170  loss=0.082699  lr=4.26e-05  [rmse=0.0308 h1=0.0002 ssim=0.1885 mlw=0.0000]
epoch 2 step 180  loss=0.080244  lr=4.51e-05  [rmse=0.0341 h1=0.0002 ssim=0.1751 mlw=0.0000]
epoch 2 step 190  loss=0.078669  lr=4.75e-05  [rmse=0.0294 h1=0.0002 ssim=0.1524 mlw=0.0000]
epoch 2 step 200  loss=0.077174  lr=5.00e-05  [rmse=0.0362 h1=0.0001 ssim=0.2814 mlw=0.0000]
epoch 2 step 210  loss=0.077266  lr=5.00e-05  [rmse=0.0353 h1=0.0003 ssim=0.1955 mlw=0.0000]
epoch 2 step 220  loss=0.076122  lr=5.00e-05  [rmse=0.0325 h1=0.0003 ssim=0.1661 mlw=0.0000]
epoch 2 step 230  loss=0.074224  lr=5.00e-05  [rmse=0.0223 h1=0.0002 ssim=0.1102 mlw=0.0000]
epoch 2 step 240  loss=0.073804  lr=5.00e-05  [rmse=0.0320 h1=0.0001 ssim=0.1522 mlw=0.0000]
INFO     [rank 0] Loss weights: rmse=1.0000, h1=50.0000,      vae_trainer.py:950
         ssim=0.1500, mlw=0.0000, kl=0.0000                                     
INFO     [rank 0] Epoch 2: train_loss=0.073804                vae_trainer.py:989
         val_loss=0.063658  val_VRMSE=0.185287  lr=5.00e-05                     
INFO     [rank 0] Metrics updated: metrics/metrics.csv,      vae_trainer.py:1015
         metrics/loss_curves.png                                                
INFO     [rank 0] Saved 12 validation reconstruction PNGs    vae_trainer.py:1208
         for epoch 2                                                            
INFO     [rank 0] New best checkpoint (epoch 2,              vae_trainer.py:1307
         val_vrmse=0.185287):                                                   
         checkpoints/vae_shockwave_best.safetensors                             
INFO     [rank 0] Training state saved:                      vae_trainer.py:1383
         checkpoints/vae_shockwave_last.state.pt                                
INFO     [rank 0] Epoch 2 timing: train=1327.4s eval=279.7s  vae_trainer.py:1048
         viz=30.6s ckpt=22.4s total=1660.8s                                     
epoch 3 step 250  loss=0.065096  lr=5.00e-05  [rmse=0.0288 h1=0.0002 ssim=0.1275 mlw=0.0000]
epoch 3 step 260  loss=0.059411  lr=5.00e-05  [rmse=0.0234 h1=0.0002 ssim=0.0931 mlw=0.0000]
epoch 3 step 270  loss=0.056586  lr=5.00e-05  [rmse=0.0190 h1=0.0001 ssim=0.1191 mlw=0.0000]
epoch 3 step 280  loss=0.054897  lr=5.00e-05  [rmse=0.0187 h1=0.0001 ssim=0.1352 mlw=0.0000]
epoch 3 step 290  loss=0.052113  lr=5.00e-05  [rmse=0.0180 h1=0.0001 ssim=0.0755 mlw=0.0000]
epoch 3 step 300  loss=0.049707  lr=5.00e-05  [rmse=0.0232 h1=0.0002 ssim=0.1246 mlw=0.0000]
epoch 3 step 310  loss=0.048312  lr=5.00e-05  [rmse=0.0169 h1=0.0001 ssim=0.1221 mlw=0.0000]
epoch 3 step 320  loss=0.048559  lr=5.00e-05  [rmse=0.0235 h1=0.0002 ssim=0.1534 mlw=0.0000]
epoch 3 step 330  loss=0.049141  lr=5.00e-05  [rmse=0.0241 h1=0.0002 ssim=0.1183 mlw=0.0000]
epoch 3 step 340  loss=0.048646  lr=5.00e-05  [rmse=0.0210 h1=0.0001 ssim=0.0941 mlw=0.0000]
epoch 3 step 350  loss=0.047890  lr=5.00e-05  [rmse=0.0243 h1=0.0002 ssim=0.0676 mlw=0.0000]
epoch 3 step 360  loss=0.047536  lr=5.00e-05  [rmse=0.0191 h1=0.0002 ssim=0.0632 mlw=0.0000]
INFO     [rank 0] Loss weights: rmse=1.0000, h1=50.0000,      vae_trainer.py:950
         ssim=0.1500, mlw=0.0000, kl=0.0000                                     
INFO     [rank 0] Epoch 3: train_loss=0.047536                vae_trainer.py:989
         val_loss=0.036210  val_VRMSE=0.108361  lr=5.00e-05                     
INFO     [rank 0] Metrics updated: metrics/metrics.csv,      vae_trainer.py:1015
         metrics/loss_curves.png                                                
INFO     [rank 0] Saved 12 validation reconstruction PNGs    vae_trainer.py:1208
         for epoch 3                                                            
INFO     [rank 0] New best checkpoint (epoch 3,              vae_trainer.py:1307
         val_vrmse=0.108361):                                                   
         checkpoints/vae_shockwave_best.safetensors                             
INFO     [rank 0] Training state saved:                      vae_trainer.py:1383
         checkpoints/vae_shockwave_last.state.pt                                
INFO     [rank 0] Epoch 3 timing: train=1334.1s eval=245.2s  vae_trainer.py:1048
         viz=30.8s ckpt=18.7s total=1629.7s                                     
epoch 4 step 370  loss=0.040498  lr=5.00e-05  [rmse=0.0090 h1=0.0000 ssim=0.0544 mlw=0.0000]
epoch 4 step 380  loss=0.041970  lr=5.00e-05  [rmse=0.0149 h1=0.0001 ssim=0.0841 mlw=0.0000]
epoch 4 step 390  loss=0.043129  lr=5.00e-05  [rmse=0.0253 h1=0.0003 ssim=0.1286 mlw=0.0000]
epoch 4 step 400  loss=0.043904  lr=5.00e-05  [rmse=0.0167 h1=0.0001 ssim=0.1142 mlw=0.0000]
epoch 4 step 410  loss=0.043590  lr=5.00e-05  [rmse=0.0142 h1=0.0001 ssim=0.0616 mlw=0.0000]
epoch 4 step 420  loss=0.042431  lr=5.00e-05  [rmse=0.0093 h1=0.0000 ssim=0.0430 mlw=0.0000]
epoch 4 step 430  loss=0.041297  lr=5.00e-05  [rmse=0.0088 h1=0.0000 ssim=0.0341 mlw=0.0000]
epoch 4 step 440  loss=0.040168  lr=5.00e-05  [rmse=0.0138 h1=0.0001 ssim=0.0501 mlw=0.0000]
epoch 4 step 450  loss=0.039078  lr=5.00e-05  [rmse=0.0173 h1=0.0002 ssim=0.0497 mlw=0.0000]
epoch 4 step 460  loss=0.038130  lr=5.00e-05  [rmse=0.0187 h1=0.0002 ssim=0.1007 mlw=0.0000]
epoch 4 step 470  loss=0.038112  lr=5.00e-05  [rmse=0.0133 h1=0.0001 ssim=0.0533 mlw=0.0000]
epoch 4 step 480  loss=0.037674  lr=5.00e-05  [rmse=0.0146 h1=0.0001 ssim=0.0573 mlw=0.0000]
INFO     [rank 0] Loss weights: rmse=1.0000, h1=50.0000,      vae_trainer.py:950
         ssim=0.1500, mlw=0.0000, kl=0.0000                                     
INFO     [rank 0] Epoch 4: train_loss=0.037674                vae_trainer.py:989
         val_loss=0.028937  val_VRMSE=0.089037  lr=5.00e-05                     
INFO     [rank 0] Metrics updated: metrics/metrics.csv,      vae_trainer.py:1015
         metrics/loss_curves.png                                                
INFO     [rank 0] Saved 12 validation reconstruction PNGs    vae_trainer.py:1208
         for epoch 4                                                            
INFO     [rank 0] New best checkpoint (epoch 4,              vae_trainer.py:1307
         val_vrmse=0.089037):                                                   
         checkpoints/vae_shockwave_best.safetensors                             
INFO     [rank 0] Training state saved:                      vae_trainer.py:1383
         checkpoints/vae_shockwave_last.state.pt                                
INFO     [rank 0] Epoch 4 timing: train=1327.8s eval=280.6s  vae_trainer.py:1048
         viz=30.2s ckpt=18.5s total=1657.9s                                     
epoch 5 step 490  loss=0.031616  lr=5.00e-05  [rmse=0.0358 h1=0.0005 ssim=0.0955 mlw=0.0000]
epoch 5 step 500  loss=0.032405  lr=5.00e-05  [rmse=0.0124 h1=0.0001 ssim=0.0520 mlw=0.0000]
epoch 5 step 510  loss=0.033027  lr=5.00e-05  [rmse=0.0159 h1=0.0001 ssim=0.0963 mlw=0.0000]
epoch 5 step 520  loss=0.034463  lr=5.00e-05  [rmse=0.0206 h1=0.0001 ssim=0.0853 mlw=0.0000]
epoch 5 step 530  loss=0.036123  lr=5.00e-05  [rmse=0.0115 h1=0.0000 ssim=0.0783 mlw=0.0000]
epoch 5 step 540  loss=0.036257  lr=5.00e-05  [rmse=0.0143 h1=0.0001 ssim=0.0564 mlw=0.0000]
epoch 5 step 550  loss=0.036956  lr=5.00e-05  [rmse=0.0258 h1=0.0002 ssim=0.1036 mlw=0.0000]
epoch 5 step 560  loss=0.036801  lr=5.00e-05  [rmse=0.0149 h1=0.0001 ssim=0.0641 mlw=0.0000]
epoch 5 step 570  loss=0.036455  lr=5.00e-05  [rmse=0.0180 h1=0.0002 ssim=0.0756 mlw=0.0000]
epoch 5 step 580  loss=0.035994  lr=5.00e-05  [rmse=0.0126 h1=0.0001 ssim=0.0457 mlw=0.0000]
epoch 5 step 590  loss=0.035682  lr=5.00e-05  [rmse=0.0147 h1=0.0001 ssim=0.0524 mlw=0.0000]
epoch 5 step 600  loss=0.035473  lr=5.00e-05  [rmse=0.0154 h1=0.0001 ssim=0.0623 mlw=0.0000]
INFO     [rank 0] Loss weights: rmse=1.0000, h1=50.0000,      vae_trainer.py:950
         ssim=0.1500, mlw=0.0000, kl=0.0000                                     
INFO     [rank 0] Epoch 5: train_loss=0.035473                vae_trainer.py:989
         val_loss=0.033697  val_VRMSE=0.106818  lr=5.00e-05                     
INFO     [rank 0] Metrics updated: metrics/metrics.csv,      vae_trainer.py:1015
         metrics/loss_curves.png                                                
INFO     [rank 0] Saved 12 validation reconstruction PNGs    vae_trainer.py:1208
         for epoch 5                                                            
INFO     [rank 0] Training state saved:                      vae_trainer.py:1383
         checkpoints/vae_shockwave_last.state.pt                                
INFO     [rank 0] Epoch 5 timing: train=1322.0s eval=280.8s  vae_trainer.py:1048
         viz=29.4s ckpt=17.0s total=1650.0s                                     
epoch 6 step 610  loss=0.031814  lr=5.00e-05  [rmse=0.0136 h1=0.0001 ssim=0.0539 mlw=0.0000]
epoch 6 step 620  loss=0.032446  lr=5.00e-05  [rmse=0.0107 h1=0.0001 ssim=0.0532 mlw=0.0000]
epoch 6 step 630  loss=0.033955  lr=5.00e-05  [rmse=0.0145 h1=0.0000 ssim=0.0783 mlw=0.0000]
epoch 6 step 640  loss=0.035393  lr=5.00e-05  [rmse=0.0159 h1=0.0001 ssim=0.0753 mlw=0.0000]
epoch 6 step 650  loss=0.035476  lr=5.00e-05  [rmse=0.0212 h1=0.0003 ssim=0.0998 mlw=0.0000]
epoch 6 step 660  loss=0.036397  lr=5.00e-05  [rmse=0.0129 h1=0.0001 ssim=0.0795 mlw=0.0000]
epoch 6 step 670  loss=0.037135  lr=5.00e-05  [rmse=0.0264 h1=0.0001 ssim=0.1003 mlw=0.0000]
epoch 6 step 680  loss=0.037565  lr=5.00e-05  [rmse=0.0212 h1=0.0002 ssim=0.0762 mlw=0.0000]
epoch 6 step 690  loss=0.037771  lr=5.00e-05  [rmse=0.0122 h1=0.0000 ssim=0.0724 mlw=0.0000]
epoch 6 step 700  loss=0.037645  lr=5.00e-05  [rmse=0.0162 h1=0.0001 ssim=0.0899 mlw=0.0000]
epoch 6 step 710  loss=0.038037  lr=5.00e-05  [rmse=0.0150 h1=0.0001 ssim=0.0646 mlw=0.0000]
epoch 6 step 720  loss=0.038173  lr=5.00e-05  [rmse=0.0156 h1=0.0001 ssim=0.0666 mlw=0.0000]
INFO     [rank 0] Loss weights: rmse=1.0000, h1=50.0000,      vae_trainer.py:950
         ssim=0.1500, mlw=0.0000, kl=0.0000                                     
INFO     [rank 0] Epoch 6: train_loss=0.038173                vae_trainer.py:989
         val_loss=0.034811  val_VRMSE=0.114438  lr=5.00e-05                     
INFO     [rank 0] Metrics updated: metrics/metrics.csv,      vae_trainer.py:1015
         metrics/loss_curves.png                                                
INFO     [rank 0] Saved 12 validation reconstruction PNGs    vae_trainer.py:1208
         for epoch 6                                                            
INFO     [rank 0] Training state saved:                      vae_trainer.py:1383
         checkpoints/vae_shockwave_last.state.pt                                
INFO     [rank 0] Epoch 6 timing: train=1328.2s eval=279.4s  vae_trainer.py:1048
         viz=30.2s ckpt=17.2s total=1655.8s                                     
epoch 7 step 730  loss=0.030747  lr=5.00e-05  [rmse=0.0134 h1=0.0001 ssim=0.0830 mlw=0.0000]
epoch 7 step 740  loss=0.031116  lr=5.00e-05  [rmse=0.0249 h1=0.0003 ssim=0.0569 mlw=0.0000]
epoch 7 step 750  loss=0.032173  lr=5.00e-05  [rmse=0.0191 h1=0.0002 ssim=0.0780 mlw=0.0000]
epoch 7 step 760  loss=0.031832  lr=5.00e-05  [rmse=0.0135 h1=0.0001 ssim=0.0650 mlw=0.0000]
epoch 7 step 770  loss=0.031207  lr=5.00e-05  [rmse=0.0215 h1=0.0002 ssim=0.0475 mlw=0.0000]
epoch 7 step 780  loss=0.031219  lr=5.00e-05  [rmse=0.0163 h1=0.0001 ssim=0.0822 mlw=0.0000]
epoch 7 step 790  loss=0.030987  lr=5.00e-05  [rmse=0.0321 h1=0.0006 ssim=0.0925 mlw=0.0000]
epoch 7 step 800  loss=0.030848  lr=5.00e-05  [rmse=0.0121 h1=0.0001 ssim=0.0600 mlw=0.0000]
epoch 7 step 810  loss=0.030579  lr=5.00e-05  [rmse=0.0088 h1=0.0001 ssim=0.0435 mlw=0.0000]
epoch 7 step 820  loss=0.030349  lr=5.00e-05  [rmse=0.0238 h1=0.0003 ssim=0.0918 mlw=0.0000]
epoch 7 step 830  loss=0.030816  lr=5.00e-05  [rmse=0.0241 h1=0.0002 ssim=0.0789 mlw=0.0000]
epoch 7 step 840  loss=0.031220  lr=5.00e-05  [rmse=0.0150 h1=0.0001 ssim=0.0631 mlw=0.0000]
INFO     [rank 0] Loss weights: rmse=1.0000, h1=50.0000,      vae_trainer.py:950
         ssim=0.1500, mlw=0.0000, kl=0.0000                                     
INFO     [rank 0] Epoch 7: train_loss=0.031220                vae_trainer.py:989
         val_loss=0.029255  val_VRMSE=0.090329  lr=5.00e-05                     
INFO     [rank 0] Metrics updated: metrics/metrics.csv,      vae_trainer.py:1015
         metrics/loss_curves.png                                                
INFO     [rank 0] Saved 12 validation reconstruction PNGs    vae_trainer.py:1208
         for epoch 7                                                            
INFO     [rank 0] Training state saved:                      vae_trainer.py:1383
         checkpoints/vae_shockwave_last.state.pt                                
INFO     [rank 0] Epoch 7 timing: train=1328.0s eval=244.7s  vae_trainer.py:1048
         viz=30.6s ckpt=17.4s total=1621.5s                                     
epoch 8 step 850  loss=0.031451  lr=5.00e-05  [rmse=0.0131 h1=0.0001 ssim=0.0487 mlw=0.0000]
epoch 8 step 860  loss=0.032263  lr=5.00e-05  [rmse=0.0183 h1=0.0002 ssim=0.0694 mlw=0.0000]
epoch 8 step 870  loss=0.031373  lr=5.00e-05  [rmse=0.0079 h1=0.0000 ssim=0.0417 mlw=0.0000]
epoch 8 step 880  loss=0.031475  lr=5.00e-05  [rmse=0.0170 h1=0.0002 ssim=0.0674 mlw=0.0000]
epoch 8 step 890  loss=0.031010  lr=5.00e-05  [rmse=0.0158 h1=0.0001 ssim=0.0471 mlw=0.0000]
epoch 8 step 900  loss=0.030881  lr=5.00e-05  [rmse=0.0130 h1=0.0001 ssim=0.0415 mlw=0.0000]
epoch 8 step 910  loss=0.031241  lr=5.00e-05  [rmse=0.0241 h1=0.0003 ssim=0.0879 mlw=0.0000]
epoch 8 step 920  loss=0.031472  lr=5.00e-05  [rmse=0.0113 h1=0.0001 ssim=0.0503 mlw=0.0000]
epoch 8 step 930  loss=0.031757  lr=5.00e-05  [rmse=0.0286 h1=0.0004 ssim=0.0774 mlw=0.0000]
epoch 8 step 940  loss=0.031648  lr=5.00e-05  [rmse=0.0120 h1=0.0001 ssim=0.0441 mlw=0.0000]
epoch 8 step 950  loss=0.031205  lr=5.00e-05  [rmse=0.0073 h1=0.0000 ssim=0.0248 mlw=0.0000]
epoch 8 step 960  loss=0.030937  lr=5.00e-05  [rmse=0.0177 h1=0.0002 ssim=0.0547 mlw=0.0000]
INFO     [rank 0] Loss weights: rmse=1.0000, h1=50.0000,      vae_trainer.py:950
         ssim=0.1500, mlw=0.0000, kl=0.0000                                     
INFO     [rank 0] Epoch 8: train_loss=0.030937                vae_trainer.py:989
         val_loss=0.032654  val_VRMSE=0.095105  lr=5.00e-05                     
INFO     [rank 0] Metrics updated: metrics/metrics.csv,      vae_trainer.py:1015
         metrics/loss_curves.png                                                
INFO     [rank 0] Saved 12 validation reconstruction PNGs    vae_trainer.py:1208
         for epoch 8                                                            
INFO     [rank 0] Training state saved:                      vae_trainer.py:1383
         checkpoints/vae_shockwave_last.state.pt                                
INFO     [rank 0] Epoch 8 timing: train=1329.3s eval=278.6s  vae_trainer.py:1048
         viz=31.1s ckpt=17.9s total=1657.6s                                     
epoch 9 step 970  loss=0.042806  lr=5.00e-05  [rmse=0.0151 h1=0.0001 ssim=0.0756 mlw=0.0000]
epoch 9 step 980  loss=0.040514  lr=5.00e-05  [rmse=0.0262 h1=0.0001 ssim=0.0702 mlw=0.0000]
epoch 9 step 990  loss=0.039098  lr=5.00e-05  [rmse=0.0162 h1=0.0001 ssim=0.0698 mlw=0.0000]
epoch 9 step 1000  loss=0.037074  lr=5.00e-05  [rmse=0.0124 h1=0.0001 ssim=0.0708 mlw=0.0000]
epoch 9 step 1010  loss=0.035796  lr=5.00e-05  [rmse=0.0153 h1=0.0001 ssim=0.0599 mlw=0.0000]
epoch 9 step 1020  loss=0.034921  lr=5.00e-05  [rmse=0.0216 h1=0.0002 ssim=0.0572 mlw=0.0000]
epoch 9 step 1030  loss=0.034511  lr=5.00e-05  [rmse=0.0160 h1=0.0001 ssim=0.0696 mlw=0.0000]
epoch 9 step 1040  loss=0.034002  lr=5.00e-05  [rmse=0.0119 h1=0.0001 ssim=0.0633 mlw=0.0000]
epoch 9 step 1050  loss=0.033510  lr=5.00e-05  [rmse=0.0099 h1=0.0000 ssim=0.0466 mlw=0.0000]
epoch 9 step 1060  loss=0.033120  lr=5.00e-05  [rmse=0.0076 h1=0.0000 ssim=0.0362 mlw=0.0000]
epoch 9 step 1070  loss=0.032949  lr=5.00e-05  [rmse=0.0162 h1=0.0002 ssim=0.0594 mlw=0.0000]
epoch 9 step 1080  loss=0.032655  lr=5.00e-05  [rmse=0.0134 h1=0.0001 ssim=0.0350 mlw=0.0000]
INFO     [rank 0] Loss weights: rmse=1.0000, h1=50.0000,      vae_trainer.py:950
         ssim=0.1500, mlw=0.0000, kl=0.0000                                     
INFO     [rank 0] Epoch 9: train_loss=0.032655                vae_trainer.py:989
         val_loss=0.027409  val_VRMSE=0.087007  lr=5.00e-05                     
INFO     [rank 0] Metrics updated: metrics/metrics.csv,      vae_trainer.py:1015
         metrics/loss_curves.png                                                
INFO     [rank 0] Saved 12 validation reconstruction PNGs    vae_trainer.py:1208
         for epoch 9                                                            
INFO     [rank 0] New best checkpoint (epoch 9,              vae_trainer.py:1307
         val_vrmse=0.087007):                                                   
         checkpoints/vae_shockwave_best.safetensors                             
INFO     [rank 0] Training state saved:                      vae_trainer.py:1383
         checkpoints/vae_shockwave_last.state.pt                                
INFO     [rank 0] Epoch 9 timing: train=1322.6s eval=279.8s  vae_trainer.py:1048
         viz=30.3s ckpt=19.3s total=1652.8s                                     
epoch 10 step 1090  loss=0.027096  lr=5.00e-05  [rmse=0.0123 h1=0.0001 ssim=0.0435 mlw=0.0000]
epoch 10 step 1100  loss=0.028397  lr=5.00e-05  [rmse=0.0068 h1=0.0000 ssim=0.0309 mlw=0.0000]
epoch 10 step 1110  loss=0.028591  lr=5.00e-05  [rmse=0.0106 h1=0.0001 ssim=0.0523 mlw=0.0000]
epoch 10 step 1120  loss=0.028977  lr=5.00e-05  [rmse=0.0106 h1=0.0000 ssim=0.0420 mlw=0.0000]
epoch 10 step 1130  loss=0.028798  lr=5.00e-05  [rmse=0.0153 h1=0.0001 ssim=0.0736 mlw=0.0000]
epoch 10 step 1140  loss=0.028931  lr=5.00e-05  [rmse=0.0104 h1=0.0001 ssim=0.0443 mlw=0.0000]
epoch 10 step 1150  loss=0.029681  lr=5.00e-05  [rmse=0.0156 h1=0.0002 ssim=0.0577 mlw=0.0000]
epoch 10 step 1160  loss=0.029960  lr=5.00e-05  [rmse=0.0117 h1=0.0000 ssim=0.0443 mlw=0.0000]
epoch 10 step 1170  loss=0.030131  lr=5.00e-05  [rmse=0.0175 h1=0.0002 ssim=0.0597 mlw=0.0000]
epoch 10 step 1180  loss=0.030074  lr=5.00e-05  [rmse=0.0105 h1=0.0001 ssim=0.0434 mlw=0.0000]
epoch 10 step 1190  loss=0.029914  lr=5.00e-05  [rmse=0.0165 h1=0.0002 ssim=0.0740 mlw=0.0000]
epoch 10 step 1200  loss=0.029894  lr=5.00e-05  [rmse=0.0083 h1=0.0000 ssim=0.0481 mlw=0.0000]
INFO     [rank 0] Loss weights: rmse=1.0000, h1=50.0000,      vae_trainer.py:950
         ssim=0.1500, mlw=0.0000, kl=0.0000                                     
INFO     [rank 0] Epoch 10: train_loss=0.029894               vae_trainer.py:989
         val_loss=0.027982  val_VRMSE=0.085083  lr=5.00e-05                     
INFO     [rank 0] Metrics updated: metrics/metrics.csv,      vae_trainer.py:1015
         metrics/loss_curves.png                                                
INFO     [rank 0] Saved 12 validation reconstruction PNGs    vae_trainer.py:1208
         for epoch 10                                                           
INFO     [rank 0] New best checkpoint (epoch 10,             vae_trainer.py:1307
         val_vrmse=0.085083):                                                   
         checkpoints/vae_shockwave_best.safetensors                             
INFO     [rank 0] Training state saved:                      vae_trainer.py:1383
         checkpoints/vae_shockwave_last.state.pt                                
INFO     [rank 0] Epoch 10 timing: train=1332.5s eval=279.9s vae_trainer.py:1048
         viz=30.2s ckpt=19.5s total=1662.7s                                     
epoch 11 step 1210  loss=0.033654  lr=5.00e-05  [rmse=0.0145 h1=0.0001 ssim=0.0780 mlw=0.0000]
epoch 11 step 1220  loss=0.034522  lr=5.00e-05  [rmse=0.0215 h1=0.0002 ssim=0.0808 mlw=0.0000]
epoch 11 step 1230  loss=0.033398  lr=5.00e-05  [rmse=0.0197 h1=0.0002 ssim=0.0449 mlw=0.0000]
epoch 11 step 1240  loss=0.032083  lr=5.00e-05  [rmse=0.0078 h1=0.0000 ssim=0.0332 mlw=0.0000]
epoch 11 step 1250  loss=0.031453  lr=5.00e-05  [rmse=0.0202 h1=0.0003 ssim=0.0611 mlw=0.0000]
epoch 11 step 1260  loss=0.032256  lr=5.00e-05  [rmse=0.0162 h1=0.0001 ssim=0.0548 mlw=0.0000]
epoch 11 step 1270  loss=0.032525  lr=5.00e-05  [rmse=0.0218 h1=0.0003 ssim=0.0617 mlw=0.0000]
epoch 11 step 1280  loss=0.031960  lr=5.00e-05  [rmse=0.0075 h1=0.0000 ssim=0.0516 mlw=0.0000]
epoch 11 step 1290  loss=0.031504  lr=5.00e-05  [rmse=0.0118 h1=0.0001 ssim=0.0411 mlw=0.0000]
epoch 11 step 1300  loss=0.030917  lr=5.00e-05  [rmse=0.0073 h1=0.0000 ssim=0.0281 mlw=0.0000]
epoch 11 step 1310  loss=0.030942  lr=5.00e-05  [rmse=0.0156 h1=0.0002 ssim=0.0506 mlw=0.0000]
epoch 11 step 1320  loss=0.030664  lr=5.00e-05  [rmse=0.0125 h1=0.0001 ssim=0.0437 mlw=0.0000]
INFO     [rank 0] Loss weights: rmse=1.0000, h1=50.0000,      vae_trainer.py:950
         ssim=0.1500, mlw=0.0000, kl=0.0000                                     
INFO     [rank 0] Epoch 11: train_loss=0.030664               vae_trainer.py:989
         val_loss=0.027374  val_VRMSE=0.084497  lr=5.00e-05                     
INFO     [rank 0] Metrics updated: metrics/metrics.csv,      vae_trainer.py:1015
         metrics/loss_curves.png                                                
INFO     [rank 0] Saved 12 validation reconstruction PNGs    vae_trainer.py:1208
         for epoch 11                                                           
INFO     [rank 0] New best checkpoint (epoch 11,             vae_trainer.py:1307
         val_vrmse=0.084497):                                                   
         checkpoints/vae_shockwave_best.safetensors                             
INFO     [rank 0] Training state saved:                      vae_trainer.py:1383
         checkpoints/vae_shockwave_last.state.pt                                
INFO     [rank 0] Epoch 11 timing: train=1329.2s eval=279.3s vae_trainer.py:1048
         viz=30.1s ckpt=19.3s total=1658.6s                                     
epoch 12 step 1330  loss=0.026756  lr=5.00e-05  [rmse=0.0074 h1=0.0000 ssim=0.0299 mlw=0.0000]
epoch 12 step 1340  loss=0.027324  lr=5.00e-05  [rmse=0.0170 h1=0.0002 ssim=0.0598 mlw=0.0000]
epoch 12 step 1350  loss=0.027891  lr=5.00e-05  [rmse=0.0145 h1=0.0001 ssim=0.0773 mlw=0.0000]
epoch 12 step 1360  loss=0.029500  lr=5.00e-05  [rmse=0.0133 h1=0.0000 ssim=0.0566 mlw=0.0000]
epoch 12 step 1370  loss=0.029423  lr=5.00e-05  [rmse=0.0167 h1=0.0001 ssim=0.0700 mlw=0.0000]
epoch 12 step 1380  loss=0.030017  lr=5.00e-05  [rmse=0.0110 h1=0.0001 ssim=0.0567 mlw=0.0000]
epoch 12 step 1390  loss=0.029771  lr=5.00e-05  [rmse=0.0175 h1=0.0002 ssim=0.0682 mlw=0.0000]
epoch 12 step 1400  loss=0.029439  lr=5.00e-05  [rmse=0.0207 h1=0.0003 ssim=0.0802 mlw=0.0000]
epoch 12 step 1410  loss=0.029263  lr=5.00e-05  [rmse=0.0254 h1=0.0002 ssim=0.0672 mlw=0.0000]
epoch 12 step 1420  loss=0.029147  lr=5.00e-05  [rmse=0.0190 h1=0.0001 ssim=0.0474 mlw=0.0000]
epoch 12 step 1430  loss=0.029077  lr=5.00e-05  [rmse=0.0189 h1=0.0002 ssim=0.0599 mlw=0.0000]
epoch 12 step 1440  loss=0.029239  lr=5.00e-05  [rmse=0.0155 h1=0.0001 ssim=0.0619 mlw=0.0000]
INFO     [rank 0] Loss weights: rmse=1.0000, h1=50.0000,      vae_trainer.py:950
         ssim=0.1500, mlw=0.0000, kl=0.0000                                     
INFO     [rank 0] Epoch 12: train_loss=0.029239               vae_trainer.py:989
         val_loss=0.025655  val_VRMSE=0.080426  lr=5.00e-05                     
INFO     [rank 0] Metrics updated: metrics/metrics.csv,      vae_trainer.py:1015
         metrics/loss_curves.png                                                
INFO     [rank 0] Saved 12 validation reconstruction PNGs    vae_trainer.py:1208
         for epoch 12                                                           
INFO     [rank 0] New best checkpoint (epoch 12,             vae_trainer.py:1307
         val_vrmse=0.080426):                                                   
         checkpoints/vae_shockwave_best.safetensors                             
INFO     [rank 0] Training state saved:                      vae_trainer.py:1383
         checkpoints/vae_shockwave_last.state.pt                                
INFO     [rank 0] Epoch 12 timing: train=1328.5s eval=279.9s vae_trainer.py:1048
         viz=30.1s ckpt=19.0s total=1658.6s                                     
epoch 13 step 1450  loss=0.028817  lr=5.00e-05  [rmse=0.0184 h1=0.0001 ssim=0.0597 mlw=0.0000]
epoch 13 step 1460  loss=0.028621  lr=5.00e-05  [rmse=0.0174 h1=0.0002 ssim=0.0615 mlw=0.0000]
epoch 13 step 1470  loss=0.028803  lr=5.00e-05  [rmse=0.0245 h1=0.0005 ssim=0.0640 mlw=0.0000]
epoch 13 step 1480  loss=0.028283  lr=5.00e-05  [rmse=0.0066 h1=0.0000 ssim=0.0494 mlw=0.0000]
epoch 13 step 1490  loss=0.028385  lr=5.00e-05  [rmse=0.0090 h1=0.0001 ssim=0.0355 mlw=0.0000]
epoch 13 step 1500  loss=0.028527  lr=5.00e-05  [rmse=0.0217 h1=0.0001 ssim=0.0703 mlw=0.0000]
epoch 13 step 1510  loss=0.028504  lr=5.00e-05  [rmse=0.0067 h1=0.0000 ssim=0.0331 mlw=0.0000]
epoch 13 step 1520  loss=0.028922  lr=5.00e-05  [rmse=0.0122 h1=0.0001 ssim=0.0768 mlw=0.0000]
epoch 13 step 1530  loss=0.028906  lr=5.00e-05  [rmse=0.0135 h1=0.0000 ssim=0.0660 mlw=0.0000]
epoch 13 step 1540  loss=0.029318  lr=5.00e-05  [rmse=0.0171 h1=0.0001 ssim=0.0550 mlw=0.0000]
epoch 13 step 1550  loss=0.029250  lr=5.00e-05  [rmse=0.0120 h1=0.0000 ssim=0.0591 mlw=0.0000]
epoch 13 step 1560  loss=0.029545  lr=5.00e-05  [rmse=0.0240 h1=0.0004 ssim=0.0779 mlw=0.0000]
INFO     [rank 0] Loss weights: rmse=1.0000, h1=50.0000,      vae_trainer.py:950
         ssim=0.1500, mlw=0.0000, kl=0.0000                                     
INFO     [rank 0] Epoch 13: train_loss=0.029545               vae_trainer.py:989
         val_loss=0.026744  val_VRMSE=0.087742  lr=5.00e-05                     
INFO     [rank 0] Metrics updated: metrics/metrics.csv,      vae_trainer.py:1015
         metrics/loss_curves.png                                                
INFO     [rank 0] Saved 12 validation reconstruction PNGs    vae_trainer.py:1208
         for epoch 13                                                           
INFO     [rank 0] Training state saved:                      vae_trainer.py:1383
         checkpoints/vae_shockwave_last.state.pt                                
INFO     [rank 0] Epoch 13 timing: train=1333.7s eval=280.0s vae_trainer.py:1048
         viz=30.2s ckpt=18.5s total=1663.2s                                     
epoch 14 step 1570  loss=0.030535  lr=5.00e-05  [rmse=0.0171 h1=0.0001 ssim=0.0567 mlw=0.0000]
epoch 14 step 1580  loss=0.031189  lr=5.00e-05  [rmse=0.0369 h1=0.0002 ssim=0.0586 mlw=0.0000]
epoch 14 step 1590  loss=0.031159  lr=5.00e-05  [rmse=0.0072 h1=0.0000 ssim=0.0294 mlw=0.0000]
epoch 14 step 1600  loss=0.031662  lr=5.00e-05  [rmse=0.0159 h1=0.0001 ssim=0.0514 mlw=0.0000]
epoch 14 step 1610  loss=0.031041  lr=5.00e-05  [rmse=0.0132 h1=0.0001 ssim=0.0719 mlw=0.0000]
epoch 14 step 1620  loss=0.031297  lr=5.00e-05  [rmse=0.0117 h1=0.0000 ssim=0.1168 mlw=0.0000]
epoch 14 step 1630  loss=0.031970  lr=5.00e-05  [rmse=0.0264 h1=0.0002 ssim=0.0695 mlw=0.0000]
epoch 14 step 1640  loss=0.031877  lr=5.00e-05  [rmse=0.0083 h1=0.0000 ssim=0.0414 mlw=0.0000]
epoch 14 step 1650  loss=0.031589  lr=5.00e-05  [rmse=0.0128 h1=0.0001 ssim=0.0611 mlw=0.0000]
epoch 14 step 1660  loss=0.031379  lr=5.00e-05  [rmse=0.0133 h1=0.0001 ssim=0.0468 mlw=0.0000]
epoch 14 step 1670  loss=0.031506  lr=5.00e-05  [rmse=0.0188 h1=0.0000 ssim=0.0550 mlw=0.0000]
epoch 14 step 1680  loss=0.031307  lr=5.00e-05  [rmse=0.0146 h1=0.0000 ssim=0.0351 mlw=0.0000]
INFO     [rank 0] Loss weights: rmse=1.0000, h1=50.0000,      vae_trainer.py:950
         ssim=0.1500, mlw=0.0000, kl=0.0000                                     
INFO     [rank 0] Epoch 14: train_loss=0.031307               vae_trainer.py:989
         val_loss=0.027683  val_VRMSE=0.088479  lr=5.00e-05                     
INFO     [rank 0] Metrics updated: metrics/metrics.csv,      vae_trainer.py:1015
         metrics/loss_curves.png                                                
INFO     [rank 0] Saved 12 validation reconstruction PNGs    vae_trainer.py:1208
         for epoch 14                                                           
INFO     [rank 0] Training state saved:                      vae_trainer.py:1383
         checkpoints/vae_shockwave_last.state.pt                                
INFO     [rank 0] Epoch 14 timing: train=1328.1s eval=280.5s vae_trainer.py:1048
         viz=30.6s ckpt=17.2s total=1657.2s                                     
epoch 15 step 1690  loss=0.026926  lr=5.00e-05  [rmse=0.0112 h1=0.0001 ssim=0.0315 mlw=0.0000]
epoch 15 step 1700  loss=0.025787  lr=5.00e-05  [rmse=0.0143 h1=0.0001 ssim=0.0566 mlw=0.0000]
epoch 15 step 1710  loss=0.026894  lr=5.00e-05  [rmse=0.0132 h1=0.0001 ssim=0.0440 mlw=0.0000]
epoch 15 step 1720  loss=0.027203  lr=5.00e-05  [rmse=0.0078 h1=0.0000 ssim=0.0379 mlw=0.0000]
epoch 15 step 1730  loss=0.027068  lr=5.00e-05  [rmse=0.0113 h1=0.0001 ssim=0.0457 mlw=0.0000]
epoch 15 step 1740  loss=0.027469  lr=5.00e-05  [rmse=0.0205 h1=0.0003 ssim=0.0530 mlw=0.0000]
epoch 15 step 1750  loss=0.027634  lr=5.00e-05  [rmse=0.0125 h1=0.0001 ssim=0.0425 mlw=0.0000]
epoch 15 step 1760  loss=0.027645  lr=5.00e-05  [rmse=0.0145 h1=0.0001 ssim=0.0508 mlw=0.0000]
epoch 15 step 1770  loss=0.028575  lr=5.00e-05  [rmse=0.0125 h1=0.0001 ssim=0.0480 mlw=0.0000]
epoch 15 step 1780  loss=0.029343  lr=5.00e-05  [rmse=0.0129 h1=0.0001 ssim=0.0450 mlw=0.0000]
epoch 15 step 1790  loss=0.029466  lr=5.00e-05  [rmse=0.0108 h1=0.0001 ssim=0.0564 mlw=0.0000]
epoch 15 step 1800  loss=0.029287  lr=5.00e-05  [rmse=0.0181 h1=0.0002 ssim=0.0555 mlw=0.0000]
INFO     [rank 0] Loss weights: rmse=1.0000, h1=50.0000,      vae_trainer.py:950
         ssim=0.1500, mlw=0.0000, kl=0.0000                                     
INFO     [rank 0] Epoch 15: train_loss=0.029287               vae_trainer.py:989
         val_loss=0.030819  val_VRMSE=0.100779  lr=5.00e-05                     
INFO     [rank 0] Metrics updated: metrics/metrics.csv,      vae_trainer.py:1015
         metrics/loss_curves.png                                                
INFO     [rank 0] Saved 12 validation reconstruction PNGs    vae_trainer.py:1208
         for epoch 15                                                           
INFO     [rank 0] Training state saved:                      vae_trainer.py:1383
         checkpoints/vae_shockwave_last.state.pt                                
INFO     [rank 0] VAE epoch snapshot saved                   vae_trainer.py:1334
         (checkpoints.save_epochs):                                             
         checkpoints/vae_shockwave_epoch015_snapshot.safeten                    
         sors                                                                   
INFO     [rank 0] Epoch 15 timing: train=1330.4s eval=229.6s vae_trainer.py:1048
         viz=30.5s ckpt=22.7s total=1613.8s                                     
epoch 16 step 1810  loss=0.029796  lr=5.00e-05  [rmse=0.0088 h1=0.0000 ssim=0.0336 mlw=0.0000]
epoch 16 step 1820  loss=0.027849  lr=5.00e-05  [rmse=0.0104 h1=0.0001 ssim=0.0408 mlw=0.0000]
epoch 16 step 1830  loss=0.028352  lr=5.00e-05  [rmse=0.0119 h1=0.0001 ssim=0.0440 mlw=0.0000]
epoch 16 step 1840  loss=0.028481  lr=5.00e-05  [rmse=0.0259 h1=0.0002 ssim=0.0747 mlw=0.0000]
epoch 16 step 1850  loss=0.029454  lr=5.00e-05  [rmse=0.0073 h1=0.0000 ssim=0.0523 mlw=0.0000]
epoch 16 step 1860  loss=0.029630  lr=5.00e-05  [rmse=0.0123 h1=0.0001 ssim=0.0580 mlw=0.0000]
epoch 16 step 1870  loss=0.029572  lr=5.00e-05  [rmse=0.0139 h1=0.0001 ssim=0.0452 mlw=0.0000]
epoch 16 step 1880  loss=0.029476  lr=5.00e-05  [rmse=0.0155 h1=0.0003 ssim=0.0650 mlw=0.0000]
epoch 16 step 1890  loss=0.029073  lr=5.00e-05  [rmse=0.0171 h1=0.0002 ssim=0.0492 mlw=0.0000]
epoch 16 step 1900  loss=0.028734  lr=5.00e-05  [rmse=0.0117 h1=0.0001 ssim=0.0470 mlw=0.0000]
epoch 16 step 1910  loss=0.028352  lr=5.00e-05  [rmse=0.0098 h1=0.0001 ssim=0.0357 mlw=0.0000]
epoch 16 step 1920  loss=0.028160  lr=5.00e-05  [rmse=0.0203 h1=0.0002 ssim=0.0385 mlw=0.0000]
INFO     [rank 0] Loss weights: rmse=1.0000, h1=50.0000,      vae_trainer.py:950
         ssim=0.1500, mlw=0.0000, kl=0.0000                                     
INFO     [rank 0] Epoch 16: train_loss=0.028160               vae_trainer.py:989
         val_loss=0.024489  val_VRMSE=0.077474  lr=5.00e-05                     
INFO     [rank 0] Metrics updated: metrics/metrics.csv,      vae_trainer.py:1015
         metrics/loss_curves.png                                                
INFO     [rank 0] Saved 12 validation reconstruction PNGs    vae_trainer.py:1208
         for epoch 16                                                           
INFO     [rank 0] New best checkpoint (epoch 16,             vae_trainer.py:1307
         val_vrmse=0.077474):                                                   
         checkpoints/vae_shockwave_best.safetensors                             
INFO     [rank 0] Training state saved:                      vae_trainer.py:1383
         checkpoints/vae_shockwave_last.state.pt                                
INFO     [rank 0] Epoch 16 timing: train=1333.5s eval=280.2s vae_trainer.py:1048
         viz=30.1s ckpt=20.5s total=1665.2s                                     
epoch 17 step 1930  loss=0.026554  lr=5.00e-05  [rmse=0.0108 h1=0.0001 ssim=0.0527 mlw=0.0000]
epoch 17 step 1940  loss=0.027680  lr=5.00e-05  [rmse=0.0130 h1=0.0001 ssim=0.0406 mlw=0.0000]
epoch 17 step 1950  loss=0.028116  lr=5.00e-05  [rmse=0.0197 h1=0.0002 ssim=0.0599 mlw=0.0000]
epoch 17 step 1960  loss=0.028419  lr=5.00e-05  [rmse=0.0193 h1=0.0002 ssim=0.0786 mlw=0.0000]
epoch 17 step 1970  loss=0.028870  lr=5.00e-05  [rmse=0.0202 h1=0.0001 ssim=0.0782 mlw=0.0000]
epoch 17 step 1980  loss=0.029248  lr=5.00e-05  [rmse=0.0155 h1=0.0001 ssim=0.0641 mlw=0.0000]
epoch 17 step 1990  loss=0.029089  lr=5.00e-05  [rmse=0.0154 h1=0.0001 ssim=0.0796 mlw=0.0000]
epoch 17 step 2000  loss=0.028842  lr=5.00e-05  [rmse=0.0119 h1=0.0001 ssim=0.0644 mlw=0.0000]
epoch 17 step 2010  loss=0.028572  lr=5.00e-05  [rmse=0.0151 h1=0.0001 ssim=0.0413 mlw=0.0000]
epoch 17 step 2020  loss=0.028179  lr=5.00e-05  [rmse=0.0054 h1=0.0000 ssim=0.0284 mlw=0.0000]
epoch 17 step 2030  loss=0.027901  lr=5.00e-05  [rmse=0.0061 h1=0.0000 ssim=0.0397 mlw=0.0000]
epoch 17 step 2040  loss=0.027514  lr=5.00e-05  [rmse=0.0107 h1=0.0001 ssim=0.0391 mlw=0.0000]
INFO     [rank 0] Loss weights: rmse=1.0000, h1=50.0000,      vae_trainer.py:950
         ssim=0.1500, mlw=0.0000, kl=0.0000                                     
INFO     [rank 0] Epoch 17: train_loss=0.027514               vae_trainer.py:989
         val_loss=0.023426  val_VRMSE=0.074869  lr=5.00e-05                     
INFO     [rank 0] Metrics updated: metrics/metrics.csv,      vae_trainer.py:1015
         metrics/loss_curves.png                                                
INFO     [rank 0] Saved 12 validation reconstruction PNGs    vae_trainer.py:1208
         for epoch 17                                                           
INFO     [rank 0] New best checkpoint (epoch 17,             vae_trainer.py:1307
         val_vrmse=0.074869):                                                   
         checkpoints/vae_shockwave_best.safetensors                             
INFO     [rank 0] Training state saved:                      vae_trainer.py:1383
         checkpoints/vae_shockwave_last.state.pt                                
INFO     [rank 0] Epoch 17 timing: train=1331.1s eval=279.5s vae_trainer.py:1048
         viz=30.3s ckpt=19.5s total=1661.1s                                     
epoch 18 step 2050  loss=0.024665  lr=5.00e-05  [rmse=0.0095 h1=0.0001 ssim=0.0426 mlw=0.0000]
epoch 18 step 2060  loss=0.025546  lr=5.00e-05  [rmse=0.0087 h1=0.0001 ssim=0.0320 mlw=0.0000]
epoch 18 step 2070  loss=0.024544  lr=5.00e-05  [rmse=0.0106 h1=0.0001 ssim=0.0399 mlw=0.0000]
epoch 18 step 2080  loss=0.024335  lr=5.00e-05  [rmse=0.0118 h1=0.0001 ssim=0.0382 mlw=0.0000]
epoch 18 step 2090  loss=0.024143  lr=5.00e-05  [rmse=0.0107 h1=0.0001 ssim=0.0507 mlw=0.0000]
epoch 18 step 2100  loss=0.024171  lr=5.00e-05  [rmse=0.0125 h1=0.0001 ssim=0.0373 mlw=0.0000]
epoch 18 step 2110  loss=0.024210  lr=5.00e-05  [rmse=0.0090 h1=0.0000 ssim=0.0387 mlw=0.0000]
epoch 18 step 2120  loss=0.024546  lr=5.00e-05  [rmse=0.0177 h1=0.0002 ssim=0.0635 mlw=0.0000]
epoch 18 step 2130  loss=0.024967  lr=5.00e-05  [rmse=0.0211 h1=0.0003 ssim=0.0471 mlw=0.0000]
epoch 18 step 2140  loss=0.024943  lr=5.00e-05  [rmse=0.0080 h1=0.0000 ssim=0.0381 mlw=0.0000]
epoch 18 step 2150  loss=0.024797  lr=5.00e-05  [rmse=0.0088 h1=0.0001 ssim=0.0408 mlw=0.0000]
epoch 18 step 2160  loss=0.024737  lr=5.00e-05  [rmse=0.0076 h1=0.0000 ssim=0.0312 mlw=0.0000]
INFO     [rank 0] Loss weights: rmse=1.0000, h1=50.0000,      vae_trainer.py:950
         ssim=0.1500, mlw=0.0000, kl=0.0000                                     
INFO     [rank 0] Epoch 18: train_loss=0.024737               vae_trainer.py:989
         val_loss=0.025631  val_VRMSE=0.080363  lr=5.00e-05                     
INFO     [rank 0] Metrics updated: metrics/metrics.csv,      vae_trainer.py:1015
         metrics/loss_curves.png                                                
INFO     [rank 0] Saved 12 validation reconstruction PNGs    vae_trainer.py:1208
         for epoch 18                                                           
INFO     [rank 0] Training state saved:                      vae_trainer.py:1383
         checkpoints/vae_shockwave_last.state.pt                                
INFO     [rank 0] Epoch 18 timing: train=1328.2s eval=280.3s vae_trainer.py:1048
         viz=29.8s ckpt=18.1s total=1657.1s                                     
epoch 19 step 2170  loss=0.024609  lr=5.00e-05  [rmse=0.0076 h1=0.0000 ssim=0.0443 mlw=0.0000]
epoch 19 step 2180  loss=0.025442  lr=5.00e-05  [rmse=0.0178 h1=0.0002 ssim=0.0427 mlw=0.0000]
epoch 19 step 2190  loss=0.025745  lr=5.00e-05  [rmse=0.0133 h1=0.0001 ssim=0.0659 mlw=0.0000]
epoch 19 step 2200  loss=0.025393  lr=5.00e-05  [rmse=0.0135 h1=0.0002 ssim=0.0562 mlw=0.0000]
epoch 19 step 2210  loss=0.025083  lr=5.00e-05  [rmse=0.0088 h1=0.0000 ssim=0.0451 mlw=0.0000]
epoch 19 step 2220  loss=0.025445  lr=5.00e-05  [rmse=0.0118 h1=0.0001 ssim=0.0469 mlw=0.0000]
epoch 19 step 2230  loss=0.025584  lr=5.00e-05  [rmse=0.0175 h1=0.0002 ssim=0.0808 mlw=0.0000]
epoch 19 step 2240  loss=0.025921  lr=5.00e-05  [rmse=0.0079 h1=0.0000 ssim=0.0464 mlw=0.0000]
epoch 19 step 2250  loss=0.026009  lr=5.00e-05  [rmse=0.0184 h1=0.0001 ssim=0.0350 mlw=0.0000]
epoch 19 step 2260  loss=0.026082  lr=5.00e-05  [rmse=0.0083 h1=0.0000 ssim=0.0393 mlw=0.0000]
epoch 19 step 2270  loss=0.026282  lr=5.00e-05  [rmse=0.0095 h1=0.0000 ssim=0.0374 mlw=0.0000]
epoch 19 step 2280  loss=0.026506  lr=5.00e-05  [rmse=0.0127 h1=0.0001 ssim=0.0676 mlw=0.0000]
INFO     [rank 0] Loss weights: rmse=1.0000, h1=50.0000,      vae_trainer.py:950
         ssim=0.1500, mlw=0.0000, kl=0.0000                                     
INFO     [rank 0] Epoch 19: train_loss=0.026506               vae_trainer.py:989
         val_loss=0.032821  val_VRMSE=0.111619  lr=5.00e-05                     
INFO     [rank 0] Metrics updated: metrics/metrics.csv,      vae_trainer.py:1015
         metrics/loss_curves.png                                                
INFO     [rank 0] Saved 12 validation reconstruction PNGs    vae_trainer.py:1208
         for epoch 19                                                           
INFO     [rank 0] Training state saved:                      vae_trainer.py:1383
         checkpoints/vae_shockwave_last.state.pt                                
INFO     [rank 0] Epoch 19 timing: train=1326.1s eval=279.9s vae_trainer.py:1048
         viz=30.4s ckpt=18.3s total=1655.5s                                     
epoch 20 step 2290  loss=0.031667  lr=5.00e-05  [rmse=0.0304 h1=0.0002 ssim=0.0622 mlw=0.0000]
epoch 20 step 2300  loss=0.029250  lr=5.00e-05  [rmse=0.0060 h1=0.0000 ssim=0.0313 mlw=0.0000]
epoch 20 step 2310  loss=0.029238  lr=5.00e-05  [rmse=0.0157 h1=0.0002 ssim=0.0533 mlw=0.0000]
epoch 20 step 2320  loss=0.029540  lr=5.00e-05  [rmse=0.0094 h1=0.0000 ssim=0.0536 mlw=0.0000]
epoch 20 step 2330  loss=0.029429  lr=5.00e-05  [rmse=0.0165 h1=0.0002 ssim=0.0526 mlw=0.0000]
epoch 20 step 2340  loss=0.028924  lr=5.00e-05  [rmse=0.0110 h1=0.0000 ssim=0.0865 mlw=0.0000]
epoch 20 step 2350  loss=0.028757  lr=5.00e-05  [rmse=0.0114 h1=0.0001 ssim=0.0475 mlw=0.0000]
epoch 20 step 2360  loss=0.028625  lr=5.00e-05  [rmse=0.0108 h1=0.0001 ssim=0.0419 mlw=0.0000]
epoch 20 step 2370  loss=0.028523  lr=5.00e-05  [rmse=0.0185 h1=0.0002 ssim=0.0556 mlw=0.0000]
epoch 20 step 2380  loss=0.028298  lr=5.00e-05  [rmse=0.0083 h1=0.0000 ssim=0.0287 mlw=0.0000]
epoch 20 step 2390  loss=0.027982  lr=5.00e-05  [rmse=0.0157 h1=0.0002 ssim=0.0493 mlw=0.0000]
epoch 20 step 2400  loss=0.027650  lr=5.00e-05  [rmse=0.0210 h1=0.0003 ssim=0.0533 mlw=0.0000]
INFO     [rank 0] Loss weights: rmse=1.0000, h1=50.0000,      vae_trainer.py:950
         ssim=0.1500, mlw=0.0000, kl=0.0000                                     
INFO     [rank 0] Epoch 20: train_loss=0.027650               vae_trainer.py:989
         val_loss=0.023468  val_VRMSE=0.075128  lr=5.00e-05                     
INFO     [rank 0] Metrics updated: metrics/metrics.csv,      vae_trainer.py:1015
         metrics/loss_curves.png                                                
INFO     [rank 0] Saved 12 validation reconstruction PNGs    vae_trainer.py:1208
         for epoch 20                                                           
INFO     [rank 0] Training state saved:                      vae_trainer.py:1383
         checkpoints/vae_shockwave_last.state.pt                                
INFO     [rank 0] Epoch 20 timing: train=1329.2s eval=280.2s vae_trainer.py:1048
         viz=30.5s ckpt=17.8s total=1658.5s                                     
epoch 21 step 2410  loss=0.024379  lr=5.00e-05  [rmse=0.0163 h1=0.0002 ssim=0.0569 mlw=0.0000]
epoch 21 step 2420  loss=0.024475  lr=5.00e-05  [rmse=0.0077 h1=0.0000 ssim=0.0239 mlw=0.0000]
epoch 21 step 2430  loss=0.025237  lr=5.00e-05  [rmse=0.0108 h1=0.0000 ssim=0.0643 mlw=0.0000]
epoch 21 step 2440  loss=0.026513  lr=5.00e-05  [rmse=0.0121 h1=0.0001 ssim=0.0440 mlw=0.0000]
epoch 21 step 2450  loss=0.027329  lr=5.00e-05  [rmse=0.0060 h1=0.0000 ssim=0.0279 mlw=0.0000]
epoch 21 step 2460  loss=0.027043  lr=5.00e-05  [rmse=0.0108 h1=0.0001 ssim=0.0306 mlw=0.0000]
epoch 21 step 2470  loss=0.026866  lr=5.00e-05  [rmse=0.0162 h1=0.0002 ssim=0.0566 mlw=0.0000]
epoch 21 step 2480  loss=0.026385  lr=5.00e-05  [rmse=0.0090 h1=0.0001 ssim=0.0356 mlw=0.0000]
epoch 21 step 2490  loss=0.025919  lr=5.00e-05  [rmse=0.0152 h1=0.0002 ssim=0.0430 mlw=0.0000]
epoch 21 step 2500  loss=0.025633  lr=5.00e-05  [rmse=0.0235 h1=0.0003 ssim=0.0639 mlw=0.0000]
epoch 21 step 2510  loss=0.025590  lr=5.00e-05  [rmse=0.0084 h1=0.0000 ssim=0.0482 mlw=0.0000]
epoch 21 step 2520  loss=0.025640  lr=5.00e-05  [rmse=0.0100 h1=0.0001 ssim=0.0350 mlw=0.0000]
INFO     [rank 0] Loss weights: rmse=1.0000, h1=50.0000,      vae_trainer.py:950
         ssim=0.1500, mlw=0.0000, kl=0.0000                                     
INFO     [rank 0] Epoch 21: train_loss=0.025640               vae_trainer.py:989
         val_loss=0.022566  val_VRMSE=0.071770  lr=5.00e-05                     
INFO     [rank 0] Metrics updated: metrics/metrics.csv,      vae_trainer.py:1015
         metrics/loss_curves.png                                                
INFO     [rank 0] Saved 12 validation reconstruction PNGs    vae_trainer.py:1208
         for epoch 21                                                           
INFO     [rank 0] New best checkpoint (epoch 21,             vae_trainer.py:1307
         val_vrmse=0.071770):                                                   
         checkpoints/vae_shockwave_best.safetensors                             
INFO     [rank 0] Training state saved:                      vae_trainer.py:1383
         checkpoints/vae_shockwave_last.state.pt                                
INFO     [rank 0] Epoch 21 timing: train=1333.5s eval=280.3s vae_trainer.py:1048
         viz=30.3s ckpt=19.3s total=1664.2s                                     
epoch 22 step 2530  loss=0.024239  lr=5.00e-05  [rmse=0.0064 h1=0.0000 ssim=0.0255 mlw=0.0000]
epoch 22 step 2540  loss=0.023401  lr=5.00e-05  [rmse=0.0098 h1=0.0001 ssim=0.0299 mlw=0.0000]
epoch 22 step 2550  loss=0.023153  lr=5.00e-05  [rmse=0.0078 h1=0.0000 ssim=0.0331 mlw=0.0000]
epoch 22 step 2560  loss=0.023064  lr=5.00e-05  [rmse=0.0057 h1=0.0000 ssim=0.0289 mlw=0.0000]
epoch 22 step 2570  loss=0.022848  lr=5.00e-05  [rmse=0.0075 h1=0.0000 ssim=0.0266 mlw=0.0000]
epoch 22 step 2580  loss=0.023091  lr=5.00e-05  [rmse=0.0086 h1=0.0000 ssim=0.0497 mlw=0.0000]
epoch 22 step 2590  loss=0.023232  lr=5.00e-05  [rmse=0.0100 h1=0.0001 ssim=0.0480 mlw=0.0000]
epoch 22 step 2600  loss=0.023529  lr=5.00e-05  [rmse=0.0139 h1=0.0001 ssim=0.0608 mlw=0.0000]
epoch 22 step 2610  loss=0.023675  lr=4.99e-05  [rmse=0.0145 h1=0.0001 ssim=0.0329 mlw=0.0000]
epoch 22 step 2620  loss=0.023732  lr=4.98e-05  [rmse=0.0105 h1=0.0001 ssim=0.0418 mlw=0.0000]
epoch 22 step 2630  loss=0.023810  lr=4.97e-05  [rmse=0.0079 h1=0.0000 ssim=0.0365 mlw=0.0000]
epoch 22 step 2640  loss=0.023823  lr=4.96e-05  [rmse=0.0109 h1=0.0001 ssim=0.0598 mlw=0.0000]
INFO     [rank 0] Loss weights: rmse=1.0000, h1=50.0000,      vae_trainer.py:950
         ssim=0.1500, mlw=0.0000, kl=0.0000                                     
INFO     [rank 0] Epoch 22: train_loss=0.023823               vae_trainer.py:989
         val_loss=0.027206  val_VRMSE=0.089862  lr=4.96e-05                     
INFO     [rank 0] Metrics updated: metrics/metrics.csv,      vae_trainer.py:1015
         metrics/loss_curves.png                                                
INFO     [rank 0] Saved 12 validation reconstruction PNGs    vae_trainer.py:1208
         for epoch 22                                                           
INFO     [rank 0] Training state saved:                      vae_trainer.py:1383
         checkpoints/vae_shockwave_last.state.pt                                
INFO     [rank 0] Epoch 22 timing: train=1323.8s eval=280.4s vae_trainer.py:1048
         viz=30.9s ckpt=18.1s total=1653.8s                                     
epoch 23 step 2650  loss=0.025602  lr=4.94e-05  [rmse=0.0082 h1=0.0000 ssim=0.0431 mlw=0.0000]
epoch 23 step 2660  loss=0.024768  lr=4.93e-05  [rmse=0.0108 h1=0.0001 ssim=0.0331 mlw=0.0000]
epoch 23 step 2670  loss=0.025381  lr=4.91e-05  [rmse=0.0114 h1=0.0001 ssim=0.0414 mlw=0.0000]
epoch 23 step 2680  loss=0.024670  lr=4.88e-05  [rmse=0.0124 h1=0.0001 ssim=0.0447 mlw=0.0000]
epoch 23 step 2690  loss=0.024388  lr=4.86e-05  [rmse=0.0093 h1=0.0000 ssim=0.0454 mlw=0.0000]
epoch 23 step 2700  loss=0.025064  lr=4.83e-05  [rmse=0.0114 h1=0.0001 ssim=0.0505 mlw=0.0000]
epoch 23 step 2710  loss=0.025562  lr=4.81e-05  [rmse=0.0123 h1=0.0001 ssim=0.0402 mlw=0.0000]
epoch 23 step 2720  loss=0.025564  lr=4.78e-05  [rmse=0.0098 h1=0.0001 ssim=0.0242 mlw=0.0000]
epoch 23 step 2730  loss=0.025260  lr=4.74e-05  [rmse=0.0149 h1=0.0002 ssim=0.0449 mlw=0.0000]
epoch 23 step 2740  loss=0.025137  lr=4.71e-05  [rmse=0.0077 h1=0.0000 ssim=0.0234 mlw=0.0000]
epoch 23 step 2750  loss=0.024884  lr=4.67e-05  [rmse=0.0123 h1=0.0001 ssim=0.0369 mlw=0.0000]
epoch 23 step 2760  loss=0.024653  lr=4.63e-05  [rmse=0.0081 h1=0.0001 ssim=0.0244 mlw=0.0000]
INFO     [rank 0] Loss weights: rmse=1.0000, h1=50.0000,      vae_trainer.py:950
         ssim=0.1500, mlw=0.0000, kl=0.0000                                     
INFO     [rank 0] Epoch 23: train_loss=0.024653               vae_trainer.py:989
         val_loss=0.020115  val_VRMSE=0.062178  lr=4.63e-05                     
INFO     [rank 0] Metrics updated: metrics/metrics.csv,      vae_trainer.py:1015
         metrics/loss_curves.png                                                
INFO     [rank 0] Saved 12 validation reconstruction PNGs    vae_trainer.py:1208
         for epoch 23                                                           
INFO     [rank 0] New best checkpoint (epoch 23,             vae_trainer.py:1307
         val_vrmse=0.062178):                                                   
         checkpoints/vae_shockwave_best.safetensors                             
INFO     [rank 0] Training state saved:                      vae_trainer.py:1383
         checkpoints/vae_shockwave_last.state.pt                                
INFO     [rank 0] Epoch 23 timing: train=1328.6s eval=280.5s vae_trainer.py:1048
         viz=30.3s ckpt=18.7s total=1659.1s                                     
epoch 24 step 2770  loss=0.020682  lr=4.59e-05  [rmse=0.0092 h1=0.0001 ssim=0.0272 mlw=0.0000]
epoch 24 step 2780  loss=0.019979  lr=4.55e-05  [rmse=0.0080 h1=0.0000 ssim=0.0361 mlw=0.0000]
epoch 24 step 2790  loss=0.020759  lr=4.51e-05  [rmse=0.0190 h1=0.0002 ssim=0.0447 mlw=0.0000]
epoch 24 step 2800  loss=0.020904  lr=4.46e-05  [rmse=0.0057 h1=0.0000 ssim=0.0291 mlw=0.0000]
epoch 24 step 2810  loss=0.020945  lr=4.41e-05  [rmse=0.0095 h1=0.0001 ssim=0.0285 mlw=0.0000]
epoch 24 step 2820  loss=0.021328  lr=4.36e-05  [rmse=0.0123 h1=0.0001 ssim=0.0542 mlw=0.0000]
epoch 24 step 2830  loss=0.021633  lr=4.31e-05  [rmse=0.0053 h1=0.0000 ssim=0.0191 mlw=0.0000]
epoch 24 step 2840  loss=0.021317  lr=4.26e-05  [rmse=0.0052 h1=0.0000 ssim=0.0164 mlw=0.0000]
epoch 24 step 2850  loss=0.021470  lr=4.20e-05  [rmse=0.0055 h1=0.0000 ssim=0.0290 mlw=0.0000]
epoch 24 step 2860  loss=0.021445  lr=4.14e-05  [rmse=0.0133 h1=0.0001 ssim=0.0468 mlw=0.0000]
epoch 24 step 2870  loss=0.021464  lr=4.09e-05  [rmse=0.0111 h1=0.0001 ssim=0.0411 mlw=0.0000]
epoch 24 step 2880  loss=0.021754  lr=4.03e-05  [rmse=0.0094 h1=0.0001 ssim=0.0367 mlw=0.0000]
INFO     [rank 0] Loss weights: rmse=1.0000, h1=50.0000,      vae_trainer.py:950
         ssim=0.1500, mlw=0.0000, kl=0.0000                                     
INFO     [rank 0] Epoch 24: train_loss=0.021754               vae_trainer.py:989
         val_loss=0.026624  val_VRMSE=0.087869  lr=4.03e-05                     
INFO     [rank 0] Metrics updated: metrics/metrics.csv,      vae_trainer.py:1015
         metrics/loss_curves.png                                                
INFO     [rank 0] Saved 12 validation reconstruction PNGs    vae_trainer.py:1208
         for epoch 24                                                           
INFO     [rank 0] Training state saved:                      vae_trainer.py:1383
         checkpoints/vae_shockwave_last.state.pt                                
INFO     [rank 0] Epoch 24 timing: train=1327.9s eval=279.9s vae_trainer.py:1048
         viz=30.2s ckpt=18.3s total=1657.0s                                     
epoch 25 step 2890  loss=0.027349  lr=3.97e-05  [rmse=0.0134 h1=0.0001 ssim=0.0510 mlw=0.0000]
epoch 25 step 2900  loss=0.026494  lr=3.90e-05  [rmse=0.0142 h1=0.0002 ssim=0.0511 mlw=0.0000]
epoch 25 step 2910  loss=0.024880  lr=3.84e-05  [rmse=0.0076 h1=0.0000 ssim=0.0330 mlw=0.0000]
epoch 25 step 2920  loss=0.024629  lr=3.78e-05  [rmse=0.0080 h1=0.0001 ssim=0.0363 mlw=0.0000]
epoch 25 step 2930  loss=0.023838  lr=3.71e-05  [rmse=0.0053 h1=0.0000 ssim=0.0185 mlw=0.0000]
epoch 25 step 2940  loss=0.023490  lr=3.64e-05  [rmse=0.0081 h1=0.0001 ssim=0.0343 mlw=0.0000]
epoch 25 step 2950  loss=0.022775  lr=3.57e-05  [rmse=0.0099 h1=0.0001 ssim=0.0414 mlw=0.0000]
epoch 25 step 2960  loss=0.022437  lr=3.50e-05  [rmse=0.0155 h1=0.0002 ssim=0.0460 mlw=0.0000]
epoch 25 step 2970  loss=0.021955  lr=3.44e-05  [rmse=0.0088 h1=0.0001 ssim=0.0275 mlw=0.0000]
epoch 25 step 2980  loss=0.021744  lr=3.36e-05  [rmse=0.0097 h1=0.0001 ssim=0.0330 mlw=0.0000]
epoch 25 step 2990  loss=0.021568  lr=3.29e-05  [rmse=0.0097 h1=0.0001 ssim=0.0274 mlw=0.0000]
epoch 25 step 3000  loss=0.021503  lr=3.22e-05  [rmse=0.0169 h1=0.0002 ssim=0.0536 mlw=0.0000]
INFO     [rank 0] Loss weights: rmse=1.0000, h1=50.0000,      vae_trainer.py:950
         ssim=0.1500, mlw=0.0000, kl=0.0000                                     
INFO     [rank 0] Epoch 25: train_loss=0.021503               vae_trainer.py:989
         val_loss=0.020137  val_VRMSE=0.063719  lr=3.22e-05                     
INFO     [rank 0] Metrics updated: metrics/metrics.csv,      vae_trainer.py:1015
         metrics/loss_curves.png                                                
INFO     [rank 0] Saved 12 validation reconstruction PNGs    vae_trainer.py:1208
         for epoch 25                                                           
INFO     [rank 0] Training state saved:                      vae_trainer.py:1383
         checkpoints/vae_shockwave_last.state.pt                                
INFO     [rank 0] Epoch 25 timing: train=1324.4s eval=213.4s vae_trainer.py:1048
         viz=29.3s ckpt=17.8s total=1585.7s                                     
epoch 26 step 3010  loss=0.019761  lr=3.15e-05  [rmse=0.0044 h1=0.0000 ssim=0.0175 mlw=0.0000]
epoch 26 step 3020  loss=0.020503  lr=3.07e-05  [rmse=0.0158 h1=0.0002 ssim=0.0362 mlw=0.0000]
epoch 26 step 3030  loss=0.020196  lr=3.00e-05  [rmse=0.0119 h1=0.0001 ssim=0.0360 mlw=0.0000]
epoch 26 step 3040  loss=0.019730  lr=2.93e-05  [rmse=0.0085 h1=0.0000 ssim=0.0288 mlw=0.0000]
epoch 26 step 3050  loss=0.020069  lr=2.85e-05  [rmse=0.0146 h1=0.0002 ssim=0.0297 mlw=0.0000]
epoch 26 step 3060  loss=0.020095  lr=2.78e-05  [rmse=0.0151 h1=0.0002 ssim=0.0375 mlw=0.0000]
epoch 26 step 3070  loss=0.019655  lr=2.70e-05  [rmse=0.0110 h1=0.0001 ssim=0.0274 mlw=0.0000]
epoch 26 step 3080  loss=0.019686  lr=2.63e-05  [rmse=0.0066 h1=0.0000 ssim=0.0228 mlw=0.0000]
epoch 26 step 3090  loss=0.019546  lr=2.55e-05  [rmse=0.0125 h1=0.0002 ssim=0.0375 mlw=0.0000]
epoch 26 step 3100  loss=0.019273  lr=2.47e-05  [rmse=0.0063 h1=0.0000 ssim=0.0215 mlw=0.0000]
epoch 26 step 3110  loss=0.019088  lr=2.40e-05  [rmse=0.0097 h1=0.0001 ssim=0.0296 mlw=0.0000]
epoch 26 step 3120  loss=0.019067  lr=2.32e-05  [rmse=0.0121 h1=0.0001 ssim=0.0369 mlw=0.0000]
INFO     [rank 0] Loss weights: rmse=1.0000, h1=50.0000,      vae_trainer.py:950
         ssim=0.1500, mlw=0.0000, kl=0.0000                                     
INFO     [rank 0] Epoch 26: train_loss=0.019067               vae_trainer.py:989
         val_loss=0.018531  val_VRMSE=0.056847  lr=2.32e-05                     
INFO     [rank 0] Metrics updated: metrics/metrics.csv,      vae_trainer.py:1015
         metrics/loss_curves.png                                                
INFO     [rank 0] Saved 12 validation reconstruction PNGs    vae_trainer.py:1208
         for epoch 26                                                           
INFO     [rank 0] New best checkpoint (epoch 26,             vae_trainer.py:1307
         val_vrmse=0.056847):                                                   
         checkpoints/vae_shockwave_best.safetensors                             
INFO     [rank 0] Training state saved:                      vae_trainer.py:1383
         checkpoints/vae_shockwave_last.state.pt                                
INFO     [rank 0] Epoch 26 timing: train=1325.0s eval=279.9s vae_trainer.py:1048
         viz=30.1s ckpt=19.2s total=1654.9s                                     
epoch 27 step 3130  loss=0.016991  lr=2.25e-05  [rmse=0.0078 h1=0.0001 ssim=0.0257 mlw=0.0000]
epoch 27 step 3140  loss=0.017564  lr=2.17e-05  [rmse=0.0070 h1=0.0001 ssim=0.0231 mlw=0.0000]
epoch 27 step 3150  loss=0.018069  lr=2.10e-05  [rmse=0.0089 h1=0.0001 ssim=0.0296 mlw=0.0000]
epoch 27 step 3160  loss=0.017893  lr=2.03e-05  [rmse=0.0118 h1=0.0002 ssim=0.0344 mlw=0.0000]
epoch 27 step 3170  loss=0.017818  lr=1.95e-05  [rmse=0.0065 h1=0.0000 ssim=0.0251 mlw=0.0000]
epoch 27 step 3180  loss=0.018184  lr=1.88e-05  [rmse=0.0059 h1=0.0000 ssim=0.0232 mlw=0.0000]
epoch 27 step 3190  loss=0.017969  lr=1.81e-05  [rmse=0.0094 h1=0.0001 ssim=0.0275 mlw=0.0000]
epoch 27 step 3200  loss=0.018039  lr=1.74e-05  [rmse=0.0094 h1=0.0001 ssim=0.0289 mlw=0.0000]
epoch 27 step 3210  loss=0.018102  lr=1.66e-05  [rmse=0.0093 h1=0.0001 ssim=0.0341 mlw=0.0000]
epoch 27 step 3220  loss=0.018264  lr=1.60e-05  [rmse=0.0092 h1=0.0001 ssim=0.0206 mlw=0.0000]
epoch 27 step 3230  loss=0.018271  lr=1.53e-05  [rmse=0.0092 h1=0.0001 ssim=0.0323 mlw=0.0000]
epoch 27 step 3240  loss=0.018194  lr=1.46e-05  [rmse=0.0116 h1=0.0001 ssim=0.0263 mlw=0.0000]
INFO     [rank 0] Loss weights: rmse=1.0000, h1=50.0000,      vae_trainer.py:950
         ssim=0.1500, mlw=0.0000, kl=0.0000                                     
INFO     [rank 0] Epoch 27: train_loss=0.018194               vae_trainer.py:989
         val_loss=0.017126  val_VRMSE=0.052470  lr=1.46e-05                     
INFO     [rank 0] Metrics updated: metrics/metrics.csv,      vae_trainer.py:1015
         metrics/loss_curves.png                                                
INFO     [rank 0] Saved 12 validation reconstruction PNGs    vae_trainer.py:1208
         for epoch 27                                                           
INFO     [rank 0] New best checkpoint (epoch 27,             vae_trainer.py:1307
         val_vrmse=0.052470):                                                   
         checkpoints/vae_shockwave_best.safetensors                             
INFO     [rank 0] Training state saved:                      vae_trainer.py:1383
         checkpoints/vae_shockwave_last.state.pt                                
INFO     [rank 0] Epoch 27 timing: train=1329.6s eval=280.1s vae_trainer.py:1048
         viz=29.8s ckpt=19.3s total=1659.3s                                     
epoch 28 step 3250  loss=0.017457  lr=1.39e-05  [rmse=0.0062 h1=0.0000 ssim=0.0268 mlw=0.0000]
epoch 28 step 3260  loss=0.017489  lr=1.33e-05  [rmse=0.0055 h1=0.0000 ssim=0.0202 mlw=0.0000]
epoch 28 step 3270  loss=0.017461  lr=1.26e-05  [rmse=0.0144 h1=0.0002 ssim=0.0290 mlw=0.0000]
epoch 28 step 3280  loss=0.017311  lr=1.20e-05  [rmse=0.0110 h1=0.0001 ssim=0.0390 mlw=0.0000]
epoch 28 step 3290  loss=0.017623  lr=1.13e-05  [rmse=0.0065 h1=0.0000 ssim=0.0207 mlw=0.0000]
epoch 28 step 3300  loss=0.017560  lr=1.07e-05  [rmse=0.0100 h1=0.0001 ssim=0.0280 mlw=0.0000]
epoch 28 step 3310  loss=0.017570  lr=1.01e-05  [rmse=0.0076 h1=0.0001 ssim=0.0221 mlw=0.0000]
epoch 28 step 3320  loss=0.017445  lr=9.56e-06  [rmse=0.0076 h1=0.0001 ssim=0.0267 mlw=0.0000]
epoch 28 step 3330  loss=0.017415  lr=8.99e-06  [rmse=0.0097 h1=0.0001 ssim=0.0295 mlw=0.0000]
epoch 28 step 3340  loss=0.017256  lr=8.44e-06  [rmse=0.0045 h1=0.0000 ssim=0.0166 mlw=0.0000]
epoch 28 step 3350  loss=0.017243  lr=7.91e-06  [rmse=0.0111 h1=0.0001 ssim=0.0254 mlw=0.0000]
epoch 28 step 3360  loss=0.017177  lr=7.39e-06  [rmse=0.0100 h1=0.0001 ssim=0.0330 mlw=0.0000]
INFO     [rank 0] Loss weights: rmse=1.0000, h1=50.0000,      vae_trainer.py:950
         ssim=0.1500, mlw=0.0000, kl=0.0000                                     
INFO     [rank 0] Epoch 28: train_loss=0.017177               vae_trainer.py:989
         val_loss=0.016824  val_VRMSE=0.051448  lr=7.39e-06                     
INFO     [rank 0] Metrics updated: metrics/metrics.csv,      vae_trainer.py:1015
         metrics/loss_curves.png                                                
INFO     [rank 0] Saved 12 validation reconstruction PNGs    vae_trainer.py:1208
         for epoch 28                                                           
INFO     [rank 0] New best checkpoint (epoch 28,             vae_trainer.py:1307
         val_vrmse=0.051448):                                                   
         checkpoints/vae_shockwave_best.safetensors                             
INFO     [rank 0] Training state saved:                      vae_trainer.py:1383
         checkpoints/vae_shockwave_last.state.pt                                
INFO     [rank 0] Epoch 28 timing: train=1330.4s eval=280.0s vae_trainer.py:1048
         viz=29.9s ckpt=18.9s total=1659.9s                                     
epoch 29 step 3370  loss=0.017146  lr=6.89e-06  [rmse=0.0073 h1=0.0001 ssim=0.0235 mlw=0.0000]
epoch 29 step 3380  loss=0.016783  lr=6.41e-06  [rmse=0.0107 h1=0.0001 ssim=0.0328 mlw=0.0000]
epoch 29 step 3390  loss=0.016610  lr=5.95e-06  [rmse=0.0070 h1=0.0001 ssim=0.0228 mlw=0.0000]
epoch 29 step 3400  loss=0.017470  lr=5.50e-06  [rmse=0.0050 h1=0.0000 ssim=0.0187 mlw=0.0000]
epoch 29 step 3410  loss=0.017500  lr=5.08e-06  [rmse=0.0146 h1=0.0003 ssim=0.0313 mlw=0.0000]
epoch 29 step 3420  loss=0.017252  lr=4.67e-06  [rmse=0.0062 h1=0.0000 ssim=0.0215 mlw=0.0000]
epoch 29 step 3430  loss=0.017105  lr=4.28e-06  [rmse=0.0084 h1=0.0001 ssim=0.0250 mlw=0.0000]
epoch 29 step 3440  loss=0.017302  lr=3.92e-06  [rmse=0.0069 h1=0.0001 ssim=0.0209 mlw=0.0000]
epoch 29 step 3450  loss=0.017193  lr=3.57e-06  [rmse=0.0033 h1=0.0000 ssim=0.0144 mlw=0.0000]
epoch 29 step 3460  loss=0.017167  lr=3.24e-06  [rmse=0.0044 h1=0.0000 ssim=0.0159 mlw=0.0000]
epoch 29 step 3470  loss=0.017111  lr=2.94e-06  [rmse=0.0072 h1=0.0001 ssim=0.0267 mlw=0.0000]
epoch 29 step 3480  loss=0.017087  lr=2.65e-06  [rmse=0.0079 h1=0.0001 ssim=0.0209 mlw=0.0000]
INFO     [rank 0] Loss weights: rmse=1.0000, h1=50.0000,      vae_trainer.py:950
         ssim=0.1500, mlw=0.0000, kl=0.0000                                     
INFO     [rank 0] Epoch 29: train_loss=0.017087               vae_trainer.py:989
         val_loss=0.016728  val_VRMSE=0.051190  lr=2.65e-06                     
INFO     [rank 0] Metrics updated: metrics/metrics.csv,      vae_trainer.py:1015
         metrics/loss_curves.png                                                
INFO     [rank 0] Saved 12 validation reconstruction PNGs    vae_trainer.py:1208
         for epoch 29                                                           
INFO     [rank 0] New best checkpoint (epoch 29,             vae_trainer.py:1307
         val_vrmse=0.051190):                                                   
         checkpoints/vae_shockwave_best.safetensors                             
INFO     [rank 0] Training state saved:                      vae_trainer.py:1383
         checkpoints/vae_shockwave_last.state.pt                                
INFO     [rank 0] Epoch 29 timing: train=1327.2s eval=280.4s vae_trainer.py:1048
         viz=29.7s ckpt=19.3s total=1657.4s                                     
epoch 30 step 3490  loss=0.015300  lr=2.39e-06  [rmse=0.0115 h1=0.0001 ssim=0.0285 mlw=0.0000]
epoch 30 step 3500  loss=0.017771  lr=2.15e-06  [rmse=0.0059 h1=0.0000 ssim=0.0186 mlw=0.0000]
epoch 30 step 3510  loss=0.017023  lr=1.94e-06  [rmse=0.0051 h1=0.0000 ssim=0.0188 mlw=0.0000]
epoch 30 step 3520  loss=0.016774  lr=1.74e-06  [rmse=0.0094 h1=0.0001 ssim=0.0322 mlw=0.0000]
epoch 30 step 3530  loss=0.017057  lr=1.57e-06  [rmse=0.0146 h1=0.0002 ssim=0.0318 mlw=0.0000]
epoch 30 step 3540  loss=0.017075  lr=1.42e-06  [rmse=0.0089 h1=0.0001 ssim=0.0221 mlw=0.0000]
epoch 30 step 3550  loss=0.017046  lr=1.29e-06  [rmse=0.0031 h1=0.0000 ssim=0.0143 mlw=0.0000]
epoch 30 step 3560  loss=0.016963  lr=1.19e-06  [rmse=0.0127 h1=0.0002 ssim=0.0294 mlw=0.0000]
epoch 30 step 3570  loss=0.017111  lr=1.10e-06  [rmse=0.0037 h1=0.0000 ssim=0.0132 mlw=0.0000]
epoch 30 step 3580  loss=0.016968  lr=1.05e-06  [rmse=0.0073 h1=0.0001 ssim=0.0214 mlw=0.0000]
epoch 30 step 3590  loss=0.016993  lr=1.01e-06  [rmse=0.0046 h1=0.0000 ssim=0.0197 mlw=0.0000]
epoch 30 step 3600  loss=0.016935  lr=1.00e-06  [rmse=0.0108 h1=0.0001 ssim=0.0201 mlw=0.0000]
INFO     [rank 0] Loss weights: rmse=1.0000, h1=50.0000,      vae_trainer.py:950
         ssim=0.1500, mlw=0.0000, kl=0.0000                                     
INFO     [rank 0] Epoch 30: train_loss=0.016935               vae_trainer.py:989
         val_loss=0.016703  val_VRMSE=0.051118  lr=1.00e-06                     
INFO     [rank 0] Metrics updated: metrics/metrics.csv,      vae_trainer.py:1015
         metrics/loss_curves.png                                                
INFO     [rank 0] Saved 12 validation reconstruction PNGs    vae_trainer.py:1208
         for epoch 30                                                           
INFO     [rank 0] New best checkpoint (epoch 30,             vae_trainer.py:1307
         val_vrmse=0.051118):                                                   
         checkpoints/vae_shockwave_best.safetensors                             
INFO     [rank 0] Training state saved:                      vae_trainer.py:1383
         checkpoints/vae_shockwave_last.state.pt                                
INFO     [rank 0] Epoch 30 timing: train=1331.6s eval=280.8s vae_trainer.py:1048
         viz=29.7s ckpt=18.5s total=1661.4s                                     
╭──────────────────────────────────────────────────────────────────────────────╮
╰──────────────────────────────────────────────────────────────────────────────╯INFO     [rank 0] Training state saved:                      vae_trainer.py:1383
         checkpoints/vae_shockwave_last.state.pt                                
INFO     [rank 0] Best epoch: 30 (val_vrmse=0.051118)        vae_trainer.py:1066

Training complete. Checkpoint: 
/mnt/result/finetune_vae_whole_structure_baseline_ep30_256res_kl1e6/checkpoints/
vae_shockwave_best.safetensors
Mirrored (excl. checkpoints/) to finetune_vae_outputs/lrz_ai/finetune_vae_whole_structure_baseline_ep30_256res_kl1e6
Job finished at: Sun Aug 23 04:19:11 AM CEST 2026
Total runtime: 49687 seconds
