Directory where err and out file are logged: /dss/dsshome1/09/ge26qux3/work_wh/windinet
MASTER_ADDR: lrz-hgx-h100-005
MASTER_PORT: 54855
SLURM_NODEID: 0
SLURM_NNODES: 1
SLURM_GPUS_PER_NODE: 2
WORLD_SIZE: 2
CUDA_VISIBLE_DEVICES: 0,1
Job started at: Sat Aug 22 02:39:39 PM CEST 2026
batch_size=4 accum=4 output_dir=/mnt/result/finetune_vae_whole_structure_baseline_ep30_256res_kl1e5 data_root=/mnt/data/train.h5
INFO     [rank 1] generated new fontManager                 font_manager.py:1639
INFO     [rank 0] generated new fontManager                 font_manager.py:1639
                          VAE Finetuning Configuration                          
┏━━━━━━━━━━━━━━━━━━━━━━━━━━━━━━━━━━━━━━┳━━━━━━━━━━━━━━━━━━━━━━━━━━━━━━━━━━━━━━━┓
┃ Parameter                            ┃ Value                                 ┃
┡━━━━━━━━━━━━━━━━━━━━━━━━━━━━━━━━━━━━━━╇━━━━━━━━━━━━━━━━━━━━━━━━━━━━━━━━━━━━━━━┩
│ model.model_source                   │ LTXV_2B_0.9.6_DEV                     │
│ model.load_checkpoint                │ None                                  │
│ adapter.enabled                      │ True                                  │
│ adapter.checkpoint                   │ None                                  │
│ adapter.channels                     │ ['density', 'momentum_x',             │
│                                      │ 'momentum_y', 'pressure']             │
│ adapter.mode                         │ inflate                               │
│ adapter.inflate_init                 │ zeros                                 │
│ adapter.inflate_copy_channel         │ None                                  │
│ adapter.freeze_conv_in               │ False                                 │
│ adapter.unfreeze_encoder_trunk       │ True                                  │
│ adapter.hidden_channels              │ 32                                    │
│ adapter.activation                   │ gelu                                  │
│ adapter.identity_init                │ False                                 │
│ adapter.default_temb                 │ 0.0                                   │
│ data.data_root                       │ /mnt/data/train.h5                    │
│ data.eval_sims                       │ 675                                   │
│ data.num_dataloader_workers          │ 4                                     │
│ data.num_sim_frames                  │ None                                  │
│ data.overfit_sims                    │ None                                  │
│ data.overfit_repeat                  │ 1                                     │
│ data.channel_mean                    │ [0.9050976477108856,                  │
│                                      │ 0.004045365949982484,                 │
│                                      │ -0.0019089379638760548, 0.9           │
│ data.channel_std                     │ [0.6618199912434938,                  │
│                                      │ 0.5335233432828087,                   │
│                                      │ 0.5268940723644505, 0.8053303         │
│ data.normalization_stats_file        │ None                                  │
│ data.normalization_clip              │ 5.0                                   │
│ data.channel_order                   │ ['density', 'momentum_x',             │
│                                      │ 'momentum_y', 'pressure']             │
│ data.log_transform_channels          │ []                                    │
│ optimization.learning_rate           │ 5e-05                                 │
│ optimization.min_learning_rate       │ 1e-06                                 │
│ optimization.scheduler_type          │ wsd                                   │
│ optimization.stable_fraction         │ 0.7                                   │
│ optimization.stable_end_epoch        │ None                                  │
│ optimization.plateau_factor          │ 0.5                                   │
│ optimization.plateau_patience        │ 3                                     │
│ optimization.plateau_threshold       │ 0.0001                                │
│ optimization.epochs                  │ 30                                    │
│ optimization.batch_size              │ 4                                     │
│ optimization.gradient_accumulation_… │ 4                                     │
│ optimization.max_grad_norm           │ 5.0                                   │
│ optimization.weight_decay            │ 0.0                                   │
│ optimization.warmup_steps            │ 200                                   │
│ optimization.warmup_start_factor     │ 0.01                                  │
│ optimization.enable_gradient_checkp… │ True                                  │
│ loss.wavelet                         │ db2                                   │
│ loss.spatial_level                   │ 2                                     │
│ loss.temporal_level                  │ 2                                     │
│ loss.mlw_beta                        │ 10.0                                  │
│ loss.mlw_eps                         │ 1e-06                                 │
│ loss_weighting.strategy              │ fixed                                 │
│ loss_weighting.weights               │ {'rmse': 1.0, 'h1': 50.0, 'ssim':     │
│                                      │ 0.15, 'mlw': 0.0, 'kl': 1e-05}        │
│ loss_weighting.loss_names            │ ['rmse', 'h1', 'ssim', 'mlw']         │
│ loss_weighting.alpha                 │ 1.5                                   │
│ loss_weighting.weight_lr             │ 0.025                                 │
│ loss_weighting.temperature           │ 0.1                                   │
│ visualization.enabled                │ True                                  │
│ visualization.interval_epochs        │ 1                                     │
│ visualization.num_samples            │ 3                                     │
│ visualization.frame_numbers          │ [25, 50, 75, 100]                     │
│ visualization.dpi                    │ 150                                   │
│ acceleration.mixed_precision_mode    │ bf16                                  │
│ acceleration.compile_with_inductor   │ False                                 │
│ acceleration.compilation_mode        │ reduce-overhead                       │
│ checkpoints.interval                 │ 1                                     │
│ checkpoints.keep_last_n              │ 1                                     │
│ checkpoints.save_best_only           │ True                                  │
│ checkpoints.best_metric              │ val_vrmse                             │
│ checkpoints.save_last_state          │ True                                  │
│ checkpoints.save_epochs              │ [15]                                  │
│ wandb.enabled                        │ False                                 │
│ wandb.project                        │ windinet                              │
│ wandb.entity                         │ None                                  │
│ wandb.tags                           │ ['vae', 'inflate', 'zeros-init',      │
│                                      │ 'wsd', '30ep', 'lr1x', 'shockwave-cfd │
│ seed                                 │ 42                                    │
│ output_dir                           │ /mnt/result/finetune_vae_whole_struc… │
│ clean_output_dir                     │ True                                  │
│ resume_from                          │ None                                  │
│ resume_weights_only                  │ False                                 │
└──────────────────────────────────────┴───────────────────────────────────────┘
INFO     [rank 0] Distributed training: 2 processes          vae_trainer.py:1429
INFO     [rank 1] HTTP Request: HEAD                             _client.py:1025
         https://huggingface.co/Lightricks/LTX-Video-0.9.5/resol                
         ve/main/vae/config.json "HTTP/1.1 307 Temporary                        
         Redirect"                                                              
WARNING  [rank 1] Warning: You are sending unauthenticated requests _http.py:951
         to the HF Hub. Please set a HF_TOKEN to enable higher rate             
         limits and faster downloads.                                           
INFO     [rank 1] HTTP Request: HEAD                             _client.py:1025
         https://huggingface.co/api/resolve-cache/models/Lightri                
         cks/LTX-Video-0.9.5/e58e28c39631af4d1468ee57a853764e11c                
         1d37e/vae%2Fconfig.json "HTTP/1.1 200 OK"                              
INFO     [rank 0] HTTP Request: HEAD                             _client.py:1025
         https://huggingface.co/Lightricks/LTX-Video-0.9.5/resol                
         ve/main/vae/config.json "HTTP/1.1 307 Temporary                        
         Redirect"                                                              
WARNING  [rank 0] Warning: You are sending unauthenticated requests _http.py:951
         to the HF Hub. Please set a HF_TOKEN to enable higher rate             
         limits and faster downloads.                                           
INFO     [rank 0] HTTP Request: HEAD                             _client.py:1025
         https://huggingface.co/api/resolve-cache/models/Lightri                
         cks/LTX-Video-0.9.5/e58e28c39631af4d1468ee57a853764e11c                
         1d37e/vae%2Fconfig.json "HTTP/1.1 200 OK"                              
INFO     [rank 1] HTTP Request: HEAD                             _client.py:1025
         https://huggingface.co/Lightricks/LTX-Video-0.9.5/resol                
         ve/e58e28c39631af4d1468ee57a853764e11c1d37e/vae/diffusi                
         on_pytorch_model.safetensors.index.json "HTTP/1.1 404                  
         Not Found"                                                             
INFO     [rank 0] HTTP Request: HEAD                             _client.py:1025
         https://huggingface.co/Lightricks/LTX-Video-0.9.5/resol                
         ve/e58e28c39631af4d1468ee57a853764e11c1d37e/vae/diffusi                
         on_pytorch_model.safetensors.index.json "HTTP/1.1 404                  
         Not Found"                                                             
INFO     [rank 0] VAE inflated to 4 native channels           vae_trainer.py:197
         (init=zeros); encoder.conv_in is trainable                             
INFO     [rank 0] Encoder extra modules UNFROZEN:             vae_trainer.py:254
         down_blocks[0, 1, 2] + tail                                            
         (down_blocks[-1]+mid_block+norm_out+conv_out)                          
INFO     [rank 0] VAE gradient checkpointing enabled          vae_trainer.py:265
INFO     [rank 0] VAE loaded. Decoder params: 552,869,953     vae_trainer.py:271
INFO     [rank 0] Trainable parameters:                       vae_trainer.py:342
         encoder_conv_in=221,312, encoder_extra=693,932,865,                    
         decoder=552,869,953, in_adapter=0, out_adapter=0                       
INFO     [rank 0] Dataset: 3825 train, 675 eval samples       vae_trainer.py:606
INFO     [rank 0] encoder.conv_in LR = 5.00e-05 (== decoder   vae_trainer.py:630
         LR)                                                                    
INFO     [rank 0] encoder extra (down_blocks[0, 1, 2]+tail)   vae_trainer.py:641
         LR = 5.00e-05 (== decoder LR)                                          
INFO     [rank 0] LR schedule 'wsd': 3600 steps (200 warmup,  vae_trainer.py:732
         2380 stable, 1020 anneal), peak 5.00e-05 -> floor                      
         1.00e-06                                                               
INFO     [rank 0] Cleaned output directory:                  vae_trainer.py:1394
         /mnt/result/finetune_vae_whole_structure_baseline_e                    
         p30_256res_kl1e5                                                       
INFO     [rank 0] Config saved:                              vae_trainer.py:1461
         /mnt/result/finetune_vae_whole_structure_baseline_e                    
         p30_256res_kl1e5/training_config.yaml                                  
INFO     [rank 0] Starting VAE decoder finetuning...          vae_trainer.py:780
epoch 1 step 10  loss=7.321567  lr=2.98e-06  [rmse=0.1176 h1=0.0002 ssim=0.2652 mlw=0.0000]
epoch 1 step 20  loss=4.247702  lr=5.45e-06  [rmse=0.2019 h1=0.0003 ssim=0.3172 mlw=0.0000]
epoch 1 step 30  loss=3.018015  lr=7.93e-06  [rmse=0.0597 h1=0.0002 ssim=0.3999 mlw=0.0000]
epoch 1 step 40  loss=2.361941  lr=1.04e-05  [rmse=0.0981 h1=0.0003 ssim=0.2963 mlw=0.0000]
epoch 1 step 50  loss=1.958375  lr=1.29e-05  [rmse=0.0861 h1=0.0001 ssim=0.5819 mlw=0.0000]
epoch 1 step 60  loss=1.693751  lr=1.54e-05  [rmse=0.0878 h1=0.0003 ssim=0.3814 mlw=0.0000]
epoch 1 step 70  loss=1.575421  lr=1.78e-05  [rmse=0.0503 h1=0.0001 ssim=0.3495 mlw=0.0000]
epoch 1 step 80  loss=1.428872  lr=2.03e-05  [rmse=0.0304 h1=0.0001 ssim=0.2438 mlw=0.0000]
epoch 1 step 90  loss=1.296253  lr=2.28e-05  [rmse=0.1778 h1=0.0004 ssim=0.3953 mlw=0.0000]
epoch 1 step 100  loss=1.187372  lr=2.53e-05  [rmse=0.0621 h1=0.0002 ssim=0.2888 mlw=0.0000]
epoch 1 step 110  loss=1.098546  lr=2.77e-05  [rmse=0.0336 h1=0.0001 ssim=0.2378 mlw=0.0000]
epoch 1 step 120  loss=1.026336  lr=3.02e-05  [rmse=0.0683 h1=0.0003 ssim=0.3661 mlw=0.0000]
INFO     [rank 0] Loss weights: rmse=1.0000, h1=50.0000,      vae_trainer.py:950
         ssim=0.1500, mlw=0.0000, kl=0.0000                                     
INFO     [rank 0] Epoch 1: train_loss=1.026336                vae_trainer.py:989
         val_loss=0.273258  val_VRMSE=0.514528  lr=3.02e-05                     
INFO     [rank 0] Metrics updated: metrics/metrics.csv,      vae_trainer.py:1015
         metrics/loss_curves.png                                                
INFO     [rank 0] Saved 12 validation reconstruction PNGs    vae_trainer.py:1208
         for epoch 1                                                            
INFO     [rank 0] New best checkpoint (epoch 1,              vae_trainer.py:1307
         val_vrmse=0.514528):                                                   
         checkpoints/vae_shockwave_best.safetensors                             
INFO     [rank 0] Training state saved:                      vae_trainer.py:1383
         checkpoints/vae_shockwave_last.state.pt                                
INFO     [rank 0] Epoch 1 timing: train=1339.8s eval=280.6s  vae_trainer.py:1048
         viz=30.9s ckpt=18.8s total=1670.9s                                     
epoch 2 step 130  loss=0.204111  lr=3.27e-05  [rmse=0.0476 h1=0.0003 ssim=0.3672 mlw=0.0000]
epoch 2 step 140  loss=0.190917  lr=3.52e-05  [rmse=0.0608 h1=0.0001 ssim=0.3711 mlw=0.0000]
epoch 2 step 150  loss=0.213939  lr=3.76e-05  [rmse=0.0571 h1=0.0002 ssim=0.2897 mlw=0.0000]
epoch 2 step 160  loss=0.243900  lr=4.01e-05  [rmse=0.1888 h1=0.0007 ssim=0.5622 mlw=0.0000]
epoch 2 step 170  loss=0.306694  lr=4.26e-05  [rmse=0.1234 h1=0.0004 ssim=0.6734 mlw=0.0000]
epoch 2 step 180  loss=0.328403  lr=4.51e-05  [rmse=0.2154 h1=0.0005 ssim=0.7096 mlw=0.0000]
epoch 2 step 190  loss=0.373892  lr=4.75e-05  [rmse=0.1122 h1=0.0005 ssim=0.4778 mlw=0.0000]
epoch 2 step 200  loss=0.372203  lr=5.00e-05  [rmse=0.0663 h1=0.0003 ssim=0.4005 mlw=0.0000]
epoch 2 step 210  loss=0.361795  lr=5.00e-05  [rmse=0.0856 h1=0.0006 ssim=0.3935 mlw=0.0000]
epoch 2 step 220  loss=0.344412  lr=5.00e-05  [rmse=0.0743 h1=0.0006 ssim=0.3380 mlw=0.0000]
epoch 2 step 230  loss=0.328792  lr=5.00e-05  [rmse=0.0769 h1=0.0003 ssim=0.4142 mlw=0.0000]
epoch 2 step 240  loss=0.314917  lr=5.00e-05  [rmse=0.0621 h1=0.0002 ssim=0.2719 mlw=0.0000]
INFO     [rank 0] Loss weights: rmse=1.0000, h1=50.0000,      vae_trainer.py:950
         ssim=0.1500, mlw=0.0000, kl=0.0000                                     
INFO     [rank 0] Epoch 2: train_loss=0.314917                vae_trainer.py:989
         val_loss=0.162181  val_VRMSE=0.331036  lr=5.00e-05                     
INFO     [rank 0] Metrics updated: metrics/metrics.csv,      vae_trainer.py:1015
         metrics/loss_curves.png                                                
INFO     [rank 0] Saved 12 validation reconstruction PNGs    vae_trainer.py:1208
         for epoch 2                                                            
INFO     [rank 0] New best checkpoint (epoch 2,              vae_trainer.py:1307
         val_vrmse=0.331036):                                                   
         checkpoints/vae_shockwave_best.safetensors                             
INFO     [rank 0] Training state saved:                      vae_trainer.py:1383
         checkpoints/vae_shockwave_last.state.pt                                
INFO     [rank 0] Epoch 2 timing: train=1326.2s eval=283.2s  vae_trainer.py:1048
         viz=31.4s ckpt=19.5s total=1661.0s                                     
epoch 3 step 250  loss=0.228338  lr=5.00e-05  [rmse=0.0876 h1=0.0003 ssim=0.3396 mlw=0.0000]
epoch 3 step 260  loss=0.470448  lr=5.00e-05  [rmse=0.2783 h1=0.0595 ssim=0.6284 mlw=0.0000]
epoch 3 step 270  loss=0.590334  lr=5.00e-05  [rmse=0.1489 h1=0.0005 ssim=0.8327 mlw=0.0000]
epoch 3 step 280  loss=0.560632  lr=5.00e-05  [rmse=0.1365 h1=0.0003 ssim=0.8140 mlw=0.0000]
epoch 3 step 290  loss=0.524493  lr=5.00e-05  [rmse=0.1317 h1=0.0005 ssim=0.7449 mlw=0.0000]
epoch 3 step 300  loss=0.483198  lr=5.00e-05  [rmse=0.1987 h1=0.0005 ssim=0.7780 mlw=0.0000]
epoch 3 step 310  loss=0.449123  lr=5.00e-05  [rmse=0.0753 h1=0.0003 ssim=0.3999 mlw=0.0000]
epoch 3 step 320  loss=0.423644  lr=5.00e-05  [rmse=0.1201 h1=0.0004 ssim=0.6340 mlw=0.0000]
epoch 3 step 330  loss=0.405196  lr=5.00e-05  [rmse=0.1297 h1=0.0007 ssim=0.4724 mlw=0.0000]
epoch 3 step 340  loss=0.383597  lr=5.00e-05  [rmse=0.0730 h1=0.0004 ssim=0.3976 mlw=0.0000]
epoch 3 step 350  loss=0.362955  lr=5.00e-05  [rmse=0.0842 h1=0.0005 ssim=0.2356 mlw=0.0000]
epoch 3 step 360  loss=0.346450  lr=5.00e-05  [rmse=0.0707 h1=0.0004 ssim=0.3603 mlw=0.0000]
INFO     [rank 0] Loss weights: rmse=1.0000, h1=50.0000,      vae_trainer.py:950
         ssim=0.1500, mlw=0.0000, kl=0.0000                                     
INFO     [rank 0] Epoch 3: train_loss=0.346450                vae_trainer.py:989
         val_loss=0.228300  val_VRMSE=0.512738  lr=5.00e-05                     
INFO     [rank 0] Metrics updated: metrics/metrics.csv,      vae_trainer.py:1015
         metrics/loss_curves.png                                                
INFO     [rank 0] Saved 12 validation reconstruction PNGs    vae_trainer.py:1208
         for epoch 3                                                            
INFO     [rank 0] Training state saved:                      vae_trainer.py:1383
         checkpoints/vae_shockwave_last.state.pt                                
INFO     [rank 0] Epoch 3 timing: train=1335.7s eval=283.8s  vae_trainer.py:1048
         viz=32.1s ckpt=17.5s total=1669.9s                                     
epoch 4 step 370  loss=0.230851  lr=5.00e-05  [rmse=0.0669 h1=0.0001 ssim=0.5555 mlw=0.0000]
epoch 4 step 380  loss=0.247734  lr=5.00e-05  [rmse=0.0590 h1=0.0002 ssim=0.4559 mlw=0.0000]
epoch 4 step 390  loss=0.222651  lr=5.00e-05  [rmse=0.0715 h1=0.0006 ssim=0.4128 mlw=0.0000]
epoch 4 step 400  loss=0.199708  lr=5.00e-05  [rmse=0.0406 h1=0.0002 ssim=0.2408 mlw=0.0000]
epoch 4 step 410  loss=0.183617  lr=5.00e-05  [rmse=0.0354 h1=0.0002 ssim=0.1756 mlw=0.0000]
epoch 4 step 420  loss=0.178654  lr=5.00e-05  [rmse=0.0537 h1=0.0001 ssim=0.3594 mlw=0.0000]
epoch 4 step 430  loss=0.174177  lr=5.00e-05  [rmse=0.0436 h1=0.0001 ssim=0.2629 mlw=0.0000]
epoch 4 step 440  loss=0.170379  lr=5.00e-05  [rmse=0.0519 h1=0.0002 ssim=0.2992 mlw=0.0000]
epoch 4 step 450  loss=0.165289  lr=5.00e-05  [rmse=0.0555 h1=0.0003 ssim=0.1707 mlw=0.0000]
epoch 4 step 460  loss=0.160552  lr=5.00e-05  [rmse=0.0429 h1=0.0003 ssim=0.2578 mlw=0.0000]
epoch 4 step 470  loss=0.156043  lr=5.00e-05  [rmse=0.0331 h1=0.0002 ssim=0.1628 mlw=0.0000]
epoch 4 step 480  loss=0.150955  lr=5.00e-05  [rmse=0.0318 h1=0.0002 ssim=0.1535 mlw=0.0000]
INFO     [rank 0] Loss weights: rmse=1.0000, h1=50.0000,      vae_trainer.py:950
         ssim=0.1500, mlw=0.0000, kl=0.0000                                     
INFO     [rank 0] Epoch 4: train_loss=0.150955                vae_trainer.py:989
         val_loss=0.080716  val_VRMSE=0.237715  lr=5.00e-05                     
INFO     [rank 0] Metrics updated: metrics/metrics.csv,      vae_trainer.py:1015
         metrics/loss_curves.png                                                
INFO     [rank 0] Saved 12 validation reconstruction PNGs    vae_trainer.py:1208
         for epoch 4                                                            
INFO     [rank 0] New best checkpoint (epoch 4,              vae_trainer.py:1307
         val_vrmse=0.237715):                                                   
         checkpoints/vae_shockwave_best.safetensors                             
INFO     [rank 0] Training state saved:                      vae_trainer.py:1383
         checkpoints/vae_shockwave_last.state.pt                                
INFO     [rank 0] Epoch 4 timing: train=1328.3s eval=284.0s  vae_trainer.py:1048
         viz=31.6s ckpt=18.6s total=1663.3s                                     
epoch 5 step 490  loss=0.098166  lr=5.00e-05  [rmse=0.0652 h1=0.0008 ssim=0.2271 mlw=0.0000]
epoch 5 step 500  loss=0.092925  lr=5.00e-05  [rmse=0.0229 h1=0.0002 ssim=0.1144 mlw=0.0000]
epoch 5 step 510  loss=0.087902  lr=5.00e-05  [rmse=0.0283 h1=0.0002 ssim=0.1548 mlw=0.0000]
epoch 5 step 520  loss=0.086602  lr=5.00e-05  [rmse=0.0346 h1=0.0002 ssim=0.1533 mlw=0.0000]
epoch 5 step 530  loss=0.086530  lr=5.00e-05  [rmse=0.0212 h1=0.0000 ssim=0.1476 mlw=0.0000]
epoch 5 step 540  loss=0.085643  lr=5.00e-05  [rmse=0.0357 h1=0.0001 ssim=0.2007 mlw=0.0000]
epoch 5 step 550  loss=0.088502  lr=5.00e-05  [rmse=0.0455 h1=0.0003 ssim=0.2291 mlw=0.0000]
epoch 5 step 560  loss=0.087486  lr=5.00e-05  [rmse=0.0284 h1=0.0002 ssim=0.1362 mlw=0.0000]
epoch 5 step 570  loss=0.086364  lr=5.00e-05  [rmse=0.0352 h1=0.0003 ssim=0.2137 mlw=0.0000]
epoch 5 step 580  loss=0.085812  lr=5.00e-05  [rmse=0.0333 h1=0.0001 ssim=0.2129 mlw=0.0000]
epoch 5 step 590  loss=0.087631  lr=5.00e-05  [rmse=0.0384 h1=0.0002 ssim=0.1768 mlw=0.0000]
epoch 5 step 600  loss=0.086881  lr=5.00e-05  [rmse=0.0278 h1=0.0002 ssim=0.1058 mlw=0.0000]
INFO     [rank 0] Loss weights: rmse=1.0000, h1=50.0000,      vae_trainer.py:950
         ssim=0.1500, mlw=0.0000, kl=0.0000                                     
INFO     [rank 0] Epoch 5: train_loss=0.086881                vae_trainer.py:989
         val_loss=0.068874  val_VRMSE=0.199350  lr=5.00e-05                     
INFO     [rank 0] Metrics updated: metrics/metrics.csv,      vae_trainer.py:1015
         metrics/loss_curves.png                                                
INFO     [rank 0] Saved 12 validation reconstruction PNGs    vae_trainer.py:1208
         for epoch 5                                                            
INFO     [rank 0] New best checkpoint (epoch 5,              vae_trainer.py:1307
         val_vrmse=0.199350):                                                   
         checkpoints/vae_shockwave_best.safetensors                             
INFO     [rank 0] Training state saved:                      vae_trainer.py:1383
         checkpoints/vae_shockwave_last.state.pt                                
INFO     [rank 0] Epoch 5 timing: train=1324.2s eval=284.5s  vae_trainer.py:1048
         viz=30.3s ckpt=18.2s total=1657.9s                                     
epoch 6 step 610  loss=0.068445  lr=5.00e-05  [rmse=0.0293 h1=0.0002 ssim=0.1623 mlw=0.0000]
epoch 6 step 620  loss=0.067110  lr=5.00e-05  [rmse=0.0191 h1=0.0001 ssim=0.1049 mlw=0.0000]
epoch 6 step 630  loss=0.065685  lr=5.00e-05  [rmse=0.0213 h1=0.0001 ssim=0.0805 mlw=0.0000]
epoch 6 step 640  loss=0.064361  lr=5.00e-05  [rmse=0.0239 h1=0.0002 ssim=0.1215 mlw=0.0000]
epoch 6 step 650  loss=0.062958  lr=5.00e-05  [rmse=0.0314 h1=0.0005 ssim=0.1673 mlw=0.0000]
epoch 6 step 660  loss=0.062500  lr=5.00e-05  [rmse=0.0199 h1=0.0002 ssim=0.1124 mlw=0.0000]
epoch 6 step 670  loss=0.062113  lr=5.00e-05  [rmse=0.0444 h1=0.0002 ssim=0.1908 mlw=0.0000]
epoch 6 step 680  loss=0.062111  lr=5.00e-05  [rmse=0.0303 h1=0.0003 ssim=0.1277 mlw=0.0000]
epoch 6 step 690  loss=0.062045  lr=5.00e-05  [rmse=0.0179 h1=0.0001 ssim=0.1210 mlw=0.0000]
epoch 6 step 700  loss=0.062191  lr=5.00e-05  [rmse=0.0226 h1=0.0001 ssim=0.1690 mlw=0.0000]
epoch 6 step 710  loss=0.061569  lr=5.00e-05  [rmse=0.0154 h1=0.0001 ssim=0.0776 mlw=0.0000]
epoch 6 step 720  loss=0.061393  lr=5.00e-05  [rmse=0.0217 h1=0.0002 ssim=0.0818 mlw=0.0000]
INFO     [rank 0] Loss weights: rmse=1.0000, h1=50.0000,      vae_trainer.py:950
         ssim=0.1500, mlw=0.0000, kl=0.0000                                     
INFO     [rank 0] Epoch 6: train_loss=0.061393                vae_trainer.py:989
         val_loss=0.056226  val_VRMSE=0.169445  lr=5.00e-05                     
INFO     [rank 0] Metrics updated: metrics/metrics.csv,      vae_trainer.py:1015
         metrics/loss_curves.png                                                
INFO     [rank 0] Saved 12 validation reconstruction PNGs    vae_trainer.py:1208
         for epoch 6                                                            
INFO     [rank 0] New best checkpoint (epoch 6,              vae_trainer.py:1307
         val_vrmse=0.169445):                                                   
         checkpoints/vae_shockwave_best.safetensors                             
INFO     [rank 0] Training state saved:                      vae_trainer.py:1383
         checkpoints/vae_shockwave_last.state.pt                                
INFO     [rank 0] Epoch 6 timing: train=1332.3s eval=284.6s  vae_trainer.py:1048
         viz=30.1s ckpt=18.7s total=1666.4s                                     
epoch 7 step 730  loss=0.059556  lr=5.00e-05  [rmse=0.0294 h1=0.0001 ssim=0.1859 mlw=0.0000]
epoch 7 step 740  loss=0.056304  lr=5.00e-05  [rmse=0.0411 h1=0.0003 ssim=0.0912 mlw=0.0000]
epoch 7 step 750  loss=0.056399  lr=5.00e-05  [rmse=0.0282 h1=0.0003 ssim=0.1352 mlw=0.0000]
epoch 7 step 760  loss=0.055540  lr=5.00e-05  [rmse=0.0196 h1=0.0001 ssim=0.1112 mlw=0.0000]
epoch 7 step 770  loss=0.055161  lr=5.00e-05  [rmse=0.0370 h1=0.0003 ssim=0.1022 mlw=0.0000]
epoch 7 step 780  loss=0.055766  lr=5.00e-05  [rmse=0.0198 h1=0.0002 ssim=0.1082 mlw=0.0000]
epoch 7 step 790  loss=0.054730  lr=5.00e-05  [rmse=0.0388 h1=0.0007 ssim=0.1131 mlw=0.0000]
epoch 7 step 800  loss=0.053866  lr=5.00e-05  [rmse=0.0186 h1=0.0001 ssim=0.1131 mlw=0.0000]
epoch 7 step 810  loss=0.053304  lr=5.00e-05  [rmse=0.0149 h1=0.0001 ssim=0.0992 mlw=0.0000]
epoch 7 step 820  loss=0.052699  lr=5.00e-05  [rmse=0.0308 h1=0.0004 ssim=0.1245 mlw=0.0000]
epoch 7 step 830  loss=0.052164  lr=5.00e-05  [rmse=0.0266 h1=0.0003 ssim=0.1050 mlw=0.0000]
epoch 7 step 840  loss=0.051987  lr=5.00e-05  [rmse=0.0196 h1=0.0001 ssim=0.0993 mlw=0.0000]
INFO     [rank 0] Loss weights: rmse=1.0000, h1=50.0000,      vae_trainer.py:950
         ssim=0.1500, mlw=0.0000, kl=0.0000                                     
INFO     [rank 0] Epoch 7: train_loss=0.051987                vae_trainer.py:989
         val_loss=0.045515  val_VRMSE=0.136658  lr=5.00e-05                     
INFO     [rank 0] Metrics updated: metrics/metrics.csv,      vae_trainer.py:1015
         metrics/loss_curves.png                                                
INFO     [rank 0] Saved 12 validation reconstruction PNGs    vae_trainer.py:1208
         for epoch 7                                                            
INFO     [rank 0] New best checkpoint (epoch 7,              vae_trainer.py:1307
         val_vrmse=0.136658):                                                   
         checkpoints/vae_shockwave_best.safetensors                             
INFO     [rank 0] Training state saved:                      vae_trainer.py:1383
         checkpoints/vae_shockwave_last.state.pt                                
INFO     [rank 0] Epoch 7 timing: train=1330.7s eval=284.3s  vae_trainer.py:1048
         viz=30.1s ckpt=18.0s total=1663.9s                                     
epoch 8 step 850  loss=0.047870  lr=5.00e-05  [rmse=0.0153 h1=0.0001 ssim=0.0737 mlw=0.0000]
epoch 8 step 860  loss=0.049642  lr=5.00e-05  [rmse=0.0240 h1=0.0003 ssim=0.1153 mlw=0.0000]
epoch 8 step 870  loss=0.048758  lr=5.00e-05  [rmse=0.0155 h1=0.0001 ssim=0.1120 mlw=0.0000]
epoch 8 step 880  loss=0.049294  lr=5.00e-05  [rmse=0.0319 h1=0.0002 ssim=0.1320 mlw=0.0000]
epoch 8 step 890  loss=0.048699  lr=5.00e-05  [rmse=0.0227 h1=0.0002 ssim=0.0790 mlw=0.0000]
epoch 8 step 900  loss=0.048641  lr=5.00e-05  [rmse=0.0185 h1=0.0001 ssim=0.0639 mlw=0.0000]
epoch 8 step 910  loss=0.048879  lr=5.00e-05  [rmse=0.0345 h1=0.0004 ssim=0.1374 mlw=0.0000]
epoch 8 step 920  loss=0.048496  lr=5.00e-05  [rmse=0.0152 h1=0.0001 ssim=0.0738 mlw=0.0000]
epoch 8 step 930  loss=0.048109  lr=5.00e-05  [rmse=0.0316 h1=0.0005 ssim=0.0905 mlw=0.0000]
epoch 8 step 940  loss=0.047571  lr=5.00e-05  [rmse=0.0164 h1=0.0001 ssim=0.0639 mlw=0.0000]
epoch 8 step 950  loss=0.047224  lr=5.00e-05  [rmse=0.0141 h1=0.0000 ssim=0.0634 mlw=0.0000]
epoch 8 step 960  loss=0.047059  lr=5.00e-05  [rmse=0.0286 h1=0.0003 ssim=0.0928 mlw=0.0000]
INFO     [rank 0] Loss weights: rmse=1.0000, h1=50.0000,      vae_trainer.py:950
         ssim=0.1500, mlw=0.0000, kl=0.0000                                     
INFO     [rank 0] Epoch 8: train_loss=0.047059                vae_trainer.py:989
         val_loss=0.047992  val_VRMSE=0.154049  lr=5.00e-05                     
INFO     [rank 0] Metrics updated: metrics/metrics.csv,      vae_trainer.py:1015
         metrics/loss_curves.png                                                
INFO     [rank 0] Saved 12 validation reconstruction PNGs    vae_trainer.py:1208
         for epoch 8                                                            
INFO     [rank 0] Training state saved:                      vae_trainer.py:1383
         checkpoints/vae_shockwave_last.state.pt                                
INFO     [rank 0] Epoch 8 timing: train=1329.1s eval=246.1s  vae_trainer.py:1048
         viz=29.9s ckpt=17.6s total=1623.5s                                     
epoch 9 step 970  loss=0.057956  lr=5.00e-05  [rmse=0.0208 h1=0.0001 ssim=0.1147 mlw=0.0000]
epoch 9 step 980  loss=0.052581  lr=5.00e-05  [rmse=0.0241 h1=0.0002 ssim=0.0783 mlw=0.0000]
epoch 9 step 990  loss=0.048964  lr=5.00e-05  [rmse=0.0177 h1=0.0002 ssim=0.0647 mlw=0.0000]
epoch 9 step 1000  loss=0.045939  lr=5.00e-05  [rmse=0.0134 h1=0.0001 ssim=0.0486 mlw=0.0000]
epoch 9 step 1010  loss=0.043925  lr=5.00e-05  [rmse=0.0183 h1=0.0002 ssim=0.0702 mlw=0.0000]
epoch 9 step 1020  loss=0.043288  lr=5.00e-05  [rmse=0.0263 h1=0.0002 ssim=0.1236 mlw=0.0000]
epoch 9 step 1030  loss=0.043282  lr=5.00e-05  [rmse=0.0212 h1=0.0001 ssim=0.0951 mlw=0.0000]
epoch 9 step 1040  loss=0.043492  lr=5.00e-05  [rmse=0.0193 h1=0.0001 ssim=0.1235 mlw=0.0000]
epoch 9 step 1050  loss=0.043888  lr=5.00e-05  [rmse=0.0143 h1=0.0001 ssim=0.0636 mlw=0.0000]
epoch 9 step 1060  loss=0.043838  lr=5.00e-05  [rmse=0.0116 h1=0.0001 ssim=0.0570 mlw=0.0000]
epoch 9 step 1070  loss=0.043858  lr=5.00e-05  [rmse=0.0246 h1=0.0002 ssim=0.0838 mlw=0.0000]
epoch 9 step 1080  loss=0.043632  lr=5.00e-05  [rmse=0.0159 h1=0.0001 ssim=0.0411 mlw=0.0000]
INFO     [rank 0] Loss weights: rmse=1.0000, h1=50.0000,      vae_trainer.py:950
         ssim=0.1500, mlw=0.0000, kl=0.0000                                     
INFO     [rank 0] Epoch 9: train_loss=0.043632                vae_trainer.py:989
         val_loss=0.034715  val_VRMSE=0.099689  lr=5.00e-05                     
INFO     [rank 0] Metrics updated: metrics/metrics.csv,      vae_trainer.py:1015
         metrics/loss_curves.png                                                
INFO     [rank 0] Saved 12 validation reconstruction PNGs    vae_trainer.py:1208
         for epoch 9                                                            
INFO     [rank 0] New best checkpoint (epoch 9,              vae_trainer.py:1307
         val_vrmse=0.099689):                                                   
         checkpoints/vae_shockwave_best.safetensors                             
INFO     [rank 0] Training state saved:                      vae_trainer.py:1383
         checkpoints/vae_shockwave_last.state.pt                                
INFO     [rank 0] Epoch 9 timing: train=1322.1s eval=229.8s  vae_trainer.py:1048
         viz=30.2s ckpt=18.5s total=1601.3s                                     
epoch 10 step 1090  loss=0.037582  lr=5.00e-05  [rmse=0.0146 h1=0.0001 ssim=0.0504 mlw=0.0000]
epoch 10 step 1100  loss=0.038825  lr=5.00e-05  [rmse=0.0111 h1=0.0000 ssim=0.0590 mlw=0.0000]
epoch 10 step 1110  loss=0.039067  lr=5.00e-05  [rmse=0.0144 h1=0.0001 ssim=0.0559 mlw=0.0000]
epoch 10 step 1120  loss=0.038924  lr=5.00e-05  [rmse=0.0089 h1=0.0000 ssim=0.0350 mlw=0.0000]
epoch 10 step 1130  loss=0.038692  lr=5.00e-05  [rmse=0.0379 h1=0.0001 ssim=0.0851 mlw=0.0000]
epoch 10 step 1140  loss=0.039027  lr=5.00e-05  [rmse=0.0128 h1=0.0001 ssim=0.0601 mlw=0.0000]
epoch 10 step 1150  loss=0.039345  lr=5.00e-05  [rmse=0.0188 h1=0.0002 ssim=0.0840 mlw=0.0000]
epoch 10 step 1160  loss=0.039694  lr=5.00e-05  [rmse=0.0134 h1=0.0001 ssim=0.0670 mlw=0.0000]
epoch 10 step 1170  loss=0.040443  lr=5.00e-05  [rmse=0.0206 h1=0.0002 ssim=0.1050 mlw=0.0000]
epoch 10 step 1180  loss=0.040962  lr=5.00e-05  [rmse=0.0164 h1=0.0001 ssim=0.0793 mlw=0.0000]
epoch 10 step 1190  loss=0.041294  lr=5.00e-05  [rmse=0.0237 h1=0.0002 ssim=0.1296 mlw=0.0000]
epoch 10 step 1200  loss=0.041387  lr=5.00e-05  [rmse=0.0111 h1=0.0000 ssim=0.0652 mlw=0.0000]
INFO     [rank 0] Loss weights: rmse=1.0000, h1=50.0000,      vae_trainer.py:950
         ssim=0.1500, mlw=0.0000, kl=0.0000                                     
INFO     [rank 0] Epoch 10: train_loss=0.041387               vae_trainer.py:989
         val_loss=0.040960  val_VRMSE=0.121090  lr=5.00e-05                     
INFO     [rank 0] Metrics updated: metrics/metrics.csv,      vae_trainer.py:1015
         metrics/loss_curves.png                                                
INFO     [rank 0] Saved 12 validation reconstruction PNGs    vae_trainer.py:1208
         for epoch 10                                                           
INFO     [rank 0] Training state saved:                      vae_trainer.py:1383
         checkpoints/vae_shockwave_last.state.pt                                
INFO     [rank 0] Epoch 10 timing: train=1323.3s eval=229.6s vae_trainer.py:1048
         viz=29.4s ckpt=17.2s total=1600.2s                                     
epoch 11 step 1210  loss=0.041696  lr=5.00e-05  [rmse=0.0172 h1=0.0001 ssim=0.0840 mlw=0.0000]
epoch 11 step 1220  loss=0.039770  lr=5.00e-05  [rmse=0.0207 h1=0.0002 ssim=0.0653 mlw=0.0000]
epoch 11 step 1230  loss=0.042949  lr=5.00e-05  [rmse=0.0232 h1=0.0002 ssim=0.0570 mlw=0.0000]
epoch 11 step 1240  loss=0.046025  lr=5.00e-05  [rmse=0.0129 h1=0.0000 ssim=0.0553 mlw=0.0000]
epoch 11 step 1250  loss=0.054212  lr=5.00e-05  [rmse=0.0326 h1=0.0003 ssim=0.1124 mlw=0.0000]
epoch 11 step 1260  loss=0.063410  lr=5.00e-05  [rmse=0.0368 h1=0.0001 ssim=0.1105 mlw=0.0000]
epoch 11 step 1270  loss=0.063448  lr=5.00e-05  [rmse=0.0251 h1=0.0003 ssim=0.0680 mlw=0.0000]
epoch 11 step 1280  loss=0.062874  lr=5.00e-05  [rmse=0.0226 h1=0.0000 ssim=0.1846 mlw=0.0000]
epoch 11 step 1290  loss=0.061668  lr=5.00e-05  [rmse=0.0178 h1=0.0001 ssim=0.0906 mlw=0.0000]
epoch 11 step 1300  loss=0.059354  lr=5.00e-05  [rmse=0.0100 h1=0.0000 ssim=0.0426 mlw=0.0000]
epoch 11 step 1310  loss=0.057890  lr=5.00e-05  [rmse=0.0186 h1=0.0002 ssim=0.0634 mlw=0.0000]
epoch 11 step 1320  loss=0.056326  lr=5.00e-05  [rmse=0.0153 h1=0.0001 ssim=0.0629 mlw=0.0000]
INFO     [rank 0] Loss weights: rmse=1.0000, h1=50.0000,      vae_trainer.py:950
         ssim=0.1500, mlw=0.0000, kl=0.0000                                     
INFO     [rank 0] Epoch 11: train_loss=0.056326               vae_trainer.py:989
         val_loss=0.035548  val_VRMSE=0.104705  lr=5.00e-05                     
INFO     [rank 0] Metrics updated: metrics/metrics.csv,      vae_trainer.py:1015
         metrics/loss_curves.png                                                
INFO     [rank 0] Saved 12 validation reconstruction PNGs    vae_trainer.py:1208
         for epoch 11                                                           
INFO     [rank 0] Training state saved:                      vae_trainer.py:1383
         checkpoints/vae_shockwave_last.state.pt                                
INFO     [rank 0] Epoch 11 timing: train=1322.3s eval=244.9s vae_trainer.py:1048
         viz=30.1s ckpt=17.2s total=1615.2s                                     
epoch 12 step 1330  loss=0.033686  lr=5.00e-05  [rmse=0.0093 h1=0.0000 ssim=0.0378 mlw=0.0000]
epoch 12 step 1340  loss=0.034239  lr=5.00e-05  [rmse=0.0166 h1=0.0002 ssim=0.0721 mlw=0.0000]
epoch 12 step 1350  loss=0.034154  lr=5.00e-05  [rmse=0.0142 h1=0.0001 ssim=0.0774 mlw=0.0000]
epoch 12 step 1360  loss=0.034309  lr=5.00e-05  [rmse=0.0109 h1=0.0001 ssim=0.0428 mlw=0.0000]
epoch 12 step 1370  loss=0.034134  lr=5.00e-05  [rmse=0.0148 h1=0.0001 ssim=0.0644 mlw=0.0000]
epoch 12 step 1380  loss=0.035291  lr=5.00e-05  [rmse=0.0119 h1=0.0001 ssim=0.0625 mlw=0.0000]
epoch 12 step 1390  loss=0.035599  lr=5.00e-05  [rmse=0.0248 h1=0.0002 ssim=0.0787 mlw=0.0000]
epoch 12 step 1400  loss=0.035807  lr=5.00e-05  [rmse=0.0340 h1=0.0003 ssim=0.1223 mlw=0.0000]
epoch 12 step 1410  loss=0.035803  lr=5.00e-05  [rmse=0.0290 h1=0.0003 ssim=0.0843 mlw=0.0000]
epoch 12 step 1420  loss=0.035720  lr=5.00e-05  [rmse=0.0202 h1=0.0002 ssim=0.0786 mlw=0.0000]
epoch 12 step 1430  loss=0.035690  lr=5.00e-05  [rmse=0.0218 h1=0.0002 ssim=0.0627 mlw=0.0000]
epoch 12 step 1440  loss=0.035891  lr=5.00e-05  [rmse=0.0171 h1=0.0002 ssim=0.0728 mlw=0.0000]
INFO     [rank 0] Loss weights: rmse=1.0000, h1=50.0000,      vae_trainer.py:950
         ssim=0.1500, mlw=0.0000, kl=0.0000                                     
INFO     [rank 0] Epoch 12: train_loss=0.035891               vae_trainer.py:989
         val_loss=0.034113  val_VRMSE=0.106139  lr=5.00e-05                     
INFO     [rank 0] Metrics updated: metrics/metrics.csv,      vae_trainer.py:1015
         metrics/loss_curves.png                                                
INFO     [rank 0] Saved 12 validation reconstruction PNGs    vae_trainer.py:1208
         for epoch 12                                                           
INFO     [rank 0] Training state saved:                      vae_trainer.py:1383
         checkpoints/vae_shockwave_last.state.pt                                
INFO     [rank 0] Epoch 12 timing: train=1327.7s eval=283.9s vae_trainer.py:1048
         viz=29.7s ckpt=17.5s total=1659.6s                                     
epoch 13 step 1450  loss=0.036990  lr=5.00e-05  [rmse=0.0196 h1=0.0001 ssim=0.0871 mlw=0.0000]
epoch 13 step 1460  loss=0.037710  lr=5.00e-05  [rmse=0.0287 h1=0.0002 ssim=0.1308 mlw=0.0000]
epoch 13 step 1470  loss=0.038699  lr=5.00e-05  [rmse=0.0335 h1=0.0005 ssim=0.0811 mlw=0.0000]
epoch 13 step 1480  loss=0.037450  lr=5.00e-05  [rmse=0.0084 h1=0.0000 ssim=0.0674 mlw=0.0000]
epoch 13 step 1490  loss=0.036938  lr=5.00e-05  [rmse=0.0106 h1=0.0001 ssim=0.0496 mlw=0.0000]
epoch 13 step 1500  loss=0.037381  lr=5.00e-05  [rmse=0.0278 h1=0.0001 ssim=0.0665 mlw=0.0000]
epoch 13 step 1510  loss=0.036943  lr=5.00e-05  [rmse=0.0080 h1=0.0000 ssim=0.0374 mlw=0.0000]
epoch 13 step 1520  loss=0.037166  lr=5.00e-05  [rmse=0.0147 h1=0.0001 ssim=0.0872 mlw=0.0000]
epoch 13 step 1530  loss=0.036964  lr=5.00e-05  [rmse=0.0098 h1=0.0000 ssim=0.0473 mlw=0.0000]
epoch 13 step 1540  loss=0.037527  lr=5.00e-05  [rmse=0.0258 h1=0.0002 ssim=0.0878 mlw=0.0000]
epoch 13 step 1550  loss=0.037473  lr=5.00e-05  [rmse=0.0134 h1=0.0001 ssim=0.0583 mlw=0.0000]
epoch 13 step 1560  loss=0.037551  lr=5.00e-05  [rmse=0.0257 h1=0.0005 ssim=0.0681 mlw=0.0000]
INFO     [rank 0] Loss weights: rmse=1.0000, h1=50.0000,      vae_trainer.py:950
         ssim=0.1500, mlw=0.0000, kl=0.0000                                     
INFO     [rank 0] Epoch 13: train_loss=0.037551               vae_trainer.py:989
         val_loss=0.033856  val_VRMSE=0.102319  lr=5.00e-05                     
INFO     [rank 0] Metrics updated: metrics/metrics.csv,      vae_trainer.py:1015
         metrics/loss_curves.png                                                
INFO     [rank 0] Saved 12 validation reconstruction PNGs    vae_trainer.py:1208
         for epoch 13                                                           
INFO     [rank 0] Training state saved:                      vae_trainer.py:1383
         checkpoints/vae_shockwave_last.state.pt                                
INFO     [rank 0] Epoch 13 timing: train=1332.5s eval=283.0s vae_trainer.py:1048
         viz=30.2s ckpt=17.7s total=1664.0s                                     
epoch 14 step 1570  loss=0.030893  lr=5.00e-05  [rmse=0.0162 h1=0.0002 ssim=0.0444 mlw=0.0000]
epoch 14 step 1580  loss=0.031220  lr=5.00e-05  [rmse=0.0246 h1=0.0003 ssim=0.0686 mlw=0.0000]
epoch 14 step 1590  loss=0.031007  lr=5.00e-05  [rmse=0.0073 h1=0.0000 ssim=0.0365 mlw=0.0000]
epoch 14 step 1600  loss=0.033010  lr=5.00e-05  [rmse=0.0206 h1=0.0001 ssim=0.0613 mlw=0.0000]
epoch 14 step 1610  loss=0.033772  lr=5.00e-05  [rmse=0.0148 h1=0.0001 ssim=0.0574 mlw=0.0000]
epoch 14 step 1620  loss=0.034140  lr=5.00e-05  [rmse=0.0098 h1=0.0000 ssim=0.0847 mlw=0.0000]
epoch 14 step 1630  loss=0.034653  lr=5.00e-05  [rmse=0.0237 h1=0.0002 ssim=0.1293 mlw=0.0000]
epoch 14 step 1640  loss=0.034547  lr=5.00e-05  [rmse=0.0122 h1=0.0000 ssim=0.0615 mlw=0.0000]
epoch 14 step 1650  loss=0.034423  lr=5.00e-05  [rmse=0.0156 h1=0.0001 ssim=0.0684 mlw=0.0000]
epoch 14 step 1660  loss=0.034388  lr=5.00e-05  [rmse=0.0152 h1=0.0001 ssim=0.0559 mlw=0.0000]
epoch 14 step 1670  loss=0.034624  lr=5.00e-05  [rmse=0.0150 h1=0.0000 ssim=0.0593 mlw=0.0000]
epoch 14 step 1680  loss=0.034728  lr=5.00e-05  [rmse=0.0139 h1=0.0000 ssim=0.0436 mlw=0.0000]
INFO     [rank 0] Loss weights: rmse=1.0000, h1=50.0000,      vae_trainer.py:950
         ssim=0.1500, mlw=0.0000, kl=0.0000                                     
INFO     [rank 0] Epoch 14: train_loss=0.034728               vae_trainer.py:989
         val_loss=0.038747  val_VRMSE=0.108800  lr=5.00e-05                     
INFO     [rank 0] Metrics updated: metrics/metrics.csv,      vae_trainer.py:1015
         metrics/loss_curves.png                                                
INFO     [rank 0] Saved 12 validation reconstruction PNGs    vae_trainer.py:1208
         for epoch 14                                                           
INFO     [rank 0] Training state saved:                      vae_trainer.py:1383
         checkpoints/vae_shockwave_last.state.pt                                
INFO     [rank 0] Epoch 14 timing: train=1326.7s eval=283.8s vae_trainer.py:1048
         viz=30.7s ckpt=17.1s total=1659.1s                                     
epoch 15 step 1690  loss=0.033438  lr=5.00e-05  [rmse=0.0128 h1=0.0001 ssim=0.0456 mlw=0.0000]
epoch 15 step 1700  loss=0.032312  lr=5.00e-05  [rmse=0.0182 h1=0.0002 ssim=0.1221 mlw=0.0000]
epoch 15 step 1710  loss=0.033383  lr=5.00e-05  [rmse=0.0146 h1=0.0001 ssim=0.0466 mlw=0.0000]
epoch 15 step 1720  loss=0.032957  lr=5.00e-05  [rmse=0.0078 h1=0.0000 ssim=0.0367 mlw=0.0000]
epoch 15 step 1730  loss=0.032076  lr=5.00e-05  [rmse=0.0118 h1=0.0001 ssim=0.0527 mlw=0.0000]
epoch 15 step 1740  loss=0.031836  lr=5.00e-05  [rmse=0.0197 h1=0.0003 ssim=0.0447 mlw=0.0000]
epoch 15 step 1750  loss=0.032087  lr=5.00e-05  [rmse=0.0139 h1=0.0001 ssim=0.0531 mlw=0.0000]
epoch 15 step 1760  loss=0.032047  lr=5.00e-05  [rmse=0.0142 h1=0.0001 ssim=0.0381 mlw=0.0000]
epoch 15 step 1770  loss=0.031778  lr=5.00e-05  [rmse=0.0105 h1=0.0001 ssim=0.0414 mlw=0.0000]
epoch 15 step 1780  loss=0.032314  lr=5.00e-05  [rmse=0.0113 h1=0.0001 ssim=0.0481 mlw=0.0000]
epoch 15 step 1790  loss=0.032357  lr=5.00e-05  [rmse=0.0115 h1=0.0001 ssim=0.0633 mlw=0.0000]
epoch 15 step 1800  loss=0.032168  lr=5.00e-05  [rmse=0.0203 h1=0.0003 ssim=0.0662 mlw=0.0000]
INFO     [rank 0] Loss weights: rmse=1.0000, h1=50.0000,      vae_trainer.py:950
         ssim=0.1500, mlw=0.0000, kl=0.0000                                     
INFO     [rank 0] Epoch 15: train_loss=0.032168               vae_trainer.py:989
         val_loss=0.032515  val_VRMSE=0.097736  lr=5.00e-05                     
INFO     [rank 0] Metrics updated: metrics/metrics.csv,      vae_trainer.py:1015
         metrics/loss_curves.png                                                
INFO     [rank 0] Saved 12 validation reconstruction PNGs    vae_trainer.py:1208
         for epoch 15                                                           
INFO     [rank 0] New best checkpoint (epoch 15,             vae_trainer.py:1307
         val_vrmse=0.097736):                                                   
         checkpoints/vae_shockwave_best.safetensors                             
INFO     [rank 0] Training state saved:                      vae_trainer.py:1383
         checkpoints/vae_shockwave_last.state.pt                                
INFO     [rank 0] VAE epoch snapshot saved                   vae_trainer.py:1334
         (checkpoints.save_epochs):                                             
         checkpoints/vae_shockwave_epoch015_snapshot.safeten                    
         sors                                                                   
INFO     [rank 0] Epoch 15 timing: train=1325.5s eval=283.7s vae_trainer.py:1048
         viz=30.1s ckpt=23.4s total=1663.5s                                     
epoch 16 step 1810  loss=0.037282  lr=5.00e-05  [rmse=0.0148 h1=0.0000 ssim=0.0623 mlw=0.0000]
epoch 16 step 1820  loss=0.034851  lr=5.00e-05  [rmse=0.0112 h1=0.0001 ssim=0.0471 mlw=0.0000]
epoch 16 step 1830  loss=0.034965  lr=5.00e-05  [rmse=0.0154 h1=0.0001 ssim=0.0470 mlw=0.0000]
epoch 16 step 1840  loss=0.036314  lr=5.00e-05  [rmse=0.0240 h1=0.0002 ssim=0.0894 mlw=0.0000]
epoch 16 step 1850  loss=0.037554  lr=5.00e-05  [rmse=0.0084 h1=0.0000 ssim=0.0500 mlw=0.0000]
epoch 16 step 1860  loss=0.037316  lr=5.00e-05  [rmse=0.0146 h1=0.0001 ssim=0.0685 mlw=0.0000]
epoch 16 step 1870  loss=0.036603  lr=5.00e-05  [rmse=0.0172 h1=0.0001 ssim=0.0480 mlw=0.0000]
epoch 16 step 1880  loss=0.035945  lr=5.00e-05  [rmse=0.0156 h1=0.0001 ssim=0.0499 mlw=0.0000]
epoch 16 step 1890  loss=0.035229  lr=5.00e-05  [rmse=0.0186 h1=0.0002 ssim=0.0611 mlw=0.0000]
epoch 16 step 1900  loss=0.034850  lr=5.00e-05  [rmse=0.0137 h1=0.0001 ssim=0.0587 mlw=0.0000]
epoch 16 step 1910  loss=0.034169  lr=5.00e-05  [rmse=0.0109 h1=0.0001 ssim=0.0395 mlw=0.0000]
epoch 16 step 1920  loss=0.033770  lr=5.00e-05  [rmse=0.0165 h1=0.0002 ssim=0.0389 mlw=0.0000]
INFO     [rank 0] Loss weights: rmse=1.0000, h1=50.0000,      vae_trainer.py:950
         ssim=0.1500, mlw=0.0000, kl=0.0000                                     
INFO     [rank 0] Epoch 16: train_loss=0.033770               vae_trainer.py:989
         val_loss=0.031481  val_VRMSE=0.085804  lr=5.00e-05                     
INFO     [rank 0] Metrics updated: metrics/metrics.csv,      vae_trainer.py:1015
         metrics/loss_curves.png                                                
INFO     [rank 0] Saved 12 validation reconstruction PNGs    vae_trainer.py:1208
         for epoch 16                                                           
INFO     [rank 0] New best checkpoint (epoch 16,             vae_trainer.py:1307
         val_vrmse=0.085804):                                                   
         checkpoints/vae_shockwave_best.safetensors                             
INFO     [rank 0] Training state saved:                      vae_trainer.py:1383
         checkpoints/vae_shockwave_last.state.pt                                
INFO     [rank 0] Epoch 16 timing: train=1325.1s eval=284.4s vae_trainer.py:1048
         viz=30.9s ckpt=18.3s total=1659.4s                                     
epoch 17 step 1930  loss=0.030885  lr=5.00e-05  [rmse=0.0132 h1=0.0001 ssim=0.0535 mlw=0.0000]
epoch 17 step 1940  loss=0.035292  lr=5.00e-05  [rmse=0.0187 h1=0.0001 ssim=0.0832 mlw=0.0000]
epoch 17 step 1950  loss=0.036723  lr=5.00e-05  [rmse=0.0206 h1=0.0003 ssim=0.0766 mlw=0.0000]
epoch 17 step 1960  loss=0.037326  lr=5.00e-05  [rmse=0.0259 h1=0.0003 ssim=0.0967 mlw=0.0000]
epoch 17 step 1970  loss=0.037595  lr=5.00e-05  [rmse=0.0185 h1=0.0001 ssim=0.0672 mlw=0.0000]
epoch 17 step 1980  loss=0.037104  lr=5.00e-05  [rmse=0.0172 h1=0.0001 ssim=0.0547 mlw=0.0000]
epoch 17 step 1990  loss=0.036831  lr=5.00e-05  [rmse=0.0175 h1=0.0001 ssim=0.0842 mlw=0.0000]
epoch 17 step 2000  loss=0.036414  lr=5.00e-05  [rmse=0.0141 h1=0.0001 ssim=0.0694 mlw=0.0000]
epoch 17 step 2010  loss=0.035822  lr=5.00e-05  [rmse=0.0184 h1=0.0001 ssim=0.0422 mlw=0.0000]
epoch 17 step 2020  loss=0.034912  lr=5.00e-05  [rmse=0.0054 h1=0.0000 ssim=0.0312 mlw=0.0000]
epoch 17 step 2030  loss=0.034326  lr=5.00e-05  [rmse=0.0068 h1=0.0000 ssim=0.0318 mlw=0.0000]
epoch 17 step 2040  loss=0.033668  lr=5.00e-05  [rmse=0.0117 h1=0.0001 ssim=0.0378 mlw=0.0000]
INFO     [rank 0] Loss weights: rmse=1.0000, h1=50.0000,      vae_trainer.py:950
         ssim=0.1500, mlw=0.0000, kl=0.0000                                     
INFO     [rank 0] Epoch 17: train_loss=0.033668               vae_trainer.py:989
         val_loss=0.026815  val_VRMSE=0.079852  lr=5.00e-05                     
INFO     [rank 0] Metrics updated: metrics/metrics.csv,      vae_trainer.py:1015
         metrics/loss_curves.png                                                
INFO     [rank 0] Saved 12 validation reconstruction PNGs    vae_trainer.py:1208
         for epoch 17                                                           
INFO     [rank 0] New best checkpoint (epoch 17,             vae_trainer.py:1307
         val_vrmse=0.079852):                                                   
         checkpoints/vae_shockwave_best.safetensors                             
INFO     [rank 0] Training state saved:                      vae_trainer.py:1383
         checkpoints/vae_shockwave_last.state.pt                                
INFO     [rank 0] Epoch 17 timing: train=1323.7s eval=283.5s vae_trainer.py:1048
         viz=29.9s ckpt=18.5s total=1656.7s                                     
epoch 18 step 2050  loss=0.027192  lr=5.00e-05  [rmse=0.0091 h1=0.0001 ssim=0.0352 mlw=0.0000]
epoch 18 step 2060  loss=0.028084  lr=5.00e-05  [rmse=0.0090 h1=0.0001 ssim=0.0341 mlw=0.0000]
epoch 18 step 2070  loss=0.027250  lr=5.00e-05  [rmse=0.0116 h1=0.0001 ssim=0.0439 mlw=0.0000]
epoch 18 step 2080  loss=0.027179  lr=5.00e-05  [rmse=0.0200 h1=0.0001 ssim=0.0432 mlw=0.0000]
epoch 18 step 2090  loss=0.027384  lr=5.00e-05  [rmse=0.0128 h1=0.0001 ssim=0.0676 mlw=0.0000]
epoch 18 step 2100  loss=0.028104  lr=5.00e-05  [rmse=0.0157 h1=0.0001 ssim=0.0653 mlw=0.0000]
epoch 18 step 2110  loss=0.028357  lr=5.00e-05  [rmse=0.0092 h1=0.0000 ssim=0.0371 mlw=0.0000]
epoch 18 step 2120  loss=0.028574  lr=5.00e-05  [rmse=0.0176 h1=0.0002 ssim=0.0690 mlw=0.0000]
epoch 18 step 2130  loss=0.028944  lr=5.00e-05  [rmse=0.0246 h1=0.0003 ssim=0.0663 mlw=0.0000]
epoch 18 step 2140  loss=0.029336  lr=5.00e-05  [rmse=0.0100 h1=0.0001 ssim=0.0615 mlw=0.0000]
epoch 18 step 2150  loss=0.029362  lr=5.00e-05  [rmse=0.0101 h1=0.0001 ssim=0.0517 mlw=0.0000]
epoch 18 step 2160  loss=0.029366  lr=5.00e-05  [rmse=0.0081 h1=0.0000 ssim=0.0305 mlw=0.0000]
INFO     [rank 0] Loss weights: rmse=1.0000, h1=50.0000,      vae_trainer.py:950
         ssim=0.1500, mlw=0.0000, kl=0.0000                                     
INFO     [rank 0] Epoch 18: train_loss=0.029366               vae_trainer.py:989
         val_loss=0.028310  val_VRMSE=0.083732  lr=5.00e-05                     
INFO     [rank 0] Metrics updated: metrics/metrics.csv,      vae_trainer.py:1015
         metrics/loss_curves.png                                                
INFO     [rank 0] Saved 12 validation reconstruction PNGs    vae_trainer.py:1208
         for epoch 18                                                           
INFO     [rank 0] Training state saved:                      vae_trainer.py:1383
         checkpoints/vae_shockwave_last.state.pt                                
INFO     [rank 0] Epoch 18 timing: train=1325.1s eval=283.5s vae_trainer.py:1048
         viz=30.2s ckpt=17.8s total=1657.4s                                     
epoch 19 step 2170  loss=0.027955  lr=5.00e-05  [rmse=0.0085 h1=0.0000 ssim=0.0478 mlw=0.0000]
epoch 19 step 2180  loss=0.030439  lr=5.00e-05  [rmse=0.0206 h1=0.0002 ssim=0.0534 mlw=0.0000]
epoch 19 step 2190  loss=0.031114  lr=5.00e-05  [rmse=0.0164 h1=0.0002 ssim=0.1042 mlw=0.0000]
epoch 19 step 2200  loss=0.032204  lr=5.00e-05  [rmse=0.0166 h1=0.0002 ssim=0.0930 mlw=0.0000]
epoch 19 step 2210  loss=0.033337  lr=5.00e-05  [rmse=0.0125 h1=0.0001 ssim=0.1069 mlw=0.0000]
epoch 19 step 2220  loss=0.033261  lr=5.00e-05  [rmse=0.0116 h1=0.0001 ssim=0.0425 mlw=0.0000]
epoch 19 step 2230  loss=0.033164  lr=5.00e-05  [rmse=0.0186 h1=0.0002 ssim=0.0725 mlw=0.0000]
epoch 19 step 2240  loss=0.034021  lr=5.00e-05  [rmse=0.0078 h1=0.0000 ssim=0.0368 mlw=0.0000]
epoch 19 step 2250  loss=0.034517  lr=5.00e-05  [rmse=0.0187 h1=0.0001 ssim=0.0489 mlw=0.0000]
epoch 19 step 2260  loss=0.035246  lr=5.00e-05  [rmse=0.0140 h1=0.0000 ssim=0.0857 mlw=0.0000]
epoch 19 step 2270  loss=0.035332  lr=5.00e-05  [rmse=0.0101 h1=0.0001 ssim=0.0399 mlw=0.0000]
epoch 19 step 2280  loss=0.035108  lr=5.00e-05  [rmse=0.0137 h1=0.0001 ssim=0.0693 mlw=0.0000]
INFO     [rank 0] Loss weights: rmse=1.0000, h1=50.0000,      vae_trainer.py:950
         ssim=0.1500, mlw=0.0000, kl=0.0000                                     
INFO     [rank 0] Epoch 19: train_loss=0.035108               vae_trainer.py:989
         val_loss=0.028463  val_VRMSE=0.084783  lr=5.00e-05                     
INFO     [rank 0] Metrics updated: metrics/metrics.csv,      vae_trainer.py:1015
         metrics/loss_curves.png                                                
INFO     [rank 0] Saved 12 validation reconstruction PNGs    vae_trainer.py:1208
         for epoch 19                                                           
INFO     [rank 0] Training state saved:                      vae_trainer.py:1383
         checkpoints/vae_shockwave_last.state.pt                                
INFO     [rank 0] Epoch 19 timing: train=1331.8s eval=284.4s vae_trainer.py:1048
         viz=29.9s ckpt=17.9s total=1664.8s                                     
epoch 20 step 2290  loss=0.032918  lr=5.00e-05  [rmse=0.0192 h1=0.0002 ssim=0.0844 mlw=0.0000]
epoch 20 step 2300  loss=0.031998  lr=5.00e-05  [rmse=0.0082 h1=0.0000 ssim=0.0522 mlw=0.0000]
epoch 20 step 2310  loss=0.031604  lr=5.00e-05  [rmse=0.0163 h1=0.0002 ssim=0.0497 mlw=0.0000]
epoch 20 step 2320  loss=0.030824  lr=5.00e-05  [rmse=0.0093 h1=0.0000 ssim=0.0550 mlw=0.0000]
epoch 20 step 2330  loss=0.030721  lr=5.00e-05  [rmse=0.0186 h1=0.0002 ssim=0.0622 mlw=0.0000]
epoch 20 step 2340  loss=0.030055  lr=5.00e-05  [rmse=0.0105 h1=0.0001 ssim=0.0715 mlw=0.0000]
epoch 20 step 2350  loss=0.029830  lr=5.00e-05  [rmse=0.0138 h1=0.0001 ssim=0.0562 mlw=0.0000]
epoch 20 step 2360  loss=0.029766  lr=5.00e-05  [rmse=0.0120 h1=0.0001 ssim=0.0451 mlw=0.0000]
epoch 20 step 2370  loss=0.029701  lr=5.00e-05  [rmse=0.0201 h1=0.0002 ssim=0.0612 mlw=0.0000]
epoch 20 step 2380  loss=0.029578  lr=5.00e-05  [rmse=0.0092 h1=0.0000 ssim=0.0308 mlw=0.0000]
epoch 20 step 2390  loss=0.029385  lr=5.00e-05  [rmse=0.0172 h1=0.0002 ssim=0.0542 mlw=0.0000]
epoch 20 step 2400  loss=0.029173  lr=5.00e-05  [rmse=0.0220 h1=0.0003 ssim=0.0603 mlw=0.0000]
INFO     [rank 0] Loss weights: rmse=1.0000, h1=50.0000,      vae_trainer.py:950
         ssim=0.1500, mlw=0.0000, kl=0.0000                                     
INFO     [rank 0] Epoch 20: train_loss=0.029173               vae_trainer.py:989
         val_loss=0.030447  val_VRMSE=0.097147  lr=5.00e-05                     
INFO     [rank 0] Metrics updated: metrics/metrics.csv,      vae_trainer.py:1015
         metrics/loss_curves.png                                                
INFO     [rank 0] Saved 12 validation reconstruction PNGs    vae_trainer.py:1208
         for epoch 20                                                           
INFO     [rank 0] Training state saved:                      vae_trainer.py:1383
         checkpoints/vae_shockwave_last.state.pt                                
INFO     [rank 0] Epoch 20 timing: train=1330.1s eval=212.7s vae_trainer.py:1048
         viz=29.9s ckpt=17.6s total=1591.0s                                     
epoch 21 step 2410  loss=0.032258  lr=5.00e-05  [rmse=0.0271 h1=0.0002 ssim=0.0886 mlw=0.0000]
epoch 21 step 2420  loss=0.029818  lr=5.00e-05  [rmse=0.0073 h1=0.0000 ssim=0.0239 mlw=0.0000]
epoch 21 step 2430  loss=0.029099  lr=5.00e-05  [rmse=0.0090 h1=0.0000 ssim=0.0619 mlw=0.0000]
epoch 21 step 2440  loss=0.029301  lr=5.00e-05  [rmse=0.0122 h1=0.0001 ssim=0.0489 mlw=0.0000]
epoch 21 step 2450  loss=0.029538  lr=5.00e-05  [rmse=0.0069 h1=0.0000 ssim=0.0381 mlw=0.0000]
epoch 21 step 2460  loss=0.029586  lr=5.00e-05  [rmse=0.0119 h1=0.0001 ssim=0.0428 mlw=0.0000]
epoch 21 step 2470  loss=0.029879  lr=5.00e-05  [rmse=0.0185 h1=0.0002 ssim=0.0537 mlw=0.0000]
epoch 21 step 2480  loss=0.029570  lr=5.00e-05  [rmse=0.0121 h1=0.0001 ssim=0.0531 mlw=0.0000]
epoch 21 step 2490  loss=0.029490  lr=5.00e-05  [rmse=0.0194 h1=0.0002 ssim=0.0529 mlw=0.0000]
epoch 21 step 2500  loss=0.029506  lr=5.00e-05  [rmse=0.0253 h1=0.0003 ssim=0.0646 mlw=0.0000]
epoch 21 step 2510  loss=0.029846  lr=5.00e-05  [rmse=0.0117 h1=0.0000 ssim=0.0865 mlw=0.0000]
epoch 21 step 2520  loss=0.030009  lr=5.00e-05  [rmse=0.0128 h1=0.0001 ssim=0.0540 mlw=0.0000]
INFO     [rank 0] Loss weights: rmse=1.0000, h1=50.0000,      vae_trainer.py:950
         ssim=0.1500, mlw=0.0000, kl=0.0000                                     
INFO     [rank 0] Epoch 21: train_loss=0.030009               vae_trainer.py:989
         val_loss=0.031893  val_VRMSE=0.099923  lr=5.00e-05                     
INFO     [rank 0] Metrics updated: metrics/metrics.csv,      vae_trainer.py:1015
         metrics/loss_curves.png                                                
INFO     [rank 0] Saved 12 validation reconstruction PNGs    vae_trainer.py:1208
         for epoch 21                                                           
INFO     [rank 0] Training state saved:                      vae_trainer.py:1383
         checkpoints/vae_shockwave_last.state.pt                                
INFO     [rank 0] Epoch 21 timing: train=1337.1s eval=213.1s vae_trainer.py:1048
         viz=29.4s ckpt=17.6s total=1598.0s                                     
epoch 22 step 2530  loss=0.030482  lr=5.00e-05  [rmse=0.0079 h1=0.0000 ssim=0.0276 mlw=0.0000]
epoch 22 step 2540  loss=0.028817  lr=5.00e-05  [rmse=0.0123 h1=0.0001 ssim=0.0399 mlw=0.0000]
epoch 22 step 2550  loss=0.028000  lr=5.00e-05  [rmse=0.0083 h1=0.0000 ssim=0.0353 mlw=0.0000]
epoch 22 step 2560  loss=0.027635  lr=5.00e-05  [rmse=0.0075 h1=0.0000 ssim=0.0430 mlw=0.0000]
epoch 22 step 2570  loss=0.027842  lr=5.00e-05  [rmse=0.0095 h1=0.0001 ssim=0.0413 mlw=0.0000]
epoch 22 step 2580  loss=0.028552  lr=5.00e-05  [rmse=0.0082 h1=0.0000 ssim=0.0419 mlw=0.0000]
epoch 22 step 2590  loss=0.028476  lr=5.00e-05  [rmse=0.0113 h1=0.0001 ssim=0.0564 mlw=0.0000]
epoch 22 step 2600  loss=0.028260  lr=5.00e-05  [rmse=0.0116 h1=0.0001 ssim=0.0475 mlw=0.0000]
epoch 22 step 2610  loss=0.028218  lr=4.99e-05  [rmse=0.0170 h1=0.0001 ssim=0.0362 mlw=0.0000]
epoch 22 step 2620  loss=0.028202  lr=4.98e-05  [rmse=0.0098 h1=0.0001 ssim=0.0402 mlw=0.0000]
epoch 22 step 2630  loss=0.028348  lr=4.97e-05  [rmse=0.0103 h1=0.0000 ssim=0.0459 mlw=0.0000]
epoch 22 step 2640  loss=0.028473  lr=4.96e-05  [rmse=0.0115 h1=0.0001 ssim=0.0739 mlw=0.0000]
INFO     [rank 0] Loss weights: rmse=1.0000, h1=50.0000,      vae_trainer.py:950
         ssim=0.1500, mlw=0.0000, kl=0.0000                                     
INFO     [rank 0] Epoch 22: train_loss=0.028473               vae_trainer.py:989
         val_loss=0.031464  val_VRMSE=0.092417  lr=4.96e-05                     
INFO     [rank 0] Metrics updated: metrics/metrics.csv,      vae_trainer.py:1015
         metrics/loss_curves.png                                                
INFO     [rank 0] Saved 12 validation reconstruction PNGs    vae_trainer.py:1208
         for epoch 22                                                           
INFO     [rank 0] Training state saved:                      vae_trainer.py:1383
         checkpoints/vae_shockwave_last.state.pt                                
INFO     [rank 0] Epoch 22 timing: train=1328.5s eval=212.7s vae_trainer.py:1048
         viz=30.2s ckpt=18.2s total=1590.3s                                     
epoch 23 step 2650  loss=0.029240  lr=4.94e-05  [rmse=0.0094 h1=0.0000 ssim=0.0511 mlw=0.0000]
epoch 23 step 2660  loss=0.029661  lr=4.93e-05  [rmse=0.0112 h1=0.0001 ssim=0.0471 mlw=0.0000]
epoch 23 step 2670  loss=0.029672  lr=4.91e-05  [rmse=0.0116 h1=0.0001 ssim=0.0431 mlw=0.0000]
epoch 23 step 2680  loss=0.028716  lr=4.88e-05  [rmse=0.0145 h1=0.0001 ssim=0.0529 mlw=0.0000]
epoch 23 step 2690  loss=0.028123  lr=4.86e-05  [rmse=0.0085 h1=0.0000 ssim=0.0353 mlw=0.0000]
epoch 23 step 2700  loss=0.027949  lr=4.83e-05  [rmse=0.0104 h1=0.0001 ssim=0.0440 mlw=0.0000]
epoch 23 step 2710  loss=0.027921  lr=4.81e-05  [rmse=0.0182 h1=0.0001 ssim=0.0413 mlw=0.0000]
epoch 23 step 2720  loss=0.027929  lr=4.78e-05  [rmse=0.0101 h1=0.0001 ssim=0.0288 mlw=0.0000]
epoch 23 step 2730  loss=0.027545  lr=4.74e-05  [rmse=0.0161 h1=0.0002 ssim=0.0503 mlw=0.0000]
epoch 23 step 2740  loss=0.027735  lr=4.71e-05  [rmse=0.0101 h1=0.0000 ssim=0.0281 mlw=0.0000]
epoch 23 step 2750  loss=0.027800  lr=4.67e-05  [rmse=0.0166 h1=0.0001 ssim=0.0487 mlw=0.0000]
epoch 23 step 2760  loss=0.027818  lr=4.63e-05  [rmse=0.0096 h1=0.0001 ssim=0.0293 mlw=0.0000]
INFO     [rank 0] Loss weights: rmse=1.0000, h1=50.0000,      vae_trainer.py:950
         ssim=0.1500, mlw=0.0000, kl=0.0000                                     
INFO     [rank 0] Epoch 23: train_loss=0.027818               vae_trainer.py:989
         val_loss=0.025562  val_VRMSE=0.078316  lr=4.63e-05                     
INFO     [rank 0] Metrics updated: metrics/metrics.csv,      vae_trainer.py:1015
         metrics/loss_curves.png                                                
INFO     [rank 0] Saved 12 validation reconstruction PNGs    vae_trainer.py:1208
         for epoch 23                                                           
INFO     [rank 0] New best checkpoint (epoch 23,             vae_trainer.py:1307
         val_vrmse=0.078316):                                                   
         checkpoints/vae_shockwave_best.safetensors                             
INFO     [rank 0] Training state saved:                      vae_trainer.py:1383
         checkpoints/vae_shockwave_last.state.pt                                
INFO     [rank 0] Epoch 23 timing: train=1331.0s eval=212.1s vae_trainer.py:1048
         viz=29.6s ckpt=17.8s total=1591.2s                                     
epoch 24 step 2770  loss=0.026121  lr=4.59e-05  [rmse=0.0121 h1=0.0001 ssim=0.0339 mlw=0.0000]
epoch 24 step 2780  loss=0.026007  lr=4.55e-05  [rmse=0.0096 h1=0.0000 ssim=0.0464 mlw=0.0000]
epoch 24 step 2790  loss=0.026965  lr=4.51e-05  [rmse=0.0180 h1=0.0002 ssim=0.0694 mlw=0.0000]
epoch 24 step 2800  loss=0.026476  lr=4.46e-05  [rmse=0.0052 h1=0.0000 ssim=0.0352 mlw=0.0000]
epoch 24 step 2810  loss=0.026684  lr=4.41e-05  [rmse=0.0119 h1=0.0001 ssim=0.0444 mlw=0.0000]
epoch 24 step 2820  loss=0.026993  lr=4.36e-05  [rmse=0.0162 h1=0.0001 ssim=0.0756 mlw=0.0000]
epoch 24 step 2830  loss=0.027427  lr=4.31e-05  [rmse=0.0075 h1=0.0000 ssim=0.0330 mlw=0.0000]
epoch 24 step 2840  loss=0.026874  lr=4.26e-05  [rmse=0.0059 h1=0.0000 ssim=0.0204 mlw=0.0000]
epoch 24 step 2850  loss=0.026844  lr=4.20e-05  [rmse=0.0062 h1=0.0000 ssim=0.0275 mlw=0.0000]
epoch 24 step 2860  loss=0.026522  lr=4.14e-05  [rmse=0.0137 h1=0.0001 ssim=0.0458 mlw=0.0000]
epoch 24 step 2870  loss=0.026245  lr=4.09e-05  [rmse=0.0120 h1=0.0001 ssim=0.0459 mlw=0.0000]
epoch 24 step 2880  loss=0.026186  lr=4.03e-05  [rmse=0.0116 h1=0.0001 ssim=0.0441 mlw=0.0000]
INFO     [rank 0] Loss weights: rmse=1.0000, h1=50.0000,      vae_trainer.py:950
         ssim=0.1500, mlw=0.0000, kl=0.0000                                     
INFO     [rank 0] Epoch 24: train_loss=0.026186               vae_trainer.py:989
         val_loss=0.024339  val_VRMSE=0.074113  lr=4.03e-05                     
INFO     [rank 0] Metrics updated: metrics/metrics.csv,      vae_trainer.py:1015
         metrics/loss_curves.png                                                
INFO     [rank 0] Saved 12 validation reconstruction PNGs    vae_trainer.py:1208
         for epoch 24                                                           
INFO     [rank 0] New best checkpoint (epoch 24,             vae_trainer.py:1307
         val_vrmse=0.074113):                                                   
         checkpoints/vae_shockwave_best.safetensors                             
INFO     [rank 0] Training state saved:                      vae_trainer.py:1383
         checkpoints/vae_shockwave_last.state.pt                                
INFO     [rank 0] Epoch 24 timing: train=1324.2s eval=212.6s vae_trainer.py:1048
         viz=29.4s ckpt=18.5s total=1585.8s                                     
epoch 25 step 2890  loss=0.029038  lr=3.97e-05  [rmse=0.0131 h1=0.0001 ssim=0.0456 mlw=0.0000]
epoch 25 step 2900  loss=0.028575  lr=3.90e-05  [rmse=0.0149 h1=0.0002 ssim=0.0522 mlw=0.0000]
epoch 25 step 2910  loss=0.027250  lr=3.84e-05  [rmse=0.0084 h1=0.0000 ssim=0.0331 mlw=0.0000]
epoch 25 step 2920  loss=0.027072  lr=3.78e-05  [rmse=0.0090 h1=0.0001 ssim=0.0451 mlw=0.0000]
epoch 25 step 2930  loss=0.026514  lr=3.71e-05  [rmse=0.0061 h1=0.0000 ssim=0.0201 mlw=0.0000]
epoch 25 step 2940  loss=0.026502  lr=3.64e-05  [rmse=0.0100 h1=0.0001 ssim=0.0543 mlw=0.0000]
epoch 25 step 2950  loss=0.025939  lr=3.57e-05  [rmse=0.0122 h1=0.0001 ssim=0.0421 mlw=0.0000]
epoch 25 step 2960  loss=0.025636  lr=3.50e-05  [rmse=0.0170 h1=0.0002 ssim=0.0530 mlw=0.0000]
epoch 25 step 2970  loss=0.025021  lr=3.44e-05  [rmse=0.0096 h1=0.0001 ssim=0.0292 mlw=0.0000]
epoch 25 step 2980  loss=0.024709  lr=3.36e-05  [rmse=0.0098 h1=0.0001 ssim=0.0297 mlw=0.0000]
epoch 25 step 2990  loss=0.024408  lr=3.29e-05  [rmse=0.0098 h1=0.0001 ssim=0.0311 mlw=0.0000]
epoch 25 step 3000  loss=0.024240  lr=3.22e-05  [rmse=0.0184 h1=0.0003 ssim=0.0563 mlw=0.0000]
INFO     [rank 0] Loss weights: rmse=1.0000, h1=50.0000,      vae_trainer.py:950
         ssim=0.1500, mlw=0.0000, kl=0.0000                                     
INFO     [rank 0] Epoch 25: train_loss=0.024240               vae_trainer.py:989
         val_loss=0.025815  val_VRMSE=0.083597  lr=3.22e-05                     
INFO     [rank 0] Metrics updated: metrics/metrics.csv,      vae_trainer.py:1015
         metrics/loss_curves.png                                                
INFO     [rank 0] Saved 12 validation reconstruction PNGs    vae_trainer.py:1208
         for epoch 25                                                           
INFO     [rank 0] Training state saved:                      vae_trainer.py:1383
         checkpoints/vae_shockwave_last.state.pt                                
INFO     [rank 0] Epoch 25 timing: train=1327.9s eval=212.2s vae_trainer.py:1048
         viz=29.6s ckpt=17.2s total=1587.7s                                     
epoch 26 step 3010  loss=0.022787  lr=3.15e-05  [rmse=0.0047 h1=0.0000 ssim=0.0223 mlw=0.0000]
epoch 26 step 3020  loss=0.023656  lr=3.07e-05  [rmse=0.0168 h1=0.0002 ssim=0.0614 mlw=0.0000]
epoch 26 step 3030  loss=0.023877  lr=3.00e-05  [rmse=0.0137 h1=0.0001 ssim=0.0491 mlw=0.0000]
epoch 26 step 3040  loss=0.023230  lr=2.93e-05  [rmse=0.0081 h1=0.0001 ssim=0.0345 mlw=0.0000]
epoch 26 step 3050  loss=0.023378  lr=2.85e-05  [rmse=0.0159 h1=0.0002 ssim=0.0327 mlw=0.0000]
epoch 26 step 3060  loss=0.023199  lr=2.78e-05  [rmse=0.0164 h1=0.0002 ssim=0.0410 mlw=0.0000]
epoch 26 step 3070  loss=0.022631  lr=2.70e-05  [rmse=0.0110 h1=0.0001 ssim=0.0313 mlw=0.0000]
epoch 26 step 3080  loss=0.022575  lr=2.63e-05  [rmse=0.0072 h1=0.0000 ssim=0.0250 mlw=0.0000]
epoch 26 step 3090  loss=0.022380  lr=2.55e-05  [rmse=0.0134 h1=0.0002 ssim=0.0410 mlw=0.0000]
epoch 26 step 3100  loss=0.022042  lr=2.47e-05  [rmse=0.0068 h1=0.0000 ssim=0.0241 mlw=0.0000]
epoch 26 step 3110  loss=0.021780  lr=2.40e-05  [rmse=0.0110 h1=0.0001 ssim=0.0343 mlw=0.0000]
epoch 26 step 3120  loss=0.021725  lr=2.32e-05  [rmse=0.0135 h1=0.0001 ssim=0.0347 mlw=0.0000]
INFO     [rank 0] Loss weights: rmse=1.0000, h1=50.0000,      vae_trainer.py:950
         ssim=0.1500, mlw=0.0000, kl=0.0000                                     
INFO     [rank 0] Epoch 26: train_loss=0.021725               vae_trainer.py:989
         val_loss=0.019624  val_VRMSE=0.058461  lr=2.32e-05                     
INFO     [rank 0] Metrics updated: metrics/metrics.csv,      vae_trainer.py:1015
         metrics/loss_curves.png                                                
INFO     [rank 0] Saved 12 validation reconstruction PNGs    vae_trainer.py:1208
         for epoch 26                                                           
INFO     [rank 0] New best checkpoint (epoch 26,             vae_trainer.py:1307
         val_vrmse=0.058461):                                                   
         checkpoints/vae_shockwave_best.safetensors                             
INFO     [rank 0] Training state saved:                      vae_trainer.py:1383
         checkpoints/vae_shockwave_last.state.pt                                
INFO     [rank 0] Epoch 26 timing: train=1327.9s eval=198.1s vae_trainer.py:1048
         viz=28.9s ckpt=18.1s total=1573.7s                                     
epoch 27 step 3130  loss=0.018742  lr=2.25e-05  [rmse=0.0083 h1=0.0001 ssim=0.0294 mlw=0.0000]
epoch 27 step 3140  loss=0.020027  lr=2.17e-05  [rmse=0.0092 h1=0.0001 ssim=0.0307 mlw=0.0000]
epoch 27 step 3150  loss=0.020887  lr=2.10e-05  [rmse=0.0099 h1=0.0001 ssim=0.0342 mlw=0.0000]
epoch 27 step 3160  loss=0.020684  lr=2.03e-05  [rmse=0.0132 h1=0.0002 ssim=0.0395 mlw=0.0000]
epoch 27 step 3170  loss=0.020536  lr=1.95e-05  [rmse=0.0071 h1=0.0001 ssim=0.0274 mlw=0.0000]
epoch 27 step 3180  loss=0.020878  lr=1.88e-05  [rmse=0.0064 h1=0.0000 ssim=0.0271 mlw=0.0000]
epoch 27 step 3190  loss=0.020568  lr=1.81e-05  [rmse=0.0101 h1=0.0001 ssim=0.0310 mlw=0.0000]
epoch 27 step 3200  loss=0.020568  lr=1.74e-05  [rmse=0.0100 h1=0.0001 ssim=0.0311 mlw=0.0000]
epoch 27 step 3210  loss=0.020573  lr=1.66e-05  [rmse=0.0100 h1=0.0001 ssim=0.0372 mlw=0.0000]
epoch 27 step 3220  loss=0.020702  lr=1.60e-05  [rmse=0.0101 h1=0.0001 ssim=0.0214 mlw=0.0000]
epoch 27 step 3230  loss=0.020663  lr=1.53e-05  [rmse=0.0099 h1=0.0001 ssim=0.0352 mlw=0.0000]
epoch 27 step 3240  loss=0.020541  lr=1.46e-05  [rmse=0.0124 h1=0.0001 ssim=0.0274 mlw=0.0000]
INFO     [rank 0] Loss weights: rmse=1.0000, h1=50.0000,      vae_trainer.py:950
         ssim=0.1500, mlw=0.0000, kl=0.0000                                     
INFO     [rank 0] Epoch 27: train_loss=0.020541               vae_trainer.py:989
         val_loss=0.018525  val_VRMSE=0.055372  lr=1.46e-05                     
INFO     [rank 0] Metrics updated: metrics/metrics.csv,      vae_trainer.py:1015
         metrics/loss_curves.png                                                
INFO     [rank 0] Saved 12 validation reconstruction PNGs    vae_trainer.py:1208
         for epoch 27                                                           
INFO     [rank 0] New best checkpoint (epoch 27,             vae_trainer.py:1307
         val_vrmse=0.055372):                                                   
         checkpoints/vae_shockwave_best.safetensors                             
INFO     [rank 0] Training state saved:                      vae_trainer.py:1383
         checkpoints/vae_shockwave_last.state.pt                                
INFO     [rank 0] Epoch 27 timing: train=1324.9s eval=212.7s vae_trainer.py:1048
         viz=30.1s ckpt=18.5s total=1587.0s                                     
epoch 28 step 3250  loss=0.019254  lr=1.39e-05  [rmse=0.0067 h1=0.0000 ssim=0.0292 mlw=0.0000]
epoch 28 step 3260  loss=0.019275  lr=1.33e-05  [rmse=0.0059 h1=0.0000 ssim=0.0216 mlw=0.0000]
epoch 28 step 3270  loss=0.019272  lr=1.26e-05  [rmse=0.0158 h1=0.0002 ssim=0.0314 mlw=0.0000]
epoch 28 step 3280  loss=0.019116  lr=1.20e-05  [rmse=0.0118 h1=0.0001 ssim=0.0426 mlw=0.0000]
epoch 28 step 3290  loss=0.019462  lr=1.13e-05  [rmse=0.0070 h1=0.0001 ssim=0.0220 mlw=0.0000]
epoch 28 step 3300  loss=0.019394  lr=1.07e-05  [rmse=0.0109 h1=0.0001 ssim=0.0300 mlw=0.0000]
epoch 28 step 3310  loss=0.019408  lr=1.01e-05  [rmse=0.0082 h1=0.0001 ssim=0.0238 mlw=0.0000]
epoch 28 step 3320  loss=0.019272  lr=9.56e-06  [rmse=0.0081 h1=0.0001 ssim=0.0291 mlw=0.0000]
epoch 28 step 3330  loss=0.019241  lr=8.99e-06  [rmse=0.0104 h1=0.0001 ssim=0.0316 mlw=0.0000]
epoch 28 step 3340  loss=0.019058  lr=8.44e-06  [rmse=0.0048 h1=0.0000 ssim=0.0177 mlw=0.0000]
epoch 28 step 3350  loss=0.019043  lr=7.91e-06  [rmse=0.0121 h1=0.0001 ssim=0.0272 mlw=0.0000]
epoch 28 step 3360  loss=0.018963  lr=7.39e-06  [rmse=0.0108 h1=0.0001 ssim=0.0358 mlw=0.0000]
INFO     [rank 0] Loss weights: rmse=1.0000, h1=50.0000,      vae_trainer.py:950
         ssim=0.1500, mlw=0.0000, kl=0.0000                                     
INFO     [rank 0] Epoch 28: train_loss=0.018963               vae_trainer.py:989
         val_loss=0.018081  val_VRMSE=0.054120  lr=7.39e-06                     
INFO     [rank 0] Metrics updated: metrics/metrics.csv,      vae_trainer.py:1015
         metrics/loss_curves.png                                                
INFO     [rank 0] Saved 12 validation reconstruction PNGs    vae_trainer.py:1208
         for epoch 28                                                           
INFO     [rank 0] New best checkpoint (epoch 28,             vae_trainer.py:1307
         val_vrmse=0.054120):                                                   
         checkpoints/vae_shockwave_best.safetensors                             
INFO     [rank 0] Training state saved:                      vae_trainer.py:1383
         checkpoints/vae_shockwave_last.state.pt                                
INFO     [rank 0] Epoch 28 timing: train=1322.6s eval=212.4s vae_trainer.py:1048
         viz=29.1s ckpt=18.5s total=1583.3s                                     
epoch 29 step 3370  loss=0.018884  lr=6.89e-06  [rmse=0.0079 h1=0.0001 ssim=0.0254 mlw=0.0000]
epoch 29 step 3380  loss=0.018494  lr=6.41e-06  [rmse=0.0116 h1=0.0001 ssim=0.0361 mlw=0.0000]
epoch 29 step 3390  loss=0.018303  lr=5.95e-06  [rmse=0.0075 h1=0.0001 ssim=0.0246 mlw=0.0000]
epoch 29 step 3400  loss=0.019254  lr=5.50e-06  [rmse=0.0053 h1=0.0000 ssim=0.0201 mlw=0.0000]
epoch 29 step 3410  loss=0.019293  lr=5.08e-06  [rmse=0.0158 h1=0.0003 ssim=0.0338 mlw=0.0000]
epoch 29 step 3420  loss=0.019016  lr=4.67e-06  [rmse=0.0066 h1=0.0000 ssim=0.0234 mlw=0.0000]
epoch 29 step 3430  loss=0.018852  lr=4.28e-06  [rmse=0.0090 h1=0.0001 ssim=0.0275 mlw=0.0000]
epoch 29 step 3440  loss=0.019073  lr=3.92e-06  [rmse=0.0075 h1=0.0001 ssim=0.0228 mlw=0.0000]
epoch 29 step 3450  loss=0.018955  lr=3.57e-06  [rmse=0.0036 h1=0.0000 ssim=0.0151 mlw=0.0000]
epoch 29 step 3460  loss=0.018925  lr=3.24e-06  [rmse=0.0048 h1=0.0000 ssim=0.0171 mlw=0.0000]
epoch 29 step 3470  loss=0.018866  lr=2.94e-06  [rmse=0.0077 h1=0.0001 ssim=0.0287 mlw=0.0000]
epoch 29 step 3480  loss=0.018840  lr=2.65e-06  [rmse=0.0084 h1=0.0001 ssim=0.0223 mlw=0.0000]
INFO     [rank 0] Loss weights: rmse=1.0000, h1=50.0000,      vae_trainer.py:950
         ssim=0.1500, mlw=0.0000, kl=0.0000                                     
INFO     [rank 0] Epoch 29: train_loss=0.018840               vae_trainer.py:989
         val_loss=0.017962  val_VRMSE=0.053858  lr=2.65e-06                     
INFO     [rank 0] Metrics updated: metrics/metrics.csv,      vae_trainer.py:1015
         metrics/loss_curves.png                                                
INFO     [rank 0] Saved 12 validation reconstruction PNGs    vae_trainer.py:1208
         for epoch 29                                                           
INFO     [rank 0] New best checkpoint (epoch 29,             vae_trainer.py:1307
         val_vrmse=0.053858):                                                   
         checkpoints/vae_shockwave_best.safetensors                             
INFO     [rank 0] Training state saved:                      vae_trainer.py:1383
         checkpoints/vae_shockwave_last.state.pt                                
INFO     [rank 0] Epoch 29 timing: train=1328.2s eval=213.1s vae_trainer.py:1048
         viz=30.0s ckpt=18.4s total=1590.4s                                     
epoch 30 step 3490  loss=0.016880  lr=2.39e-06  [rmse=0.0126 h1=0.0002 ssim=0.0309 mlw=0.0000]
epoch 30 step 3500  loss=0.019587  lr=2.15e-06  [rmse=0.0063 h1=0.0001 ssim=0.0197 mlw=0.0000]
epoch 30 step 3510  loss=0.018780  lr=1.94e-06  [rmse=0.0054 h1=0.0000 ssim=0.0198 mlw=0.0000]
epoch 30 step 3520  loss=0.018500  lr=1.74e-06  [rmse=0.0100 h1=0.0001 ssim=0.0350 mlw=0.0000]
epoch 30 step 3530  loss=0.018805  lr=1.57e-06  [rmse=0.0158 h1=0.0002 ssim=0.0342 mlw=0.0000]
epoch 30 step 3540  loss=0.018815  lr=1.42e-06  [rmse=0.0095 h1=0.0001 ssim=0.0239 mlw=0.0000]
epoch 30 step 3550  loss=0.018779  lr=1.29e-06  [rmse=0.0033 h1=0.0000 ssim=0.0151 mlw=0.0000]
epoch 30 step 3560  loss=0.018682  lr=1.19e-06  [rmse=0.0138 h1=0.0002 ssim=0.0323 mlw=0.0000]
epoch 30 step 3570  loss=0.018843  lr=1.10e-06  [rmse=0.0040 h1=0.0000 ssim=0.0142 mlw=0.0000]
epoch 30 step 3580  loss=0.018685  lr=1.05e-06  [rmse=0.0078 h1=0.0001 ssim=0.0230 mlw=0.0000]
epoch 30 step 3590  loss=0.018713  lr=1.01e-06  [rmse=0.0049 h1=0.0000 ssim=0.0211 mlw=0.0000]
epoch 30 step 3600  loss=0.018649  lr=1.00e-06  [rmse=0.0118 h1=0.0001 ssim=0.0217 mlw=0.0000]
INFO     [rank 0] Loss weights: rmse=1.0000, h1=50.0000,      vae_trainer.py:950
         ssim=0.1500, mlw=0.0000, kl=0.0000                                     
INFO     [rank 0] Epoch 30: train_loss=0.018649               vae_trainer.py:989
         val_loss=0.017922  val_VRMSE=0.053765  lr=1.00e-06                     
INFO     [rank 0] Metrics updated: metrics/metrics.csv,      vae_trainer.py:1015
         metrics/loss_curves.png                                                
INFO     [rank 0] Saved 12 validation reconstruction PNGs    vae_trainer.py:1208
         for epoch 30                                                           
INFO     [rank 0] New best checkpoint (epoch 30,             vae_trainer.py:1307
         val_vrmse=0.053765):                                                   
         checkpoints/vae_shockwave_best.safetensors                             
INFO     [rank 0] Training state saved:                      vae_trainer.py:1383
         checkpoints/vae_shockwave_last.state.pt                                
INFO     [rank 0] Epoch 30 timing: train=1324.9s eval=213.5s vae_trainer.py:1048
         viz=29.3s ckpt=20.3s total=1588.7s                                     
╭──────────────────────────────────────────────────────────────────────────────╮
╰──────────────────────────────────────────────────────────────────────────────╯INFO     [rank 0] Training state saved:                      vae_trainer.py:1383
         checkpoints/vae_shockwave_last.state.pt                                
INFO     [rank 0] Best epoch: 30 (val_vrmse=0.053765)        vae_trainer.py:1066

Training complete. Checkpoint: 
/mnt/result/finetune_vae_whole_structure_baseline_ep30_256res_kl1e5/checkpoints/
vae_shockwave_best.safetensors
Mirrored (excl. checkpoints/) to finetune_vae_outputs/lrz_ai/finetune_vae_whole_structure_baseline_ep30_256res_kl1e5
Job finished at: Sun Aug 23 04:15:57 AM CEST 2026
Total runtime: 48978 seconds
