Directory where err and out file are logged: /dss/dsshome1/09/ge26qux3/work_wh/windinet
MASTER_ADDR: lrz-hgx-h100-020
MASTER_PORT: 54321
SLURM_NODEID: 0
SLURM_NNODES: 1
SLURM_GPUS_PER_NODE: 2
WORLD_SIZE: 2
CUDA_VISIBLE_DEVICES: 0,1
Job started at: Mon Aug 24 07:30:48 AM CEST 2026
batch_size=4 accum=4 output_dir=/mnt/result/finetune_vae_whole_structure_baseline_ep20_256res_cosine_lr5e5 data_root=/mnt/data/train.h5
INFO     [rank 1] generated new fontManager                 font_manager.py:1639
INFO     [rank 0] generated new fontManager                 font_manager.py:1639
                          VAE Finetuning Configuration                          
┏━━━━━━━━━━━━━━━━━━━━━━━━━━━━━━━━━━━━━━┳━━━━━━━━━━━━━━━━━━━━━━━━━━━━━━━━━━━━━━━┓
┃ Parameter                            ┃ Value                                 ┃
┡━━━━━━━━━━━━━━━━━━━━━━━━━━━━━━━━━━━━━━╇━━━━━━━━━━━━━━━━━━━━━━━━━━━━━━━━━━━━━━━┩
│ model.model_source                   │ LTXV_2B_0.9.6_DEV                     │
│ model.load_checkpoint                │ None                                  │
│ adapter.enabled                      │ True                                  │
│ adapter.checkpoint                   │ None                                  │
│ adapter.channels                     │ ['density', 'momentum_x',             │
│                                      │ 'momentum_y', 'pressure']             │
│ adapter.mode                         │ inflate                               │
│ adapter.inflate_init                 │ zeros                                 │
│ adapter.inflate_copy_channel         │ None                                  │
│ adapter.freeze_conv_in               │ False                                 │
│ adapter.unfreeze_encoder_trunk       │ True                                  │
│ adapter.hidden_channels              │ 32                                    │
│ adapter.activation                   │ gelu                                  │
│ adapter.identity_init                │ False                                 │
│ adapter.default_temb                 │ 0.0                                   │
│ data.data_root                       │ /mnt/data/train.h5                    │
│ data.eval_sims                       │ 675                                   │
│ data.num_dataloader_workers          │ 4                                     │
│ data.num_sim_frames                  │ None                                  │
│ data.overfit_sims                    │ None                                  │
│ data.overfit_repeat                  │ 1                                     │
│ data.channel_mean                    │ [0.9050976477108856,                  │
│                                      │ 0.004045365949982484,                 │
│                                      │ -0.0019089379638760548, 0.9           │
│ data.channel_std                     │ [0.6618199912434938,                  │
│                                      │ 0.5335233432828087,                   │
│                                      │ 0.5268940723644505, 0.8053303         │
│ data.normalization_stats_file        │ None                                  │
│ data.normalization_clip              │ 5.0                                   │
│ data.channel_order                   │ ['density', 'momentum_x',             │
│                                      │ 'momentum_y', 'pressure']             │
│ data.log_transform_channels          │ []                                    │
│ optimization.learning_rate           │ 5e-05                                 │
│ optimization.min_learning_rate       │ 1e-06                                 │
│ optimization.scheduler_type          │ cosine                                │
│ optimization.stable_fraction         │ 0.7                                   │
│ optimization.stable_end_epoch        │ None                                  │
│ optimization.plateau_factor          │ 0.5                                   │
│ optimization.plateau_patience        │ 3                                     │
│ optimization.plateau_threshold       │ 0.0001                                │
│ optimization.epochs                  │ 20                                    │
│ optimization.batch_size              │ 4                                     │
│ optimization.gradient_accumulation_… │ 4                                     │
│ optimization.max_grad_norm           │ 5.0                                   │
│ optimization.weight_decay            │ 0.0                                   │
│ optimization.warmup_steps            │ 200                                   │
│ optimization.warmup_start_factor     │ 0.01                                  │
│ optimization.enable_gradient_checkp… │ True                                  │
│ loss.wavelet                         │ db2                                   │
│ loss.spatial_level                   │ 2                                     │
│ loss.temporal_level                  │ 2                                     │
│ loss.mlw_beta                        │ 10.0                                  │
│ loss.mlw_eps                         │ 1e-06                                 │
│ loss_weighting.strategy              │ fixed                                 │
│ loss_weighting.weights               │ {'rmse': 1.0, 'h1': 50.0, 'ssim':     │
│                                      │ 0.15, 'mlw': 0.0}                     │
│ loss_weighting.loss_names            │ ['rmse', 'h1', 'ssim', 'mlw']         │
│ loss_weighting.alpha                 │ 1.5                                   │
│ loss_weighting.weight_lr             │ 0.025                                 │
│ loss_weighting.temperature           │ 0.1                                   │
│ visualization.enabled                │ True                                  │
│ visualization.interval_epochs        │ 1                                     │
│ visualization.num_samples            │ 3                                     │
│ visualization.frame_numbers          │ [25, 50, 75, 100]                     │
│ visualization.dpi                    │ 150                                   │
│ acceleration.mixed_precision_mode    │ bf16                                  │
│ acceleration.compile_with_inductor   │ False                                 │
│ acceleration.compilation_mode        │ reduce-overhead                       │
│ checkpoints.interval                 │ 1                                     │
│ checkpoints.keep_last_n              │ 1                                     │
│ checkpoints.save_best_only           │ True                                  │
│ checkpoints.best_metric              │ val_vrmse                             │
│ checkpoints.save_last_state          │ True                                  │
│ checkpoints.save_epochs              │ [15]                                  │
│ wandb.enabled                        │ False                                 │
│ wandb.project                        │ windinet                              │
│ wandb.entity                         │ None                                  │
│ wandb.tags                           │ ['vae', 'inflate', 'zeros-init',      │
│                                      │ 'cosine', '20ep', 'lr1x', 'shockwave- │
│ seed                                 │ 42                                    │
│ output_dir                           │ /mnt/result/finetune_vae_whole_struc… │
│ clean_output_dir                     │ True                                  │
│ resume_from                          │ None                                  │
│ resume_weights_only                  │ False                                 │
└──────────────────────────────────────┴───────────────────────────────────────┘
INFO     [rank 0] Distributed training: 2 processes          vae_trainer.py:1429
INFO     [rank 1] HTTP Request: HEAD                             _client.py:1025
         https://huggingface.co/Lightricks/LTX-Video-0.9.5/resol                
         ve/main/vae/config.json "HTTP/1.1 307 Temporary                        
         Redirect"                                                              
WARNING  [rank 1] Warning: You are sending unauthenticated requests _http.py:951
         to the HF Hub. Please set a HF_TOKEN to enable higher rate             
         limits and faster downloads.                                           
INFO     [rank 1] HTTP Request: HEAD                             _client.py:1025
         https://huggingface.co/api/resolve-cache/models/Lightri                
         cks/LTX-Video-0.9.5/e58e28c39631af4d1468ee57a853764e11c                
         1d37e/vae%2Fconfig.json "HTTP/1.1 200 OK"                              
INFO     [rank 0] HTTP Request: HEAD                             _client.py:1025
         https://huggingface.co/Lightricks/LTX-Video-0.9.5/resol                
         ve/main/vae/config.json "HTTP/1.1 307 Temporary                        
         Redirect"                                                              
INFO     [rank 0] HTTP Request: HEAD                             _client.py:1025
         https://huggingface.co/api/resolve-cache/models/Lightri                
         cks/LTX-Video-0.9.5/e58e28c39631af4d1468ee57a853764e11c                
         1d37e/vae%2Fconfig.json "HTTP/1.1 200 OK"                              
INFO     [rank 1] HTTP Request: HEAD                             _client.py:1025
         https://huggingface.co/Lightricks/LTX-Video-0.9.5/resol                
         ve/e58e28c39631af4d1468ee57a853764e11c1d37e/vae/diffusi                
         on_pytorch_model.safetensors.index.json "HTTP/1.1 404                  
         Not Found"                                                             
INFO     [rank 0] HTTP Request: HEAD                             _client.py:1025
         https://huggingface.co/Lightricks/LTX-Video-0.9.5/resol                
         ve/e58e28c39631af4d1468ee57a853764e11c1d37e/vae/diffusi                
         on_pytorch_model.safetensors.index.json "HTTP/1.1 404                  
         Not Found"                                                             
WARNING  [rank 0] Warning: You are sending unauthenticated requests _http.py:951
         to the HF Hub. Please set a HF_TOKEN to enable higher rate             
         limits and faster downloads.                                           
INFO     [rank 0] VAE inflated to 4 native channels           vae_trainer.py:197
         (init=zeros); encoder.conv_in is trainable                             
INFO     [rank 0] Encoder extra modules UNFROZEN:             vae_trainer.py:254
         down_blocks[0, 1, 2] + tail                                            
         (down_blocks[-1]+mid_block+norm_out+conv_out)                          
INFO     [rank 0] VAE gradient checkpointing enabled          vae_trainer.py:265
INFO     [rank 0] VAE loaded. Decoder params: 552,869,953     vae_trainer.py:271
INFO     [rank 0] Trainable parameters:                       vae_trainer.py:342
         encoder_conv_in=221,312, encoder_extra=693,932,865,                    
         decoder=552,869,953, in_adapter=0, out_adapter=0                       
INFO     [rank 0] Dataset: 3825 train, 675 eval samples       vae_trainer.py:606
INFO     [rank 0] encoder.conv_in LR = 5.00e-05 (== decoder   vae_trainer.py:630
         LR)                                                                    
INFO     [rank 0] encoder extra (down_blocks[0, 1, 2]+tail)   vae_trainer.py:641
         LR = 5.00e-05 (== decoder LR)                                          
INFO     [rank 0] LR schedule 'cosine': 2400 steps (200       vae_trainer.py:732
         warmup, 0 stable, 2200 anneal), peak 5.00e-05 ->                       
         floor 1.00e-06                                                         
INFO     [rank 0] Config saved:                              vae_trainer.py:1461
         /mnt/result/finetune_vae_whole_structure_baseline_e                    
         p20_256res_cosine_lr5e5/training_config.yaml                           
INFO     [rank 0] Starting VAE decoder finetuning...          vae_trainer.py:780
epoch 1 step 10  loss=0.122582  lr=2.98e-06  [rmse=0.1174 h1=0.0002 ssim=0.2608 mlw=0.0000]
epoch 1 step 20  loss=0.124571  lr=5.45e-06  [rmse=0.2013 h1=0.0003 ssim=0.2709 mlw=0.0000]
epoch 1 step 30  loss=0.122356  lr=7.93e-06  [rmse=0.0487 h1=0.0002 ssim=0.2144 mlw=0.0000]
epoch 1 step 40  loss=0.119625  lr=1.04e-05  [rmse=0.0923 h1=0.0002 ssim=0.1630 mlw=0.0000]
epoch 1 step 50  loss=0.115587  lr=1.29e-05  [rmse=0.0280 h1=0.0001 ssim=0.1593 mlw=0.0000]
epoch 1 step 60  loss=0.111737  lr=1.54e-05  [rmse=0.0380 h1=0.0003 ssim=0.1908 mlw=0.0000]
epoch 1 step 70  loss=0.105252  lr=1.78e-05  [rmse=0.0221 h1=0.0001 ssim=0.1565 mlw=0.0000]
epoch 1 step 80  loss=0.099284  lr=2.03e-05  [rmse=0.0176 h1=0.0001 ssim=0.0993 mlw=0.0000]
epoch 1 step 90  loss=0.094736  lr=2.28e-05  [rmse=0.0406 h1=0.0004 ssim=0.1353 mlw=0.0000]
epoch 1 step 100  loss=0.090358  lr=2.53e-05  [rmse=0.0232 h1=0.0002 ssim=0.1288 mlw=0.0000]
epoch 1 step 110  loss=0.087359  lr=2.77e-05  [rmse=0.0206 h1=0.0001 ssim=0.1451 mlw=0.0000]
epoch 1 step 120  loss=0.086953  lr=3.02e-05  [rmse=0.0490 h1=0.0002 ssim=0.2890 mlw=0.0000]
INFO     [rank 0] Loss weights: rmse=1.0000, h1=50.0000,      vae_trainer.py:950
         ssim=0.1500, mlw=0.0000                                                
INFO     [rank 0] Epoch 1: train_loss=0.086953                vae_trainer.py:989
         val_loss=0.111629  val_VRMSE=0.381140  lr=3.02e-05                     
INFO     [rank 0] Metrics updated: metrics/metrics.csv,      vae_trainer.py:1015
         metrics/loss_curves.png                                                
INFO     [rank 0] Saved 12 validation reconstruction PNGs    vae_trainer.py:1208
         for epoch 1                                                            
INFO     [rank 0] New best checkpoint (epoch 1,              vae_trainer.py:1307
         val_vrmse=0.381140):                                                   
         checkpoints/vae_shockwave_best.safetensors                             
INFO     [rank 0] Training state saved:                      vae_trainer.py:1383
         checkpoints/vae_shockwave_last.state.pt                                
INFO     [rank 0] Epoch 1 timing: train=1325.0s eval=278.7s  vae_trainer.py:1048
         viz=30.8s ckpt=18.5s total=1653.7s                                     
epoch 2 step 130  loss=0.080506  lr=3.27e-05  [rmse=0.0405 h1=0.0002 ssim=0.2581 mlw=0.0000]
epoch 2 step 140  loss=0.082583  lr=3.52e-05  [rmse=0.0336 h1=0.0001 ssim=0.2233 mlw=0.0000]
epoch 2 step 150  loss=0.078160  lr=3.76e-05  [rmse=0.0218 h1=0.0001 ssim=0.1038 mlw=0.0000]
epoch 2 step 160  loss=0.077261  lr=4.01e-05  [rmse=0.0689 h1=0.0002 ssim=0.2375 mlw=0.0000]
epoch 2 step 170  loss=0.077102  lr=4.26e-05  [rmse=0.0334 h1=0.0002 ssim=0.1999 mlw=0.0000]
epoch 2 step 180  loss=0.076155  lr=4.51e-05  [rmse=0.0366 h1=0.0002 ssim=0.1587 mlw=0.0000]
epoch 2 step 190  loss=0.073970  lr=4.75e-05  [rmse=0.0321 h1=0.0002 ssim=0.1717 mlw=0.0000]
epoch 2 step 200  loss=0.072859  lr=5.00e-05  [rmse=0.0219 h1=0.0001 ssim=0.1430 mlw=0.0000]
epoch 2 step 210  loss=0.073070  lr=5.00e-05  [rmse=0.0392 h1=0.0003 ssim=0.2296 mlw=0.0000]
epoch 2 step 220  loss=0.071667  lr=5.00e-05  [rmse=0.0333 h1=0.0003 ssim=0.1561 mlw=0.0000]
epoch 2 step 230  loss=0.070552  lr=5.00e-05  [rmse=0.0313 h1=0.0002 ssim=0.1785 mlw=0.0000]
epoch 2 step 240  loss=0.069346  lr=5.00e-05  [rmse=0.0232 h1=0.0001 ssim=0.1258 mlw=0.0000]
INFO     [rank 0] Loss weights: rmse=1.0000, h1=50.0000,      vae_trainer.py:950
         ssim=0.1500, mlw=0.0000                                                
INFO     [rank 0] Epoch 2: train_loss=0.069346                vae_trainer.py:989
         val_loss=0.048441  val_VRMSE=0.158863  lr=5.00e-05                     
INFO     [rank 0] Metrics updated: metrics/metrics.csv,      vae_trainer.py:1015
         metrics/loss_curves.png                                                
INFO     [rank 0] Saved 12 validation reconstruction PNGs    vae_trainer.py:1208
         for epoch 2                                                            
INFO     [rank 0] New best checkpoint (epoch 2,              vae_trainer.py:1307
         val_vrmse=0.158863):                                                   
         checkpoints/vae_shockwave_best.safetensors                             
INFO     [rank 0] Training state saved:                      vae_trainer.py:1383
         checkpoints/vae_shockwave_last.state.pt                                
INFO     [rank 0] Epoch 2 timing: train=1329.3s eval=199.4s  vae_trainer.py:1048
         viz=30.4s ckpt=18.6s total=1578.4s                                     
epoch 3 step 250  loss=0.066279  lr=4.99e-05  [rmse=0.0324 h1=0.0002 ssim=0.1280 mlw=0.0000]
epoch 3 step 260  loss=0.059250  lr=4.99e-05  [rmse=0.0245 h1=0.0003 ssim=0.1068 mlw=0.0000]
epoch 3 step 270  loss=0.055921  lr=4.99e-05  [rmse=0.0205 h1=0.0001 ssim=0.1100 mlw=0.0000]
epoch 3 step 280  loss=0.054225  lr=4.98e-05  [rmse=0.0138 h1=0.0001 ssim=0.0836 mlw=0.0000]
epoch 3 step 290  loss=0.051939  lr=4.98e-05  [rmse=0.0194 h1=0.0001 ssim=0.0883 mlw=0.0000]
epoch 3 step 300  loss=0.050169  lr=4.98e-05  [rmse=0.0323 h1=0.0002 ssim=0.1558 mlw=0.0000]
epoch 3 step 310  loss=0.048532  lr=4.97e-05  [rmse=0.0145 h1=0.0001 ssim=0.0752 mlw=0.0000]
epoch 3 step 320  loss=0.046978  lr=4.96e-05  [rmse=0.0197 h1=0.0002 ssim=0.0923 mlw=0.0000]
epoch 3 step 330  loss=0.045913  lr=4.96e-05  [rmse=0.0209 h1=0.0002 ssim=0.0820 mlw=0.0000]
epoch 3 step 340  loss=0.044935  lr=4.95e-05  [rmse=0.0174 h1=0.0001 ssim=0.0752 mlw=0.0000]
epoch 3 step 350  loss=0.044129  lr=4.94e-05  [rmse=0.0231 h1=0.0002 ssim=0.0634 mlw=0.0000]
epoch 3 step 360  loss=0.043797  lr=4.94e-05  [rmse=0.0178 h1=0.0002 ssim=0.0610 mlw=0.0000]
INFO     [rank 0] Loss weights: rmse=1.0000, h1=50.0000,      vae_trainer.py:950
         ssim=0.1500, mlw=0.0000                                                
INFO     [rank 0] Epoch 3: train_loss=0.043797                vae_trainer.py:989
         val_loss=0.034988  val_VRMSE=0.111041  lr=4.94e-05                     
INFO     [rank 0] Metrics updated: metrics/metrics.csv,      vae_trainer.py:1015
         metrics/loss_curves.png                                                
INFO     [rank 0] Saved 12 validation reconstruction PNGs    vae_trainer.py:1208
         for epoch 3                                                            
INFO     [rank 0] New best checkpoint (epoch 3,              vae_trainer.py:1307
         val_vrmse=0.111041):                                                   
         checkpoints/vae_shockwave_best.safetensors                             
INFO     [rank 0] Training state saved:                      vae_trainer.py:1383
         checkpoints/vae_shockwave_last.state.pt                                
INFO     [rank 0] Epoch 3 timing: train=1324.2s eval=198.7s  vae_trainer.py:1048
         viz=29.8s ckpt=18.3s total=1571.8s                                     
epoch 4 step 370  loss=0.037662  lr=4.93e-05  [rmse=0.0124 h1=0.0000 ssim=0.0982 mlw=0.0000]
epoch 4 step 380  loss=0.036584  lr=4.92e-05  [rmse=0.0135 h1=0.0001 ssim=0.0739 mlw=0.0000]
epoch 4 step 390  loss=0.036450  lr=4.91e-05  [rmse=0.0219 h1=0.0003 ssim=0.1164 mlw=0.0000]
epoch 4 step 400  loss=0.036876  lr=4.90e-05  [rmse=0.0153 h1=0.0001 ssim=0.1002 mlw=0.0000]
epoch 4 step 410  loss=0.037688  lr=4.89e-05  [rmse=0.0151 h1=0.0001 ssim=0.0789 mlw=0.0000]
epoch 4 step 420  loss=0.037562  lr=4.88e-05  [rmse=0.0111 h1=0.0000 ssim=0.0547 mlw=0.0000]
epoch 4 step 430  loss=0.037017  lr=4.87e-05  [rmse=0.0104 h1=0.0000 ssim=0.0429 mlw=0.0000]
epoch 4 step 440  loss=0.036440  lr=4.86e-05  [rmse=0.0152 h1=0.0001 ssim=0.0625 mlw=0.0000]
epoch 4 step 450  loss=0.035945  lr=4.85e-05  [rmse=0.0217 h1=0.0002 ssim=0.0572 mlw=0.0000]
epoch 4 step 460  loss=0.035655  lr=4.83e-05  [rmse=0.0210 h1=0.0002 ssim=0.0765 mlw=0.0000]
epoch 4 step 470  loss=0.035828  lr=4.82e-05  [rmse=0.0136 h1=0.0001 ssim=0.0534 mlw=0.0000]
epoch 4 step 480  loss=0.035561  lr=4.81e-05  [rmse=0.0147 h1=0.0001 ssim=0.0635 mlw=0.0000]
INFO     [rank 0] Loss weights: rmse=1.0000, h1=50.0000,      vae_trainer.py:950
         ssim=0.1500, mlw=0.0000                                                
INFO     [rank 0] Epoch 4: train_loss=0.035561                vae_trainer.py:989
         val_loss=0.031718  val_VRMSE=0.104350  lr=4.81e-05                     
INFO     [rank 0] Metrics updated: metrics/metrics.csv,      vae_trainer.py:1015
         metrics/loss_curves.png                                                
INFO     [rank 0] Saved 12 validation reconstruction PNGs    vae_trainer.py:1208
         for epoch 4                                                            
INFO     [rank 0] New best checkpoint (epoch 4,              vae_trainer.py:1307
         val_vrmse=0.104350):                                                   
         checkpoints/vae_shockwave_best.safetensors                             
INFO     [rank 0] Training state saved:                      vae_trainer.py:1383
         checkpoints/vae_shockwave_last.state.pt                                
INFO     [rank 0] Epoch 4 timing: train=1334.0s eval=200.0s  vae_trainer.py:1048
         viz=29.4s ckpt=21.0s total=1585.1s                                     
epoch 5 step 490  loss=0.030431  lr=4.79e-05  [rmse=0.0343 h1=0.0005 ssim=0.1091 mlw=0.0000]
epoch 5 step 500  loss=0.031563  lr=4.78e-05  [rmse=0.0134 h1=0.0001 ssim=0.0712 mlw=0.0000]
epoch 5 step 510  loss=0.032874  lr=4.76e-05  [rmse=0.0149 h1=0.0001 ssim=0.0787 mlw=0.0000]
epoch 5 step 520  loss=0.033923  lr=4.75e-05  [rmse=0.0190 h1=0.0001 ssim=0.0732 mlw=0.0000]
epoch 5 step 530  loss=0.034914  lr=4.73e-05  [rmse=0.0097 h1=0.0000 ssim=0.0473 mlw=0.0000]
epoch 5 step 540  loss=0.034905  lr=4.72e-05  [rmse=0.0132 h1=0.0001 ssim=0.0515 mlw=0.0000]
epoch 5 step 550  loss=0.034862  lr=4.70e-05  [rmse=0.0224 h1=0.0002 ssim=0.0787 mlw=0.0000]
epoch 5 step 560  loss=0.034184  lr=4.68e-05  [rmse=0.0136 h1=0.0001 ssim=0.0520 mlw=0.0000]
epoch 5 step 570  loss=0.033635  lr=4.67e-05  [rmse=0.0169 h1=0.0002 ssim=0.0771 mlw=0.0000]
epoch 5 step 580  loss=0.033330  lr=4.65e-05  [rmse=0.0112 h1=0.0001 ssim=0.0412 mlw=0.0000]
epoch 5 step 590  loss=0.033098  lr=4.63e-05  [rmse=0.0142 h1=0.0001 ssim=0.0544 mlw=0.0000]
epoch 5 step 600  loss=0.032886  lr=4.61e-05  [rmse=0.0148 h1=0.0001 ssim=0.0583 mlw=0.0000]
INFO     [rank 0] Loss weights: rmse=1.0000, h1=50.0000,      vae_trainer.py:950
         ssim=0.1500, mlw=0.0000                                                
INFO     [rank 0] Epoch 5: train_loss=0.032886                vae_trainer.py:989
         val_loss=0.030205  val_VRMSE=0.097086  lr=4.61e-05                     
INFO     [rank 0] Metrics updated: metrics/metrics.csv,      vae_trainer.py:1015
         metrics/loss_curves.png                                                
INFO     [rank 0] Saved 12 validation reconstruction PNGs    vae_trainer.py:1208
         for epoch 5                                                            
INFO     [rank 0] New best checkpoint (epoch 5,              vae_trainer.py:1307
         val_vrmse=0.097086):                                                   
         checkpoints/vae_shockwave_best.safetensors                             
INFO     [rank 0] Training state saved:                      vae_trainer.py:1383
         checkpoints/vae_shockwave_last.state.pt                                
INFO     [rank 0] Epoch 5 timing: train=1326.7s eval=201.0s  vae_trainer.py:1048
         viz=28.4s ckpt=19.3s total=1576.2s                                     
epoch 6 step 610  loss=0.029613  lr=4.59e-05  [rmse=0.0145 h1=0.0001 ssim=0.0668 mlw=0.0000]
epoch 6 step 620  loss=0.029861  lr=4.57e-05  [rmse=0.0101 h1=0.0001 ssim=0.0502 mlw=0.0000]
epoch 6 step 630  loss=0.030621  lr=4.55e-05  [rmse=0.0117 h1=0.0000 ssim=0.0557 mlw=0.0000]
epoch 6 step 640  loss=0.031567  lr=4.53e-05  [rmse=0.0169 h1=0.0001 ssim=0.0726 mlw=0.0000]
epoch 6 step 650  loss=0.031721  lr=4.51e-05  [rmse=0.0200 h1=0.0003 ssim=0.0910 mlw=0.0000]
epoch 6 step 660  loss=0.031222  lr=4.49e-05  [rmse=0.0119 h1=0.0001 ssim=0.0659 mlw=0.0000]
epoch 6 step 670  loss=0.030863  lr=4.47e-05  [rmse=0.0220 h1=0.0001 ssim=0.0674 mlw=0.0000]
epoch 6 step 680  loss=0.030676  lr=4.45e-05  [rmse=0.0168 h1=0.0002 ssim=0.0531 mlw=0.0000]
epoch 6 step 690  loss=0.030427  lr=4.42e-05  [rmse=0.0104 h1=0.0000 ssim=0.0636 mlw=0.0000]
epoch 6 step 700  loss=0.030430  lr=4.40e-05  [rmse=0.0123 h1=0.0001 ssim=0.0488 mlw=0.0000]
epoch 6 step 710  loss=0.030105  lr=4.38e-05  [rmse=0.0103 h1=0.0001 ssim=0.0415 mlw=0.0000]
epoch 6 step 720  loss=0.030086  lr=4.36e-05  [rmse=0.0129 h1=0.0001 ssim=0.0435 mlw=0.0000]
INFO     [rank 0] Loss weights: rmse=1.0000, h1=50.0000,      vae_trainer.py:950
         ssim=0.1500, mlw=0.0000                                                
INFO     [rank 0] Epoch 6: train_loss=0.030086                vae_trainer.py:989
         val_loss=0.025926  val_VRMSE=0.085316  lr=4.36e-05                     
INFO     [rank 0] Metrics updated: metrics/metrics.csv,      vae_trainer.py:1015
         metrics/loss_curves.png                                                
INFO     [rank 0] Saved 12 validation reconstruction PNGs    vae_trainer.py:1208
         for epoch 6                                                            
INFO     [rank 0] New best checkpoint (epoch 6,              vae_trainer.py:1307
         val_vrmse=0.085316):                                                   
         checkpoints/vae_shockwave_best.safetensors                             
INFO     [rank 0] Training state saved:                      vae_trainer.py:1383
         checkpoints/vae_shockwave_last.state.pt                                
INFO     [rank 0] Epoch 6 timing: train=1329.7s eval=199.9s  vae_trainer.py:1048
         viz=29.3s ckpt=20.5s total=1580.0s                                     
epoch 7 step 730  loss=0.024725  lr=4.33e-05  [rmse=0.0110 h1=0.0001 ssim=0.0516 mlw=0.0000]
epoch 7 step 740  loss=0.024563  lr=4.31e-05  [rmse=0.0227 h1=0.0003 ssim=0.0411 mlw=0.0000]
epoch 7 step 750  loss=0.025364  lr=4.28e-05  [rmse=0.0173 h1=0.0002 ssim=0.0623 mlw=0.0000]
epoch 7 step 760  loss=0.025467  lr=4.26e-05  [rmse=0.0094 h1=0.0001 ssim=0.0494 mlw=0.0000]
epoch 7 step 770  loss=0.025356  lr=4.23e-05  [rmse=0.0205 h1=0.0002 ssim=0.0446 mlw=0.0000]
epoch 7 step 780  loss=0.025624  lr=4.21e-05  [rmse=0.0141 h1=0.0001 ssim=0.0612 mlw=0.0000]
epoch 7 step 790  loss=0.025513  lr=4.18e-05  [rmse=0.0272 h1=0.0005 ssim=0.0708 mlw=0.0000]
epoch 7 step 800  loss=0.025798  lr=4.15e-05  [rmse=0.0120 h1=0.0001 ssim=0.0551 mlw=0.0000]
epoch 7 step 810  loss=0.025993  lr=4.13e-05  [rmse=0.0100 h1=0.0001 ssim=0.0585 mlw=0.0000]
epoch 7 step 820  loss=0.026036  lr=4.10e-05  [rmse=0.0226 h1=0.0003 ssim=0.0850 mlw=0.0000]
epoch 7 step 830  loss=0.026307  lr=4.07e-05  [rmse=0.0186 h1=0.0002 ssim=0.0472 mlw=0.0000]
epoch 7 step 840  loss=0.026624  lr=4.05e-05  [rmse=0.0136 h1=0.0001 ssim=0.0506 mlw=0.0000]
INFO     [rank 0] Loss weights: rmse=1.0000, h1=50.0000,      vae_trainer.py:950
         ssim=0.1500, mlw=0.0000                                                
INFO     [rank 0] Epoch 7: train_loss=0.026624                vae_trainer.py:989
         val_loss=0.027176  val_VRMSE=0.087922  lr=4.05e-05                     
INFO     [rank 0] Metrics updated: metrics/metrics.csv,      vae_trainer.py:1015
         metrics/loss_curves.png                                                
INFO     [rank 0] Saved 12 validation reconstruction PNGs    vae_trainer.py:1208
         for epoch 7                                                            
INFO     [rank 0] Training state saved:                      vae_trainer.py:1383
         checkpoints/vae_shockwave_last.state.pt                                
INFO     [rank 0] Epoch 7 timing: train=1316.8s eval=197.4s  vae_trainer.py:1048
         viz=28.8s ckpt=18.3s total=1562.0s                                     
epoch 8 step 850  loss=0.027744  lr=4.02e-05  [rmse=0.0103 h1=0.0000 ssim=0.0370 mlw=0.0000]
epoch 8 step 860  loss=0.028357  lr=3.99e-05  [rmse=0.0169 h1=0.0002 ssim=0.0616 mlw=0.0000]
epoch 8 step 870  loss=0.028455  lr=3.96e-05  [rmse=0.0082 h1=0.0000 ssim=0.0379 mlw=0.0000]
epoch 8 step 880  loss=0.028293  lr=3.93e-05  [rmse=0.0162 h1=0.0002 ssim=0.0529 mlw=0.0000]
epoch 8 step 890  loss=0.027903  lr=3.90e-05  [rmse=0.0154 h1=0.0001 ssim=0.0422 mlw=0.0000]
epoch 8 step 900  loss=0.027441  lr=3.87e-05  [rmse=0.0120 h1=0.0001 ssim=0.0356 mlw=0.0000]
epoch 8 step 910  loss=0.027439  lr=3.85e-05  [rmse=0.0225 h1=0.0003 ssim=0.0693 mlw=0.0000]
epoch 8 step 920  loss=0.027428  lr=3.82e-05  [rmse=0.0106 h1=0.0001 ssim=0.0427 mlw=0.0000]
epoch 8 step 930  loss=0.027942  lr=3.79e-05  [rmse=0.0251 h1=0.0004 ssim=0.0716 mlw=0.0000]
epoch 8 step 940  loss=0.027961  lr=3.75e-05  [rmse=0.0129 h1=0.0001 ssim=0.0399 mlw=0.0000]
epoch 8 step 950  loss=0.027712  lr=3.72e-05  [rmse=0.0062 h1=0.0000 ssim=0.0219 mlw=0.0000]
epoch 8 step 960  loss=0.027529  lr=3.69e-05  [rmse=0.0171 h1=0.0002 ssim=0.0495 mlw=0.0000]
INFO     [rank 0] Loss weights: rmse=1.0000, h1=50.0000,      vae_trainer.py:950
         ssim=0.1500, mlw=0.0000                                                
INFO     [rank 0] Epoch 8: train_loss=0.027529                vae_trainer.py:989
         val_loss=0.028386  val_VRMSE=0.101986  lr=3.69e-05                     
INFO     [rank 0] Metrics updated: metrics/metrics.csv,      vae_trainer.py:1015
         metrics/loss_curves.png                                                
INFO     [rank 0] Saved 12 validation reconstruction PNGs    vae_trainer.py:1208
         for epoch 8                                                            
INFO     [rank 0] Training state saved:                      vae_trainer.py:1383
         checkpoints/vae_shockwave_last.state.pt                                
INFO     [rank 0] Epoch 8 timing: train=1327.4s eval=197.8s  vae_trainer.py:1048
         viz=29.6s ckpt=17.5s total=1573.0s                                     
epoch 9 step 970  loss=0.033237  lr=3.66e-05  [rmse=0.0114 h1=0.0001 ssim=0.0425 mlw=0.0000]
epoch 9 step 980  loss=0.031384  lr=3.63e-05  [rmse=0.0217 h1=0.0001 ssim=0.0600 mlw=0.0000]
epoch 9 step 990  loss=0.029838  lr=3.60e-05  [rmse=0.0141 h1=0.0001 ssim=0.0503 mlw=0.0000]
epoch 9 step 1000  loss=0.028234  lr=3.57e-05  [rmse=0.0097 h1=0.0001 ssim=0.0346 mlw=0.0000]
epoch 9 step 1010  loss=0.027094  lr=3.54e-05  [rmse=0.0133 h1=0.0001 ssim=0.0421 mlw=0.0000]
epoch 9 step 1020  loss=0.026598  lr=3.50e-05  [rmse=0.0166 h1=0.0002 ssim=0.0581 mlw=0.0000]
epoch 9 step 1030  loss=0.026518  lr=3.47e-05  [rmse=0.0127 h1=0.0001 ssim=0.0426 mlw=0.0000]
epoch 9 step 1040  loss=0.026144  lr=3.44e-05  [rmse=0.0091 h1=0.0001 ssim=0.0398 mlw=0.0000]
epoch 9 step 1050  loss=0.025909  lr=3.41e-05  [rmse=0.0093 h1=0.0000 ssim=0.0441 mlw=0.0000]
epoch 9 step 1060  loss=0.025606  lr=3.37e-05  [rmse=0.0071 h1=0.0000 ssim=0.0316 mlw=0.0000]
epoch 9 step 1070  loss=0.025554  lr=3.34e-05  [rmse=0.0152 h1=0.0002 ssim=0.0498 mlw=0.0000]
epoch 9 step 1080  loss=0.025513  lr=3.31e-05  [rmse=0.0112 h1=0.0001 ssim=0.0350 mlw=0.0000]
INFO     [rank 0] Loss weights: rmse=1.0000, h1=50.0000,      vae_trainer.py:950
         ssim=0.1500, mlw=0.0000                                                
INFO     [rank 0] Epoch 9: train_loss=0.025513                vae_trainer.py:989
         val_loss=0.023105  val_VRMSE=0.073881  lr=3.31e-05                     
INFO     [rank 0] Metrics updated: metrics/metrics.csv,      vae_trainer.py:1015
         metrics/loss_curves.png                                                
INFO     [rank 0] Saved 12 validation reconstruction PNGs    vae_trainer.py:1208
         for epoch 9                                                            
INFO     [rank 0] New best checkpoint (epoch 9,              vae_trainer.py:1307
         val_vrmse=0.073881):                                                   
         checkpoints/vae_shockwave_best.safetensors                             
INFO     [rank 0] Training state saved:                      vae_trainer.py:1383
         checkpoints/vae_shockwave_last.state.pt                                
INFO     [rank 0] Epoch 9 timing: train=1321.0s eval=199.2s  vae_trainer.py:1048
         viz=30.1s ckpt=18.6s total=1569.7s                                     
epoch 10 step 1090  loss=0.022750  lr=3.27e-05  [rmse=0.0108 h1=0.0001 ssim=0.0318 mlw=0.0000]
epoch 10 step 1100  loss=0.023127  lr=3.24e-05  [rmse=0.0053 h1=0.0000 ssim=0.0210 mlw=0.0000]
epoch 10 step 1110  loss=0.023424  lr=3.21e-05  [rmse=0.0091 h1=0.0000 ssim=0.0431 mlw=0.0000]
epoch 10 step 1120  loss=0.023445  lr=3.17e-05  [rmse=0.0054 h1=0.0000 ssim=0.0169 mlw=0.0000]
epoch 10 step 1130  loss=0.023233  lr=3.14e-05  [rmse=0.0109 h1=0.0001 ssim=0.0346 mlw=0.0000]
epoch 10 step 1140  loss=0.023210  lr=3.10e-05  [rmse=0.0090 h1=0.0001 ssim=0.0338 mlw=0.0000]
epoch 10 step 1150  loss=0.023604  lr=3.07e-05  [rmse=0.0138 h1=0.0002 ssim=0.0521 mlw=0.0000]
epoch 10 step 1160  loss=0.023834  lr=3.04e-05  [rmse=0.0080 h1=0.0000 ssim=0.0252 mlw=0.0000]
epoch 10 step 1170  loss=0.023834  lr=3.00e-05  [rmse=0.0157 h1=0.0002 ssim=0.0549 mlw=0.0000]
epoch 10 step 1180  loss=0.023795  lr=2.97e-05  [rmse=0.0082 h1=0.0001 ssim=0.0320 mlw=0.0000]
epoch 10 step 1190  loss=0.023678  lr=2.93e-05  [rmse=0.0159 h1=0.0002 ssim=0.0859 mlw=0.0000]
epoch 10 step 1200  loss=0.023696  lr=2.90e-05  [rmse=0.0062 h1=0.0000 ssim=0.0312 mlw=0.0000]
INFO     [rank 0] Loss weights: rmse=1.0000, h1=50.0000,      vae_trainer.py:950
         ssim=0.1500, mlw=0.0000                                                
INFO     [rank 0] Epoch 10: train_loss=0.023696               vae_trainer.py:989
         val_loss=0.021811  val_VRMSE=0.070534  lr=2.90e-05                     
INFO     [rank 0] Metrics updated: metrics/metrics.csv,      vae_trainer.py:1015
         metrics/loss_curves.png                                                
INFO     [rank 0] Saved 12 validation reconstruction PNGs    vae_trainer.py:1208
         for epoch 10                                                           
INFO     [rank 0] New best checkpoint (epoch 10,             vae_trainer.py:1307
         val_vrmse=0.070534):                                                   
         checkpoints/vae_shockwave_best.safetensors                             
INFO     [rank 0] Training state saved:                      vae_trainer.py:1383
         checkpoints/vae_shockwave_last.state.pt                                
INFO     [rank 0] Epoch 10 timing: train=1320.0s eval=197.6s vae_trainer.py:1048
         viz=28.5s ckpt=18.5s total=1565.4s                                     
epoch 11 step 1210  loss=0.024120  lr=2.86e-05  [rmse=0.0119 h1=0.0001 ssim=0.0458 mlw=0.0000]
epoch 11 step 1220  loss=0.023488  lr=2.83e-05  [rmse=0.0148 h1=0.0002 ssim=0.0453 mlw=0.0000]
epoch 11 step 1230  loss=0.023011  lr=2.79e-05  [rmse=0.0172 h1=0.0002 ssim=0.0354 mlw=0.0000]
epoch 11 step 1240  loss=0.022633  lr=2.76e-05  [rmse=0.0054 h1=0.0000 ssim=0.0174 mlw=0.0000]
epoch 11 step 1250  loss=0.022360  lr=2.72e-05  [rmse=0.0190 h1=0.0003 ssim=0.0477 mlw=0.0000]
epoch 11 step 1260  loss=0.022761  lr=2.69e-05  [rmse=0.0124 h1=0.0001 ssim=0.0343 mlw=0.0000]
epoch 11 step 1270  loss=0.023595  lr=2.65e-05  [rmse=0.0212 h1=0.0003 ssim=0.0483 mlw=0.0000]
epoch 11 step 1280  loss=0.023500  lr=2.62e-05  [rmse=0.0049 h1=0.0000 ssim=0.0290 mlw=0.0000]
epoch 11 step 1290  loss=0.023280  lr=2.58e-05  [rmse=0.0103 h1=0.0001 ssim=0.0336 mlw=0.0000]
epoch 11 step 1300  loss=0.023037  lr=2.55e-05  [rmse=0.0061 h1=0.0000 ssim=0.0215 mlw=0.0000]
epoch 11 step 1310  loss=0.023139  lr=2.52e-05  [rmse=0.0135 h1=0.0002 ssim=0.0379 mlw=0.0000]
epoch 11 step 1320  loss=0.023088  lr=2.48e-05  [rmse=0.0113 h1=0.0001 ssim=0.0325 mlw=0.0000]
INFO     [rank 0] Loss weights: rmse=1.0000, h1=50.0000,      vae_trainer.py:950
         ssim=0.1500, mlw=0.0000                                                
INFO     [rank 0] Epoch 11: train_loss=0.023088               vae_trainer.py:989
         val_loss=0.020890  val_VRMSE=0.067170  lr=2.48e-05                     
INFO     [rank 0] Metrics updated: metrics/metrics.csv,      vae_trainer.py:1015
         metrics/loss_curves.png                                                
INFO     [rank 0] Saved 12 validation reconstruction PNGs    vae_trainer.py:1208
         for epoch 11                                                           
INFO     [rank 0] New best checkpoint (epoch 11,             vae_trainer.py:1307
         val_vrmse=0.067170):                                                   
         checkpoints/vae_shockwave_best.safetensors                             
INFO     [rank 0] Training state saved:                      vae_trainer.py:1383
         checkpoints/vae_shockwave_last.state.pt                                
INFO     [rank 0] Epoch 11 timing: train=1327.2s eval=199.4s vae_trainer.py:1048
         viz=28.7s ckpt=18.7s total=1574.7s                                     
epoch 12 step 1330  loss=0.020424  lr=2.45e-05  [rmse=0.0063 h1=0.0000 ssim=0.0227 mlw=0.0000]
epoch 12 step 1340  loss=0.021117  lr=2.41e-05  [rmse=0.0128 h1=0.0002 ssim=0.0364 mlw=0.0000]
epoch 12 step 1350  loss=0.021074  lr=2.38e-05  [rmse=0.0090 h1=0.0001 ssim=0.0411 mlw=0.0000]
epoch 12 step 1360  loss=0.021491  lr=2.34e-05  [rmse=0.0074 h1=0.0000 ssim=0.0265 mlw=0.0000]
epoch 12 step 1370  loss=0.021237  lr=2.31e-05  [rmse=0.0090 h1=0.0001 ssim=0.0323 mlw=0.0000]
epoch 12 step 1380  loss=0.021848  lr=2.27e-05  [rmse=0.0083 h1=0.0001 ssim=0.0321 mlw=0.0000]
epoch 12 step 1390  loss=0.021768  lr=2.24e-05  [rmse=0.0145 h1=0.0002 ssim=0.0492 mlw=0.0000]
epoch 12 step 1400  loss=0.021654  lr=2.20e-05  [rmse=0.0168 h1=0.0003 ssim=0.0487 mlw=0.0000]
epoch 12 step 1410  loss=0.021652  lr=2.17e-05  [rmse=0.0184 h1=0.0002 ssim=0.0422 mlw=0.0000]
epoch 12 step 1420  loss=0.021567  lr=2.13e-05  [rmse=0.0143 h1=0.0001 ssim=0.0362 mlw=0.0000]
epoch 12 step 1430  loss=0.021532  lr=2.10e-05  [rmse=0.0152 h1=0.0002 ssim=0.0419 mlw=0.0000]
epoch 12 step 1440  loss=0.021796  lr=2.06e-05  [rmse=0.0134 h1=0.0001 ssim=0.0498 mlw=0.0000]
INFO     [rank 0] Loss weights: rmse=1.0000, h1=50.0000,      vae_trainer.py:950
         ssim=0.1500, mlw=0.0000                                                
INFO     [rank 0] Epoch 12: train_loss=0.021796               vae_trainer.py:989
         val_loss=0.020529  val_VRMSE=0.066284  lr=2.06e-05                     
INFO     [rank 0] Metrics updated: metrics/metrics.csv,      vae_trainer.py:1015
         metrics/loss_curves.png                                                
INFO     [rank 0] Saved 12 validation reconstruction PNGs    vae_trainer.py:1208
         for epoch 12                                                           
INFO     [rank 0] New best checkpoint (epoch 12,             vae_trainer.py:1307
         val_vrmse=0.066284):                                                   
         checkpoints/vae_shockwave_best.safetensors                             
INFO     [rank 0] Training state saved:                      vae_trainer.py:1383
         checkpoints/vae_shockwave_last.state.pt                                
INFO     [rank 0] Epoch 12 timing: train=1323.7s eval=199.7s vae_trainer.py:1048
         viz=28.2s ckpt=18.4s total=1570.8s                                     
epoch 13 step 1450  loss=0.022333  lr=2.03e-05  [rmse=0.0118 h1=0.0001 ssim=0.0363 mlw=0.0000]
epoch 13 step 1460  loss=0.021884  lr=2.00e-05  [rmse=0.0157 h1=0.0002 ssim=0.0508 mlw=0.0000]
epoch 13 step 1470  loss=0.021918  lr=1.96e-05  [rmse=0.0201 h1=0.0004 ssim=0.0434 mlw=0.0000]
epoch 13 step 1480  loss=0.021125  lr=1.93e-05  [rmse=0.0044 h1=0.0000 ssim=0.0246 mlw=0.0000]
epoch 13 step 1490  loss=0.021044  lr=1.89e-05  [rmse=0.0078 h1=0.0001 ssim=0.0288 mlw=0.0000]
epoch 13 step 1500  loss=0.021368  lr=1.86e-05  [rmse=0.0112 h1=0.0001 ssim=0.0348 mlw=0.0000]
epoch 13 step 1510  loss=0.021356  lr=1.83e-05  [rmse=0.0050 h1=0.0000 ssim=0.0206 mlw=0.0000]
epoch 13 step 1520  loss=0.021406  lr=1.79e-05  [rmse=0.0095 h1=0.0001 ssim=0.0358 mlw=0.0000]
epoch 13 step 1530  loss=0.021045  lr=1.76e-05  [rmse=0.0061 h1=0.0000 ssim=0.0240 mlw=0.0000]
epoch 13 step 1540  loss=0.021037  lr=1.73e-05  [rmse=0.0120 h1=0.0001 ssim=0.0338 mlw=0.0000]
epoch 13 step 1550  loss=0.020753  lr=1.69e-05  [rmse=0.0070 h1=0.0000 ssim=0.0223 mlw=0.0000]
epoch 13 step 1560  loss=0.020884  lr=1.66e-05  [rmse=0.0204 h1=0.0004 ssim=0.0493 mlw=0.0000]
INFO     [rank 0] Loss weights: rmse=1.0000, h1=50.0000,      vae_trainer.py:950
         ssim=0.1500, mlw=0.0000                                                
INFO     [rank 0] Epoch 13: train_loss=0.020884               vae_trainer.py:989
         val_loss=0.019241  val_VRMSE=0.061225  lr=1.66e-05                     
INFO     [rank 0] Metrics updated: metrics/metrics.csv,      vae_trainer.py:1015
         metrics/loss_curves.png                                                
INFO     [rank 0] Saved 12 validation reconstruction PNGs    vae_trainer.py:1208
         for epoch 13                                                           
INFO     [rank 0] New best checkpoint (epoch 13,             vae_trainer.py:1307
         val_vrmse=0.061225):                                                   
         checkpoints/vae_shockwave_best.safetensors                             
INFO     [rank 0] Training state saved:                      vae_trainer.py:1383
         checkpoints/vae_shockwave_last.state.pt                                
INFO     [rank 0] Epoch 13 timing: train=1321.1s eval=198.7s vae_trainer.py:1048
         viz=28.6s ckpt=18.4s total=1567.6s                                     
epoch 14 step 1570  loss=0.018751  lr=1.63e-05  [rmse=0.0114 h1=0.0001 ssim=0.0297 mlw=0.0000]
epoch 14 step 1580  loss=0.019697  lr=1.60e-05  [rmse=0.0162 h1=0.0002 ssim=0.0355 mlw=0.0000]
epoch 14 step 1590  loss=0.019619  lr=1.56e-05  [rmse=0.0044 h1=0.0000 ssim=0.0181 mlw=0.0000]
epoch 14 step 1600  loss=0.019982  lr=1.53e-05  [rmse=0.0112 h1=0.0001 ssim=0.0302 mlw=0.0000]
epoch 14 step 1610  loss=0.020160  lr=1.50e-05  [rmse=0.0097 h1=0.0001 ssim=0.0330 mlw=0.0000]
epoch 14 step 1620  loss=0.020350  lr=1.47e-05  [rmse=0.0045 h1=0.0000 ssim=0.0326 mlw=0.0000]
epoch 14 step 1630  loss=0.020388  lr=1.44e-05  [rmse=0.0132 h1=0.0002 ssim=0.0343 mlw=0.0000]
epoch 14 step 1640  loss=0.020193  lr=1.41e-05  [rmse=0.0060 h1=0.0000 ssim=0.0240 mlw=0.0000]
epoch 14 step 1650  loss=0.020144  lr=1.38e-05  [rmse=0.0096 h1=0.0001 ssim=0.0357 mlw=0.0000]
epoch 14 step 1660  loss=0.020056  lr=1.35e-05  [rmse=0.0110 h1=0.0001 ssim=0.0338 mlw=0.0000]
epoch 14 step 1670  loss=0.020088  lr=1.31e-05  [rmse=0.0076 h1=0.0000 ssim=0.0175 mlw=0.0000]
epoch 14 step 1680  loss=0.020007  lr=1.28e-05  [rmse=0.0066 h1=0.0000 ssim=0.0191 mlw=0.0000]
INFO     [rank 0] Loss weights: rmse=1.0000, h1=50.0000,      vae_trainer.py:950
         ssim=0.1500, mlw=0.0000                                                
INFO     [rank 0] Epoch 14: train_loss=0.020007               vae_trainer.py:989
         val_loss=0.018945  val_VRMSE=0.060032  lr=1.28e-05                     
INFO     [rank 0] Metrics updated: metrics/metrics.csv,      vae_trainer.py:1015
         metrics/loss_curves.png                                                
INFO     [rank 0] Saved 12 validation reconstruction PNGs    vae_trainer.py:1208
         for epoch 14                                                           
INFO     [rank 0] New best checkpoint (epoch 14,             vae_trainer.py:1307
         val_vrmse=0.060032):                                                   
         checkpoints/vae_shockwave_best.safetensors                             
INFO     [rank 0] Training state saved:                      vae_trainer.py:1383
         checkpoints/vae_shockwave_last.state.pt                                
INFO     [rank 0] Epoch 14 timing: train=1318.2s eval=199.0s vae_trainer.py:1048
         viz=28.2s ckpt=18.7s total=1564.9s                                     
epoch 15 step 1690  loss=0.018381  lr=1.25e-05  [rmse=0.0085 h1=0.0001 ssim=0.0203 mlw=0.0000]
epoch 15 step 1700  loss=0.018206  lr=1.23e-05  [rmse=0.0122 h1=0.0001 ssim=0.0378 mlw=0.0000]
epoch 15 step 1710  loss=0.019254  lr=1.20e-05  [rmse=0.0090 h1=0.0001 ssim=0.0243 mlw=0.0000]
epoch 15 step 1720  loss=0.018991  lr=1.17e-05  [rmse=0.0049 h1=0.0000 ssim=0.0220 mlw=0.0000]
epoch 15 step 1730  loss=0.018754  lr=1.14e-05  [rmse=0.0091 h1=0.0001 ssim=0.0328 mlw=0.0000]
epoch 15 step 1740  loss=0.018908  lr=1.11e-05  [rmse=0.0140 h1=0.0002 ssim=0.0259 mlw=0.0000]
epoch 15 step 1750  loss=0.018950  lr=1.08e-05  [rmse=0.0096 h1=0.0001 ssim=0.0229 mlw=0.0000]
epoch 15 step 1760  loss=0.019153  lr=1.05e-05  [rmse=0.0114 h1=0.0001 ssim=0.0293 mlw=0.0000]
epoch 15 step 1770  loss=0.019108  lr=1.03e-05  [rmse=0.0075 h1=0.0001 ssim=0.0253 mlw=0.0000]
epoch 15 step 1780  loss=0.019350  lr=9.99e-06  [rmse=0.0079 h1=0.0001 ssim=0.0212 mlw=0.0000]
epoch 15 step 1790  loss=0.019389  lr=9.72e-06  [rmse=0.0080 h1=0.0001 ssim=0.0330 mlw=0.0000]
epoch 15 step 1800  loss=0.019236  lr=9.46e-06  [rmse=0.0150 h1=0.0002 ssim=0.0411 mlw=0.0000]
INFO     [rank 0] Loss weights: rmse=1.0000, h1=50.0000,      vae_trainer.py:950
         ssim=0.1500, mlw=0.0000                                                
INFO     [rank 0] Epoch 15: train_loss=0.019236               vae_trainer.py:989
         val_loss=0.018444  val_VRMSE=0.058249  lr=9.46e-06                     
INFO     [rank 0] Metrics updated: metrics/metrics.csv,      vae_trainer.py:1015
         metrics/loss_curves.png                                                
INFO     [rank 0] Saved 12 validation reconstruction PNGs    vae_trainer.py:1208
         for epoch 15                                                           
INFO     [rank 0] New best checkpoint (epoch 15,             vae_trainer.py:1307
         val_vrmse=0.058249):                                                   
         checkpoints/vae_shockwave_best.safetensors                             
INFO     [rank 0] Training state saved:                      vae_trainer.py:1383
         checkpoints/vae_shockwave_last.state.pt                                
INFO     [rank 0] VAE epoch snapshot saved                   vae_trainer.py:1334
         (checkpoints.save_epochs):                                             
         checkpoints/vae_shockwave_epoch015_snapshot.safeten                    
         sors                                                                   
INFO     [rank 0] Epoch 15 timing: train=1320.0s eval=198.5s vae_trainer.py:1048
         viz=29.0s ckpt=23.4s total=1571.5s                                     
epoch 16 step 1810  loss=0.018973  lr=9.19e-06  [rmse=0.0049 h1=0.0000 ssim=0.0164 mlw=0.0000]
epoch 16 step 1820  loss=0.018701  lr=8.93e-06  [rmse=0.0076 h1=0.0001 ssim=0.0273 mlw=0.0000]
epoch 16 step 1830  loss=0.018940  lr=8.68e-06  [rmse=0.0078 h1=0.0001 ssim=0.0203 mlw=0.0000]
epoch 16 step 1840  loss=0.018803  lr=8.43e-06  [rmse=0.0149 h1=0.0002 ssim=0.0401 mlw=0.0000]
epoch 16 step 1850  loss=0.019275  lr=8.18e-06  [rmse=0.0041 h1=0.0000 ssim=0.0149 mlw=0.0000]
epoch 16 step 1860  loss=0.019083  lr=7.93e-06  [rmse=0.0093 h1=0.0001 ssim=0.0324 mlw=0.0000]
epoch 16 step 1870  loss=0.019041  lr=7.69e-06  [rmse=0.0111 h1=0.0001 ssim=0.0288 mlw=0.0000]
epoch 16 step 1880  loss=0.019187  lr=7.45e-06  [rmse=0.0107 h1=0.0001 ssim=0.0283 mlw=0.0000]
epoch 16 step 1890  loss=0.019080  lr=7.22e-06  [rmse=0.0128 h1=0.0002 ssim=0.0326 mlw=0.0000]
epoch 16 step 1900  loss=0.019160  lr=6.98e-06  [rmse=0.0106 h1=0.0001 ssim=0.0385 mlw=0.0000]
epoch 16 step 1910  loss=0.019036  lr=6.76e-06  [rmse=0.0086 h1=0.0001 ssim=0.0274 mlw=0.0000]
epoch 16 step 1920  loss=0.019096  lr=6.53e-06  [rmse=0.0129 h1=0.0002 ssim=0.0283 mlw=0.0000]
INFO     [rank 0] Loss weights: rmse=1.0000, h1=50.0000,      vae_trainer.py:950
         ssim=0.1500, mlw=0.0000                                                
INFO     [rank 0] Epoch 16: train_loss=0.019096               vae_trainer.py:989
         val_loss=0.018244  val_VRMSE=0.057631  lr=6.53e-06                     
INFO     [rank 0] Metrics updated: metrics/metrics.csv,      vae_trainer.py:1015
         metrics/loss_curves.png                                                
INFO     [rank 0] Saved 12 validation reconstruction PNGs    vae_trainer.py:1208
         for epoch 16                                                           
INFO     [rank 0] New best checkpoint (epoch 16,             vae_trainer.py:1307
         val_vrmse=0.057631):                                                   
         checkpoints/vae_shockwave_best.safetensors                             
INFO     [rank 0] Training state saved:                      vae_trainer.py:1383
         checkpoints/vae_shockwave_last.state.pt                                
INFO     [rank 0] Epoch 16 timing: train=1316.8s eval=198.9s vae_trainer.py:1048
         viz=28.2s ckpt=18.1s total=1562.9s                                     
epoch 17 step 1930  loss=0.019057  lr=6.31e-06  [rmse=0.0090 h1=0.0001 ssim=0.0305 mlw=0.0000]
epoch 17 step 1940  loss=0.019994  lr=6.10e-06  [rmse=0.0082 h1=0.0001 ssim=0.0255 mlw=0.0000]
epoch 17 step 1950  loss=0.019411  lr=5.89e-06  [rmse=0.0155 h1=0.0002 ssim=0.0483 mlw=0.0000]
epoch 17 step 1960  loss=0.019851  lr=5.68e-06  [rmse=0.0157 h1=0.0002 ssim=0.0424 mlw=0.0000]
epoch 17 step 1970  loss=0.019985  lr=5.48e-06  [rmse=0.0113 h1=0.0001 ssim=0.0288 mlw=0.0000]
epoch 17 step 1980  loss=0.019858  lr=5.28e-06  [rmse=0.0090 h1=0.0001 ssim=0.0276 mlw=0.0000]
epoch 17 step 1990  loss=0.019660  lr=5.08e-06  [rmse=0.0110 h1=0.0001 ssim=0.0417 mlw=0.0000]
epoch 17 step 2000  loss=0.019625  lr=4.89e-06  [rmse=0.0084 h1=0.0001 ssim=0.0275 mlw=0.0000]
epoch 17 step 2010  loss=0.019599  lr=4.70e-06  [rmse=0.0112 h1=0.0001 ssim=0.0264 mlw=0.0000]
epoch 17 step 2020  loss=0.019403  lr=4.52e-06  [rmse=0.0031 h1=0.0000 ssim=0.0149 mlw=0.0000]
epoch 17 step 2030  loss=0.019344  lr=4.34e-06  [rmse=0.0036 h1=0.0000 ssim=0.0163 mlw=0.0000]
epoch 17 step 2040  loss=0.019202  lr=4.17e-06  [rmse=0.0088 h1=0.0001 ssim=0.0228 mlw=0.0000]
INFO     [rank 0] Loss weights: rmse=1.0000, h1=50.0000,      vae_trainer.py:950
         ssim=0.1500, mlw=0.0000                                                
INFO     [rank 0] Epoch 17: train_loss=0.019202               vae_trainer.py:989
         val_loss=0.018158  val_VRMSE=0.057345  lr=4.17e-06                     
INFO     [rank 0] Metrics updated: metrics/metrics.csv,      vae_trainer.py:1015
         metrics/loss_curves.png                                                
INFO     [rank 0] Saved 12 validation reconstruction PNGs    vae_trainer.py:1208
         for epoch 17                                                           
INFO     [rank 0] New best checkpoint (epoch 17,             vae_trainer.py:1307
         val_vrmse=0.057345):                                                   
         checkpoints/vae_shockwave_best.safetensors                             
INFO     [rank 0] Training state saved:                      vae_trainer.py:1383
         checkpoints/vae_shockwave_last.state.pt                                
INFO     [rank 0] Epoch 17 timing: train=1322.0s eval=198.3s vae_trainer.py:1048
         viz=29.1s ckpt=19.0s total=1569.2s                                     
epoch 18 step 2050  loss=0.019482  lr=4.00e-06  [rmse=0.0070 h1=0.0001 ssim=0.0208 mlw=0.0000]
epoch 18 step 2060  loss=0.019909  lr=3.83e-06  [rmse=0.0069 h1=0.0000 ssim=0.0242 mlw=0.0000]
epoch 18 step 2070  loss=0.019135  lr=3.67e-06  [rmse=0.0097 h1=0.0001 ssim=0.0341 mlw=0.0000]
epoch 18 step 2080  loss=0.018977  lr=3.51e-06  [rmse=0.0068 h1=0.0000 ssim=0.0201 mlw=0.0000]
epoch 18 step 2090  loss=0.018640  lr=3.36e-06  [rmse=0.0092 h1=0.0001 ssim=0.0321 mlw=0.0000]
epoch 18 step 2100  loss=0.018647  lr=3.21e-06  [rmse=0.0109 h1=0.0001 ssim=0.0289 mlw=0.0000]
epoch 18 step 2110  loss=0.018636  lr=3.07e-06  [rmse=0.0056 h1=0.0000 ssim=0.0203 mlw=0.0000]
epoch 18 step 2120  loss=0.018575  lr=2.93e-06  [rmse=0.0107 h1=0.0001 ssim=0.0289 mlw=0.0000]
epoch 18 step 2130  loss=0.018674  lr=2.80e-06  [rmse=0.0153 h1=0.0003 ssim=0.0265 mlw=0.0000]
epoch 18 step 2140  loss=0.018643  lr=2.67e-06  [rmse=0.0063 h1=0.0000 ssim=0.0275 mlw=0.0000]
epoch 18 step 2150  loss=0.018564  lr=2.54e-06  [rmse=0.0073 h1=0.0001 ssim=0.0303 mlw=0.0000]
epoch 18 step 2160  loss=0.018486  lr=2.42e-06  [rmse=0.0052 h1=0.0000 ssim=0.0187 mlw=0.0000]
INFO     [rank 0] Loss weights: rmse=1.0000, h1=50.0000,      vae_trainer.py:950
         ssim=0.1500, mlw=0.0000                                                
INFO     [rank 0] Epoch 18: train_loss=0.018486               vae_trainer.py:989
         val_loss=0.018097  val_VRMSE=0.057106  lr=2.42e-06                     
INFO     [rank 0] Metrics updated: metrics/metrics.csv,      vae_trainer.py:1015
         metrics/loss_curves.png                                                
INFO     [rank 0] Saved 12 validation reconstruction PNGs    vae_trainer.py:1208
         for epoch 18                                                           
INFO     [rank 0] New best checkpoint (epoch 18,             vae_trainer.py:1307
         val_vrmse=0.057106):                                                   
         checkpoints/vae_shockwave_best.safetensors                             
INFO     [rank 0] Training state saved:                      vae_trainer.py:1383
         checkpoints/vae_shockwave_last.state.pt                                
INFO     [rank 0] Epoch 18 timing: train=1319.1s eval=199.1s vae_trainer.py:1048
         viz=28.7s ckpt=18.9s total=1566.6s                                     
epoch 19 step 2170  loss=0.018676  lr=2.31e-06  [rmse=0.0056 h1=0.0000 ssim=0.0217 mlw=0.0000]
epoch 19 step 2180  loss=0.019416  lr=2.20e-06  [rmse=0.0147 h1=0.0002 ssim=0.0339 mlw=0.0000]
epoch 19 step 2190  loss=0.019487  lr=2.09e-06  [rmse=0.0113 h1=0.0001 ssim=0.0413 mlw=0.0000]
epoch 19 step 2200  loss=0.018922  lr=1.99e-06  [rmse=0.0119 h1=0.0002 ssim=0.0431 mlw=0.0000]
epoch 19 step 2210  loss=0.018579  lr=1.90e-06  [rmse=0.0067 h1=0.0000 ssim=0.0221 mlw=0.0000]
epoch 19 step 2220  loss=0.018794  lr=1.80e-06  [rmse=0.0089 h1=0.0001 ssim=0.0286 mlw=0.0000]
epoch 19 step 2230  loss=0.018607  lr=1.72e-06  [rmse=0.0148 h1=0.0002 ssim=0.0520 mlw=0.0000]
epoch 19 step 2240  loss=0.018852  lr=1.64e-06  [rmse=0.0041 h1=0.0000 ssim=0.0159 mlw=0.0000]
epoch 19 step 2250  loss=0.018886  lr=1.56e-06  [rmse=0.0120 h1=0.0001 ssim=0.0287 mlw=0.0000]
epoch 19 step 2260  loss=0.018802  lr=1.49e-06  [rmse=0.0043 h1=0.0000 ssim=0.0154 mlw=0.0000]
epoch 19 step 2270  loss=0.018903  lr=1.42e-06  [rmse=0.0068 h1=0.0000 ssim=0.0218 mlw=0.0000]
epoch 19 step 2280  loss=0.018841  lr=1.36e-06  [rmse=0.0094 h1=0.0001 ssim=0.0331 mlw=0.0000]
INFO     [rank 0] Loss weights: rmse=1.0000, h1=50.0000,      vae_trainer.py:950
         ssim=0.1500, mlw=0.0000                                                
INFO     [rank 0] Epoch 19: train_loss=0.018841               vae_trainer.py:989
         val_loss=0.018056  val_VRMSE=0.056960  lr=1.36e-06                     
INFO     [rank 0] Metrics updated: metrics/metrics.csv,      vae_trainer.py:1015
         metrics/loss_curves.png                                                
INFO     [rank 0] Saved 12 validation reconstruction PNGs    vae_trainer.py:1208
         for epoch 19                                                           
INFO     [rank 0] New best checkpoint (epoch 19,             vae_trainer.py:1307
         val_vrmse=0.056960):                                                   
         checkpoints/vae_shockwave_best.safetensors                             
INFO     [rank 0] Training state saved:                      vae_trainer.py:1383
         checkpoints/vae_shockwave_last.state.pt                                
INFO     [rank 0] Epoch 19 timing: train=1323.2s eval=198.6s vae_trainer.py:1048
         viz=28.3s ckpt=18.3s total=1569.5s                                     
epoch 20 step 2290  loss=0.020043  lr=1.30e-06  [rmse=0.0137 h1=0.0002 ssim=0.0338 mlw=0.0000]
epoch 20 step 2300  loss=0.019076  lr=1.25e-06  [rmse=0.0042 h1=0.0000 ssim=0.0170 mlw=0.0000]
epoch 20 step 2310  loss=0.019565  lr=1.20e-06  [rmse=0.0125 h1=0.0001 ssim=0.0338 mlw=0.0000]
epoch 20 step 2320  loss=0.019242  lr=1.16e-06  [rmse=0.0035 h1=0.0000 ssim=0.0208 mlw=0.0000]
epoch 20 step 2330  loss=0.019186  lr=1.12e-06  [rmse=0.0142 h1=0.0002 ssim=0.0363 mlw=0.0000]
epoch 20 step 2340  loss=0.018805  lr=1.09e-06  [rmse=0.0060 h1=0.0000 ssim=0.0234 mlw=0.0000]
epoch 20 step 2350  loss=0.018728  lr=1.06e-06  [rmse=0.0077 h1=0.0001 ssim=0.0271 mlw=0.0000]
epoch 20 step 2360  loss=0.018767  lr=1.04e-06  [rmse=0.0089 h1=0.0001 ssim=0.0260 mlw=0.0000]
epoch 20 step 2370  loss=0.018729  lr=1.02e-06  [rmse=0.0148 h1=0.0002 ssim=0.0407 mlw=0.0000]
epoch 20 step 2380  loss=0.018622  lr=1.01e-06  [rmse=0.0061 h1=0.0000 ssim=0.0180 mlw=0.0000]
epoch 20 step 2390  loss=0.018555  lr=1.00e-06  [rmse=0.0122 h1=0.0002 ssim=0.0362 mlw=0.0000]
epoch 20 step 2400  loss=0.018493  lr=1.00e-06  [rmse=0.0157 h1=0.0003 ssim=0.0365 mlw=0.0000]
INFO     [rank 0] Loss weights: rmse=1.0000, h1=50.0000,      vae_trainer.py:950
         ssim=0.1500, mlw=0.0000                                                
INFO     [rank 0] Epoch 20: train_loss=0.018493               vae_trainer.py:989
         val_loss=0.018033  val_VRMSE=0.056892  lr=1.00e-06                     
INFO     [rank 0] Metrics updated: metrics/metrics.csv,      vae_trainer.py:1015
         metrics/loss_curves.png                                                
INFO     [rank 0] Saved 12 validation reconstruction PNGs    vae_trainer.py:1208
         for epoch 20                                                           
INFO     [rank 0] New best checkpoint (epoch 20,             vae_trainer.py:1307
         val_vrmse=0.056892):                                                   
         checkpoints/vae_shockwave_best.safetensors                             
INFO     [rank 0] Training state saved:                      vae_trainer.py:1383
         checkpoints/vae_shockwave_last.state.pt                                
INFO     [rank 0] Epoch 20 timing: train=1319.6s eval=199.5s vae_trainer.py:1048
         viz=28.9s ckpt=20.1s total=1568.9s                                     
╭──────────────────────────────────────────────────────────────────────────────╮
╰──────────────────────────────────────────────────────────────────────────────╯INFO     [rank 0] Training state saved:                      vae_trainer.py:1383
         checkpoints/vae_shockwave_last.state.pt                                
INFO     [rank 0] Best epoch: 20 (val_vrmse=0.056892)        vae_trainer.py:1066

Training complete. Checkpoint: 
/mnt/result/finetune_vae_whole_structure_baseline_ep20_256res_cosine_lr5e5/check
points/vae_shockwave_best.safetensors
Mirrored (excl. checkpoints/) to finetune_vae_outputs/lrz_ai/finetune_vae_whole_structure_baseline_ep20_256res_cosine_lr5e5
Job finished at: Mon Aug 24 04:17:47 PM CEST 2026
Total runtime: 31619 seconds
