Directory where err and out file are logged: /dss/dsshome1/09/ge26qux3/work_wh/windinet
MASTER_ADDR: lrz-hgx-h100-026
MASTER_PORT: 46531
SLURM_NODEID: 0
SLURM_NNODES: 1
SLURM_GPUS_PER_NODE: 2
WORLD_SIZE: 2
CUDA_VISIBLE_DEVICES: 0,1
Job started at: Sun Aug 16 10:09:55 AM CEST 2026
batch_size=16 accum=1 output_dir=/mnt/result/finetune_vae_whole_structure_baseline_ep30_256res_kl1e7 data_root=/mnt/data/train.h5
INFO     [rank 1] generated new fontManager                 font_manager.py:1639
INFO     [rank 0] generated new fontManager                 font_manager.py:1639
                          VAE Finetuning Configuration                          
┏━━━━━━━━━━━━━━━━━━━━━━━━━━━━━━━━━━━━━━┳━━━━━━━━━━━━━━━━━━━━━━━━━━━━━━━━━━━━━━━┓
┃ Parameter                            ┃ Value                                 ┃
┡━━━━━━━━━━━━━━━━━━━━━━━━━━━━━━━━━━━━━━╇━━━━━━━━━━━━━━━━━━━━━━━━━━━━━━━━━━━━━━━┩
│ model.model_source                   │ LTXV_2B_0.9.6_DEV                     │
│ model.load_checkpoint                │ None                                  │
│ adapter.enabled                      │ True                                  │
│ adapter.checkpoint                   │ None                                  │
│ adapter.channels                     │ ['density', 'momentum_x',             │
│                                      │ 'momentum_y', 'pressure']             │
│ adapter.mode                         │ inflate                               │
│ adapter.inflate_init                 │ zeros                                 │
│ adapter.inflate_copy_channel         │ None                                  │
│ adapter.freeze_conv_in               │ False                                 │
│ adapter.unfreeze_encoder_trunk       │ True                                  │
│ adapter.hidden_channels              │ 32                                    │
│ adapter.activation                   │ gelu                                  │
│ adapter.identity_init                │ False                                 │
│ adapter.default_temb                 │ 0.0                                   │
│ data.data_root                       │ /mnt/data/train.h5                    │
│ data.eval_sims                       │ 675                                   │
│ data.num_dataloader_workers          │ 4                                     │
│ data.num_sim_frames                  │ None                                  │
│ data.overfit_sims                    │ None                                  │
│ data.overfit_repeat                  │ 1                                     │
│ data.channel_mean                    │ [0.9050976477108856,                  │
│                                      │ 0.004045365949982484,                 │
│                                      │ -0.0019089379638760548, 0.9           │
│ data.channel_std                     │ [0.6618199912434938,                  │
│                                      │ 0.5335233432828087,                   │
│                                      │ 0.5268940723644505, 0.8053303         │
│ data.normalization_stats_file        │ configs/finetune_vae/euler_mq_256_on… │
│ data.normalization_clip              │ 5.0                                   │
│ data.channel_order                   │ ['density', 'momentum_x',             │
│                                      │ 'momentum_y', 'pressure']             │
│ data.log_transform_channels          │ []                                    │
│ optimization.learning_rate           │ 5e-05                                 │
│ optimization.min_learning_rate       │ 1e-06                                 │
│ optimization.scheduler_type          │ wsd                                   │
│ optimization.stable_fraction         │ 0.7                                   │
│ optimization.epochs                  │ 30                                    │
│ optimization.batch_size              │ 16                                    │
│ optimization.gradient_accumulation_… │ 1                                     │
│ optimization.max_grad_norm           │ 5.0                                   │
│ optimization.weight_decay            │ 0.0                                   │
│ optimization.warmup_steps            │ 200                                   │
│ optimization.warmup_start_factor     │ 0.01                                  │
│ optimization.enable_gradient_checkp… │ True                                  │
│ loss.wavelet                         │ db2                                   │
│ loss.spatial_level                   │ 2                                     │
│ loss.temporal_level                  │ 2                                     │
│ loss.mlw_beta                        │ 10.0                                  │
│ loss.mlw_eps                         │ 1e-06                                 │
│ loss_weighting.strategy              │ fixed                                 │
│ loss_weighting.weights               │ {'rmse': 1.0, 'h1': 50.0, 'ssim':     │
│                                      │ 0.15, 'mlw': 0.0, 'kl': 1e-07}        │
│ loss_weighting.loss_names            │ ['rmse', 'h1', 'ssim', 'mlw']         │
│ loss_weighting.alpha                 │ 1.5                                   │
│ loss_weighting.weight_lr             │ 0.025                                 │
│ loss_weighting.temperature           │ 0.1                                   │
│ visualization.enabled                │ True                                  │
│ visualization.interval_epochs        │ 1                                     │
│ visualization.num_samples            │ 3                                     │
│ visualization.frame_numbers          │ [25, 50, 75, 100]                     │
│ visualization.dpi                    │ 150                                   │
│ acceleration.mixed_precision_mode    │ bf16                                  │
│ acceleration.compile_with_inductor   │ False                                 │
│ acceleration.compilation_mode        │ reduce-overhead                       │
│ checkpoints.interval                 │ 1                                     │
│ checkpoints.keep_last_n              │ 1                                     │
│ checkpoints.save_best_only           │ True                                  │
│ checkpoints.best_metric              │ val_vrmse                             │
│ checkpoints.save_last_state          │ True                                  │
│ checkpoints.save_epochs              │ [15]                                  │
│ wandb.enabled                        │ False                                 │
│ wandb.project                        │ windinet                              │
│ wandb.entity                         │ None                                  │
│ wandb.tags                           │ ['vae', 'inflate', 'zeros-init',      │
│                                      │ 'wsd', '30ep', 'lr1x', 'shockwave-cfd │
│ seed                                 │ 42                                    │
│ output_dir                           │ /mnt/result/finetune_vae_whole_struc… │
│ clean_output_dir                     │ True                                  │
│ resume_from                          │ None                                  │
│ resume_weights_only                  │ False                                 │
└──────────────────────────────────────┴───────────────────────────────────────┘
INFO     [rank 0] Distributed training: 2 processes          vae_trainer.py:1369
INFO     [rank 1] HTTP Request: HEAD                             _client.py:1025
         https://huggingface.co/Lightricks/LTX-Video-0.9.5/resol                
         ve/main/vae/config.json "HTTP/1.1 307 Temporary                        
         Redirect"                                                              
WARNING  [rank 1] Warning: You are sending unauthenticated requests _http.py:951
         to the HF Hub. Please set a HF_TOKEN to enable higher rate             
         limits and faster downloads.                                           
INFO     [rank 1] HTTP Request: HEAD                             _client.py:1025
         https://huggingface.co/api/resolve-cache/models/Lightri                
         cks/LTX-Video-0.9.5/e58e28c39631af4d1468ee57a853764e11c                
         1d37e/vae%2Fconfig.json "HTTP/1.1 200 OK"                              
INFO     [rank 0] HTTP Request: HEAD                             _client.py:1025
         https://huggingface.co/Lightricks/LTX-Video-0.9.5/resol                
         ve/main/vae/config.json "HTTP/1.1 307 Temporary                        
         Redirect"                                                              
WARNING  [rank 0] Warning: You are sending unauthenticated requests _http.py:951
         to the HF Hub. Please set a HF_TOKEN to enable higher rate             
         limits and faster downloads.                                           
INFO     [rank 0] HTTP Request: HEAD                             _client.py:1025
         https://huggingface.co/api/resolve-cache/models/Lightri                
         cks/LTX-Video-0.9.5/e58e28c39631af4d1468ee57a853764e11c                
         1d37e/vae%2Fconfig.json "HTTP/1.1 200 OK"                              
INFO     [rank 1] HTTP Request: HEAD                             _client.py:1025
         https://huggingface.co/Lightricks/LTX-Video-0.9.5/resol                
         ve/e58e28c39631af4d1468ee57a853764e11c1d37e/vae/diffusi                
         on_pytorch_model.safetensors.index.json "HTTP/1.1 404                  
         Not Found"                                                             
INFO     [rank 0] HTTP Request: HEAD                             _client.py:1025
         https://huggingface.co/Lightricks/LTX-Video-0.9.5/resol                
         ve/e58e28c39631af4d1468ee57a853764e11c1d37e/vae/diffusi                
         on_pytorch_model.safetensors.index.json "HTTP/1.1 404                  
         Not Found"                                                             
INFO     [rank 0] VAE inflated to 4 native channels           vae_trainer.py:197
         (init=zeros); encoder.conv_in is trainable                             
INFO     [rank 0] Encoder extra modules UNFROZEN:             vae_trainer.py:254
         down_blocks[0, 1, 2] + tail                                            
         (down_blocks[-1]+mid_block+norm_out+conv_out)                          
INFO     [rank 0] VAE gradient checkpointing enabled          vae_trainer.py:265
INFO     [rank 0] VAE loaded. Decoder params: 552,869,953     vae_trainer.py:271
INFO     [rank 0] Trainable parameters:                       vae_trainer.py:342
         encoder_conv_in=221,312, encoder_extra=693,932,865,                    
         decoder=552,869,953, in_adapter=0, out_adapter=0                       
INFO     [rank 0] Dataset: 3825 train, 675 eval samples       vae_trainer.py:604
INFO     [rank 0] encoder.conv_in LR = 5.00e-05 (== decoder   vae_trainer.py:628
         LR)                                                                    
INFO     [rank 0] encoder extra (down_blocks[0, 1, 2]+tail)   vae_trainer.py:639
         LR = 5.00e-05 (== decoder LR)                                          
INFO     [rank 0] LR schedule 'wsd': 3570 steps (200 warmup,  vae_trainer.py:688
         2359 stable, 1011 anneal), peak 5.00e-05 -> floor                      
         1.00e-06                                                               
INFO     [rank 0] Config saved:                              vae_trainer.py:1393
         /mnt/result/finetune_vae_whole_structure_baseline_e                    
         p30_256res_kl1e7/training_config.yaml                                  
INFO     [rank 0] Starting VAE decoder finetuning...          vae_trainer.py:736
epoch 1 step 10  loss=0.198179  lr=2.98e-06  [rmse=0.0754 h1=0.0001 ssim=0.2651 mlw=0.0000]
epoch 1 step 20  loss=0.165405  lr=5.45e-06  [rmse=0.0742 h1=0.0002 ssim=0.3237 mlw=0.0000]
epoch 1 step 30  loss=0.155132  lr=7.93e-06  [rmse=0.0607 h1=0.0002 ssim=0.2748 mlw=0.0000]
epoch 1 step 40  loss=0.150132  lr=1.04e-05  [rmse=0.0781 h1=0.0002 ssim=0.2480 mlw=0.0000]
epoch 1 step 50  loss=0.143204  lr=1.29e-05  [rmse=0.0459 h1=0.0001 ssim=0.2016 mlw=0.0000]
epoch 1 step 60  loss=0.138719  lr=1.54e-05  [rmse=0.0748 h1=0.0003 ssim=0.2060 mlw=0.0000]
epoch 1 step 70  loss=0.132981  lr=1.78e-05  [rmse=0.0392 h1=0.0002 ssim=0.2055 mlw=0.0000]
epoch 1 step 80  loss=0.127939  lr=2.03e-05  [rmse=0.0501 h1=0.0005 ssim=0.2599 mlw=0.0000]
epoch 1 step 90  loss=0.122022  lr=2.28e-05  [rmse=0.0308 h1=0.0002 ssim=0.1417 mlw=0.0000]
epoch 1 step 100  loss=0.117787  lr=2.53e-05  [rmse=0.0485 h1=0.0003 ssim=0.2104 mlw=0.0000]
epoch 1 step 110  loss=0.113754  lr=2.77e-05  [rmse=0.0425 h1=0.0002 ssim=0.2829 mlw=0.0000]
INFO     [rank 0] Loss weights: rmse=1.0000, h1=50.0000,      vae_trainer.py:898
         ssim=0.1500, mlw=0.0000, kl=0.0000                                     
INFO     [rank 0] Epoch 1: train_loss=0.110984                vae_trainer.py:924
         val_loss=0.055823  val_VRMSE=0.179221  lr=3.00e-05                     
INFO     [rank 0] Metrics updated: metrics/metrics.csv,       vae_trainer.py:950
         metrics/loss_curves.png                                                
INFO     [rank 0] Saved 12 validation reconstruction PNGs    vae_trainer.py:1147
         for epoch 1                                                            
INFO     [rank 0] New best checkpoint (epoch 1,              vae_trainer.py:1247
         val_vrmse=0.179221):                                                   
         checkpoints/vae_shockwave_best.safetensors                             
INFO     [rank 0] Training state saved:                      vae_trainer.py:1323
         checkpoints/vae_shockwave_last.state.pt                                
INFO     [rank 0] Epoch 1 timing: train=1224.4s eval=195.2s   vae_trainer.py:988
         viz=30.3s ckpt=17.5s total=1468.0s                                     
epoch 2 step 120  loss=0.039954  lr=3.02e-05  [rmse=0.0186 h1=0.0001 ssim=0.1145 mlw=0.0000]
epoch 2 step 130  loss=0.072197  lr=3.27e-05  [rmse=0.0284 h1=0.0002 ssim=0.1520 mlw=0.0000]
epoch 2 step 140  loss=0.074152  lr=3.52e-05  [rmse=0.0295 h1=0.0002 ssim=0.1609 mlw=0.0000]
epoch 2 step 150  loss=0.073274  lr=3.76e-05  [rmse=0.0417 h1=0.0001 ssim=0.2498 mlw=0.0000]
epoch 2 step 160  loss=0.074535  lr=4.01e-05  [rmse=0.0363 h1=0.0001 ssim=0.2881 mlw=0.0000]
epoch 2 step 170  loss=0.074425  lr=4.26e-05  [rmse=0.0317 h1=0.0002 ssim=0.1571 mlw=0.0000]
