Directory where err and out file are logged: /dss/dsshome1/09/ge26qux3/work_wh/windinet
MASTER_ADDR: lrz-hgx-h100-020
MASTER_PORT: 57825
SLURM_NODEID: 0
SLURM_NNODES: 1
SLURM_GPUS_PER_NODE: 2
WORLD_SIZE: 2
CUDA_VISIBLE_DEVICES: 0,1
Job started at: Sun Aug 16 10:49:26 AM CEST 2026
batch_size=16 accum=1 output_dir=/mnt/result/finetune_vae_whole_structure_baseline_ep30_256res_kl1e6 data_root=/mnt/data/train.h5
INFO     [rank 1] generated new fontManager                 font_manager.py:1639
INFO     [rank 0] generated new fontManager                 font_manager.py:1639
                          VAE Finetuning Configuration                          
┏━━━━━━━━━━━━━━━━━━━━━━━━━━━━━━━━━━━━━━┳━━━━━━━━━━━━━━━━━━━━━━━━━━━━━━━━━━━━━━━┓
┃ Parameter                            ┃ Value                                 ┃
┡━━━━━━━━━━━━━━━━━━━━━━━━━━━━━━━━━━━━━━╇━━━━━━━━━━━━━━━━━━━━━━━━━━━━━━━━━━━━━━━┩
│ model.model_source                   │ LTXV_2B_0.9.6_DEV                     │
│ model.load_checkpoint                │ None                                  │
│ adapter.enabled                      │ True                                  │
│ adapter.checkpoint                   │ None                                  │
│ adapter.channels                     │ ['density', 'momentum_x',             │
│                                      │ 'momentum_y', 'pressure']             │
│ adapter.mode                         │ inflate                               │
│ adapter.inflate_init                 │ zeros                                 │
│ adapter.inflate_copy_channel         │ None                                  │
│ adapter.freeze_conv_in               │ False                                 │
│ adapter.unfreeze_encoder_trunk       │ True                                  │
│ adapter.hidden_channels              │ 32                                    │
│ adapter.activation                   │ gelu                                  │
│ adapter.identity_init                │ False                                 │
│ adapter.default_temb                 │ 0.0                                   │
│ data.data_root                       │ /mnt/data/train.h5                    │
│ data.eval_sims                       │ 675                                   │
│ data.num_dataloader_workers          │ 4                                     │
│ data.num_sim_frames                  │ None                                  │
│ data.overfit_sims                    │ None                                  │
│ data.overfit_repeat                  │ 1                                     │
│ data.channel_mean                    │ [0.9050976477108856,                  │
│                                      │ 0.004045365949982484,                 │
│                                      │ -0.0019089379638760548, 0.9           │
│ data.channel_std                     │ [0.6618199912434938,                  │
│                                      │ 0.5335233432828087,                   │
│                                      │ 0.5268940723644505, 0.8053303         │
│ data.normalization_stats_file        │ configs/finetune_vae/euler_mq_256_on… │
│ data.normalization_clip              │ 5.0                                   │
│ data.channel_order                   │ ['density', 'momentum_x',             │
│                                      │ 'momentum_y', 'pressure']             │
│ data.log_transform_channels          │ []                                    │
│ optimization.learning_rate           │ 5e-05                                 │
│ optimization.min_learning_rate       │ 1e-06                                 │
│ optimization.scheduler_type          │ wsd                                   │
│ optimization.stable_fraction         │ 0.7                                   │
│ optimization.epochs                  │ 30                                    │
│ optimization.batch_size              │ 16                                    │
│ optimization.gradient_accumulation_… │ 1                                     │
│ optimization.max_grad_norm           │ 5.0                                   │
│ optimization.weight_decay            │ 0.0                                   │
│ optimization.warmup_steps            │ 200                                   │
│ optimization.warmup_start_factor     │ 0.01                                  │
│ optimization.enable_gradient_checkp… │ True                                  │
│ loss.wavelet                         │ db2                                   │
│ loss.spatial_level                   │ 2                                     │
│ loss.temporal_level                  │ 2                                     │
│ loss.mlw_beta                        │ 10.0                                  │
│ loss.mlw_eps                         │ 1e-06                                 │
│ loss_weighting.strategy              │ fixed                                 │
│ loss_weighting.weights               │ {'rmse': 1.0, 'h1': 50.0, 'ssim':     │
│                                      │ 0.15, 'mlw': 0.0, 'kl': 1e-06}        │
│ loss_weighting.loss_names            │ ['rmse', 'h1', 'ssim', 'mlw']         │
│ loss_weighting.alpha                 │ 1.5                                   │
│ loss_weighting.weight_lr             │ 0.025                                 │
│ loss_weighting.temperature           │ 0.1                                   │
│ visualization.enabled                │ True                                  │
│ visualization.interval_epochs        │ 1                                     │
│ visualization.num_samples            │ 3                                     │
│ visualization.frame_numbers          │ [25, 50, 75, 100]                     │
│ visualization.dpi                    │ 150                                   │
│ acceleration.mixed_precision_mode    │ bf16                                  │
│ acceleration.compile_with_inductor   │ False                                 │
│ acceleration.compilation_mode        │ reduce-overhead                       │
│ checkpoints.interval                 │ 1                                     │
│ checkpoints.keep_last_n              │ 1                                     │
│ checkpoints.save_best_only           │ True                                  │
│ checkpoints.best_metric              │ val_vrmse                             │
│ checkpoints.save_last_state          │ True                                  │
│ checkpoints.save_epochs              │ [15]                                  │
│ wandb.enabled                        │ False                                 │
│ wandb.project                        │ windinet                              │
│ wandb.entity                         │ None                                  │
│ wandb.tags                           │ ['vae', 'inflate', 'zeros-init',      │
│                                      │ 'wsd', '30ep', 'lr1x', 'shockwave-cfd │
│ seed                                 │ 42                                    │
│ output_dir                           │ /mnt/result/finetune_vae_whole_struc… │
│ clean_output_dir                     │ True                                  │
│ resume_from                          │ None                                  │
│ resume_weights_only                  │ False                                 │
└──────────────────────────────────────┴───────────────────────────────────────┘
INFO     [rank 0] Distributed training: 2 processes          vae_trainer.py:1373
INFO     [rank 1] HTTP Request: HEAD                             _client.py:1025
         https://huggingface.co/Lightricks/LTX-Video-0.9.5/resol                
         ve/main/vae/config.json "HTTP/1.1 307 Temporary                        
         Redirect"                                                              
WARNING  [rank 1] Warning: You are sending unauthenticated requests _http.py:951
         to the HF Hub. Please set a HF_TOKEN to enable higher rate             
         limits and faster downloads.                                           
INFO     [rank 1] HTTP Request: HEAD                             _client.py:1025
         https://huggingface.co/api/resolve-cache/models/Lightri                
         cks/LTX-Video-0.9.5/e58e28c39631af4d1468ee57a853764e11c                
         1d37e/vae%2Fconfig.json "HTTP/1.1 200 OK"                              
INFO     [rank 0] HTTP Request: HEAD                             _client.py:1025
         https://huggingface.co/Lightricks/LTX-Video-0.9.5/resol                
         ve/main/vae/config.json "HTTP/1.1 307 Temporary                        
         Redirect"                                                              
WARNING  [rank 0] Warning: You are sending unauthenticated requests _http.py:951
         to the HF Hub. Please set a HF_TOKEN to enable higher rate             
         limits and faster downloads.                                           
INFO     [rank 0] HTTP Request: HEAD                             _client.py:1025
         https://huggingface.co/api/resolve-cache/models/Lightri                
         cks/LTX-Video-0.9.5/e58e28c39631af4d1468ee57a853764e11c                
         1d37e/vae%2Fconfig.json "HTTP/1.1 200 OK"                              
INFO     [rank 1] HTTP Request: HEAD                             _client.py:1025
         https://huggingface.co/Lightricks/LTX-Video-0.9.5/resol                
         ve/e58e28c39631af4d1468ee57a853764e11c1d37e/vae/diffusi                
         on_pytorch_model.safetensors.index.json "HTTP/1.1 404                  
         Not Found"                                                             
INFO     [rank 0] HTTP Request: HEAD                             _client.py:1025
         https://huggingface.co/Lightricks/LTX-Video-0.9.5/resol                
         ve/e58e28c39631af4d1468ee57a853764e11c1d37e/vae/diffusi                
         on_pytorch_model.safetensors.index.json "HTTP/1.1 404                  
         Not Found"                                                             
INFO     [rank 0] VAE inflated to 4 native channels           vae_trainer.py:197
         (init=zeros); encoder.conv_in is trainable                             
INFO     [rank 0] Encoder extra modules UNFROZEN:             vae_trainer.py:254
         down_blocks[0, 1, 2] + tail                                            
         (down_blocks[-1]+mid_block+norm_out+conv_out)                          
INFO     [rank 0] VAE gradient checkpointing enabled          vae_trainer.py:265
INFO     [rank 0] VAE loaded. Decoder params: 552,869,953     vae_trainer.py:271
INFO     [rank 0] Trainable parameters:                       vae_trainer.py:342
         encoder_conv_in=221,312, encoder_extra=693,932,865,                    
         decoder=552,869,953, in_adapter=0, out_adapter=0                       
INFO     [rank 0] Dataset: 3825 train, 675 eval samples       vae_trainer.py:606
INFO     [rank 0] encoder.conv_in LR = 5.00e-05 (== decoder   vae_trainer.py:630
         LR)                                                                    
INFO     [rank 0] encoder extra (down_blocks[0, 1, 2]+tail)   vae_trainer.py:641
         LR = 5.00e-05 (== decoder LR)                                          
INFO     [rank 0] LR schedule 'wsd': 3570 steps (200 warmup,  vae_trainer.py:690
         2359 stable, 1011 anneal), peak 5.00e-05 -> floor                      
         1.00e-06                                                               
INFO     [rank 0] Config saved:                              vae_trainer.py:1397
         /mnt/result/finetune_vae_whole_structure_baseline_e                    
         p30_256res_kl1e6/training_config.yaml                                  
INFO     [rank 0] Starting VAE decoder finetuning...          vae_trainer.py:738
epoch 1 step 10  loss=0.846669  lr=2.98e-06  [rmse=0.0755 h1=0.0001 ssim=0.2686 mlw=0.0000]
epoch 1 step 20  loss=0.538931  lr=5.45e-06  [rmse=0.0749 h1=0.0002 ssim=0.3339 mlw=0.0000]
epoch 1 step 30  loss=0.425914  lr=7.93e-06  [rmse=0.0653 h1=0.0003 ssim=0.3694 mlw=0.0000]
epoch 1 step 40  loss=0.363976  lr=1.04e-05  [rmse=0.0802 h1=0.0002 ssim=0.2967 mlw=0.0000]
epoch 1 step 50  loss=0.319728  lr=1.29e-05  [rmse=0.0571 h1=0.0001 ssim=0.3948 mlw=0.0000]
epoch 1 step 60  loss=0.294096  lr=1.54e-05  [rmse=0.1154 h1=0.0002 ssim=0.3594 mlw=0.0000]
epoch 1 step 70  loss=0.271307  lr=1.78e-05  [rmse=0.0553 h1=0.0002 ssim=0.2855 mlw=0.0000]
epoch 1 step 80  loss=0.251476  lr=2.03e-05  [rmse=0.0699 h1=0.0004 ssim=0.2623 mlw=0.0000]
epoch 1 step 90  loss=0.234724  lr=2.28e-05  [rmse=0.0471 h1=0.0002 ssim=0.2830 mlw=0.0000]
epoch 1 step 100  loss=0.220780  lr=2.53e-05  [rmse=0.0409 h1=0.0002 ssim=0.2002 mlw=0.0000]
epoch 1 step 110  loss=0.208770  lr=2.77e-05  [rmse=0.0530 h1=0.0002 ssim=0.2871 mlw=0.0000]
INFO     [rank 0] Loss weights: rmse=1.0000, h1=50.0000,      vae_trainer.py:901
         ssim=0.1500, mlw=0.0000, kl=0.0000                                     
INFO     [rank 0] Epoch 1: train_loss=0.199972                vae_trainer.py:927
         val_loss=0.059952  val_VRMSE=0.188578  lr=3.00e-05                     
INFO     [rank 0] Metrics updated: metrics/metrics.csv,       vae_trainer.py:953
         metrics/loss_curves.png                                                
INFO     [rank 0] Saved 12 validation reconstruction PNGs    vae_trainer.py:1151
         for epoch 1                                                            
INFO     [rank 0] New best checkpoint (epoch 1,              vae_trainer.py:1251
         val_vrmse=0.188578):                                                   
         checkpoints/vae_shockwave_best.safetensors                             
INFO     [rank 0] Training state saved:                      vae_trainer.py:1327
         checkpoints/vae_shockwave_last.state.pt                                
INFO     [rank 0] Epoch 1 timing: train=1235.7s eval=199.0s   vae_trainer.py:991
         viz=30.4s ckpt=18.3s total=1484.0s                                     
epoch 2 step 120  loss=0.040590  lr=3.02e-05  [rmse=0.0193 h1=0.0001 ssim=0.1075 mlw=0.0000]
epoch 2 step 130  loss=0.090567  lr=3.27e-05  [rmse=0.0373 h1=0.0002 ssim=0.2138 mlw=0.0000]
epoch 2 step 140  loss=0.087648  lr=3.52e-05  [rmse=0.0316 h1=0.0002 ssim=0.1722 mlw=0.0000]
epoch 2 step 150  loss=0.084289  lr=3.76e-05  [rmse=0.0365 h1=0.0002 ssim=0.1579 mlw=0.0000]
epoch 2 step 160  loss=0.082978  lr=4.01e-05  [rmse=0.0346 h1=0.0001 ssim=0.2233 mlw=0.0000]
epoch 2 step 170  loss=0.085972  lr=4.26e-05  [rmse=0.0330 h1=0.0002 ssim=0.1948 mlw=0.0000]
epoch 2 step 180  loss=0.087121  lr=4.51e-05  [rmse=0.0348 h1=0.0003 ssim=0.1670 mlw=0.0000]
epoch 2 step 190  loss=0.085646  lr=4.75e-05  [rmse=0.0297 h1=0.0002 ssim=0.1673 mlw=0.0000]
epoch 2 step 200  loss=0.085089  lr=5.00e-05  [rmse=0.0267 h1=0.0002 ssim=0.1693 mlw=0.0000]
epoch 2 step 210  loss=0.084808  lr=5.00e-05  [rmse=0.0350 h1=0.0001 ssim=0.2509 mlw=0.0000]
epoch 2 step 220  loss=0.084147  lr=5.00e-05  [rmse=0.0336 h1=0.0003 ssim=0.1536 mlw=0.0000]
epoch 2 step 230  loss=0.082368  lr=5.00e-05  [rmse=0.0316 h1=0.0002 ssim=0.1401 mlw=0.0000]
INFO     [rank 0] Loss weights: rmse=1.0000, h1=50.0000,      vae_trainer.py:901
         ssim=0.1500, mlw=0.0000, kl=0.0000                                     
INFO     [rank 0] Epoch 2: train_loss=0.081271                vae_trainer.py:927
         val_loss=0.052474  val_VRMSE=0.150473  lr=5.00e-05                     
INFO     [rank 0] Metrics updated: metrics/metrics.csv,       vae_trainer.py:953
         metrics/loss_curves.png                                                
INFO     [rank 0] Saved 12 validation reconstruction PNGs    vae_trainer.py:1151
         for epoch 2                                                            
INFO     [rank 0] New best checkpoint (epoch 2,              vae_trainer.py:1251
         val_vrmse=0.150473):                                                   
         checkpoints/vae_shockwave_best.safetensors                             
INFO     [rank 0] Training state saved:                      vae_trainer.py:1327
         checkpoints/vae_shockwave_last.state.pt                                
INFO     [rank 0] Epoch 2 timing: train=1229.8s eval=198.0s   vae_trainer.py:991
         viz=31.1s ckpt=18.1s total=1477.8s                                     
epoch 3 step 240  loss=0.058556  lr=5.00e-05  [rmse=0.0284 h1=0.0002 ssim=0.1416 mlw=0.0000]
epoch 3 step 250  loss=0.071630  lr=5.00e-05  [rmse=0.0307 h1=0.0003 ssim=0.0968 mlw=0.0000]
epoch 3 step 260  loss=0.065640  lr=5.00e-05  [rmse=0.0221 h1=0.0002 ssim=0.0852 mlw=0.0000]
epoch 3 step 270  loss=0.060482  lr=5.00e-05  [rmse=0.0239 h1=0.0001 ssim=0.1371 mlw=0.0000]
epoch 3 step 280  loss=0.060703  lr=5.00e-05  [rmse=0.0276 h1=0.0001 ssim=0.1629 mlw=0.0000]
epoch 3 step 290  loss=0.061282  lr=5.00e-05  [rmse=0.0216 h1=0.0001 ssim=0.1318 mlw=0.0000]
epoch 3 step 300  loss=0.058498  lr=5.00e-05  [rmse=0.0224 h1=0.0002 ssim=0.0928 mlw=0.0000]
epoch 3 step 310  loss=0.056386  lr=5.00e-05  [rmse=0.0152 h1=0.0001 ssim=0.0834 mlw=0.0000]
epoch 3 step 320  loss=0.055332  lr=5.00e-05  [rmse=0.0222 h1=0.0002 ssim=0.0986 mlw=0.0000]
epoch 3 step 330  loss=0.053949  lr=5.00e-05  [rmse=0.0220 h1=0.0002 ssim=0.1023 mlw=0.0000]
epoch 3 step 340  loss=0.052621  lr=5.00e-05  [rmse=0.0250 h1=0.0001 ssim=0.1178 mlw=0.0000]
epoch 3 step 350  loss=0.052356  lr=5.00e-05  [rmse=0.0214 h1=0.0001 ssim=0.0784 mlw=0.0000]
INFO     [rank 0] Loss weights: rmse=1.0000, h1=50.0000,      vae_trainer.py:901
         ssim=0.1500, mlw=0.0000, kl=0.0000                                     
INFO     [rank 0] Epoch 3: train_loss=0.052038                vae_trainer.py:927
         val_loss=0.044172  val_VRMSE=0.145753  lr=5.00e-05                     
INFO     [rank 0] Metrics updated: metrics/metrics.csv,       vae_trainer.py:953
         metrics/loss_curves.png                                                
INFO     [rank 0] Saved 12 validation reconstruction PNGs    vae_trainer.py:1151
         for epoch 3                                                            
INFO     [rank 0] New best checkpoint (epoch 3,              vae_trainer.py:1251
         val_vrmse=0.145753):                                                   
         checkpoints/vae_shockwave_best.safetensors                             
INFO     [rank 0] Training state saved:                      vae_trainer.py:1327
         checkpoints/vae_shockwave_last.state.pt                                
INFO     [rank 0] Epoch 3 timing: train=1230.1s eval=197.8s   vae_trainer.py:991
         viz=30.4s ckpt=18.0s total=1477.0s                                     
epoch 4 step 360  loss=0.043275  lr=5.00e-05  [rmse=0.0186 h1=0.0001 ssim=0.0837 mlw=0.0000]
epoch 4 step 370  loss=0.042875  lr=5.00e-05  [rmse=0.0190 h1=0.0002 ssim=0.0848 mlw=0.0000]
epoch 4 step 380  loss=0.041355  lr=5.00e-05  [rmse=0.0140 h1=0.0001 ssim=0.0574 mlw=0.0000]
epoch 4 step 390  loss=0.039972  lr=5.00e-05  [rmse=0.0150 h1=0.0001 ssim=0.0741 mlw=0.0000]
epoch 4 step 400  loss=0.039632  lr=5.00e-05  [rmse=0.0188 h1=0.0002 ssim=0.0794 mlw=0.0000]
epoch 4 step 410  loss=0.039120  lr=5.00e-05  [rmse=0.0207 h1=0.0002 ssim=0.0698 mlw=0.0000]
epoch 4 step 420  loss=0.038736  lr=5.00e-05  [rmse=0.0195 h1=0.0002 ssim=0.0743 mlw=0.0000]
epoch 4 step 430  loss=0.038140  lr=5.00e-05  [rmse=0.0164 h1=0.0001 ssim=0.0692 mlw=0.0000]
epoch 4 step 440  loss=0.038784  lr=5.00e-05  [rmse=0.0219 h1=0.0001 ssim=0.1488 mlw=0.0000]
epoch 4 step 450  loss=0.039584  lr=5.00e-05  [rmse=0.0280 h1=0.0002 ssim=0.0812 mlw=0.0000]
epoch 4 step 460  loss=0.039594  lr=5.00e-05  [rmse=0.0280 h1=0.0002 ssim=0.0787 mlw=0.0000]
epoch 4 step 470  loss=0.039852  lr=5.00e-05  [rmse=0.0250 h1=0.0001 ssim=0.0686 mlw=0.0000]
INFO     [rank 0] Loss weights: rmse=1.0000, h1=50.0000,      vae_trainer.py:901
         ssim=0.1500, mlw=0.0000, kl=0.0000                                     
INFO     [rank 0] Epoch 4: train_loss=0.040285                vae_trainer.py:927
         val_loss=0.041701  val_VRMSE=0.129654  lr=5.00e-05                     
INFO     [rank 0] Metrics updated: metrics/metrics.csv,       vae_trainer.py:953
         metrics/loss_curves.png                                                
INFO     [rank 0] Saved 12 validation reconstruction PNGs    vae_trainer.py:1151
         for epoch 4                                                            
INFO     [rank 0] New best checkpoint (epoch 4,              vae_trainer.py:1251
         val_vrmse=0.129654):                                                   
         checkpoints/vae_shockwave_best.safetensors                             
INFO     [rank 0] Training state saved:                      vae_trainer.py:1327
         checkpoints/vae_shockwave_last.state.pt                                
INFO     [rank 0] Epoch 4 timing: train=1229.5s eval=197.7s   vae_trainer.py:991
         viz=30.3s ckpt=17.9s total=1476.1s                                     
epoch 5 step 480  loss=0.045041  lr=5.00e-05  [rmse=0.0183 h1=0.0001 ssim=0.0961 mlw=0.0000]
epoch 5 step 490  loss=0.044545  lr=5.00e-05  [rmse=0.0341 h1=0.0001 ssim=0.1125 mlw=0.0000]
epoch 5 step 500  loss=0.042197  lr=5.00e-05  [rmse=0.0161 h1=0.0001 ssim=0.0688 mlw=0.0000]
epoch 5 step 510  loss=0.041838  lr=5.00e-05  [rmse=0.0189 h1=0.0001 ssim=0.0840 mlw=0.0000]
epoch 5 step 520  loss=0.042504  lr=5.00e-05  [rmse=0.0177 h1=0.0001 ssim=0.0844 mlw=0.0000]
epoch 5 step 530  loss=0.042226  lr=5.00e-05  [rmse=0.0163 h1=0.0001 ssim=0.0855 mlw=0.0000]
epoch 5 step 540  loss=0.041699  lr=5.00e-05  [rmse=0.0151 h1=0.0001 ssim=0.0714 mlw=0.0000]
epoch 5 step 550  loss=0.040962  lr=5.00e-05  [rmse=0.0163 h1=0.0001 ssim=0.0541 mlw=0.0000]
epoch 5 step 560  loss=0.040339  lr=5.00e-05  [rmse=0.0148 h1=0.0001 ssim=0.0517 mlw=0.0000]
epoch 5 step 570  loss=0.040033  lr=5.00e-05  [rmse=0.0205 h1=0.0002 ssim=0.0719 mlw=0.0000]
epoch 5 step 580  loss=0.039627  lr=5.00e-05  [rmse=0.0188 h1=0.0002 ssim=0.0669 mlw=0.0000]
epoch 5 step 590  loss=0.039187  lr=5.00e-05  [rmse=0.0183 h1=0.0002 ssim=0.0571 mlw=0.0000]
INFO     [rank 0] Loss weights: rmse=1.0000, h1=50.0000,      vae_trainer.py:901
         ssim=0.1500, mlw=0.0000, kl=0.0000                                     
INFO     [rank 0] Epoch 5: train_loss=0.038930                vae_trainer.py:927
         val_loss=0.031426  val_VRMSE=0.099138  lr=5.00e-05                     
INFO     [rank 0] Metrics updated: metrics/metrics.csv,       vae_trainer.py:953
         metrics/loss_curves.png                                                
INFO     [rank 0] Saved 12 validation reconstruction PNGs    vae_trainer.py:1151
         for epoch 5                                                            
INFO     [rank 0] New best checkpoint (epoch 5,              vae_trainer.py:1251
         val_vrmse=0.099138):                                                   
         checkpoints/vae_shockwave_best.safetensors                             
INFO     [rank 0] Training state saved:                      vae_trainer.py:1327
         checkpoints/vae_shockwave_last.state.pt                                
INFO     [rank 0] Epoch 5 timing: train=1230.6s eval=196.8s   vae_trainer.py:991
         viz=29.9s ckpt=18.2s total=1476.3s                                     
epoch 6 step 600  loss=0.029247  lr=5.00e-05  [rmse=0.0112 h1=0.0001 ssim=0.0467 mlw=0.0000]
epoch 6 step 610  loss=0.031835  lr=5.00e-05  [rmse=0.0173 h1=0.0002 ssim=0.0734 mlw=0.0000]
epoch 6 step 620  loss=0.032751  lr=5.00e-05  [rmse=0.0171 h1=0.0001 ssim=0.0618 mlw=0.0000]
epoch 6 step 630  loss=0.033438  lr=5.00e-05  [rmse=0.0135 h1=0.0001 ssim=0.0569 mlw=0.0000]
epoch 6 step 640  loss=0.034188  lr=5.00e-05  [rmse=0.0258 h1=0.0002 ssim=0.0611 mlw=0.0000]
epoch 6 step 650  loss=0.034156  lr=5.00e-05  [rmse=0.0253 h1=0.0003 ssim=0.0732 mlw=0.0000]
epoch 6 step 660  loss=0.033861  lr=5.00e-05  [rmse=0.0186 h1=0.0002 ssim=0.0628 mlw=0.0000]
epoch 6 step 670  loss=0.034398  lr=5.00e-05  [rmse=0.0151 h1=0.0001 ssim=0.0598 mlw=0.0000]
epoch 6 step 680  loss=0.034151  lr=5.00e-05  [rmse=0.0157 h1=0.0001 ssim=0.0755 mlw=0.0000]
epoch 6 step 690  loss=0.034180  lr=5.00e-05  [rmse=0.0190 h1=0.0002 ssim=0.0580 mlw=0.0000]
epoch 6 step 700  loss=0.033798  lr=5.00e-05  [rmse=0.0124 h1=0.0001 ssim=0.0480 mlw=0.0000]
epoch 6 step 710  loss=0.034048  lr=5.00e-05  [rmse=0.0235 h1=0.0002 ssim=0.0885 mlw=0.0000]
INFO     [rank 0] Loss weights: rmse=1.0000, h1=50.0000,      vae_trainer.py:901
         ssim=0.1500, mlw=0.0000, kl=0.0000                                     
INFO     [rank 0] Epoch 6: train_loss=0.034189                vae_trainer.py:927
         val_loss=0.034180  val_VRMSE=0.110293  lr=5.00e-05                     
INFO     [rank 0] Metrics updated: metrics/metrics.csv,       vae_trainer.py:953
         metrics/loss_curves.png                                                
INFO     [rank 0] Saved 12 validation reconstruction PNGs    vae_trainer.py:1151
         for epoch 6                                                            
INFO     [rank 0] Training state saved:                      vae_trainer.py:1327
         checkpoints/vae_shockwave_last.state.pt                                
INFO     [rank 0] Epoch 6 timing: train=1230.4s eval=196.1s   vae_trainer.py:991
         viz=30.2s ckpt=17.2s total=1474.6s                                     
epoch 7 step 720  loss=0.036158  lr=5.00e-05  [rmse=0.0149 h1=0.0001 ssim=0.0678 mlw=0.0000]
epoch 7 step 730  loss=0.034427  lr=5.00e-05  [rmse=0.0175 h1=0.0001 ssim=0.0640 mlw=0.0000]
epoch 7 step 740  loss=0.035159  lr=5.00e-05  [rmse=0.0187 h1=0.0001 ssim=0.0646 mlw=0.0000]
epoch 7 step 750  loss=0.034796  lr=5.00e-05  [rmse=0.0188 h1=0.0001 ssim=0.0575 mlw=0.0000]
epoch 7 step 760  loss=0.034017  lr=5.00e-05  [rmse=0.0127 h1=0.0001 ssim=0.0715 mlw=0.0000]
epoch 7 step 770  loss=0.033628  lr=5.00e-05  [rmse=0.0144 h1=0.0001 ssim=0.0713 mlw=0.0000]
epoch 7 step 780  loss=0.032950  lr=5.00e-05  [rmse=0.0123 h1=0.0001 ssim=0.0472 mlw=0.0000]
epoch 7 step 790  loss=0.032475  lr=5.00e-05  [rmse=0.0107 h1=0.0001 ssim=0.0415 mlw=0.0000]
epoch 7 step 800  loss=0.032271  lr=5.00e-05  [rmse=0.0105 h1=0.0001 ssim=0.0391 mlw=0.0000]
epoch 7 step 810  loss=0.031944  lr=5.00e-05  [rmse=0.0138 h1=0.0001 ssim=0.0504 mlw=0.0000]
epoch 7 step 820  loss=0.031868  lr=5.00e-05  [rmse=0.0153 h1=0.0001 ssim=0.0649 mlw=0.0000]
epoch 7 step 830  loss=0.032173  lr=5.00e-05  [rmse=0.0230 h1=0.0002 ssim=0.0840 mlw=0.0000]
INFO     [rank 0] Loss weights: rmse=1.0000, h1=50.0000,      vae_trainer.py:901
         ssim=0.1500, mlw=0.0000, kl=0.0000                                     
INFO     [rank 0] Epoch 7: train_loss=0.032221                vae_trainer.py:927
         val_loss=0.032112  val_VRMSE=0.108299  lr=5.00e-05                     
INFO     [rank 0] Metrics updated: metrics/metrics.csv,       vae_trainer.py:953
         metrics/loss_curves.png                                                
INFO     [rank 0] Saved 12 validation reconstruction PNGs    vae_trainer.py:1151
         for epoch 7                                                            
INFO     [rank 0] Training state saved:                      vae_trainer.py:1327
         checkpoints/vae_shockwave_last.state.pt                                
INFO     [rank 0] Epoch 7 timing: train=1230.1s eval=199.0s   vae_trainer.py:991
         viz=30.0s ckpt=17.1s total=1477.0s                                     
epoch 8 step 840  loss=0.030915  lr=5.00e-05  [rmse=0.0150 h1=0.0001 ssim=0.0668 mlw=0.0000]
epoch 8 step 850  loss=0.034602  lr=5.00e-05  [rmse=0.0175 h1=0.0001 ssim=0.0755 mlw=0.0000]
epoch 8 step 860  loss=0.034992  lr=5.00e-05  [rmse=0.0144 h1=0.0001 ssim=0.0563 mlw=0.0000]
epoch 8 step 870  loss=0.034274  lr=5.00e-05  [rmse=0.0175 h1=0.0001 ssim=0.0454 mlw=0.0000]
epoch 8 step 880  loss=0.033909  lr=5.00e-05  [rmse=0.0225 h1=0.0002 ssim=0.0524 mlw=0.0000]
epoch 8 step 890  loss=0.033570  lr=5.00e-05  [rmse=0.0172 h1=0.0001 ssim=0.0727 mlw=0.0000]
epoch 8 step 900  loss=0.033964  lr=5.00e-05  [rmse=0.0178 h1=0.0002 ssim=0.0621 mlw=0.0000]
epoch 8 step 910  loss=0.034062  lr=5.00e-05  [rmse=0.0191 h1=0.0002 ssim=0.0624 mlw=0.0000]
epoch 8 step 920  loss=0.034325  lr=5.00e-05  [rmse=0.0170 h1=0.0002 ssim=0.0661 mlw=0.0000]
epoch 8 step 930  loss=0.034134  lr=5.00e-05  [rmse=0.0180 h1=0.0002 ssim=0.0565 mlw=0.0000]
epoch 8 step 940  loss=0.034463  lr=5.00e-05  [rmse=0.0138 h1=0.0001 ssim=0.0554 mlw=0.0000]
epoch 8 step 950  loss=0.037235  lr=5.00e-05  [rmse=0.0144 h1=0.0001 ssim=0.0455 mlw=0.0000]
INFO     [rank 0] Loss weights: rmse=1.0000, h1=50.0000,      vae_trainer.py:901
         ssim=0.1500, mlw=0.0000, kl=0.0000                                     
INFO     [rank 0] Epoch 8: train_loss=0.037164                vae_trainer.py:927
         val_loss=0.053878  val_VRMSE=0.097634  lr=5.00e-05                     
INFO     [rank 0] Metrics updated: metrics/metrics.csv,       vae_trainer.py:953
         metrics/loss_curves.png                                                
INFO     [rank 0] Saved 12 validation reconstruction PNGs    vae_trainer.py:1151
         for epoch 8                                                            
INFO     [rank 0] New best checkpoint (epoch 8,              vae_trainer.py:1251
         val_vrmse=0.097634):                                                   
         checkpoints/vae_shockwave_best.safetensors                             
INFO     [rank 0] Training state saved:                      vae_trainer.py:1327
         checkpoints/vae_shockwave_last.state.pt                                
INFO     [rank 0] Epoch 8 timing: train=1230.4s eval=198.9s   vae_trainer.py:991
         viz=29.8s ckpt=18.7s total=1478.6s                                     
epoch 9 step 960  loss=0.047062  lr=5.00e-05  [rmse=0.0200 h1=0.0001 ssim=0.1132 mlw=0.0000]
epoch 9 step 970  loss=0.043332  lr=5.00e-05  [rmse=0.0271 h1=0.0002 ssim=0.0997 mlw=0.0000]
epoch 9 step 980  loss=0.041515  lr=5.00e-05  [rmse=0.0170 h1=0.0001 ssim=0.0720 mlw=0.0000]
epoch 9 step 990  loss=0.039389  lr=5.00e-05  [rmse=0.0162 h1=0.0001 ssim=0.0718 mlw=0.0000]
epoch 9 step 1000  loss=0.038982  lr=5.00e-05  [rmse=0.0165 h1=0.0001 ssim=0.0662 mlw=0.0000]
epoch 9 step 1010  loss=0.038001  lr=5.00e-05  [rmse=0.0200 h1=0.0002 ssim=0.0651 mlw=0.0000]
epoch 9 step 1020  loss=0.037756  lr=5.00e-05  [rmse=0.0214 h1=0.0001 ssim=0.0719 mlw=0.0000]
epoch 9 step 1030  loss=0.037182  lr=5.00e-05  [rmse=0.0140 h1=0.0001 ssim=0.0660 mlw=0.0000]
epoch 9 step 1040  loss=0.036931  lr=5.00e-05  [rmse=0.0171 h1=0.0002 ssim=0.0690 mlw=0.0000]
epoch 9 step 1050  loss=0.036495  lr=5.00e-05  [rmse=0.0134 h1=0.0001 ssim=0.0573 mlw=0.0000]
epoch 9 step 1060  loss=0.036279  lr=5.00e-05  [rmse=0.0159 h1=0.0001 ssim=0.0551 mlw=0.0000]
epoch 9 step 1070  loss=0.035783  lr=5.00e-05  [rmse=0.0150 h1=0.0001 ssim=0.0426 mlw=0.0000]
INFO     [rank 0] Loss weights: rmse=1.0000, h1=50.0000,      vae_trainer.py:901
         ssim=0.1500, mlw=0.0000, kl=0.0000                                     
INFO     [rank 0] Epoch 9: train_loss=0.035704                vae_trainer.py:927
         val_loss=0.026237  val_VRMSE=0.083374  lr=5.00e-05                     
INFO     [rank 0] Metrics updated: metrics/metrics.csv,       vae_trainer.py:953
         metrics/loss_curves.png                                                
INFO     [rank 0] Saved 12 validation reconstruction PNGs    vae_trainer.py:1151
         for epoch 9                                                            
INFO     [rank 0] New best checkpoint (epoch 9,              vae_trainer.py:1251
         val_vrmse=0.083374):                                                   
         checkpoints/vae_shockwave_best.safetensors                             
INFO     [rank 0] Training state saved:                      vae_trainer.py:1327
         checkpoints/vae_shockwave_last.state.pt                                
INFO     [rank 0] Epoch 9 timing: train=1229.9s eval=199.4s   vae_trainer.py:991
         viz=30.3s ckpt=17.9s total=1478.2s                                     
epoch 10 step 1080  loss=0.028414  lr=5.00e-05  [rmse=0.0133 h1=0.0001 ssim=0.0484 mlw=0.0000]
epoch 10 step 1090  loss=0.029389  lr=5.00e-05  [rmse=0.0132 h1=0.0001 ssim=0.0486 mlw=0.0000]
epoch 10 step 1100  loss=0.029525  lr=5.00e-05  [rmse=0.0160 h1=0.0002 ssim=0.0621 mlw=0.0000]
epoch 10 step 1110  loss=0.029644  lr=5.00e-05  [rmse=0.0128 h1=0.0001 ssim=0.0510 mlw=0.0000]
epoch 10 step 1120  loss=0.030084  lr=5.00e-05  [rmse=0.0181 h1=0.0001 ssim=0.0724 mlw=0.0000]
epoch 10 step 1130  loss=0.030348  lr=5.00e-05  [rmse=0.0134 h1=0.0001 ssim=0.0456 mlw=0.0000]
epoch 10 step 1140  loss=0.030381  lr=5.00e-05  [rmse=0.0204 h1=0.0001 ssim=0.0584 mlw=0.0000]
epoch 10 step 1150  loss=0.030187  lr=5.00e-05  [rmse=0.0189 h1=0.0002 ssim=0.0639 mlw=0.0000]
epoch 10 step 1160  loss=0.029963  lr=5.00e-05  [rmse=0.0132 h1=0.0001 ssim=0.0452 mlw=0.0000]
epoch 10 step 1170  loss=0.029780  lr=5.00e-05  [rmse=0.0138 h1=0.0001 ssim=0.0446 mlw=0.0000]
epoch 10 step 1180  loss=0.029530  lr=5.00e-05  [rmse=0.0117 h1=0.0001 ssim=0.0395 mlw=0.0000]
epoch 10 step 1190  loss=0.029589  lr=5.00e-05  [rmse=0.0133 h1=0.0001 ssim=0.0424 mlw=0.0000]
INFO     [rank 0] Loss weights: rmse=1.0000, h1=50.0000,      vae_trainer.py:901
         ssim=0.1500, mlw=0.0000, kl=0.0000                                     
INFO     [rank 0] Epoch 10: train_loss=0.029589               vae_trainer.py:927
         val_loss=0.026843  val_VRMSE=0.083379  lr=5.00e-05                     
INFO     [rank 0] Metrics updated: metrics/metrics.csv,       vae_trainer.py:953
         metrics/loss_curves.png                                                
INFO     [rank 0] Saved 12 validation reconstruction PNGs    vae_trainer.py:1151
         for epoch 10                                                           
INFO     [rank 0] Training state saved:                      vae_trainer.py:1327
         checkpoints/vae_shockwave_last.state.pt                                
INFO     [rank 0] Epoch 10 timing: train=1230.6s eval=206.8s  vae_trainer.py:991
         viz=29.7s ckpt=17.3s total=1485.2s                                     
epoch 11 step 1200  loss=0.031798  lr=5.00e-05  [rmse=0.0143 h1=0.0001 ssim=0.0511 mlw=0.0000]
epoch 11 step 1210  loss=0.031821  lr=5.00e-05  [rmse=0.0251 h1=0.0002 ssim=0.0627 mlw=0.0000]
epoch 11 step 1220  loss=0.030981  lr=5.00e-05  [rmse=0.0131 h1=0.0001 ssim=0.0503 mlw=0.0000]
epoch 11 step 1230  loss=0.030334  lr=5.00e-05  [rmse=0.0116 h1=0.0001 ssim=0.0421 mlw=0.0000]
epoch 11 step 1240  loss=0.030502  lr=5.00e-05  [rmse=0.0168 h1=0.0001 ssim=0.0619 mlw=0.0000]
epoch 11 step 1250  loss=0.030578  lr=5.00e-05  [rmse=0.0224 h1=0.0002 ssim=0.0571 mlw=0.0000]
epoch 11 step 1260  loss=0.030332  lr=5.00e-05  [rmse=0.0087 h1=0.0000 ssim=0.0381 mlw=0.0000]
epoch 11 step 1270  loss=0.030331  lr=5.00e-05  [rmse=0.0126 h1=0.0001 ssim=0.0468 mlw=0.0000]
epoch 11 step 1280  loss=0.030042  lr=5.00e-05  [rmse=0.0156 h1=0.0001 ssim=0.0380 mlw=0.0000]
epoch 11 step 1290  loss=0.029998  lr=5.00e-05  [rmse=0.0102 h1=0.0001 ssim=0.0467 mlw=0.0000]
epoch 11 step 1300  loss=0.029753  lr=5.00e-05  [rmse=0.0114 h1=0.0001 ssim=0.0392 mlw=0.0000]
INFO     [rank 0] Loss weights: rmse=1.0000, h1=50.0000,      vae_trainer.py:901
         ssim=0.1500, mlw=0.0000, kl=0.0000                                     
INFO     [rank 0] Epoch 11: train_loss=0.029862               vae_trainer.py:927
         val_loss=0.028517  val_VRMSE=0.092542  lr=5.00e-05                     
INFO     [rank 0] Metrics updated: metrics/metrics.csv,       vae_trainer.py:953
         metrics/loss_curves.png                                                
INFO     [rank 0] Saved 12 validation reconstruction PNGs    vae_trainer.py:1151
         for epoch 11                                                           
INFO     [rank 0] Training state saved:                      vae_trainer.py:1327
         checkpoints/vae_shockwave_last.state.pt                                
INFO     [rank 0] Epoch 11 timing: train=1229.5s eval=198.7s  vae_trainer.py:991
         viz=29.3s ckpt=16.9s total=1475.2s                                     
epoch 12 step 1310  loss=0.031775  lr=5.00e-05  [rmse=0.0151 h1=0.0001 ssim=0.0638 mlw=0.0000]
epoch 12 step 1320  loss=0.032746  lr=5.00e-05  [rmse=0.0136 h1=0.0001 ssim=0.0591 mlw=0.0000]
epoch 12 step 1330  loss=0.033496  lr=5.00e-05  [rmse=0.0175 h1=0.0001 ssim=0.1121 mlw=0.0000]
epoch 12 step 1340  loss=0.032775  lr=5.00e-05  [rmse=0.0190 h1=0.0001 ssim=0.0533 mlw=0.0000]
epoch 12 step 1350  loss=0.033602  lr=5.00e-05  [rmse=0.0163 h1=0.0001 ssim=0.0659 mlw=0.0000]
epoch 12 step 1360  loss=0.032831  lr=5.00e-05  [rmse=0.0181 h1=0.0002 ssim=0.0573 mlw=0.0000]
epoch 12 step 1370  loss=0.032743  lr=5.00e-05  [rmse=0.0124 h1=0.0001 ssim=0.0378 mlw=0.0000]
epoch 12 step 1380  loss=0.032069  lr=5.00e-05  [rmse=0.0177 h1=0.0002 ssim=0.0470 mlw=0.0000]
epoch 12 step 1390  loss=0.031798  lr=5.00e-05  [rmse=0.0154 h1=0.0002 ssim=0.0475 mlw=0.0000]
epoch 12 step 1400  loss=0.031774  lr=5.00e-05  [rmse=0.0139 h1=0.0001 ssim=0.0387 mlw=0.0000]
epoch 12 step 1410  loss=0.031897  lr=5.00e-05  [rmse=0.0164 h1=0.0001 ssim=0.0659 mlw=0.0000]
epoch 12 step 1420  loss=0.031559  lr=5.00e-05  [rmse=0.0115 h1=0.0001 ssim=0.0376 mlw=0.0000]
INFO     [rank 0] Loss weights: rmse=1.0000, h1=50.0000,      vae_trainer.py:901
         ssim=0.1500, mlw=0.0000, kl=0.0000                                     
INFO     [rank 0] Epoch 12: train_loss=0.031609               vae_trainer.py:927
         val_loss=0.026306  val_VRMSE=0.080749  lr=5.00e-05                     
INFO     [rank 0] Metrics updated: metrics/metrics.csv,       vae_trainer.py:953
         metrics/loss_curves.png                                                
INFO     [rank 0] Saved 12 validation reconstruction PNGs    vae_trainer.py:1151
         for epoch 12                                                           
INFO     [rank 0] New best checkpoint (epoch 12,             vae_trainer.py:1251
         val_vrmse=0.080749):                                                   
         checkpoints/vae_shockwave_best.safetensors                             
INFO     [rank 0] Training state saved:                      vae_trainer.py:1327
         checkpoints/vae_shockwave_last.state.pt                                
INFO     [rank 0] Epoch 12 timing: train=1230.3s eval=199.3s  vae_trainer.py:991
         viz=29.9s ckpt=18.7s total=1478.9s                                     
epoch 13 step 1430  loss=0.025974  lr=5.00e-05  [rmse=0.0106 h1=0.0001 ssim=0.0469 mlw=0.0000]
epoch 13 step 1440  loss=0.028157  lr=5.00e-05  [rmse=0.0135 h1=0.0001 ssim=0.0563 mlw=0.0000]
epoch 13 step 1450  loss=0.030779  lr=5.00e-05  [rmse=0.0169 h1=0.0001 ssim=0.0507 mlw=0.0000]
epoch 13 step 1460  loss=0.030720  lr=5.00e-05  [rmse=0.0155 h1=0.0001 ssim=0.0620 mlw=0.0000]
epoch 13 step 1470  loss=0.030003  lr=5.00e-05  [rmse=0.0118 h1=0.0000 ssim=0.0453 mlw=0.0000]
epoch 13 step 1480  loss=0.030365  lr=5.00e-05  [rmse=0.0127 h1=0.0001 ssim=0.0419 mlw=0.0000]
epoch 13 step 1490  loss=0.030157  lr=5.00e-05  [rmse=0.0134 h1=0.0001 ssim=0.0460 mlw=0.0000]
epoch 13 step 1500  loss=0.029881  lr=5.00e-05  [rmse=0.0138 h1=0.0001 ssim=0.0463 mlw=0.0000]
epoch 13 step 1510  loss=0.030228  lr=5.00e-05  [rmse=0.0146 h1=0.0001 ssim=0.0657 mlw=0.0000]
epoch 13 step 1520  loss=0.030608  lr=5.00e-05  [rmse=0.0146 h1=0.0001 ssim=0.0602 mlw=0.0000]
epoch 13 step 1530  loss=0.031005  lr=5.00e-05  [rmse=0.0120 h1=0.0001 ssim=0.0603 mlw=0.0000]
epoch 13 step 1540  loss=0.031029  lr=5.00e-05  [rmse=0.0125 h1=0.0001 ssim=0.0582 mlw=0.0000]
INFO     [rank 0] Loss weights: rmse=1.0000, h1=50.0000,      vae_trainer.py:901
         ssim=0.1500, mlw=0.0000, kl=0.0000                                     
INFO     [rank 0] Epoch 13: train_loss=0.030830               vae_trainer.py:927
         val_loss=0.026056  val_VRMSE=0.083221  lr=5.00e-05                     
INFO     [rank 0] Metrics updated: metrics/metrics.csv,       vae_trainer.py:953
         metrics/loss_curves.png                                                
INFO     [rank 0] Saved 12 validation reconstruction PNGs    vae_trainer.py:1151
         for epoch 13                                                           
INFO     [rank 0] Training state saved:                      vae_trainer.py:1327
         checkpoints/vae_shockwave_last.state.pt                                
INFO     [rank 0] Epoch 13 timing: train=1229.9s eval=198.9s  vae_trainer.py:991
         viz=30.0s ckpt=17.2s total=1476.7s                                     
epoch 14 step 1550  loss=0.022427  lr=5.00e-05  [rmse=0.0110 h1=0.0001 ssim=0.0510 mlw=0.0000]
epoch 14 step 1560  loss=0.025038  lr=5.00e-05  [rmse=0.0141 h1=0.0001 ssim=0.0396 mlw=0.0000]
epoch 14 step 1570  loss=0.026293  lr=5.00e-05  [rmse=0.0181 h1=0.0001 ssim=0.0459 mlw=0.0000]
epoch 14 step 1580  loss=0.026616  lr=5.00e-05  [rmse=0.0181 h1=0.0002 ssim=0.0520 mlw=0.0000]
epoch 14 step 1590  loss=0.028788  lr=5.00e-05  [rmse=0.0158 h1=0.0001 ssim=0.0459 mlw=0.0000]
epoch 14 step 1600  loss=0.029069  lr=5.00e-05  [rmse=0.0141 h1=0.0001 ssim=0.0552 mlw=0.0000]
epoch 14 step 1610  loss=0.029946  lr=5.00e-05  [rmse=0.0232 h1=0.0001 ssim=0.0594 mlw=0.0000]
epoch 14 step 1620  loss=0.030550  lr=5.00e-05  [rmse=0.0150 h1=0.0001 ssim=0.0816 mlw=0.0000]
epoch 14 step 1630  loss=0.030624  lr=5.00e-05  [rmse=0.0177 h1=0.0001 ssim=0.0718 mlw=0.0000]
epoch 14 step 1640  loss=0.030468  lr=5.00e-05  [rmse=0.0129 h1=0.0001 ssim=0.0497 mlw=0.0000]
epoch 14 step 1650  loss=0.030321  lr=5.00e-05  [rmse=0.0141 h1=0.0001 ssim=0.0584 mlw=0.0000]
epoch 14 step 1660  loss=0.030338  lr=5.00e-05  [rmse=0.0231 h1=0.0001 ssim=0.0523 mlw=0.0000]
INFO     [rank 0] Loss weights: rmse=1.0000, h1=50.0000,      vae_trainer.py:901
         ssim=0.1500, mlw=0.0000, kl=0.0000                                     
INFO     [rank 0] Epoch 14: train_loss=0.030390               vae_trainer.py:927
         val_loss=0.027212  val_VRMSE=0.090601  lr=5.00e-05                     
INFO     [rank 0] Metrics updated: metrics/metrics.csv,       vae_trainer.py:953
         metrics/loss_curves.png                                                
INFO     [rank 0] Saved 12 validation reconstruction PNGs    vae_trainer.py:1151
         for epoch 14                                                           
INFO     [rank 0] Training state saved:                      vae_trainer.py:1327
         checkpoints/vae_shockwave_last.state.pt                                
INFO     [rank 0] Epoch 14 timing: train=1230.2s eval=199.2s  vae_trainer.py:991
         viz=30.0s ckpt=17.2s total=1477.3s                                     
epoch 15 step 1670  loss=0.028020  lr=5.00e-05  [rmse=0.0144 h1=0.0001 ssim=0.0522 mlw=0.0000]
epoch 15 step 1680  loss=0.026660  lr=5.00e-05  [rmse=0.0130 h1=0.0001 ssim=0.0403 mlw=0.0000]
epoch 15 step 1690  loss=0.027338  lr=5.00e-05  [rmse=0.0174 h1=0.0002 ssim=0.0588 mlw=0.0000]
epoch 15 step 1700  loss=0.028211  lr=5.00e-05  [rmse=0.0145 h1=0.0001 ssim=0.0550 mlw=0.0000]
epoch 15 step 1710  loss=0.028340  lr=5.00e-05  [rmse=0.0152 h1=0.0001 ssim=0.0458 mlw=0.0000]
epoch 15 step 1720  loss=0.028633  lr=5.00e-05  [rmse=0.0137 h1=0.0001 ssim=0.0446 mlw=0.0000]
epoch 15 step 1730  loss=0.029197  lr=5.00e-05  [rmse=0.0148 h1=0.0001 ssim=0.0628 mlw=0.0000]
epoch 15 step 1740  loss=0.029651  lr=5.00e-05  [rmse=0.0131 h1=0.0001 ssim=0.0551 mlw=0.0000]
epoch 15 step 1750  loss=0.030325  lr=5.00e-05  [rmse=0.0181 h1=0.0001 ssim=0.0679 mlw=0.0000]
epoch 15 step 1760  loss=0.030555  lr=5.00e-05  [rmse=0.0125 h1=0.0001 ssim=0.0718 mlw=0.0000]
epoch 15 step 1770  loss=0.030739  lr=5.00e-05  [rmse=0.0098 h1=0.0001 ssim=0.0449 mlw=0.0000]
epoch 15 step 1780  loss=0.030626  lr=5.00e-05  [rmse=0.0165 h1=0.0001 ssim=0.0542 mlw=0.0000]
INFO     [rank 0] Loss weights: rmse=1.0000, h1=50.0000,      vae_trainer.py:901
         ssim=0.1500, mlw=0.0000, kl=0.0000                                     
INFO     [rank 0] Epoch 15: train_loss=0.030431               vae_trainer.py:927
         val_loss=0.029932  val_VRMSE=0.092269  lr=5.00e-05                     
INFO     [rank 0] Metrics updated: metrics/metrics.csv,       vae_trainer.py:953
         metrics/loss_curves.png                                                
INFO     [rank 0] Saved 12 validation reconstruction PNGs    vae_trainer.py:1151
         for epoch 15                                                           
INFO     [rank 0] Training state saved:                      vae_trainer.py:1327
         checkpoints/vae_shockwave_last.state.pt                                
INFO     [rank 0] VAE epoch snapshot saved                   vae_trainer.py:1278
         (checkpoints.save_epochs):                                             
         checkpoints/vae_shockwave_epoch015_snapshot.safeten                    
         sors                                                                   
INFO     [rank 0] Epoch 15 timing: train=1230.6s eval=199.7s  vae_trainer.py:991
         viz=29.9s ckpt=22.5s total=1483.5s                                     
epoch 16 step 1790  loss=0.032036  lr=5.00e-05  [rmse=0.0155 h1=0.0001 ssim=0.0476 mlw=0.0000]
epoch 16 step 1800  loss=0.030119  lr=5.00e-05  [rmse=0.0187 h1=0.0001 ssim=0.0520 mlw=0.0000]
epoch 16 step 1810  loss=0.031386  lr=5.00e-05  [rmse=0.0185 h1=0.0002 ssim=0.0667 mlw=0.0000]
epoch 16 step 1820  loss=0.030597  lr=5.00e-05  [rmse=0.0146 h1=0.0001 ssim=0.0498 mlw=0.0000]
epoch 16 step 1830  loss=0.030100  lr=5.00e-05  [rmse=0.0169 h1=0.0002 ssim=0.0511 mlw=0.0000]
epoch 16 step 1840  loss=0.029625  lr=5.00e-05  [rmse=0.0138 h1=0.0001 ssim=0.0418 mlw=0.0000]
epoch 16 step 1850  loss=0.029383  lr=5.00e-05  [rmse=0.0141 h1=0.0001 ssim=0.0537 mlw=0.0000]
epoch 16 step 1860  loss=0.029145  lr=5.00e-05  [rmse=0.0114 h1=0.0001 ssim=0.0388 mlw=0.0000]
epoch 16 step 1870  loss=0.029052  lr=5.00e-05  [rmse=0.0143 h1=0.0001 ssim=0.0552 mlw=0.0000]
epoch 16 step 1880  loss=0.028541  lr=5.00e-05  [rmse=0.0090 h1=0.0000 ssim=0.0386 mlw=0.0000]
epoch 16 step 1890  loss=0.028482  lr=5.00e-05  [rmse=0.0139 h1=0.0001 ssim=0.0486 mlw=0.0000]
epoch 16 step 1900  loss=0.028500  lr=5.00e-05  [rmse=0.0151 h1=0.0001 ssim=0.0474 mlw=0.0000]
INFO     [rank 0] Loss weights: rmse=1.0000, h1=50.0000,      vae_trainer.py:901
         ssim=0.1500, mlw=0.0000, kl=0.0000                                     
INFO     [rank 0] Epoch 16: train_loss=0.028425               vae_trainer.py:927
         val_loss=0.024038  val_VRMSE=0.075878  lr=5.00e-05                     
INFO     [rank 0] Metrics updated: metrics/metrics.csv,       vae_trainer.py:953
         metrics/loss_curves.png                                                
INFO     [rank 0] Saved 12 validation reconstruction PNGs    vae_trainer.py:1151
         for epoch 16                                                           
INFO     [rank 0] New best checkpoint (epoch 16,             vae_trainer.py:1251
         val_vrmse=0.075878):                                                   
         checkpoints/vae_shockwave_best.safetensors                             
INFO     [rank 0] Training state saved:                      vae_trainer.py:1327
         checkpoints/vae_shockwave_last.state.pt                                
INFO     [rank 0] Epoch 16 timing: train=1230.3s eval=199.3s  vae_trainer.py:991
         viz=29.4s ckpt=18.1s total=1477.8s                                     
epoch 17 step 1910  loss=0.027230  lr=5.00e-05  [rmse=0.0153 h1=0.0001 ssim=0.0427 mlw=0.0000]
epoch 17 step 1920  loss=0.026984  lr=5.00e-05  [rmse=0.0102 h1=0.0001 ssim=0.0368 mlw=0.0000]
epoch 17 step 1930  loss=0.029693  lr=5.00e-05  [rmse=0.0132 h1=0.0001 ssim=0.0627 mlw=0.0000]
epoch 17 step 1940  loss=0.029942  lr=5.00e-05  [rmse=0.0119 h1=0.0001 ssim=0.0485 mlw=0.0000]
epoch 17 step 1950  loss=0.030407  lr=5.00e-05  [rmse=0.0157 h1=0.0001 ssim=0.0573 mlw=0.0000]
epoch 17 step 1960  loss=0.030710  lr=5.00e-05  [rmse=0.0245 h1=0.0002 ssim=0.0696 mlw=0.0000]
epoch 17 step 1970  loss=0.030730  lr=5.00e-05  [rmse=0.0171 h1=0.0001 ssim=0.0738 mlw=0.0000]
epoch 17 step 1980  loss=0.031046  lr=5.00e-05  [rmse=0.0179 h1=0.0002 ssim=0.0654 mlw=0.0000]
epoch 17 step 1990  loss=0.030744  lr=5.00e-05  [rmse=0.0167 h1=0.0002 ssim=0.0569 mlw=0.0000]
epoch 17 step 2000  loss=0.030327  lr=5.00e-05  [rmse=0.0128 h1=0.0001 ssim=0.0538 mlw=0.0000]
epoch 17 step 2010  loss=0.030067  lr=5.00e-05  [rmse=0.0118 h1=0.0001 ssim=0.0427 mlw=0.0000]
epoch 17 step 2020  loss=0.029700  lr=5.00e-05  [rmse=0.0114 h1=0.0001 ssim=0.0357 mlw=0.0000]
INFO     [rank 0] Loss weights: rmse=1.0000, h1=50.0000,      vae_trainer.py:901
         ssim=0.1500, mlw=0.0000, kl=0.0000                                     
INFO     [rank 0] Epoch 17: train_loss=0.029587               vae_trainer.py:927
         val_loss=0.022622  val_VRMSE=0.070547  lr=5.00e-05                     
INFO     [rank 0] Metrics updated: metrics/metrics.csv,       vae_trainer.py:953
         metrics/loss_curves.png                                                
INFO     [rank 0] Saved 12 validation reconstruction PNGs    vae_trainer.py:1151
         for epoch 17                                                           
INFO     [rank 0] New best checkpoint (epoch 17,             vae_trainer.py:1251
         val_vrmse=0.070547):                                                   
         checkpoints/vae_shockwave_best.safetensors                             
INFO     [rank 0] Training state saved:                      vae_trainer.py:1327
         checkpoints/vae_shockwave_last.state.pt                                
INFO     [rank 0] Epoch 17 timing: train=1230.4s eval=199.0s  vae_trainer.py:991
         viz=29.4s ckpt=18.7s total=1478.6s                                     
epoch 18 step 2030  loss=0.025212  lr=5.00e-05  [rmse=0.0122 h1=0.0001 ssim=0.0345 mlw=0.0000]
epoch 18 step 2040  loss=0.025016  lr=5.00e-05  [rmse=0.0125 h1=0.0001 ssim=0.0457 mlw=0.0000]
epoch 18 step 2050  loss=0.025657  lr=5.00e-05  [rmse=0.0135 h1=0.0001 ssim=0.0438 mlw=0.0000]
epoch 18 step 2060  loss=0.025813  lr=5.00e-05  [rmse=0.0135 h1=0.0001 ssim=0.0584 mlw=0.0000]
epoch 18 step 2070  loss=0.025807  lr=5.00e-05  [rmse=0.0135 h1=0.0001 ssim=0.0463 mlw=0.0000]
epoch 18 step 2080  loss=0.025338  lr=5.00e-05  [rmse=0.0097 h1=0.0001 ssim=0.0317 mlw=0.0000]
epoch 18 step 2090  loss=0.025347  lr=5.00e-05  [rmse=0.0103 h1=0.0001 ssim=0.0438 mlw=0.0000]
epoch 18 step 2100  loss=0.025276  lr=5.00e-05  [rmse=0.0145 h1=0.0001 ssim=0.0466 mlw=0.0000]
epoch 18 step 2110  loss=0.025239  lr=5.00e-05  [rmse=0.0139 h1=0.0001 ssim=0.0434 mlw=0.0000]
epoch 18 step 2120  loss=0.025442  lr=5.00e-05  [rmse=0.0122 h1=0.0001 ssim=0.0442 mlw=0.0000]
epoch 18 step 2130  loss=0.025638  lr=5.00e-05  [rmse=0.0114 h1=0.0001 ssim=0.0448 mlw=0.0000]
epoch 18 step 2140  loss=0.025544  lr=5.00e-05  [rmse=0.0135 h1=0.0001 ssim=0.0532 mlw=0.0000]
INFO     [rank 0] Loss weights: rmse=1.0000, h1=50.0000,      vae_trainer.py:901
         ssim=0.1500, mlw=0.0000, kl=0.0000                                     
INFO     [rank 0] Epoch 18: train_loss=0.025569               vae_trainer.py:927
         val_loss=0.027194  val_VRMSE=0.090981  lr=5.00e-05                     
INFO     [rank 0] Metrics updated: metrics/metrics.csv,       vae_trainer.py:953
         metrics/loss_curves.png                                                
INFO     [rank 0] Saved 12 validation reconstruction PNGs    vae_trainer.py:1151
         for epoch 18                                                           
INFO     [rank 0] Training state saved:                      vae_trainer.py:1327
         checkpoints/vae_shockwave_last.state.pt                                
INFO     [rank 0] Epoch 18 timing: train=1230.8s eval=198.8s  vae_trainer.py:991
         viz=29.9s ckpt=17.3s total=1477.5s                                     
epoch 19 step 2150  loss=0.027937  lr=5.00e-05  [rmse=0.0132 h1=0.0001 ssim=0.0452 mlw=0.0000]
epoch 19 step 2160  loss=0.027528  lr=5.00e-05  [rmse=0.0093 h1=0.0000 ssim=0.0441 mlw=0.0000]
epoch 19 step 2170  loss=0.027556  lr=5.00e-05  [rmse=0.0127 h1=0.0001 ssim=0.0479 mlw=0.0000]
epoch 19 step 2180  loss=0.027792  lr=5.00e-05  [rmse=0.0134 h1=0.0001 ssim=0.0689 mlw=0.0000]
epoch 19 step 2190  loss=0.027468  lr=5.00e-05  [rmse=0.0126 h1=0.0001 ssim=0.0568 mlw=0.0000]
epoch 19 step 2200  loss=0.027534  lr=5.00e-05  [rmse=0.0158 h1=0.0001 ssim=0.0464 mlw=0.0000]
epoch 19 step 2210  loss=0.027712  lr=5.00e-05  [rmse=0.0164 h1=0.0001 ssim=0.0759 mlw=0.0000]
epoch 19 step 2220  loss=0.027703  lr=5.00e-05  [rmse=0.0150 h1=0.0001 ssim=0.0549 mlw=0.0000]
epoch 19 step 2230  loss=0.027270  lr=5.00e-05  [rmse=0.0131 h1=0.0001 ssim=0.0438 mlw=0.0000]
epoch 19 step 2240  loss=0.027432  lr=5.00e-05  [rmse=0.0106 h1=0.0000 ssim=0.0466 mlw=0.0000]
epoch 19 step 2250  loss=0.027457  lr=5.00e-05  [rmse=0.0160 h1=0.0001 ssim=0.0536 mlw=0.0000]
epoch 19 step 2260  loss=0.027343  lr=5.00e-05  [rmse=0.0098 h1=0.0001 ssim=0.0381 mlw=0.0000]
INFO     [rank 0] Loss weights: rmse=1.0000, h1=50.0000,      vae_trainer.py:901
         ssim=0.1500, mlw=0.0000, kl=0.0000                                     
INFO     [rank 0] Epoch 19: train_loss=0.027350               vae_trainer.py:927
         val_loss=0.024200  val_VRMSE=0.077586  lr=5.00e-05                     
INFO     [rank 0] Metrics updated: metrics/metrics.csv,       vae_trainer.py:953
         metrics/loss_curves.png                                                
INFO     [rank 0] Saved 12 validation reconstruction PNGs    vae_trainer.py:1151
         for epoch 19                                                           
INFO     [rank 0] Training state saved:                      vae_trainer.py:1327
         checkpoints/vae_shockwave_last.state.pt                                
INFO     [rank 0] Epoch 19 timing: train=1230.9s eval=199.1s  vae_trainer.py:991
         viz=29.8s ckpt=17.0s total=1477.4s                                     
epoch 20 step 2270  loss=0.025054  lr=5.00e-05  [rmse=0.0157 h1=0.0002 ssim=0.0486 mlw=0.0000]
epoch 20 step 2280  loss=0.025379  lr=5.00e-05  [rmse=0.0128 h1=0.0001 ssim=0.0557 mlw=0.0000]
epoch 20 step 2290  loss=0.027098  lr=5.00e-05  [rmse=0.0130 h1=0.0001 ssim=0.0706 mlw=0.0000]
epoch 20 step 2300  loss=0.027629  lr=5.00e-05  [rmse=0.0127 h1=0.0001 ssim=0.0509 mlw=0.0000]
epoch 20 step 2310  loss=0.027428  lr=5.00e-05  [rmse=0.0101 h1=0.0001 ssim=0.0399 mlw=0.0000]
epoch 20 step 2320  loss=0.027107  lr=5.00e-05  [rmse=0.0177 h1=0.0002 ssim=0.0522 mlw=0.0000]
epoch 20 step 2330  loss=0.026886  lr=5.00e-05  [rmse=0.0143 h1=0.0001 ssim=0.0458 mlw=0.0000]
epoch 20 step 2340  loss=0.027076  lr=5.00e-05  [rmse=0.0127 h1=0.0001 ssim=0.0371 mlw=0.0000]
epoch 20 step 2350  loss=0.026769  lr=5.00e-05  [rmse=0.0108 h1=0.0001 ssim=0.0468 mlw=0.0000]
epoch 20 step 2360  loss=0.026893  lr=5.00e-05  [rmse=0.0150 h1=0.0002 ssim=0.0422 mlw=0.0000]
epoch 20 step 2370  loss=0.027200  lr=5.00e-05  [rmse=0.0114 h1=0.0001 ssim=0.0422 mlw=0.0000]
epoch 20 step 2380  loss=0.027080  lr=5.00e-05  [rmse=0.0105 h1=0.0001 ssim=0.0582 mlw=0.0000]
INFO     [rank 0] Loss weights: rmse=1.0000, h1=50.0000,      vae_trainer.py:901
         ssim=0.1500, mlw=0.0000, kl=0.0000                                     
INFO     [rank 0] Epoch 20: train_loss=0.027080               vae_trainer.py:927
         val_loss=0.026901  val_VRMSE=0.083724  lr=5.00e-05                     
INFO     [rank 0] Metrics updated: metrics/metrics.csv,       vae_trainer.py:953
         metrics/loss_curves.png                                                
INFO     [rank 0] Saved 12 validation reconstruction PNGs    vae_trainer.py:1151
         for epoch 20                                                           
INFO     [rank 0] Training state saved:                      vae_trainer.py:1327
         checkpoints/vae_shockwave_last.state.pt                                
INFO     [rank 0] Epoch 20 timing: train=1231.3s eval=199.0s  vae_trainer.py:991
         viz=29.8s ckpt=17.3s total=1478.1s                                     
epoch 21 step 2390  loss=0.025893  lr=5.00e-05  [rmse=0.0102 h1=0.0001 ssim=0.0407 mlw=0.0000]
epoch 21 step 2400  loss=0.024766  lr=5.00e-05  [rmse=0.0126 h1=0.0001 ssim=0.0369 mlw=0.0000]
epoch 21 step 2410  loss=0.025119  lr=5.00e-05  [rmse=0.0147 h1=0.0001 ssim=0.0484 mlw=0.0000]
epoch 21 step 2420  loss=0.025379  lr=5.00e-05  [rmse=0.0140 h1=0.0001 ssim=0.0513 mlw=0.0000]
epoch 21 step 2430  loss=0.025754  lr=5.00e-05  [rmse=0.0118 h1=0.0001 ssim=0.0374 mlw=0.0000]
epoch 21 step 2440  loss=0.025809  lr=5.00e-05  [rmse=0.0112 h1=0.0001 ssim=0.0627 mlw=0.0000]
epoch 21 step 2450  loss=0.026083  lr=5.00e-05  [rmse=0.0133 h1=0.0001 ssim=0.0500 mlw=0.0000]
epoch 21 step 2460  loss=0.026014  lr=5.00e-05  [rmse=0.0136 h1=0.0001 ssim=0.0624 mlw=0.0000]
epoch 21 step 2470  loss=0.025867  lr=5.00e-05  [rmse=0.0126 h1=0.0001 ssim=0.0394 mlw=0.0000]
epoch 21 step 2480  loss=0.025885  lr=5.00e-05  [rmse=0.0153 h1=0.0001 ssim=0.0595 mlw=0.0000]
epoch 21 step 2490  loss=0.026022  lr=5.00e-05  [rmse=0.0115 h1=0.0001 ssim=0.0380 mlw=0.0000]
INFO     [rank 0] Loss weights: rmse=1.0000, h1=50.0000,      vae_trainer.py:901
         ssim=0.1500, mlw=0.0000, kl=0.0000                                     
INFO     [rank 0] Epoch 21: train_loss=0.025980               vae_trainer.py:927
         val_loss=0.025386  val_VRMSE=0.086695  lr=5.00e-05                     
INFO     [rank 0] Metrics updated: metrics/metrics.csv,       vae_trainer.py:953
         metrics/loss_curves.png                                                
INFO     [rank 0] Saved 12 validation reconstruction PNGs    vae_trainer.py:1151
         for epoch 21                                                           
INFO     [rank 0] Training state saved:                      vae_trainer.py:1327
         checkpoints/vae_shockwave_last.state.pt                                
INFO     [rank 0] Epoch 21 timing: train=1230.5s eval=198.9s  vae_trainer.py:991
         viz=29.6s ckpt=17.0s total=1476.8s                                     
epoch 22 step 2500  loss=0.028468  lr=5.00e-05  [rmse=0.0144 h1=0.0001 ssim=0.0438 mlw=0.0000]
epoch 22 step 2510  loss=0.027092  lr=5.00e-05  [rmse=0.0167 h1=0.0001 ssim=0.0353 mlw=0.0000]
epoch 22 step 2520  loss=0.025280  lr=5.00e-05  [rmse=0.0131 h1=0.0001 ssim=0.0413 mlw=0.0000]
epoch 22 step 2530  loss=0.025894  lr=5.00e-05  [rmse=0.0147 h1=0.0001 ssim=0.0541 mlw=0.0000]
epoch 22 step 2540  loss=0.026101  lr=5.00e-05  [rmse=0.0169 h1=0.0002 ssim=0.0473 mlw=0.0000]
epoch 22 step 2550  loss=0.026181  lr=5.00e-05  [rmse=0.0104 h1=0.0001 ssim=0.0382 mlw=0.0000]
epoch 22 step 2560  loss=0.026375  lr=5.00e-05  [rmse=0.0114 h1=0.0001 ssim=0.0458 mlw=0.0000]
epoch 22 step 2570  loss=0.025921  lr=5.00e-05  [rmse=0.0152 h1=0.0001 ssim=0.0411 mlw=0.0000]
epoch 22 step 2580  loss=0.025739  lr=4.99e-05  [rmse=0.0106 h1=0.0001 ssim=0.0380 mlw=0.0000]
epoch 22 step 2590  loss=0.025609  lr=4.99e-05  [rmse=0.0118 h1=0.0001 ssim=0.0424 mlw=0.0000]
epoch 22 step 2600  loss=0.025532  lr=4.98e-05  [rmse=0.0145 h1=0.0002 ssim=0.0496 mlw=0.0000]
epoch 22 step 2610  loss=0.025674  lr=4.97e-05  [rmse=0.0120 h1=0.0001 ssim=0.0429 mlw=0.0000]
INFO     [rank 0] Loss weights: rmse=1.0000, h1=50.0000,      vae_trainer.py:901
         ssim=0.1500, mlw=0.0000, kl=0.0000                                     
INFO     [rank 0] Epoch 22: train_loss=0.025784               vae_trainer.py:927
         val_loss=0.026912  val_VRMSE=0.091490  lr=4.96e-05                     
INFO     [rank 0] Metrics updated: metrics/metrics.csv,       vae_trainer.py:953
         metrics/loss_curves.png                                                
INFO     [rank 0] Saved 12 validation reconstruction PNGs    vae_trainer.py:1151
         for epoch 22                                                           
INFO     [rank 0] Training state saved:                      vae_trainer.py:1327
         checkpoints/vae_shockwave_last.state.pt                                
INFO     [rank 0] Epoch 22 timing: train=1230.0s eval=199.7s  vae_trainer.py:991
         viz=30.0s ckpt=17.3s total=1477.7s                                     
epoch 23 step 2620  loss=0.030578  lr=4.96e-05  [rmse=0.0134 h1=0.0001 ssim=0.0610 mlw=0.0000]
epoch 23 step 2630  loss=0.028822  lr=4.94e-05  [rmse=0.0099 h1=0.0001 ssim=0.0431 mlw=0.0000]
epoch 23 step 2640  loss=0.027218  lr=4.92e-05  [rmse=0.0164 h1=0.0001 ssim=0.0569 mlw=0.0000]
epoch 23 step 2650  loss=0.027303  lr=4.90e-05  [rmse=0.0114 h1=0.0001 ssim=0.0367 mlw=0.0000]
epoch 23 step 2660  loss=0.026594  lr=4.88e-05  [rmse=0.0157 h1=0.0002 ssim=0.0417 mlw=0.0000]
epoch 23 step 2670  loss=0.025960  lr=4.86e-05  [rmse=0.0106 h1=0.0001 ssim=0.0331 mlw=0.0000]
epoch 23 step 2680  loss=0.025879  lr=4.83e-05  [rmse=0.0110 h1=0.0001 ssim=0.0334 mlw=0.0000]
epoch 23 step 2690  loss=0.026205  lr=4.80e-05  [rmse=0.0157 h1=0.0001 ssim=0.0585 mlw=0.0000]
epoch 23 step 2700  loss=0.026431  lr=4.77e-05  [rmse=0.0100 h1=0.0001 ssim=0.0408 mlw=0.0000]
epoch 23 step 2710  loss=0.026416  lr=4.74e-05  [rmse=0.0186 h1=0.0002 ssim=0.0592 mlw=0.0000]
epoch 23 step 2720  loss=0.026713  lr=4.70e-05  [rmse=0.0100 h1=0.0001 ssim=0.0481 mlw=0.0000]
epoch 23 step 2730  loss=0.026619  lr=4.66e-05  [rmse=0.0139 h1=0.0001 ssim=0.0464 mlw=0.0000]
INFO     [rank 0] Loss weights: rmse=1.0000, h1=50.0000,      vae_trainer.py:901
         ssim=0.1500, mlw=0.0000, kl=0.0000                                     
INFO     [rank 0] Epoch 23: train_loss=0.026516               vae_trainer.py:927
         val_loss=0.025977  val_VRMSE=0.085739  lr=4.63e-05                     
INFO     [rank 0] Metrics updated: metrics/metrics.csv,       vae_trainer.py:953
         metrics/loss_curves.png                                                
INFO     [rank 0] Saved 12 validation reconstruction PNGs    vae_trainer.py:1151
         for epoch 23                                                           
INFO     [rank 0] Training state saved:                      vae_trainer.py:1327
         checkpoints/vae_shockwave_last.state.pt                                
INFO     [rank 0] Epoch 23 timing: train=1230.4s eval=200.2s  vae_trainer.py:991
         viz=30.0s ckpt=17.1s total=1478.4s                                     
epoch 24 step 2740  loss=0.026781  lr=4.62e-05  [rmse=0.0138 h1=0.0001 ssim=0.0563 mlw=0.0000]
epoch 24 step 2750  loss=0.023439  lr=4.58e-05  [rmse=0.0091 h1=0.0001 ssim=0.0266 mlw=0.0000]
epoch 24 step 2760  loss=0.024150  lr=4.54e-05  [rmse=0.0149 h1=0.0002 ssim=0.0464 mlw=0.0000]
epoch 24 step 2770  loss=0.023996  lr=4.49e-05  [rmse=0.0114 h1=0.0001 ssim=0.0417 mlw=0.0000]
epoch 24 step 2780  loss=0.023829  lr=4.44e-05  [rmse=0.0133 h1=0.0001 ssim=0.0384 mlw=0.0000]
epoch 24 step 2790  loss=0.023749  lr=4.40e-05  [rmse=0.0199 h1=0.0001 ssim=0.0421 mlw=0.0000]
epoch 24 step 2800  loss=0.024283  lr=4.34e-05  [rmse=0.0126 h1=0.0001 ssim=0.0507 mlw=0.0000]
epoch 24 step 2810  loss=0.025159  lr=4.29e-05  [rmse=0.0124 h1=0.0001 ssim=0.0369 mlw=0.0000]
epoch 24 step 2820  loss=0.025635  lr=4.24e-05  [rmse=0.0204 h1=0.0002 ssim=0.0619 mlw=0.0000]
epoch 24 step 2830  loss=0.025769  lr=4.18e-05  [rmse=0.0138 h1=0.0001 ssim=0.0420 mlw=0.0000]
epoch 24 step 2840  loss=0.025848  lr=4.12e-05  [rmse=0.0082 h1=0.0000 ssim=0.0304 mlw=0.0000]
epoch 24 step 2850  loss=0.025821  lr=4.06e-05  [rmse=0.0108 h1=0.0001 ssim=0.0517 mlw=0.0000]
INFO     [rank 0] Loss weights: rmse=1.0000, h1=50.0000,      vae_trainer.py:901
         ssim=0.1500, mlw=0.0000, kl=0.0000                                     
INFO     [rank 0] Epoch 24: train_loss=0.025969               vae_trainer.py:927
         val_loss=0.024992  val_VRMSE=0.085882  lr=4.03e-05                     
INFO     [rank 0] Metrics updated: metrics/metrics.csv,       vae_trainer.py:953
         metrics/loss_curves.png                                                
INFO     [rank 0] Saved 12 validation reconstruction PNGs    vae_trainer.py:1151
         for epoch 24                                                           
INFO     [rank 0] Training state saved:                      vae_trainer.py:1327
         checkpoints/vae_shockwave_last.state.pt                                
INFO     [rank 0] Epoch 24 timing: train=1230.0s eval=199.8s  vae_trainer.py:991
         viz=29.7s ckpt=16.7s total=1476.9s                                     
epoch 25 step 2860  loss=0.025684  lr=4.00e-05  [rmse=0.0142 h1=0.0001 ssim=0.0408 mlw=0.0000]
epoch 25 step 2870  loss=0.025124  lr=3.94e-05  [rmse=0.0098 h1=0.0001 ssim=0.0392 mlw=0.0000]
epoch 25 step 2880  loss=0.025689  lr=3.88e-05  [rmse=0.0160 h1=0.0002 ssim=0.0534 mlw=0.0000]
epoch 25 step 2890  loss=0.025559  lr=3.81e-05  [rmse=0.0165 h1=0.0002 ssim=0.0471 mlw=0.0000]
epoch 25 step 2900  loss=0.024918  lr=3.75e-05  [rmse=0.0084 h1=0.0001 ssim=0.0262 mlw=0.0000]
epoch 25 step 2910  loss=0.024371  lr=3.68e-05  [rmse=0.0095 h1=0.0001 ssim=0.0332 mlw=0.0000]
epoch 25 step 2920  loss=0.023777  lr=3.61e-05  [rmse=0.0075 h1=0.0001 ssim=0.0305 mlw=0.0000]
epoch 25 step 2930  loss=0.023583  lr=3.54e-05  [rmse=0.0123 h1=0.0001 ssim=0.0336 mlw=0.0000]
epoch 25 step 2940  loss=0.023213  lr=3.47e-05  [rmse=0.0099 h1=0.0001 ssim=0.0345 mlw=0.0000]
epoch 25 step 2950  loss=0.022926  lr=3.40e-05  [rmse=0.0118 h1=0.0001 ssim=0.0318 mlw=0.0000]
epoch 25 step 2960  loss=0.022664  lr=3.33e-05  [rmse=0.0067 h1=0.0000 ssim=0.0228 mlw=0.0000]
epoch 25 step 2970  loss=0.022383  lr=3.26e-05  [rmse=0.0109 h1=0.0001 ssim=0.0347 mlw=0.0000]
INFO     [rank 0] Loss weights: rmse=1.0000, h1=50.0000,      vae_trainer.py:901
         ssim=0.1500, mlw=0.0000, kl=0.0000                                     
INFO     [rank 0] Epoch 25: train_loss=0.022504               vae_trainer.py:927
         val_loss=0.021051  val_VRMSE=0.066462  lr=3.22e-05                     
INFO     [rank 0] Metrics updated: metrics/metrics.csv,       vae_trainer.py:953
         metrics/loss_curves.png                                                
INFO     [rank 0] Saved 12 validation reconstruction PNGs    vae_trainer.py:1151
         for epoch 25                                                           
INFO     [rank 0] New best checkpoint (epoch 25,             vae_trainer.py:1251
         val_vrmse=0.066462):                                                   
         checkpoints/vae_shockwave_best.safetensors                             
INFO     [rank 0] Training state saved:                      vae_trainer.py:1327
         checkpoints/vae_shockwave_last.state.pt                                
INFO     [rank 0] Epoch 25 timing: train=1231.2s eval=200.7s  vae_trainer.py:991
         viz=29.0s ckpt=17.8s total=1479.5s                                     
epoch 26 step 2980  loss=0.024828  lr=3.19e-05  [rmse=0.0139 h1=0.0002 ssim=0.0371 mlw=0.0000]
epoch 26 step 2990  loss=0.022663  lr=3.11e-05  [rmse=0.0140 h1=0.0002 ssim=0.0406 mlw=0.0000]
epoch 26 step 3000  loss=0.021236  lr=3.04e-05  [rmse=0.0132 h1=0.0002 ssim=0.0350 mlw=0.0000]
epoch 26 step 3010  loss=0.021305  lr=2.96e-05  [rmse=0.0118 h1=0.0001 ssim=0.0335 mlw=0.0000]
epoch 26 step 3020  loss=0.020905  lr=2.89e-05  [rmse=0.0113 h1=0.0001 ssim=0.0308 mlw=0.0000]
epoch 26 step 3030  loss=0.020866  lr=2.81e-05  [rmse=0.0116 h1=0.0001 ssim=0.0324 mlw=0.0000]
epoch 26 step 3040  loss=0.020581  lr=2.74e-05  [rmse=0.0111 h1=0.0001 ssim=0.0368 mlw=0.0000]
epoch 26 step 3050  loss=0.020380  lr=2.66e-05  [rmse=0.0085 h1=0.0001 ssim=0.0289 mlw=0.0000]
epoch 26 step 3060  loss=0.020225  lr=2.58e-05  [rmse=0.0063 h1=0.0000 ssim=0.0242 mlw=0.0000]
epoch 26 step 3070  loss=0.020012  lr=2.51e-05  [rmse=0.0090 h1=0.0001 ssim=0.0282 mlw=0.0000]
epoch 26 step 3080  loss=0.019709  lr=2.43e-05  [rmse=0.0078 h1=0.0001 ssim=0.0243 mlw=0.0000]
epoch 26 step 3090  loss=0.019709  lr=2.36e-05  [rmse=0.0092 h1=0.0001 ssim=0.0323 mlw=0.0000]
INFO     [rank 0] Loss weights: rmse=1.0000, h1=50.0000,      vae_trainer.py:901
         ssim=0.1500, mlw=0.0000, kl=0.0000                                     
INFO     [rank 0] Epoch 26: train_loss=0.019742               vae_trainer.py:927
         val_loss=0.020005  val_VRMSE=0.064225  lr=2.33e-05                     
INFO     [rank 0] Metrics updated: metrics/metrics.csv,       vae_trainer.py:953
         metrics/loss_curves.png                                                
INFO     [rank 0] Saved 12 validation reconstruction PNGs    vae_trainer.py:1151
         for epoch 26                                                           
INFO     [rank 0] New best checkpoint (epoch 26,             vae_trainer.py:1251
         val_vrmse=0.064225):                                                   
         checkpoints/vae_shockwave_best.safetensors                             
INFO     [rank 0] Training state saved:                      vae_trainer.py:1327
         checkpoints/vae_shockwave_last.state.pt                                
INFO     [rank 0] Epoch 26 timing: train=1230.1s eval=195.9s  vae_trainer.py:991
         viz=29.2s ckpt=18.0s total=1474.0s                                     
epoch 27 step 3100  loss=0.019082  lr=2.28e-05  [rmse=0.0085 h1=0.0001 ssim=0.0322 mlw=0.0000]
epoch 27 step 3110  loss=0.020296  lr=2.20e-05  [rmse=0.0076 h1=0.0001 ssim=0.0288 mlw=0.0000]
epoch 27 step 3120  loss=0.020046  lr=2.13e-05  [rmse=0.0112 h1=0.0001 ssim=0.0276 mlw=0.0000]
epoch 27 step 3130  loss=0.019632  lr=2.05e-05  [rmse=0.0095 h1=0.0001 ssim=0.0296 mlw=0.0000]
epoch 27 step 3140  loss=0.019509  lr=1.98e-05  [rmse=0.0095 h1=0.0001 ssim=0.0287 mlw=0.0000]
epoch 27 step 3150  loss=0.019279  lr=1.91e-05  [rmse=0.0069 h1=0.0001 ssim=0.0246 mlw=0.0000]
epoch 27 step 3160  loss=0.018986  lr=1.83e-05  [rmse=0.0070 h1=0.0001 ssim=0.0254 mlw=0.0000]
epoch 27 step 3170  loss=0.018886  lr=1.76e-05  [rmse=0.0092 h1=0.0001 ssim=0.0238 mlw=0.0000]
epoch 27 step 3180  loss=0.018812  lr=1.69e-05  [rmse=0.0101 h1=0.0001 ssim=0.0306 mlw=0.0000]
epoch 27 step 3190  loss=0.018648  lr=1.62e-05  [rmse=0.0078 h1=0.0001 ssim=0.0259 mlw=0.0000]
epoch 27 step 3200  loss=0.018629  lr=1.55e-05  [rmse=0.0085 h1=0.0001 ssim=0.0241 mlw=0.0000]
epoch 27 step 3210  loss=0.018652  lr=1.48e-05  [rmse=0.0083 h1=0.0001 ssim=0.0252 mlw=0.0000]
INFO     [rank 0] Loss weights: rmse=1.0000, h1=50.0000,      vae_trainer.py:901
         ssim=0.1500, mlw=0.0000, kl=0.0000                                     
INFO     [rank 0] Epoch 27: train_loss=0.018640               vae_trainer.py:927
         val_loss=0.017264  val_VRMSE=0.052890  lr=1.46e-05                     
INFO     [rank 0] Metrics updated: metrics/metrics.csv,       vae_trainer.py:953
         metrics/loss_curves.png                                                
INFO     [rank 0] Saved 12 validation reconstruction PNGs    vae_trainer.py:1151
         for epoch 27                                                           
INFO     [rank 0] New best checkpoint (epoch 27,             vae_trainer.py:1251
         val_vrmse=0.052890):                                                   
         checkpoints/vae_shockwave_best.safetensors                             
INFO     [rank 0] Training state saved:                      vae_trainer.py:1327
         checkpoints/vae_shockwave_last.state.pt                                
INFO     [rank 0] Epoch 27 timing: train=1229.5s eval=196.4s  vae_trainer.py:991
         viz=29.6s ckpt=18.2s total=1474.5s                                     
epoch 28 step 3220  loss=0.017668  lr=1.41e-05  [rmse=0.0112 h1=0.0001 ssim=0.0271 mlw=0.0000]
epoch 28 step 3230  loss=0.018200  lr=1.34e-05  [rmse=0.0117 h1=0.0001 ssim=0.0341 mlw=0.0000]
epoch 28 step 3240  loss=0.018568  lr=1.28e-05  [rmse=0.0100 h1=0.0001 ssim=0.0260 mlw=0.0000]
epoch 28 step 3250  loss=0.018250  lr=1.21e-05  [rmse=0.0068 h1=0.0001 ssim=0.0214 mlw=0.0000]
epoch 28 step 3260  loss=0.018075  lr=1.15e-05  [rmse=0.0073 h1=0.0001 ssim=0.0221 mlw=0.0000]
epoch 28 step 3270  loss=0.017984  lr=1.09e-05  [rmse=0.0070 h1=0.0001 ssim=0.0184 mlw=0.0000]
epoch 28 step 3280  loss=0.018172  lr=1.03e-05  [rmse=0.0108 h1=0.0001 ssim=0.0327 mlw=0.0000]
epoch 28 step 3290  loss=0.018106  lr=9.70e-06  [rmse=0.0072 h1=0.0001 ssim=0.0236 mlw=0.0000]
epoch 28 step 3300  loss=0.017923  lr=9.13e-06  [rmse=0.0090 h1=0.0001 ssim=0.0208 mlw=0.0000]
epoch 28 step 3310  loss=0.017800  lr=8.57e-06  [rmse=0.0087 h1=0.0001 ssim=0.0228 mlw=0.0000]
epoch 28 step 3320  loss=0.017738  lr=8.03e-06  [rmse=0.0106 h1=0.0001 ssim=0.0326 mlw=0.0000]
epoch 28 step 3330  loss=0.017700  lr=7.50e-06  [rmse=0.0070 h1=0.0001 ssim=0.0255 mlw=0.0000]
INFO     [rank 0] Loss weights: rmse=1.0000, h1=50.0000,      vae_trainer.py:901
         ssim=0.1500, mlw=0.0000, kl=0.0000                                     
INFO     [rank 0] Epoch 28: train_loss=0.017698               vae_trainer.py:927
         val_loss=0.016954  val_VRMSE=0.051922  lr=7.40e-06                     
INFO     [rank 0] Metrics updated: metrics/metrics.csv,       vae_trainer.py:953
         metrics/loss_curves.png                                                
INFO     [rank 0] Saved 12 validation reconstruction PNGs    vae_trainer.py:1151
         for epoch 28                                                           
INFO     [rank 0] New best checkpoint (epoch 28,             vae_trainer.py:1251
         val_vrmse=0.051922):                                                   
         checkpoints/vae_shockwave_best.safetensors                             
INFO     [rank 0] Training state saved:                      vae_trainer.py:1327
         checkpoints/vae_shockwave_last.state.pt                                
INFO     [rank 0] Epoch 28 timing: train=1230.5s eval=195.5s  vae_trainer.py:991
         viz=28.9s ckpt=18.0s total=1473.9s                                     
epoch 29 step 3340  loss=0.017007  lr=7.00e-06  [rmse=0.0082 h1=0.0001 ssim=0.0253 mlw=0.0000]
epoch 29 step 3350  loss=0.016959  lr=6.51e-06  [rmse=0.0080 h1=0.0001 ssim=0.0228 mlw=0.0000]
epoch 29 step 3360  loss=0.017241  lr=6.03e-06  [rmse=0.0065 h1=0.0001 ssim=0.0214 mlw=0.0000]
epoch 29 step 3370  loss=0.017333  lr=5.58e-06  [rmse=0.0080 h1=0.0001 ssim=0.0242 mlw=0.0000]
epoch 29 step 3380  loss=0.017340  lr=5.15e-06  [rmse=0.0089 h1=0.0001 ssim=0.0308 mlw=0.0000]
epoch 29 step 3390  loss=0.016990  lr=4.73e-06  [rmse=0.0067 h1=0.0000 ssim=0.0213 mlw=0.0000]
epoch 29 step 3400  loss=0.017012  lr=4.34e-06  [rmse=0.0062 h1=0.0000 ssim=0.0224 mlw=0.0000]
epoch 29 step 3410  loss=0.017002  lr=3.97e-06  [rmse=0.0100 h1=0.0001 ssim=0.0263 mlw=0.0000]
epoch 29 step 3420  loss=0.016782  lr=3.61e-06  [rmse=0.0073 h1=0.0001 ssim=0.0207 mlw=0.0000]
epoch 29 step 3430  loss=0.016878  lr=3.28e-06  [rmse=0.0089 h1=0.0001 ssim=0.0231 mlw=0.0000]
epoch 29 step 3440  loss=0.017290  lr=2.97e-06  [rmse=0.0094 h1=0.0001 ssim=0.0231 mlw=0.0000]
epoch 29 step 3450  loss=0.017222  lr=2.68e-06  [rmse=0.0078 h1=0.0001 ssim=0.0236 mlw=0.0000]
INFO     [rank 0] Loss weights: rmse=1.0000, h1=50.0000,      vae_trainer.py:901
         ssim=0.1500, mlw=0.0000, kl=0.0000                                     
INFO     [rank 0] Epoch 29: train_loss=0.017183               vae_trainer.py:927
         val_loss=0.016879  val_VRMSE=0.051702  lr=2.66e-06                     
INFO     [rank 0] Metrics updated: metrics/metrics.csv,       vae_trainer.py:953
         metrics/loss_curves.png                                                
INFO     [rank 0] Saved 12 validation reconstruction PNGs    vae_trainer.py:1151
         for epoch 29                                                           
INFO     [rank 0] New best checkpoint (epoch 29,             vae_trainer.py:1251
         val_vrmse=0.051702):                                                   
         checkpoints/vae_shockwave_best.safetensors                             
INFO     [rank 0] Training state saved:                      vae_trainer.py:1327
         checkpoints/vae_shockwave_last.state.pt                                
INFO     [rank 0] Epoch 29 timing: train=1230.0s eval=196.0s  vae_trainer.py:991
         viz=29.4s ckpt=18.6s total=1474.8s                                     
epoch 30 step 3460  loss=0.015791  lr=2.42e-06  [rmse=0.0086 h1=0.0001 ssim=0.0250 mlw=0.0000]
epoch 30 step 3470  loss=0.016620  lr=2.17e-06  [rmse=0.0093 h1=0.0001 ssim=0.0253 mlw=0.0000]
