Directory where err and out file are logged: /dss/dsshome1/09/ge26qux3/work_wh/windinet
MASTER_ADDR: lrz-hgx-h100-017
MASTER_PORT: 51465
SLURM_NODEID: 0
SLURM_NNODES: 1
SLURM_GPUS_PER_NODE: 2
WORLD_SIZE: 2
CUDA_VISIBLE_DEVICES: 0,1
Job started at: Mon Aug 24 07:37:18 AM CEST 2026
batch_size=8 accum=2 output_dir=/mnt/result/finetune_vae_whole_structure_baseline_ep20_256res data_root=/mnt/data/train.h5
INFO     [rank 0] generated new fontManager                 font_manager.py:1639
INFO     [rank 1] generated new fontManager                 font_manager.py:1639
                          VAE Finetuning Configuration                          
┏━━━━━━━━━━━━━━━━━━━━━━━━━━━━━━━━━━━━━━┳━━━━━━━━━━━━━━━━━━━━━━━━━━━━━━━━━━━━━━━┓
┃ Parameter                            ┃ Value                                 ┃
┡━━━━━━━━━━━━━━━━━━━━━━━━━━━━━━━━━━━━━━╇━━━━━━━━━━━━━━━━━━━━━━━━━━━━━━━━━━━━━━━┩
│ model.model_source                   │ LTXV_2B_0.9.6_DEV                     │
│ model.load_checkpoint                │ None                                  │
│ adapter.enabled                      │ True                                  │
│ adapter.checkpoint                   │ None                                  │
│ adapter.channels                     │ ['density', 'momentum_x',             │
│                                      │ 'momentum_y', 'pressure']             │
│ adapter.mode                         │ inflate                               │
│ adapter.inflate_init                 │ zeros                                 │
│ adapter.inflate_copy_channel         │ None                                  │
│ adapter.freeze_conv_in               │ False                                 │
│ adapter.unfreeze_encoder_trunk       │ True                                  │
│ adapter.hidden_channels              │ 32                                    │
│ adapter.activation                   │ gelu                                  │
│ adapter.identity_init                │ False                                 │
│ adapter.default_temb                 │ 0.0                                   │
│ data.data_root                       │ /mnt/data/train.h5                    │
│ data.eval_sims                       │ 675                                   │
│ data.num_dataloader_workers          │ 4                                     │
│ data.num_sim_frames                  │ None                                  │
│ data.overfit_sims                    │ None                                  │
│ data.overfit_repeat                  │ 1                                     │
│ data.channel_mean                    │ [0.9050976477108856,                  │
│                                      │ 0.004045365949982484,                 │
│                                      │ -0.0019089379638760548, 0.9           │
│ data.channel_std                     │ [0.6618199912434938,                  │
│                                      │ 0.5335233432828087,                   │
│                                      │ 0.5268940723644505, 0.8053303         │
│ data.normalization_stats_file        │ None                                  │
│ data.normalization_clip              │ 5.0                                   │
│ data.channel_order                   │ ['density', 'momentum_x',             │
│                                      │ 'momentum_y', 'pressure']             │
│ data.log_transform_channels          │ []                                    │
│ optimization.learning_rate           │ 5e-05                                 │
│ optimization.min_learning_rate       │ 1e-06                                 │
│ optimization.scheduler_type          │ wsd                                   │
│ optimization.stable_fraction         │ 0.7                                   │
│ optimization.stable_end_epoch        │ None                                  │
│ optimization.plateau_factor          │ 0.5                                   │
│ optimization.plateau_patience        │ 3                                     │
│ optimization.plateau_threshold       │ 0.0001                                │
│ optimization.epochs                  │ 20                                    │
│ optimization.batch_size              │ 8                                     │
│ optimization.gradient_accumulation_… │ 2                                     │
│ optimization.max_grad_norm           │ 5.0                                   │
│ optimization.weight_decay            │ 0.0                                   │
│ optimization.warmup_steps            │ 200                                   │
│ optimization.warmup_start_factor     │ 0.01                                  │
│ optimization.enable_gradient_checkp… │ True                                  │
│ loss.wavelet                         │ db2                                   │
│ loss.spatial_level                   │ 2                                     │
│ loss.temporal_level                  │ 2                                     │
│ loss.mlw_beta                        │ 10.0                                  │
│ loss.mlw_eps                         │ 1e-06                                 │
│ loss_weighting.strategy              │ fixed                                 │
│ loss_weighting.weights               │ {'rmse': 1.0, 'h1': 50.0, 'ssim':     │
│                                      │ 0.15, 'mlw': 0.0}                     │
│ loss_weighting.loss_names            │ ['rmse', 'h1', 'ssim', 'mlw']         │
│ loss_weighting.alpha                 │ 1.5                                   │
│ loss_weighting.weight_lr             │ 0.025                                 │
│ loss_weighting.temperature           │ 0.1                                   │
│ visualization.enabled                │ True                                  │
│ visualization.interval_epochs        │ 1                                     │
│ visualization.num_samples            │ 3                                     │
│ visualization.frame_numbers          │ [25, 50, 75, 100]                     │
│ visualization.dpi                    │ 150                                   │
│ acceleration.mixed_precision_mode    │ bf16                                  │
│ acceleration.compile_with_inductor   │ False                                 │
│ acceleration.compilation_mode        │ reduce-overhead                       │
│ checkpoints.interval                 │ 1                                     │
│ checkpoints.keep_last_n              │ 1                                     │
│ checkpoints.save_best_only           │ True                                  │
│ checkpoints.best_metric              │ val_vrmse                             │
│ checkpoints.save_last_state          │ True                                  │
│ checkpoints.save_epochs              │ [15]                                  │
│ wandb.enabled                        │ False                                 │
│ wandb.project                        │ windinet                              │
│ wandb.entity                         │ None                                  │
│ wandb.tags                           │ ['vae', 'inflate', 'zeros-init',      │
│                                      │ 'wsd', '20ep', 'lr1x', 'shockwave-cfd │
│ seed                                 │ 42                                    │
│ output_dir                           │ /mnt/result/finetune_vae_whole_struc… │
│ clean_output_dir                     │ True                                  │
│ resume_from                          │ None                                  │
│ resume_weights_only                  │ False                                 │
└──────────────────────────────────────┴───────────────────────────────────────┘
INFO     [rank 0] Distributed training: 2 processes          vae_trainer.py:1429
INFO     [rank 0] HTTP Request: HEAD                             _client.py:1025
         https://huggingface.co/Lightricks/LTX-Video-0.9.5/resol                
         ve/main/vae/config.json "HTTP/1.1 307 Temporary                        
         Redirect"                                                              
WARNING  [rank 0] Warning: You are sending unauthenticated requests _http.py:951
         to the HF Hub. Please set a HF_TOKEN to enable higher rate             
         limits and faster downloads.                                           
INFO     [rank 0] HTTP Request: HEAD                             _client.py:1025
         https://huggingface.co/api/resolve-cache/models/Lightri                
         cks/LTX-Video-0.9.5/e58e28c39631af4d1468ee57a853764e11c                
         1d37e/vae%2Fconfig.json "HTTP/1.1 200 OK"                              
INFO     [rank 1] HTTP Request: HEAD                             _client.py:1025
         https://huggingface.co/Lightricks/LTX-Video-0.9.5/resol                
         ve/main/vae/config.json "HTTP/1.1 307 Temporary                        
         Redirect"                                                              
WARNING  [rank 1] Warning: You are sending unauthenticated requests _http.py:951
         to the HF Hub. Please set a HF_TOKEN to enable higher rate             
         limits and faster downloads.                                           
INFO     [rank 1] HTTP Request: HEAD                             _client.py:1025
         https://huggingface.co/api/resolve-cache/models/Lightri                
         cks/LTX-Video-0.9.5/e58e28c39631af4d1468ee57a853764e11c                
         1d37e/vae%2Fconfig.json "HTTP/1.1 200 OK"                              
INFO     [rank 0] HTTP Request: HEAD                             _client.py:1025
         https://huggingface.co/Lightricks/LTX-Video-0.9.5/resol                
         ve/e58e28c39631af4d1468ee57a853764e11c1d37e/vae/diffusi                
         on_pytorch_model.safetensors.index.json "HTTP/1.1 404                  
         Not Found"                                                             
INFO     [rank 1] HTTP Request: HEAD                             _client.py:1025
         https://huggingface.co/Lightricks/LTX-Video-0.9.5/resol                
         ve/e58e28c39631af4d1468ee57a853764e11c1d37e/vae/diffusi                
         on_pytorch_model.safetensors.index.json "HTTP/1.1 404                  
         Not Found"                                                             
INFO     [rank 0] VAE inflated to 4 native channels           vae_trainer.py:197
         (init=zeros); encoder.conv_in is trainable                             
INFO     [rank 0] Encoder extra modules UNFROZEN:             vae_trainer.py:254
         down_blocks[0, 1, 2] + tail                                            
         (down_blocks[-1]+mid_block+norm_out+conv_out)                          
INFO     [rank 0] VAE gradient checkpointing enabled          vae_trainer.py:265
INFO     [rank 0] VAE loaded. Decoder params: 552,869,953     vae_trainer.py:271
INFO     [rank 0] Trainable parameters:                       vae_trainer.py:342
         encoder_conv_in=221,312, encoder_extra=693,932,865,                    
         decoder=552,869,953, in_adapter=0, out_adapter=0                       
INFO     [rank 0] Dataset: 3825 train, 675 eval samples       vae_trainer.py:606
INFO     [rank 0] encoder.conv_in LR = 5.00e-05 (== decoder   vae_trainer.py:630
         LR)                                                                    
INFO     [rank 0] encoder extra (down_blocks[0, 1, 2]+tail)   vae_trainer.py:641
         LR = 5.00e-05 (== decoder LR)                                          
INFO     [rank 0] LR schedule 'wsd': 2400 steps (200 warmup,  vae_trainer.py:732
         1540 stable, 660 anneal), peak 5.00e-05 -> floor                       
         1.00e-06                                                               
INFO     [rank 0] Cleaned output directory:                  vae_trainer.py:1394
         /mnt/result/finetune_vae_whole_structure_baseline_e                    
         p20_256res                                                             
INFO     [rank 0] Config saved:                              vae_trainer.py:1461
         /mnt/result/finetune_vae_whole_structure_baseline_e                    
         p20_256res/training_config.yaml                                        
INFO     [rank 0] Starting VAE decoder finetuning...          vae_trainer.py:780
epoch 1 step 10  loss=0.115709  lr=2.98e-06  [rmse=0.0527 h1=0.0001 ssim=0.2673 mlw=0.0000]
epoch 1 step 20  loss=0.119502  lr=5.45e-06  [rmse=0.0379 h1=0.0001 ssim=0.2144 mlw=0.0000]
epoch 1 step 30  loss=0.120094  lr=7.93e-06  [rmse=0.0429 h1=0.0001 ssim=0.2061 mlw=0.0000]
epoch 1 step 40  loss=0.118910  lr=1.04e-05  [rmse=0.0466 h1=0.0002 ssim=0.2016 mlw=0.0000]
epoch 1 step 50  loss=0.116853  lr=1.29e-05  [rmse=0.0401 h1=0.0003 ssim=0.1610 mlw=0.0000]
epoch 1 step 60  loss=0.110462  lr=1.54e-05  [rmse=0.0429 h1=0.0004 ssim=0.1515 mlw=0.0000]
epoch 1 step 70  loss=0.103412  lr=1.78e-05  [rmse=0.0312 h1=0.0002 ssim=0.1485 mlw=0.0000]
epoch 1 step 80  loss=0.099364  lr=2.03e-05  [rmse=0.0260 h1=0.0001 ssim=0.2351 mlw=0.0000]
epoch 1 step 90  loss=0.094875  lr=2.28e-05  [rmse=0.0262 h1=0.0002 ssim=0.1164 mlw=0.0000]
epoch 1 step 100  loss=0.092284  lr=2.53e-05  [rmse=0.0263 h1=0.0001 ssim=0.1620 mlw=0.0000]
epoch 1 step 110  loss=0.089406  lr=2.77e-05  [rmse=0.0370 h1=0.0004 ssim=0.1890 mlw=0.0000]
epoch 1 step 120  loss=0.087125  lr=3.02e-05  [rmse=0.0391 h1=0.0003 ssim=0.2490 mlw=0.0000]
INFO     [rank 0] Loss weights: rmse=1.0000, h1=50.0000,      vae_trainer.py:950
         ssim=0.1500, mlw=0.0000                                                
INFO     [rank 0] Epoch 1: train_loss=0.087125                vae_trainer.py:989
         val_loss=0.059687  val_VRMSE=0.200299  lr=3.02e-05                     
INFO     [rank 0] Metrics updated: metrics/metrics.csv,      vae_trainer.py:1015
         metrics/loss_curves.png                                                
INFO     [rank 0] Saved 12 validation reconstruction PNGs    vae_trainer.py:1208
         for epoch 1                                                            
INFO     [rank 0] New best checkpoint (epoch 1,              vae_trainer.py:1307
         val_vrmse=0.200299):                                                   
         checkpoints/vae_shockwave_best.safetensors                             
INFO     [rank 0] Training state saved:                      vae_trainer.py:1383
         checkpoints/vae_shockwave_last.state.pt                                
INFO     [rank 0] Epoch 1 timing: train=1314.6s eval=279.8s  vae_trainer.py:1048
         viz=30.1s ckpt=19.6s total=1644.9s                                     
epoch 2 step 130  loss=0.062751  lr=3.27e-05  [rmse=0.0338 h1=0.0002 ssim=0.1930 mlw=0.0000]
epoch 2 step 140  loss=0.061354  lr=3.52e-05  [rmse=0.0302 h1=0.0001 ssim=0.2394 mlw=0.0000]
epoch 2 step 150  loss=0.061383  lr=3.76e-05  [rmse=0.0310 h1=0.0002 ssim=0.1685 mlw=0.0000]
epoch 2 step 160  loss=0.062147  lr=4.01e-05  [rmse=0.0248 h1=0.0001 ssim=0.1402 mlw=0.0000]
epoch 2 step 170  loss=0.063095  lr=4.26e-05  [rmse=0.0288 h1=0.0001 ssim=0.2078 mlw=0.0000]
epoch 2 step 180  loss=0.064484  lr=4.51e-05  [rmse=0.0396 h1=0.0001 ssim=0.1980 mlw=0.0000]
epoch 2 step 190  loss=0.063762  lr=4.75e-05  [rmse=0.0429 h1=0.0004 ssim=0.1769 mlw=0.0000]
epoch 2 step 200  loss=0.065622  lr=5.00e-05  [rmse=0.0662 h1=0.0003 ssim=0.2371 mlw=0.0000]
epoch 2 step 210  loss=0.067123  lr=5.00e-05  [rmse=0.0294 h1=0.0002 ssim=0.1114 mlw=0.0000]
epoch 2 step 220  loss=0.068266  lr=5.00e-05  [rmse=0.0364 h1=0.0002 ssim=0.1831 mlw=0.0000]
epoch 2 step 230  loss=0.069231  lr=5.00e-05  [rmse=0.0382 h1=0.0001 ssim=0.1861 mlw=0.0000]
epoch 2 step 240  loss=0.102476  lr=5.00e-05  [rmse=0.2391 h1=0.0005 ssim=0.5827 mlw=0.0000]
INFO     [rank 0] Loss weights: rmse=1.0000, h1=50.0000,      vae_trainer.py:950
         ssim=0.1500, mlw=0.0000                                                
INFO     [rank 0] Epoch 2: train_loss=0.102476                vae_trainer.py:989
         val_loss=0.205762  val_VRMSE=0.691716  lr=5.00e-05                     
INFO     [rank 0] Metrics updated: metrics/metrics.csv,      vae_trainer.py:1015
         metrics/loss_curves.png                                                
INFO     [rank 0] Saved 12 validation reconstruction PNGs    vae_trainer.py:1208
         for epoch 2                                                            
INFO     [rank 0] Training state saved:                      vae_trainer.py:1383
         checkpoints/vae_shockwave_last.state.pt                                
INFO     [rank 0] Epoch 2 timing: train=1318.3s eval=231.8s  vae_trainer.py:1048
         viz=31.9s ckpt=19.1s total=1601.9s                                     
epoch 3 step 250  loss=0.325940  lr=5.00e-05  [rmse=0.1175 h1=0.0005 ssim=0.5686 mlw=0.0000]
epoch 3 step 260  loss=0.314743  lr=5.00e-05  [rmse=0.1014 h1=0.0004 ssim=0.6648 mlw=0.0000]
epoch 3 step 270  loss=0.290548  lr=5.00e-05  [rmse=0.1210 h1=0.0004 ssim=0.5169 mlw=0.0000]
epoch 3 step 280  loss=0.264450  lr=5.00e-05  [rmse=0.0815 h1=0.0004 ssim=0.3461 mlw=0.0000]
epoch 3 step 290  loss=0.237307  lr=5.00e-05  [rmse=0.0468 h1=0.0001 ssim=0.2535 mlw=0.0000]
epoch 3 step 300  loss=0.217048  lr=5.00e-05  [rmse=0.0896 h1=0.0004 ssim=0.2698 mlw=0.0000]
epoch 3 step 310  loss=0.202998  lr=5.00e-05  [rmse=0.0583 h1=0.0003 ssim=0.2557 mlw=0.0000]
epoch 3 step 320  loss=0.190946  lr=5.00e-05  [rmse=0.0533 h1=0.0003 ssim=0.1882 mlw=0.0000]
epoch 3 step 330  loss=0.180549  lr=5.00e-05  [rmse=0.0461 h1=0.0003 ssim=0.2269 mlw=0.0000]
epoch 3 step 340  loss=0.171106  lr=5.00e-05  [rmse=0.0402 h1=0.0003 ssim=0.1657 mlw=0.0000]
epoch 3 step 350  loss=0.163300  lr=5.00e-05  [rmse=0.0393 h1=0.0002 ssim=0.2081 mlw=0.0000]
epoch 3 step 360  loss=0.157386  lr=5.00e-05  [rmse=0.0354 h1=0.0002 ssim=0.2259 mlw=0.0000]
INFO     [rank 0] Loss weights: rmse=1.0000, h1=50.0000,      vae_trainer.py:950
         ssim=0.1500, mlw=0.0000                                                
INFO     [rank 0] Epoch 3: train_loss=0.157386                vae_trainer.py:989
         val_loss=0.079584  val_VRMSE=0.266791  lr=5.00e-05                     
INFO     [rank 0] Metrics updated: metrics/metrics.csv,      vae_trainer.py:1015
         metrics/loss_curves.png                                                
INFO     [rank 0] Saved 12 validation reconstruction PNGs    vae_trainer.py:1208
         for epoch 3                                                            
INFO     [rank 0] Training state saved:                      vae_trainer.py:1383
         checkpoints/vae_shockwave_last.state.pt                                
INFO     [rank 0] Epoch 3 timing: train=1320.1s eval=248.4s  vae_trainer.py:1048
         viz=30.5s ckpt=18.4s total=1618.3s                                     
epoch 4 step 370  loss=0.077484  lr=5.00e-05  [rmse=0.0285 h1=0.0002 ssim=0.1558 mlw=0.0000]
epoch 4 step 380  loss=0.075736  lr=5.00e-05  [rmse=0.0328 h1=0.0002 ssim=0.1101 mlw=0.0000]
epoch 4 step 390  loss=0.074771  lr=5.00e-05  [rmse=0.0325 h1=0.0002 ssim=0.1568 mlw=0.0000]
epoch 4 step 400  loss=0.073179  lr=5.00e-05  [rmse=0.0389 h1=0.0003 ssim=0.1350 mlw=0.0000]
epoch 4 step 410  loss=0.071925  lr=5.00e-05  [rmse=0.0201 h1=0.0001 ssim=0.1275 mlw=0.0000]
epoch 4 step 420  loss=0.069655  lr=5.00e-05  [rmse=0.0208 h1=0.0001 ssim=0.0803 mlw=0.0000]
epoch 4 step 430  loss=0.067591  lr=5.00e-05  [rmse=0.0366 h1=0.0005 ssim=0.1034 mlw=0.0000]
epoch 4 step 440  loss=0.065349  lr=5.00e-05  [rmse=0.0248 h1=0.0002 ssim=0.1142 mlw=0.0000]
epoch 4 step 450  loss=0.064026  lr=5.00e-05  [rmse=0.0265 h1=0.0002 ssim=0.0766 mlw=0.0000]
epoch 4 step 460  loss=0.061693  lr=5.00e-05  [rmse=0.0215 h1=0.0002 ssim=0.0877 mlw=0.0000]
epoch 4 step 470  loss=0.060827  lr=5.00e-05  [rmse=0.0294 h1=0.0003 ssim=0.1265 mlw=0.0000]
epoch 4 step 480  loss=0.059955  lr=5.00e-05  [rmse=0.0212 h1=0.0001 ssim=0.0962 mlw=0.0000]
INFO     [rank 0] Loss weights: rmse=1.0000, h1=50.0000,      vae_trainer.py:950
         ssim=0.1500, mlw=0.0000                                                
INFO     [rank 0] Epoch 4: train_loss=0.059955                vae_trainer.py:989
         val_loss=0.045034  val_VRMSE=0.144060  lr=5.00e-05                     
INFO     [rank 0] Metrics updated: metrics/metrics.csv,      vae_trainer.py:1015
         metrics/loss_curves.png                                                
INFO     [rank 0] Saved 12 validation reconstruction PNGs    vae_trainer.py:1208
         for epoch 4                                                            
INFO     [rank 0] New best checkpoint (epoch 4,              vae_trainer.py:1307
         val_vrmse=0.144060):                                                   
         checkpoints/vae_shockwave_best.safetensors                             
INFO     [rank 0] Training state saved:                      vae_trainer.py:1383
         checkpoints/vae_shockwave_last.state.pt                                
INFO     [rank 0] Epoch 4 timing: train=1337.4s eval=285.3s  vae_trainer.py:1048
         viz=30.3s ckpt=20.2s total=1673.8s                                     
epoch 5 step 490  loss=0.050731  lr=5.00e-05  [rmse=0.0213 h1=0.0001 ssim=0.1161 mlw=0.0000]
epoch 5 step 500  loss=0.050497  lr=5.00e-05  [rmse=0.0286 h1=0.0002 ssim=0.1312 mlw=0.0000]
epoch 5 step 510  loss=0.049700  lr=5.00e-05  [rmse=0.0257 h1=0.0002 ssim=0.1232 mlw=0.0000]
epoch 5 step 520  loss=0.050062  lr=5.00e-05  [rmse=0.0246 h1=0.0003 ssim=0.0914 mlw=0.0000]
epoch 5 step 530  loss=0.049465  lr=5.00e-05  [rmse=0.0279 h1=0.0003 ssim=0.0995 mlw=0.0000]
epoch 5 step 540  loss=0.049305  lr=5.00e-05  [rmse=0.0163 h1=0.0001 ssim=0.0889 mlw=0.0000]
epoch 5 step 550  loss=0.048864  lr=5.00e-05  [rmse=0.0267 h1=0.0003 ssim=0.0879 mlw=0.0000]
epoch 5 step 560  loss=0.047643  lr=5.00e-05  [rmse=0.0216 h1=0.0002 ssim=0.0680 mlw=0.0000]
epoch 5 step 570  loss=0.046568  lr=5.00e-05  [rmse=0.0182 h1=0.0001 ssim=0.0786 mlw=0.0000]
epoch 5 step 580  loss=0.046544  lr=5.00e-05  [rmse=0.0178 h1=0.0001 ssim=0.0938 mlw=0.0000]
epoch 5 step 590  loss=0.046124  lr=5.00e-05  [rmse=0.0202 h1=0.0002 ssim=0.0908 mlw=0.0000]
epoch 5 step 600  loss=0.045629  lr=5.00e-05  [rmse=0.0171 h1=0.0001 ssim=0.0963 mlw=0.0000]
INFO     [rank 0] Loss weights: rmse=1.0000, h1=50.0000,      vae_trainer.py:950
         ssim=0.1500, mlw=0.0000                                                
INFO     [rank 0] Epoch 5: train_loss=0.045629                vae_trainer.py:989
         val_loss=0.037483  val_VRMSE=0.119553  lr=5.00e-05                     
INFO     [rank 0] Metrics updated: metrics/metrics.csv,      vae_trainer.py:1015
         metrics/loss_curves.png                                                
INFO     [rank 0] Saved 12 validation reconstruction PNGs    vae_trainer.py:1208
         for epoch 5                                                            
INFO     [rank 0] New best checkpoint (epoch 5,              vae_trainer.py:1307
         val_vrmse=0.119553):                                                   
         checkpoints/vae_shockwave_best.safetensors                             
INFO     [rank 0] Training state saved:                      vae_trainer.py:1383
         checkpoints/vae_shockwave_last.state.pt                                
INFO     [rank 0] Epoch 5 timing: train=1320.3s eval=212.0s  vae_trainer.py:1048
         viz=29.2s ckpt=19.3s total=1581.6s                                     
epoch 6 step 610  loss=0.041448  lr=5.00e-05  [rmse=0.0237 h1=0.0002 ssim=0.1365 mlw=0.0000]
epoch 6 step 620  loss=0.042135  lr=5.00e-05  [rmse=0.0250 h1=0.0002 ssim=0.0978 mlw=0.0000]
epoch 6 step 630  loss=0.043450  lr=5.00e-05  [rmse=0.0422 h1=0.0002 ssim=0.0742 mlw=0.0000]
epoch 6 step 640  loss=0.042973  lr=5.00e-05  [rmse=0.0097 h1=0.0000 ssim=0.0484 mlw=0.0000]
epoch 6 step 650  loss=0.042396  lr=5.00e-05  [rmse=0.0170 h1=0.0001 ssim=0.0821 mlw=0.0000]
epoch 6 step 660  loss=0.042341  lr=5.00e-05  [rmse=0.0198 h1=0.0002 ssim=0.0803 mlw=0.0000]
epoch 6 step 670  loss=0.042363  lr=5.00e-05  [rmse=0.0181 h1=0.0001 ssim=0.0953 mlw=0.0000]
epoch 6 step 680  loss=0.042323  lr=5.00e-05  [rmse=0.0140 h1=0.0001 ssim=0.0660 mlw=0.0000]
epoch 6 step 690  loss=0.041605  lr=5.00e-05  [rmse=0.0187 h1=0.0002 ssim=0.0703 mlw=0.0000]
epoch 6 step 700  loss=0.041383  lr=5.00e-05  [rmse=0.0183 h1=0.0001 ssim=0.1253 mlw=0.0000]
epoch 6 step 710  loss=0.041072  lr=5.00e-05  [rmse=0.0186 h1=0.0001 ssim=0.0600 mlw=0.0000]
epoch 6 step 720  loss=0.040893  lr=5.00e-05  [rmse=0.0125 h1=0.0001 ssim=0.0381 mlw=0.0000]
INFO     [rank 0] Loss weights: rmse=1.0000, h1=50.0000,      vae_trainer.py:950
         ssim=0.1500, mlw=0.0000                                                
INFO     [rank 0] Epoch 6: train_loss=0.040893                vae_trainer.py:989
         val_loss=0.036095  val_VRMSE=0.120064  lr=5.00e-05                     
INFO     [rank 0] Metrics updated: metrics/metrics.csv,      vae_trainer.py:1015
         metrics/loss_curves.png                                                
INFO     [rank 0] Saved 12 validation reconstruction PNGs    vae_trainer.py:1208
         for epoch 6                                                            
INFO     [rank 0] Training state saved:                      vae_trainer.py:1383
         checkpoints/vae_shockwave_last.state.pt                                
INFO     [rank 0] Epoch 6 timing: train=1319.1s eval=211.0s  vae_trainer.py:1048
         viz=29.2s ckpt=18.4s total=1578.4s                                     
epoch 7 step 730  loss=0.035341  lr=5.00e-05  [rmse=0.0173 h1=0.0001 ssim=0.0612 mlw=0.0000]
epoch 7 step 740  loss=0.036438  lr=5.00e-05  [rmse=0.0279 h1=0.0002 ssim=0.0907 mlw=0.0000]
epoch 7 step 750  loss=0.037412  lr=5.00e-05  [rmse=0.0140 h1=0.0001 ssim=0.0573 mlw=0.0000]
epoch 7 step 760  loss=0.036876  lr=5.00e-05  [rmse=0.0146 h1=0.0001 ssim=0.0567 mlw=0.0000]
epoch 7 step 770  loss=0.036587  lr=5.00e-05  [rmse=0.0262 h1=0.0002 ssim=0.0738 mlw=0.0000]
epoch 7 step 780  loss=0.036574  lr=5.00e-05  [rmse=0.0239 h1=0.0003 ssim=0.0634 mlw=0.0000]
epoch 7 step 790  loss=0.036214  lr=5.00e-05  [rmse=0.0223 h1=0.0002 ssim=0.0760 mlw=0.0000]
epoch 7 step 800  loss=0.036275  lr=5.00e-05  [rmse=0.0192 h1=0.0002 ssim=0.0552 mlw=0.0000]
epoch 7 step 810  loss=0.035822  lr=5.00e-05  [rmse=0.0195 h1=0.0002 ssim=0.0608 mlw=0.0000]
epoch 7 step 820  loss=0.035899  lr=5.00e-05  [rmse=0.0134 h1=0.0001 ssim=0.0708 mlw=0.0000]
epoch 7 step 830  loss=0.036379  lr=5.00e-05  [rmse=0.0183 h1=0.0001 ssim=0.0666 mlw=0.0000]
epoch 7 step 840  loss=0.036825  lr=5.00e-05  [rmse=0.0267 h1=0.0003 ssim=0.0804 mlw=0.0000]
INFO     [rank 0] Loss weights: rmse=1.0000, h1=50.0000,      vae_trainer.py:950
         ssim=0.1500, mlw=0.0000                                                
INFO     [rank 0] Epoch 7: train_loss=0.036825                vae_trainer.py:989
         val_loss=0.034344  val_VRMSE=0.107770  lr=5.00e-05                     
INFO     [rank 0] Metrics updated: metrics/metrics.csv,      vae_trainer.py:1015
         metrics/loss_curves.png                                                
INFO     [rank 0] Saved 12 validation reconstruction PNGs    vae_trainer.py:1208
         for epoch 7                                                            
INFO     [rank 0] New best checkpoint (epoch 7,              vae_trainer.py:1307
         val_vrmse=0.107770):                                                   
         checkpoints/vae_shockwave_best.safetensors                             
INFO     [rank 0] Training state saved:                      vae_trainer.py:1383
         checkpoints/vae_shockwave_last.state.pt                                
INFO     [rank 0] Epoch 7 timing: train=1325.3s eval=211.4s  vae_trainer.py:1048
         viz=30.8s ckpt=18.4s total=1586.7s                                     
epoch 8 step 850  loss=0.035908  lr=5.00e-05  [rmse=0.0152 h1=0.0001 ssim=0.0778 mlw=0.0000]
epoch 8 step 860  loss=0.036920  lr=5.00e-05  [rmse=0.0203 h1=0.0002 ssim=0.1168 mlw=0.0000]
epoch 8 step 870  loss=0.035400  lr=5.00e-05  [rmse=0.0142 h1=0.0001 ssim=0.0626 mlw=0.0000]
epoch 8 step 880  loss=0.035374  lr=5.00e-05  [rmse=0.0151 h1=0.0001 ssim=0.0693 mlw=0.0000]
epoch 8 step 890  loss=0.035082  lr=5.00e-05  [rmse=0.0146 h1=0.0001 ssim=0.0568 mlw=0.0000]
epoch 8 step 900  loss=0.034896  lr=5.00e-05  [rmse=0.0149 h1=0.0001 ssim=0.0521 mlw=0.0000]
epoch 8 step 910  loss=0.034780  lr=5.00e-05  [rmse=0.0193 h1=0.0001 ssim=0.0617 mlw=0.0000]
epoch 8 step 920  loss=0.034538  lr=5.00e-05  [rmse=0.0170 h1=0.0002 ssim=0.0632 mlw=0.0000]
epoch 8 step 930  loss=0.034321  lr=5.00e-05  [rmse=0.0175 h1=0.0001 ssim=0.0671 mlw=0.0000]
epoch 8 step 940  loss=0.034563  lr=5.00e-05  [rmse=0.0192 h1=0.0002 ssim=0.0745 mlw=0.0000]
epoch 8 step 950  loss=0.034407  lr=5.00e-05  [rmse=0.0117 h1=0.0001 ssim=0.0541 mlw=0.0000]
epoch 8 step 960  loss=0.033855  lr=5.00e-05  [rmse=0.0210 h1=0.0001 ssim=0.0985 mlw=0.0000]
INFO     [rank 0] Loss weights: rmse=1.0000, h1=50.0000,      vae_trainer.py:950
         ssim=0.1500, mlw=0.0000                                                
INFO     [rank 0] Epoch 8: train_loss=0.033855                vae_trainer.py:989
         val_loss=0.032315  val_VRMSE=0.102299  lr=5.00e-05                     
INFO     [rank 0] Metrics updated: metrics/metrics.csv,      vae_trainer.py:1015
         metrics/loss_curves.png                                                
INFO     [rank 0] Saved 12 validation reconstruction PNGs    vae_trainer.py:1208
         for epoch 8                                                            
INFO     [rank 0] New best checkpoint (epoch 8,              vae_trainer.py:1307
         val_vrmse=0.102299):                                                   
         checkpoints/vae_shockwave_best.safetensors                             
INFO     [rank 0] Training state saved:                      vae_trainer.py:1383
         checkpoints/vae_shockwave_last.state.pt                                
INFO     [rank 0] Epoch 8 timing: train=1320.1s eval=211.5s  vae_trainer.py:1048
         viz=29.7s ckpt=19.6s total=1582.0s                                     
epoch 9 step 970  loss=0.041302  lr=5.00e-05  [rmse=0.0138 h1=0.0001 ssim=0.0561 mlw=0.0000]
epoch 9 step 980  loss=0.040738  lr=5.00e-05  [rmse=0.0138 h1=0.0001 ssim=0.0599 mlw=0.0000]
epoch 9 step 990  loss=0.039325  lr=5.00e-05  [rmse=0.0162 h1=0.0001 ssim=0.0809 mlw=0.0000]
epoch 9 step 1000  loss=0.038183  lr=5.00e-05  [rmse=0.0213 h1=0.0002 ssim=0.0946 mlw=0.0000]
epoch 9 step 1010  loss=0.037500  lr=5.00e-05  [rmse=0.0156 h1=0.0002 ssim=0.0606 mlw=0.0000]
epoch 9 step 1020  loss=0.036751  lr=5.00e-05  [rmse=0.0194 h1=0.0002 ssim=0.0629 mlw=0.0000]
epoch 9 step 1030  loss=0.036335  lr=5.00e-05  [rmse=0.0137 h1=0.0001 ssim=0.0514 mlw=0.0000]
epoch 9 step 1040  loss=0.035884  lr=5.00e-05  [rmse=0.0200 h1=0.0002 ssim=0.0675 mlw=0.0000]
epoch 9 step 1050  loss=0.035139  lr=5.00e-05  [rmse=0.0206 h1=0.0003 ssim=0.0655 mlw=0.0000]
epoch 9 step 1060  loss=0.034725  lr=5.00e-05  [rmse=0.0203 h1=0.0002 ssim=0.0541 mlw=0.0000]
epoch 9 step 1070  loss=0.034513  lr=5.00e-05  [rmse=0.0217 h1=0.0002 ssim=0.0624 mlw=0.0000]
epoch 9 step 1080  loss=0.034403  lr=5.00e-05  [rmse=0.0129 h1=0.0001 ssim=0.0522 mlw=0.0000]
INFO     [rank 0] Loss weights: rmse=1.0000, h1=50.0000,      vae_trainer.py:950
         ssim=0.1500, mlw=0.0000                                                
INFO     [rank 0] Epoch 9: train_loss=0.034403                vae_trainer.py:989
         val_loss=0.028573  val_VRMSE=0.090990  lr=5.00e-05                     
INFO     [rank 0] Metrics updated: metrics/metrics.csv,      vae_trainer.py:1015
         metrics/loss_curves.png                                                
INFO     [rank 0] Saved 12 validation reconstruction PNGs    vae_trainer.py:1208
         for epoch 9                                                            
INFO     [rank 0] New best checkpoint (epoch 9,              vae_trainer.py:1307
         val_vrmse=0.090990):                                                   
         checkpoints/vae_shockwave_best.safetensors                             
INFO     [rank 0] Training state saved:                      vae_trainer.py:1383
         checkpoints/vae_shockwave_last.state.pt                                
INFO     [rank 0] Epoch 9 timing: train=1312.3s eval=211.1s  vae_trainer.py:1048
         viz=30.2s ckpt=18.7s total=1573.1s                                     
epoch 10 step 1090  loss=0.030832  lr=5.00e-05  [rmse=0.0152 h1=0.0001 ssim=0.0526 mlw=0.0000]
epoch 10 step 1100  loss=0.030799  lr=5.00e-05  [rmse=0.0130 h1=0.0001 ssim=0.0504 mlw=0.0000]
epoch 10 step 1110  loss=0.031935  lr=5.00e-05  [rmse=0.0167 h1=0.0002 ssim=0.0745 mlw=0.0000]
epoch 10 step 1120  loss=0.032424  lr=5.00e-05  [rmse=0.0218 h1=0.0003 ssim=0.0786 mlw=0.0000]
epoch 10 step 1130  loss=0.031830  lr=5.00e-05  [rmse=0.0113 h1=0.0001 ssim=0.0407 mlw=0.0000]
epoch 10 step 1140  loss=0.031159  lr=5.00e-05  [rmse=0.0193 h1=0.0002 ssim=0.0756 mlw=0.0000]
epoch 10 step 1150  loss=0.031422  lr=5.00e-05  [rmse=0.0183 h1=0.0002 ssim=0.0636 mlw=0.0000]
epoch 10 step 1160  loss=0.031472  lr=5.00e-05  [rmse=0.0269 h1=0.0001 ssim=0.0712 mlw=0.0000]
epoch 10 step 1170  loss=0.031626  lr=5.00e-05  [rmse=0.0169 h1=0.0002 ssim=0.0674 mlw=0.0000]
epoch 10 step 1180  loss=0.031701  lr=5.00e-05  [rmse=0.0191 h1=0.0002 ssim=0.0969 mlw=0.0000]
epoch 10 step 1190  loss=0.031636  lr=5.00e-05  [rmse=0.0137 h1=0.0001 ssim=0.0448 mlw=0.0000]
epoch 10 step 1200  loss=0.031680  lr=5.00e-05  [rmse=0.0136 h1=0.0001 ssim=0.0581 mlw=0.0000]
INFO     [rank 0] Loss weights: rmse=1.0000, h1=50.0000,      vae_trainer.py:950
         ssim=0.1500, mlw=0.0000                                                
INFO     [rank 0] Epoch 10: train_loss=0.031680               vae_trainer.py:989
         val_loss=0.031034  val_VRMSE=0.101123  lr=5.00e-05                     
INFO     [rank 0] Metrics updated: metrics/metrics.csv,      vae_trainer.py:1015
         metrics/loss_curves.png                                                
INFO     [rank 0] Saved 12 validation reconstruction PNGs    vae_trainer.py:1208
         for epoch 10                                                           
INFO     [rank 0] Training state saved:                      vae_trainer.py:1383
         checkpoints/vae_shockwave_last.state.pt                                
INFO     [rank 0] Epoch 10 timing: train=1316.5s eval=213.0s vae_trainer.py:1048
         viz=29.0s ckpt=18.1s total=1577.3s                                     
epoch 11 step 1210  loss=0.032880  lr=5.00e-05  [rmse=0.0191 h1=0.0002 ssim=0.0574 mlw=0.0000]
epoch 11 step 1220  loss=0.031156  lr=5.00e-05  [rmse=0.0151 h1=0.0000 ssim=0.0504 mlw=0.0000]
epoch 11 step 1230  loss=0.030620  lr=5.00e-05  [rmse=0.0173 h1=0.0001 ssim=0.0622 mlw=0.0000]
epoch 11 step 1240  loss=0.030660  lr=5.00e-05  [rmse=0.0157 h1=0.0002 ssim=0.0563 mlw=0.0000]
epoch 11 step 1250  loss=0.030025  lr=5.00e-05  [rmse=0.0137 h1=0.0001 ssim=0.0408 mlw=0.0000]
epoch 11 step 1260  loss=0.030350  lr=5.00e-05  [rmse=0.0134 h1=0.0001 ssim=0.0532 mlw=0.0000]
epoch 11 step 1270  loss=0.030479  lr=5.00e-05  [rmse=0.0151 h1=0.0001 ssim=0.0535 mlw=0.0000]
epoch 11 step 1280  loss=0.030130  lr=5.00e-05  [rmse=0.0139 h1=0.0001 ssim=0.0420 mlw=0.0000]
epoch 11 step 1290  loss=0.029867  lr=5.00e-05  [rmse=0.0111 h1=0.0001 ssim=0.0438 mlw=0.0000]
epoch 11 step 1300  loss=0.029943  lr=5.00e-05  [rmse=0.0194 h1=0.0002 ssim=0.0613 mlw=0.0000]
epoch 11 step 1310  loss=0.029796  lr=5.00e-05  [rmse=0.0144 h1=0.0002 ssim=0.0472 mlw=0.0000]
epoch 11 step 1320  loss=0.029507  lr=5.00e-05  [rmse=0.0112 h1=0.0001 ssim=0.0350 mlw=0.0000]
INFO     [rank 0] Loss weights: rmse=1.0000, h1=50.0000,      vae_trainer.py:950
         ssim=0.1500, mlw=0.0000                                                
INFO     [rank 0] Epoch 11: train_loss=0.029507               vae_trainer.py:989
         val_loss=0.026511  val_VRMSE=0.086785  lr=5.00e-05                     
INFO     [rank 0] Metrics updated: metrics/metrics.csv,      vae_trainer.py:1015
         metrics/loss_curves.png                                                
INFO     [rank 0] Saved 12 validation reconstruction PNGs    vae_trainer.py:1208
         for epoch 11                                                           
INFO     [rank 0] New best checkpoint (epoch 11,             vae_trainer.py:1307
         val_vrmse=0.086785):                                                   
         checkpoints/vae_shockwave_best.safetensors                             
INFO     [rank 0] Training state saved:                      vae_trainer.py:1383
         checkpoints/vae_shockwave_last.state.pt                                
INFO     [rank 0] Epoch 11 timing: train=1325.8s eval=213.2s vae_trainer.py:1048
         viz=29.0s ckpt=20.4s total=1589.1s                                     
epoch 12 step 1330  loss=0.026923  lr=5.00e-05  [rmse=0.0120 h1=0.0001 ssim=0.0527 mlw=0.0000]
epoch 12 step 1340  loss=0.028164  lr=5.00e-05  [rmse=0.0189 h1=0.0002 ssim=0.0523 mlw=0.0000]
epoch 12 step 1350  loss=0.028827  lr=5.00e-05  [rmse=0.0192 h1=0.0002 ssim=0.0679 mlw=0.0000]
epoch 12 step 1360  loss=0.029591  lr=5.00e-05  [rmse=0.0143 h1=0.0001 ssim=0.0495 mlw=0.0000]
epoch 12 step 1370  loss=0.029315  lr=5.00e-05  [rmse=0.0134 h1=0.0001 ssim=0.0461 mlw=0.0000]
epoch 12 step 1380  loss=0.029728  lr=5.00e-05  [rmse=0.0095 h1=0.0000 ssim=0.0381 mlw=0.0000]
epoch 12 step 1390  loss=0.029994  lr=5.00e-05  [rmse=0.0148 h1=0.0001 ssim=0.0677 mlw=0.0000]
epoch 12 step 1400  loss=0.029952  lr=5.00e-05  [rmse=0.0173 h1=0.0001 ssim=0.0573 mlw=0.0000]
epoch 12 step 1410  loss=0.030009  lr=5.00e-05  [rmse=0.0140 h1=0.0001 ssim=0.0543 mlw=0.0000]
epoch 12 step 1420  loss=0.030484  lr=5.00e-05  [rmse=0.0134 h1=0.0001 ssim=0.0825 mlw=0.0000]
epoch 12 step 1430  loss=0.030953  lr=5.00e-05  [rmse=0.0191 h1=0.0001 ssim=0.0763 mlw=0.0000]
epoch 12 step 1440  loss=0.031062  lr=5.00e-05  [rmse=0.0152 h1=0.0001 ssim=0.0502 mlw=0.0000]
INFO     [rank 0] Loss weights: rmse=1.0000, h1=50.0000,      vae_trainer.py:950
         ssim=0.1500, mlw=0.0000                                                
INFO     [rank 0] Epoch 12: train_loss=0.031062               vae_trainer.py:989
         val_loss=0.029305  val_VRMSE=0.100126  lr=5.00e-05                     
INFO     [rank 0] Metrics updated: metrics/metrics.csv,      vae_trainer.py:1015
         metrics/loss_curves.png                                                
INFO     [rank 0] Saved 12 validation reconstruction PNGs    vae_trainer.py:1208
         for epoch 12                                                           
INFO     [rank 0] Training state saved:                      vae_trainer.py:1383
         checkpoints/vae_shockwave_last.state.pt                                
INFO     [rank 0] Epoch 12 timing: train=1325.3s eval=212.5s vae_trainer.py:1048
         viz=29.7s ckpt=20.0s total=1588.2s                                     
epoch 13 step 1450  loss=0.033111  lr=5.00e-05  [rmse=0.0173 h1=0.0001 ssim=0.0475 mlw=0.0000]
epoch 13 step 1460  loss=0.033699  lr=5.00e-05  [rmse=0.0115 h1=0.0001 ssim=0.0356 mlw=0.0000]
epoch 13 step 1470  loss=0.032918  lr=5.00e-05  [rmse=0.0172 h1=0.0002 ssim=0.0732 mlw=0.0000]
epoch 13 step 1480  loss=0.031724  lr=5.00e-05  [rmse=0.0168 h1=0.0002 ssim=0.0633 mlw=0.0000]
epoch 13 step 1490  loss=0.030892  lr=5.00e-05  [rmse=0.0123 h1=0.0001 ssim=0.0447 mlw=0.0000]
epoch 13 step 1500  loss=0.031087  lr=5.00e-05  [rmse=0.0114 h1=0.0001 ssim=0.0456 mlw=0.0000]
epoch 13 step 1510  loss=0.030669  lr=5.00e-05  [rmse=0.0135 h1=0.0001 ssim=0.0539 mlw=0.0000]
epoch 13 step 1520  loss=0.030708  lr=5.00e-05  [rmse=0.0179 h1=0.0002 ssim=0.0606 mlw=0.0000]
epoch 13 step 1530  loss=0.030583  lr=5.00e-05  [rmse=0.0190 h1=0.0002 ssim=0.0504 mlw=0.0000]
epoch 13 step 1540  loss=0.030572  lr=5.00e-05  [rmse=0.0240 h1=0.0002 ssim=0.0547 mlw=0.0000]
epoch 13 step 1550  loss=0.030241  lr=5.00e-05  [rmse=0.0096 h1=0.0001 ssim=0.0547 mlw=0.0000]
epoch 13 step 1560  loss=0.030335  lr=5.00e-05  [rmse=0.0124 h1=0.0001 ssim=0.0495 mlw=0.0000]
INFO     [rank 0] Loss weights: rmse=1.0000, h1=50.0000,      vae_trainer.py:950
         ssim=0.1500, mlw=0.0000                                                
INFO     [rank 0] Epoch 13: train_loss=0.030335               vae_trainer.py:989
         val_loss=0.030787  val_VRMSE=0.100906  lr=5.00e-05                     
INFO     [rank 0] Metrics updated: metrics/metrics.csv,      vae_trainer.py:1015
         metrics/loss_curves.png                                                
INFO     [rank 0] Saved 12 validation reconstruction PNGs    vae_trainer.py:1208
         for epoch 13                                                           
INFO     [rank 0] Training state saved:                      vae_trainer.py:1383
         checkpoints/vae_shockwave_last.state.pt                                
INFO     [rank 0] Epoch 13 timing: train=1325.0s eval=212.3s vae_trainer.py:1048
         viz=29.3s ckpt=18.2s total=1585.5s                                     
epoch 14 step 1570  loss=0.027465  lr=5.00e-05  [rmse=0.0150 h1=0.0001 ssim=0.0629 mlw=0.0000]
epoch 14 step 1580  loss=0.029432  lr=5.00e-05  [rmse=0.0144 h1=0.0001 ssim=0.0406 mlw=0.0000]
epoch 14 step 1590  loss=0.028994  lr=5.00e-05  [rmse=0.0173 h1=0.0002 ssim=0.0683 mlw=0.0000]
epoch 14 step 1600  loss=0.029425  lr=5.00e-05  [rmse=0.0134 h1=0.0001 ssim=0.0510 mlw=0.0000]
epoch 14 step 1610  loss=0.029420  lr=5.00e-05  [rmse=0.0130 h1=0.0001 ssim=0.0470 mlw=0.0000]
epoch 14 step 1620  loss=0.029111  lr=5.00e-05  [rmse=0.0093 h1=0.0001 ssim=0.0376 mlw=0.0000]
epoch 14 step 1630  loss=0.028952  lr=5.00e-05  [rmse=0.0121 h1=0.0001 ssim=0.0357 mlw=0.0000]
epoch 14 step 1640  loss=0.029022  lr=5.00e-05  [rmse=0.0181 h1=0.0002 ssim=0.0508 mlw=0.0000]
epoch 14 step 1650  loss=0.028964  lr=5.00e-05  [rmse=0.0174 h1=0.0001 ssim=0.0587 mlw=0.0000]
epoch 14 step 1660  loss=0.028756  lr=5.00e-05  [rmse=0.0106 h1=0.0000 ssim=0.0502 mlw=0.0000]
epoch 14 step 1670  loss=0.028839  lr=5.00e-05  [rmse=0.0263 h1=0.0003 ssim=0.0644 mlw=0.0000]
epoch 14 step 1680  loss=0.029145  lr=5.00e-05  [rmse=0.0148 h1=0.0001 ssim=0.0543 mlw=0.0000]
INFO     [rank 0] Loss weights: rmse=1.0000, h1=50.0000,      vae_trainer.py:950
         ssim=0.1500, mlw=0.0000                                                
INFO     [rank 0] Epoch 14: train_loss=0.029145               vae_trainer.py:989
         val_loss=0.027184  val_VRMSE=0.087924  lr=5.00e-05                     
INFO     [rank 0] Metrics updated: metrics/metrics.csv,      vae_trainer.py:1015
         metrics/loss_curves.png                                                
INFO     [rank 0] Saved 12 validation reconstruction PNGs    vae_trainer.py:1208
         for epoch 14                                                           
INFO     [rank 0] Training state saved:                      vae_trainer.py:1383
         checkpoints/vae_shockwave_last.state.pt                                
INFO     [rank 0] Epoch 14 timing: train=1343.1s eval=214.2s vae_trainer.py:1048
         viz=29.9s ckpt=17.6s total=1605.6s                                     
epoch 15 step 1690  loss=0.027952  lr=5.00e-05  [rmse=0.0170 h1=0.0001 ssim=0.0408 mlw=0.0000]
epoch 15 step 1700  loss=0.027595  lr=5.00e-05  [rmse=0.0094 h1=0.0001 ssim=0.0338 mlw=0.0000]
epoch 15 step 1710  loss=0.026916  lr=5.00e-05  [rmse=0.0102 h1=0.0001 ssim=0.0330 mlw=0.0000]
epoch 15 step 1720  loss=0.026953  lr=5.00e-05  [rmse=0.0139 h1=0.0001 ssim=0.0650 mlw=0.0000]
epoch 15 step 1730  loss=0.026643  lr=5.00e-05  [rmse=0.0109 h1=0.0001 ssim=0.0461 mlw=0.0000]
epoch 15 step 1740  loss=0.026557  lr=5.00e-05  [rmse=0.0121 h1=0.0001 ssim=0.0597 mlw=0.0000]
epoch 15 step 1750  loss=0.026880  lr=5.00e-05  [rmse=0.0166 h1=0.0002 ssim=0.0550 mlw=0.0000]
epoch 15 step 1760  loss=0.027181  lr=4.99e-05  [rmse=0.0189 h1=0.0001 ssim=0.0716 mlw=0.0000]
epoch 15 step 1770  loss=0.027962  lr=4.98e-05  [rmse=0.0162 h1=0.0001 ssim=0.0647 mlw=0.0000]
epoch 15 step 1780  loss=0.029106  lr=4.96e-05  [rmse=0.0194 h1=0.0001 ssim=0.0855 mlw=0.0000]
epoch 15 step 1790  loss=0.029450  lr=4.93e-05  [rmse=0.0205 h1=0.0002 ssim=0.0572 mlw=0.0000]
epoch 15 step 1800  loss=0.029500  lr=4.90e-05  [rmse=0.0187 h1=0.0001 ssim=0.0415 mlw=0.0000]
INFO     [rank 0] Loss weights: rmse=1.0000, h1=50.0000,      vae_trainer.py:950
         ssim=0.1500, mlw=0.0000                                                
INFO     [rank 0] Epoch 15: train_loss=0.029500               vae_trainer.py:989
         val_loss=0.028323  val_VRMSE=0.092761  lr=4.90e-05                     
INFO     [rank 0] Metrics updated: metrics/metrics.csv,      vae_trainer.py:1015
         metrics/loss_curves.png                                                
INFO     [rank 0] Saved 12 validation reconstruction PNGs    vae_trainer.py:1208
         for epoch 15                                                           
INFO     [rank 0] Training state saved:                      vae_trainer.py:1383
         checkpoints/vae_shockwave_last.state.pt                                
INFO     [rank 0] VAE epoch snapshot saved                   vae_trainer.py:1334
         (checkpoints.save_epochs):                                             
         checkpoints/vae_shockwave_epoch015_snapshot.safeten                    
         sors                                                                   
INFO     [rank 0] Epoch 15 timing: train=1334.3s eval=213.5s vae_trainer.py:1048
         viz=30.5s ckpt=22.0s total=1601.1s                                     
epoch 16 step 1810  loss=0.031241  lr=4.87e-05  [rmse=0.0207 h1=0.0001 ssim=0.0566 mlw=0.0000]
epoch 16 step 1820  loss=0.030877  lr=4.82e-05  [rmse=0.0154 h1=0.0001 ssim=0.0512 mlw=0.0000]
epoch 16 step 1830  loss=0.030685  lr=4.78e-05  [rmse=0.0116 h1=0.0001 ssim=0.0500 mlw=0.0000]
epoch 16 step 1840  loss=0.029267  lr=4.73e-05  [rmse=0.0123 h1=0.0001 ssim=0.0542 mlw=0.0000]
epoch 16 step 1850  loss=0.029080  lr=4.67e-05  [rmse=0.0112 h1=0.0001 ssim=0.0436 mlw=0.0000]
epoch 16 step 1860  loss=0.028362  lr=4.61e-05  [rmse=0.0122 h1=0.0001 ssim=0.0431 mlw=0.0000]
epoch 16 step 1870  loss=0.028057  lr=4.55e-05  [rmse=0.0114 h1=0.0001 ssim=0.0307 mlw=0.0000]
epoch 16 step 1880  loss=0.027853  lr=4.48e-05  [rmse=0.0088 h1=0.0001 ssim=0.0304 mlw=0.0000]
epoch 16 step 1890  loss=0.027260  lr=4.40e-05  [rmse=0.0106 h1=0.0001 ssim=0.0417 mlw=0.0000]
epoch 16 step 1900  loss=0.027005  lr=4.32e-05  [rmse=0.0153 h1=0.0002 ssim=0.0430 mlw=0.0000]
epoch 16 step 1910  loss=0.026607  lr=4.24e-05  [rmse=0.0128 h1=0.0001 ssim=0.0401 mlw=0.0000]
epoch 16 step 1920  loss=0.026419  lr=4.15e-05  [rmse=0.0081 h1=0.0000 ssim=0.0282 mlw=0.0000]
INFO     [rank 0] Loss weights: rmse=1.0000, h1=50.0000,      vae_trainer.py:950
         ssim=0.1500, mlw=0.0000                                                
INFO     [rank 0] Epoch 16: train_loss=0.026419               vae_trainer.py:989
         val_loss=0.022727  val_VRMSE=0.073272  lr=4.15e-05                     
INFO     [rank 0] Metrics updated: metrics/metrics.csv,      vae_trainer.py:1015
         metrics/loss_curves.png                                                
INFO     [rank 0] Saved 12 validation reconstruction PNGs    vae_trainer.py:1208
         for epoch 16                                                           
INFO     [rank 0] New best checkpoint (epoch 16,             vae_trainer.py:1307
         val_vrmse=0.073272):                                                   
         checkpoints/vae_shockwave_best.safetensors                             
INFO     [rank 0] Training state saved:                      vae_trainer.py:1383
         checkpoints/vae_shockwave_last.state.pt                                
INFO     [rank 0] Epoch 16 timing: train=1335.1s eval=213.2s vae_trainer.py:1048
         viz=29.3s ckpt=19.0s total=1597.5s                                     
epoch 17 step 1930  loss=0.024717  lr=4.06e-05  [rmse=0.0104 h1=0.0001 ssim=0.0353 mlw=0.0000]
epoch 17 step 1940  loss=0.024422  lr=3.97e-05  [rmse=0.0104 h1=0.0001 ssim=0.0303 mlw=0.0000]
epoch 17 step 1950  loss=0.026364  lr=3.87e-05  [rmse=0.0138 h1=0.0001 ssim=0.0723 mlw=0.0000]
epoch 17 step 1960  loss=0.027125  lr=3.78e-05  [rmse=0.0116 h1=0.0001 ssim=0.0474 mlw=0.0000]
epoch 17 step 1970  loss=0.027382  lr=3.67e-05  [rmse=0.0141 h1=0.0001 ssim=0.0401 mlw=0.0000]
epoch 17 step 1980  loss=0.027528  lr=3.57e-05  [rmse=0.0165 h1=0.0002 ssim=0.0719 mlw=0.0000]
epoch 17 step 1990  loss=0.027083  lr=3.46e-05  [rmse=0.0162 h1=0.0002 ssim=0.0593 mlw=0.0000]
epoch 17 step 2000  loss=0.026967  lr=3.35e-05  [rmse=0.0077 h1=0.0000 ssim=0.0264 mlw=0.0000]
epoch 17 step 2010  loss=0.026684  lr=3.24e-05  [rmse=0.0145 h1=0.0001 ssim=0.0438 mlw=0.0000]
epoch 17 step 2020  loss=0.026133  lr=3.13e-05  [rmse=0.0134 h1=0.0002 ssim=0.0341 mlw=0.0000]
epoch 17 step 2030  loss=0.025805  lr=3.01e-05  [rmse=0.0097 h1=0.0001 ssim=0.0355 mlw=0.0000]
epoch 17 step 2040  loss=0.025435  lr=2.90e-05  [rmse=0.0137 h1=0.0002 ssim=0.0342 mlw=0.0000]
INFO     [rank 0] Loss weights: rmse=1.0000, h1=50.0000,      vae_trainer.py:950
         ssim=0.1500, mlw=0.0000                                                
INFO     [rank 0] Epoch 17: train_loss=0.025435               vae_trainer.py:989
         val_loss=0.020656  val_VRMSE=0.065502  lr=2.90e-05                     
INFO     [rank 0] Metrics updated: metrics/metrics.csv,      vae_trainer.py:1015
         metrics/loss_curves.png                                                
INFO     [rank 0] Saved 12 validation reconstruction PNGs    vae_trainer.py:1208
         for epoch 17                                                           
INFO     [rank 0] New best checkpoint (epoch 17,             vae_trainer.py:1307
         val_vrmse=0.065502):                                                   
         checkpoints/vae_shockwave_best.safetensors                             
INFO     [rank 0] Training state saved:                      vae_trainer.py:1383
         checkpoints/vae_shockwave_last.state.pt                                
INFO     [rank 0] Epoch 17 timing: train=1342.0s eval=216.0s vae_trainer.py:1048
         viz=29.2s ckpt=19.8s total=1607.8s                                     
epoch 18 step 2050  loss=0.020571  lr=2.78e-05  [rmse=0.0143 h1=0.0002 ssim=0.0378 mlw=0.0000]
epoch 18 step 2060  loss=0.021504  lr=2.67e-05  [rmse=0.0076 h1=0.0001 ssim=0.0253 mlw=0.0000]
epoch 18 step 2070  loss=0.021202  lr=2.55e-05  [rmse=0.0069 h1=0.0000 ssim=0.0233 mlw=0.0000]
epoch 18 step 2080  loss=0.020611  lr=2.43e-05  [rmse=0.0076 h1=0.0001 ssim=0.0304 mlw=0.0000]
epoch 18 step 2090  loss=0.020719  lr=2.32e-05  [rmse=0.0129 h1=0.0001 ssim=0.0362 mlw=0.0000]
epoch 18 step 2100  loss=0.020705  lr=2.20e-05  [rmse=0.0129 h1=0.0002 ssim=0.0353 mlw=0.0000]
epoch 18 step 2110  loss=0.021006  lr=2.09e-05  [rmse=0.0112 h1=0.0001 ssim=0.0343 mlw=0.0000]
epoch 18 step 2120  loss=0.021109  lr=1.97e-05  [rmse=0.0054 h1=0.0000 ssim=0.0185 mlw=0.0000]
epoch 18 step 2130  loss=0.021219  lr=1.86e-05  [rmse=0.0111 h1=0.0001 ssim=0.0374 mlw=0.0000]
epoch 18 step 2140  loss=0.021236  lr=1.75e-05  [rmse=0.0096 h1=0.0001 ssim=0.0288 mlw=0.0000]
epoch 18 step 2150  loss=0.021314  lr=1.64e-05  [rmse=0.0104 h1=0.0001 ssim=0.0198 mlw=0.0000]
epoch 18 step 2160  loss=0.021172  lr=1.53e-05  [rmse=0.0112 h1=0.0001 ssim=0.0322 mlw=0.0000]
INFO     [rank 0] Loss weights: rmse=1.0000, h1=50.0000,      vae_trainer.py:950
         ssim=0.1500, mlw=0.0000                                                
INFO     [rank 0] Epoch 18: train_loss=0.021172               vae_trainer.py:989
         val_loss=0.019462  val_VRMSE=0.061351  lr=1.53e-05                     
INFO     [rank 0] Metrics updated: metrics/metrics.csv,      vae_trainer.py:1015
         metrics/loss_curves.png                                                
INFO     [rank 0] Saved 12 validation reconstruction PNGs    vae_trainer.py:1208
         for epoch 18                                                           
INFO     [rank 0] New best checkpoint (epoch 18,             vae_trainer.py:1307
         val_vrmse=0.061351):                                                   
         checkpoints/vae_shockwave_best.safetensors                             
INFO     [rank 0] Training state saved:                      vae_trainer.py:1383
         checkpoints/vae_shockwave_last.state.pt                                
INFO     [rank 0] Epoch 18 timing: train=1339.4s eval=214.3s vae_trainer.py:1048
         viz=29.2s ckpt=20.0s total=1603.6s                                     
epoch 19 step 2170  loss=0.020230  lr=1.43e-05  [rmse=0.0093 h1=0.0001 ssim=0.0251 mlw=0.0000]
epoch 19 step 2180  loss=0.020496  lr=1.33e-05  [rmse=0.0139 h1=0.0002 ssim=0.0436 mlw=0.0000]
epoch 19 step 2190  loss=0.020683  lr=1.23e-05  [rmse=0.0047 h1=0.0000 ssim=0.0139 mlw=0.0000]
epoch 19 step 2200  loss=0.021068  lr=1.13e-05  [rmse=0.0072 h1=0.0000 ssim=0.0203 mlw=0.0000]
epoch 19 step 2210  loss=0.020851  lr=1.04e-05  [rmse=0.0063 h1=0.0000 ssim=0.0215 mlw=0.0000]
epoch 19 step 2220  loss=0.020805  lr=9.46e-06  [rmse=0.0081 h1=0.0001 ssim=0.0292 mlw=0.0000]
epoch 19 step 2230  loss=0.021079  lr=8.59e-06  [rmse=0.0082 h1=0.0001 ssim=0.0282 mlw=0.0000]
epoch 19 step 2240  loss=0.021241  lr=7.77e-06  [rmse=0.0121 h1=0.0001 ssim=0.0322 mlw=0.0000]
epoch 19 step 2250  loss=0.020972  lr=6.98e-06  [rmse=0.0102 h1=0.0001 ssim=0.0220 mlw=0.0000]
epoch 19 step 2260  loss=0.020824  lr=6.24e-06  [rmse=0.0114 h1=0.0001 ssim=0.0331 mlw=0.0000]
epoch 19 step 2270  loss=0.020738  lr=5.54e-06  [rmse=0.0116 h1=0.0001 ssim=0.0322 mlw=0.0000]
epoch 19 step 2280  loss=0.020651  lr=4.89e-06  [rmse=0.0059 h1=0.0000 ssim=0.0185 mlw=0.0000]
INFO     [rank 0] Loss weights: rmse=1.0000, h1=50.0000,      vae_trainer.py:950
         ssim=0.1500, mlw=0.0000                                                
INFO     [rank 0] Epoch 19: train_loss=0.020651               vae_trainer.py:989
         val_loss=0.019023  val_VRMSE=0.059929  lr=4.89e-06                     
INFO     [rank 0] Metrics updated: metrics/metrics.csv,      vae_trainer.py:1015
         metrics/loss_curves.png                                                
INFO     [rank 0] Saved 12 validation reconstruction PNGs    vae_trainer.py:1208
         for epoch 19                                                           
INFO     [rank 0] New best checkpoint (epoch 19,             vae_trainer.py:1307
         val_vrmse=0.059929):                                                   
         checkpoints/vae_shockwave_best.safetensors                             
INFO     [rank 0] Training state saved:                      vae_trainer.py:1383
         checkpoints/vae_shockwave_last.state.pt                                
INFO     [rank 0] Epoch 19 timing: train=1351.3s eval=214.0s vae_trainer.py:1048
         viz=28.8s ckpt=19.8s total=1614.6s                                     
epoch 20 step 2290  loss=0.019464  lr=4.28e-06  [rmse=0.0093 h1=0.0001 ssim=0.0301 mlw=0.0000]
epoch 20 step 2300  loss=0.019274  lr=3.72e-06  [rmse=0.0085 h1=0.0001 ssim=0.0248 mlw=0.0000]
epoch 20 step 2310  loss=0.019543  lr=3.21e-06  [rmse=0.0092 h1=0.0001 ssim=0.0269 mlw=0.0000]
epoch 20 step 2320  loss=0.020172  lr=2.75e-06  [rmse=0.0101 h1=0.0001 ssim=0.0328 mlw=0.0000]
epoch 20 step 2330  loss=0.020296  lr=2.35e-06  [rmse=0.0112 h1=0.0001 ssim=0.0366 mlw=0.0000]
epoch 20 step 2340  loss=0.020180  lr=1.99e-06  [rmse=0.0157 h1=0.0002 ssim=0.0427 mlw=0.0000]
epoch 20 step 2350  loss=0.020356  lr=1.69e-06  [rmse=0.0118 h1=0.0001 ssim=0.0309 mlw=0.0000]
epoch 20 step 2360  loss=0.020232  lr=1.44e-06  [rmse=0.0155 h1=0.0002 ssim=0.0340 mlw=0.0000]
epoch 20 step 2370  loss=0.020319  lr=1.25e-06  [rmse=0.0085 h1=0.0001 ssim=0.0279 mlw=0.0000]
epoch 20 step 2380  loss=0.020059  lr=1.11e-06  [rmse=0.0096 h1=0.0001 ssim=0.0254 mlw=0.0000]
